[0.034s] Invoking command in '/home/robotai/tb4_ws/build/tb4_cpp_prac2': CMAKE_PREFIX_PATH=/opt/ros/humble /usr/bin/cmake /home/robotai/tb4_ws/src/tb4_cpp_prac2 -DCMAKE_INSTALL_PREFIX=/home/robotai/tb4_ws/install/tb4_cpp_prac2
[0.122s] -- The C compiler identification is GNU 11.4.0
[0.218s] -- The CXX compiler identification is GNU 11.4.0
[0.229s] -- Detecting C compiler ABI info
[0.336s] -- Detecting C compiler ABI info - done
[0.353s] -- Check for working C compiler: /usr/bin/cc - skipped
[0.354s] -- Detecting C compile features
[0.355s] -- Detecting C compile features - done
[0.362s] -- Detecting CXX compiler ABI info
[0.478s] -- Detecting CXX compiler ABI info - done
[0.489s] -- Check for working CXX compiler: /usr/bin/c++ - skipped
[0.489s] -- Detecting CXX compile features
[0.490s] -- Detecting CXX compile features - done
[0.492s] -- Found ament_cmake: 1.3.9 (/opt/ros/humble/share/ament_cmake/cmake)
[0.707s] -- Found Python3: /usr/bin/python3 (found version "3.10.12") found components: Interpreter 
[0.846s] -- Found rclcpp: 16.0.9 (/opt/ros/humble/share/rclcpp/cmake)
[0.915s] -- Found rosidl_generator_c: 3.1.5 (/opt/ros/humble/share/rosidl_generator_c/cmake)
[0.923s] -- Found rosidl_adapter: 3.1.5 (/opt/ros/humble/share/rosidl_adapter/cmake)
[0.937s] -- Found rosidl_generator_cpp: 3.1.5 (/opt/ros/humble/share/rosidl_generator_cpp/cmake)
[0.960s] -- Using all available rosidl_typesupport_c: rosidl_typesupport_fastrtps_c;rosidl_typesupport_introspection_c
[0.995s] -- Using all available rosidl_typesupport_cpp: rosidl_typesupport_fastrtps_cpp;rosidl_typesupport_introspection_cpp
[1.099s] -- Found rmw_implementation_cmake: 6.1.2 (/opt/ros/humble/share/rmw_implementation_cmake/cmake)
[1.104s] -- Found rmw_fastrtps_cpp: 6.2.6 (/opt/ros/humble/share/rmw_fastrtps_cpp/cmake)
[1.271s] -- Found OpenSSL: /usr/lib/x86_64-linux-gnu/libcrypto.so (found version "3.0.2")  
[1.305s] -- Found FastRTPS: /opt/ros/humble/include  
[1.368s] -- Using RMW implementation 'rmw_fastrtps_cpp' as default
[1.384s] -- Looking for pthread.h
[1.497s] -- Looking for pthread.h - found
[1.497s] -- Performing Test CMAKE_HAVE_LIBC_PTHREAD
[1.660s] -- Performing Test CMAKE_HAVE_LIBC_PTHREAD - Success
[1.660s] -- Found Threads: TRUE  
[1.883s] -- Found irobot_create_msgs: 2.1.0 (/opt/ros/humble/share/irobot_create_msgs/cmake)
[2.285s] -- Found rclcpp_action: 16.0.9 (/opt/ros/humble/share/rclcpp_action/cmake)
[2.345s] -- Found nav_msgs: 4.2.4 (/opt/ros/humble/share/nav_msgs/cmake)
[2.525s] -- Found ament_lint_auto: 0.12.11 (/opt/ros/humble/share/ament_lint_auto/cmake)
[2.650s] -- Added test 'cppcheck' to perform static code analysis on C / C++ code
[2.651s] -- Configured cppcheck include dirs: $<BUILD_INTERFACE:/home/robotai/tb4_ws/src/tb4_cpp_prac2/include>
[2.651s] -- Configured cppcheck exclude dirs and/or files: 
[2.652s] -- Added test 'lint_cmake' to check CMake code style
[2.653s] -- Added test 'uncrustify' to check C / C++ code style
[2.653s] -- Configured uncrustify additional arguments: 
[2.656s] -- Added test 'xmllint' to check XML markup files
[2.657s] -- Configuring done
[2.676s] -- Generating done
[2.677s] -- Build files have been written to: /home/robotai/tb4_ws/build/tb4_cpp_prac2
[2.700s] Invoked command in '/home/robotai/tb4_ws/build/tb4_cpp_prac2' returned '0': CMAKE_PREFIX_PATH=/opt/ros/humble /usr/bin/cmake /home/robotai/tb4_ws/src/tb4_cpp_prac2 -DCMAKE_INSTALL_PREFIX=/home/robotai/tb4_ws/install/tb4_cpp_prac2
[2.700s] Invoking command in '/home/robotai/tb4_ws/build/tb4_cpp_prac2': CMAKE_PREFIX_PATH=/opt/ros/humble /usr/bin/cmake --build /home/robotai/tb4_ws/build/tb4_cpp_prac2 -- -j8 -l8
[2.798s] [ 50%] [32mBuilding CXX object CMakeFiles/tb4_arc_action.dir/src/tb4_arc_action.cpp.o[0m
[22.869s] [100%] [32m[1mLinking CXX executable tb4_arc_action[0m
[23.884s] [100%] Built target tb4_arc_action
[23.899s] Invoked command in '/home/robotai/tb4_ws/build/tb4_cpp_prac2' returned '0': CMAKE_PREFIX_PATH=/opt/ros/humble /usr/bin/cmake --build /home/robotai/tb4_ws/build/tb4_cpp_prac2 -- -j8 -l8
[23.937s] Invoking command in '/home/robotai/tb4_ws/build/tb4_cpp_prac2': CMAKE_PREFIX_PATH=/opt/ros/humble /usr/bin/cmake --install /home/robotai/tb4_ws/build/tb4_cpp_prac2
[23.947s] -- Install configuration: ""
[23.948s] -- Installing: /home/robotai/tb4_ws/install/tb4_cpp_prac2/lib/tb4_cpp_prac2/tb4_arc_action
[23.954s] -- Set runtime path of "/home/robotai/tb4_ws/install/tb4_cpp_prac2/lib/tb4_cpp_prac2/tb4_arc_action" to ""
[23.954s] -- Installing: /home/robotai/tb4_ws/install/tb4_cpp_prac2/share/ament_index/resource_index/package_run_dependencies/tb4_cpp_prac2
[23.954s] -- Installing: /home/robotai/tb4_ws/install/tb4_cpp_prac2/share/ament_index/resource_index/parent_prefix_path/tb4_cpp_prac2
[23.954s] -- Installing: /home/robotai/tb4_ws/install/tb4_cpp_prac2/share/tb4_cpp_prac2/environment/ament_prefix_path.sh
[23.955s] -- Installing: /home/robotai/tb4_ws/install/tb4_cpp_prac2/share/tb4_cpp_prac2/environment/ament_prefix_path.dsv
[23.955s] -- Installing: /home/robotai/tb4_ws/install/tb4_cpp_prac2/share/tb4_cpp_prac2/environment/path.sh
[23.955s] -- Installing: /home/robotai/tb4_ws/install/tb4_cpp_prac2/share/tb4_cpp_prac2/environment/path.dsv
[23.955s] -- Installing: /home/robotai/tb4_ws/install/tb4_cpp_prac2/share/tb4_cpp_prac2/local_setup.bash
[23.956s] -- Installing: /home/robotai/tb4_ws/install/tb4_cpp_prac2/share/tb4_cpp_prac2/local_setup.sh
[23.956s] -- Installing: /home/robotai/tb4_ws/install/tb4_cpp_prac2/share/tb4_cpp_prac2/local_setup.zsh
[23.957s] -- Installing: /home/robotai/tb4_ws/install/tb4_cpp_prac2/share/tb4_cpp_prac2/local_setup.dsv
[23.957s] -- Installing: /home/robotai/tb4_ws/install/tb4_cpp_prac2/share/tb4_cpp_prac2/package.dsv
[23.957s] -- Installing: /home/robotai/tb4_ws/install/tb4_cpp_prac2/share/ament_index/resource_index/packages/tb4_cpp_prac2
[23.957s] -- Installing: /home/robotai/tb4_ws/install/tb4_cpp_prac2/share/tb4_cpp_prac2/cmake/tb4_cpp_prac2Config.cmake
[23.957s] -- Installing: /home/robotai/tb4_ws/install/tb4_cpp_prac2/share/tb4_cpp_prac2/cmake/tb4_cpp_prac2Config-version.cmake
[23.958s] -- Installing: /home/robotai/tb4_ws/install/tb4_cpp_prac2/share/tb4_cpp_prac2/package.xml
[23.961s] Invoked command in '/home/robotai/tb4_ws/build/tb4_cpp_prac2' returned '0': CMAKE_PREFIX_PATH=/opt/ros/humble /usr/bin/cmake --install /home/robotai/tb4_ws/build/tb4_cpp_prac2
