-- The C compiler identification is GNU 11.4.0
-- The CXX compiler identification is GNU 11.4.0
-- Detecting C compiler ABI info
-- Detecting C compiler ABI info - done
-- Check for working C compiler: /usr/bin/cc - skipped
-- Detecting C compile features
-- Detecting C compile features - done
-- Detecting CXX compiler ABI info
-- Detecting CXX compiler ABI info - done
-- Check for working CXX compiler: /usr/bin/c++ - skipped
-- Detecting CXX compile features
-- Detecting CXX compile features - done
-- Found ament_cmake: 1.3.9 (/opt/ros/humble/share/ament_cmake/cmake)
-- Found Python3: /usr/bin/python3 (found version "3.10.12") found components: Interpreter 
-- Found ament_cmake_ros: 0.10.0 (/opt/ros/humble/share/ament_cmake_ros/cmake)
-- Found rclcpp: 16.0.9 (/opt/ros/humble/share/rclcpp/cmake)
-- Found rosidl_generator_c: 3.1.5 (/opt/ros/humble/share/rosidl_generator_c/cmake)
-- Found rosidl_adapter: 3.1.5 (/opt/ros/humble/share/rosidl_adapter/cmake)
-- Found rosidl_generator_cpp: 3.1.5 (/opt/ros/humble/share/rosidl_generator_cpp/cmake)
-- Using all available rosidl_typesupport_c: rosidl_typesupport_fastrtps_c;rosidl_typesupport_introspection_c
-- Using all available rosidl_typesupport_cpp: rosidl_typesupport_fastrtps_cpp;rosidl_typesupport_introspection_cpp
-- Found rmw_implementation_cmake: 6.1.2 (/opt/ros/humble/share/rmw_implementation_cmake/cmake)
-- Found rmw_fastrtps_cpp: 6.2.6 (/opt/ros/humble/share/rmw_fastrtps_cpp/cmake)
-- Found OpenSSL: /usr/lib/x86_64-linux-gnu/libcrypto.so (found version "3.0.2")  
-- Found FastRTPS: /opt/ros/humble/include  
-- Using RMW implementation 'rmw_fastrtps_cpp' as default
-- Looking for pthread.h
-- Looking for pthread.h - found
-- Performing Test CMAKE_HAVE_LIBC_PTHREAD
-- Performing Test CMAKE_HAVE_LIBC_PTHREAD - Success
-- Found Threads: TRUE  
-- Found rclcpp_action: 16.0.9 (/opt/ros/humble/share/rclcpp_action/cmake)
-- Found rclcpp_lifecycle: 16.0.9 (/opt/ros/humble/share/rclcpp_lifecycle/cmake)
-- Found nav2_common: 1.1.15 (/opt/ros/humble/share/nav2_common/cmake)
-- Found visualization_msgs: 4.2.4 (/opt/ros/humble/share/visualization_msgs/cmake)
-- Found nav2_util: 1.1.15 (/opt/ros/humble/share/nav2_util/cmake)
-- Found eigen3_cmake_module: 0.1.1 (/opt/ros/humble/share/eigen3_cmake_module/cmake)
-- Found Eigen3: TRUE (found version "3.4.0") 
-- Ensuring Eigen3 include directory is part of orocos-kdl CMake target
-- Found nav2_core: 1.1.15 (/opt/ros/humble/share/nav2_core/cmake)
-- Found ament_lint_auto: 0.12.11 (/opt/ros/humble/share/ament_lint_auto/cmake)
-- Added test 'cppcheck' to perform static code analysis on C / C++ code
-- Configured cppcheck include dirs: $<BUILD_INTERFACE:/home/robotai/tb4_ws/src/tb4_cpp_prac7/include>
-- Configured cppcheck exclude dirs and/or files: 
-- Added test 'flake8' to check Python code syntax and style conventions
-- Added test 'lint_cmake' to check CMake code style
-- Added test 'pep257' to check Python code against some of the docstring style conventions in PEP 257
-- Added test 'uncrustify' to check C / C++ code style
-- Configured uncrustify additional arguments: 
-- Added test 'xmllint' to check XML markup files
-- Configuring done
-- Generating done
-- Build files have been written to: /home/robotai/tb4_ws/build/tb4_cpp_prac7
[ 66%] [32mBuilding CXX object CMakeFiles/iar_astar_planner.dir/src/iar_astar_planner.cpp.o[0m
[ 66%] [32mBuilding CXX object CMakeFiles/iar_astar_planner.dir/src/navfn.cpp.o[0m
[100%] [32m[1mLinking CXX shared library libiar_astar_planner.so[0m
[100%] Built target iar_astar_planner
-- Install configuration: ""
-- Installing: /home/robotai/tb4_ws/install/tb4_cpp_prac7/share/tb4_cpp_prac7/iar_astar_planner.xml
-- Installing: /home/robotai/tb4_ws/install/tb4_cpp_prac7/include
-- Installing: /home/robotai/tb4_ws/install/tb4_cpp_prac7/include/iar_astar_planner
-- Installing: /home/robotai/tb4_ws/install/tb4_cpp_prac7/include/iar_astar_planner/navfn.hpp
-- Installing: /home/robotai/tb4_ws/install/tb4_cpp_prac7/include/iar_astar_planner/iar_astar_planner.hpp
-- Installing: /home/robotai/tb4_ws/install/tb4_cpp_prac7/lib/libiar_astar_planner.so
-- Set runtime path of "/home/robotai/tb4_ws/install/tb4_cpp_prac7/lib/libiar_astar_planner.so" to ""
-- Installing: /home/robotai/tb4_ws/install/tb4_cpp_prac7/share/tb4_cpp_prac7//launch
-- Installing: /home/robotai/tb4_ws/install/tb4_cpp_prac7/share/tb4_cpp_prac7//launch/navigation_launch.py
-- Installing: /home/robotai/tb4_ws/install/tb4_cpp_prac7/share/tb4_cpp_prac7//config
-- Installing: /home/robotai/tb4_ws/install/tb4_cpp_prac7/share/tb4_cpp_prac7//config/nav2_params.yaml
-- Installing: /home/robotai/tb4_ws/install/tb4_cpp_prac7/share/tb4_cpp_prac7/environment/library_path.sh
-- Installing: /home/robotai/tb4_ws/install/tb4_cpp_prac7/share/tb4_cpp_prac7/environment/library_path.dsv
-- Installing: /home/robotai/tb4_ws/install/tb4_cpp_prac7/share/ament_index/resource_index/package_run_dependencies/tb4_cpp_prac7
-- Installing: /home/robotai/tb4_ws/install/tb4_cpp_prac7/share/ament_index/resource_index/parent_prefix_path/tb4_cpp_prac7
-- Installing: /home/robotai/tb4_ws/install/tb4_cpp_prac7/share/tb4_cpp_prac7/environment/ament_prefix_path.sh
-- Installing: /home/robotai/tb4_ws/install/tb4_cpp_prac7/share/tb4_cpp_prac7/environment/ament_prefix_path.dsv
-- Installing: /home/robotai/tb4_ws/install/tb4_cpp_prac7/share/tb4_cpp_prac7/environment/path.sh
-- Installing: /home/robotai/tb4_ws/install/tb4_cpp_prac7/share/tb4_cpp_prac7/environment/path.dsv
-- Installing: /home/robotai/tb4_ws/install/tb4_cpp_prac7/share/tb4_cpp_prac7/local_setup.bash
-- Installing: /home/robotai/tb4_ws/install/tb4_cpp_prac7/share/tb4_cpp_prac7/local_setup.sh
-- Installing: /home/robotai/tb4_ws/install/tb4_cpp_prac7/share/tb4_cpp_prac7/local_setup.zsh
-- Installing: /home/robotai/tb4_ws/install/tb4_cpp_prac7/share/tb4_cpp_prac7/local_setup.dsv
-- Installing: /home/robotai/tb4_ws/install/tb4_cpp_prac7/share/tb4_cpp_prac7/package.dsv
-- Installing: /home/robotai/tb4_ws/install/tb4_cpp_prac7/share/ament_index/resource_index/packages/tb4_cpp_prac7
-- Installing: /home/robotai/tb4_ws/install/tb4_cpp_prac7/share/ament_index/resource_index/nav2_core__pluginlib__plugin/tb4_cpp_prac7
-- Installing: /home/robotai/tb4_ws/install/tb4_cpp_prac7/share/tb4_cpp_prac7/cmake/export_tb4_cpp_prac7Export.cmake
-- Installing: /home/robotai/tb4_ws/install/tb4_cpp_prac7/share/tb4_cpp_prac7/cmake/export_tb4_cpp_prac7Export-noconfig.cmake
-- Installing: /home/robotai/tb4_ws/install/tb4_cpp_prac7/share/tb4_cpp_prac7/cmake/ament_cmake_export_include_directories-extras.cmake
-- Installing: /home/robotai/tb4_ws/install/tb4_cpp_prac7/share/tb4_cpp_prac7/cmake/ament_cmake_export_libraries-extras.cmake
-- Installing: /home/robotai/tb4_ws/install/tb4_cpp_prac7/share/tb4_cpp_prac7/cmake/ament_cmake_export_targets-extras.cmake
-- Installing: /home/robotai/tb4_ws/install/tb4_cpp_prac7/share/tb4_cpp_prac7/cmake/tb4_cpp_prac7Config.cmake
-- Installing: /home/robotai/tb4_ws/install/tb4_cpp_prac7/share/tb4_cpp_prac7/cmake/tb4_cpp_prac7Config-version.cmake
-- Installing: /home/robotai/tb4_ws/install/tb4_cpp_prac7/share/tb4_cpp_prac7/package.xml
