[0.030s] Invoking command in '/home/robotai/tb4_ws/build/tb4_cpp_prac3': CMAKE_PREFIX_PATH=/opt/ros/humble /usr/bin/cmake --build /home/robotai/tb4_ws/build/tb4_cpp_prac3 -- -j6 -l6
[0.181s] [ 50%] Built target person_follower
[0.261s] [100%] Built target wall_follower
[0.291s] Invoked command in '/home/robotai/tb4_ws/build/tb4_cpp_prac3' returned '0': CMAKE_PREFIX_PATH=/opt/ros/humble /usr/bin/cmake --build /home/robotai/tb4_ws/build/tb4_cpp_prac3 -- -j6 -l6
[0.294s] Invoking command in '/home/robotai/tb4_ws/build/tb4_cpp_prac3': CMAKE_PREFIX_PATH=/opt/ros/humble /usr/bin/cmake --install /home/robotai/tb4_ws/build/tb4_cpp_prac3
[0.308s] -- Install configuration: ""
[0.309s] -- Up-to-date: /home/robotai/tb4_ws/install/tb4_cpp_prac3/lib/tb4_cpp_prac3/person_follower
[0.309s] -- Up-to-date: /home/robotai/tb4_ws/install/tb4_cpp_prac3/lib/tb4_cpp_prac3/person_follower
[0.312s] -- Up-to-date: /home/robotai/tb4_ws/install/tb4_cpp_prac3/lib/tb4_cpp_prac3/wall_follower
[0.312s] -- Up-to-date: /home/robotai/tb4_ws/install/tb4_cpp_prac3/share/ament_index/resource_index/package_run_dependencies/tb4_cpp_prac3
[0.314s] -- Up-to-date: /home/robotai/tb4_ws/install/tb4_cpp_prac3/share/ament_index/resource_index/parent_prefix_path/tb4_cpp_prac3
[0.314s] -- Up-to-date: /home/robotai/tb4_ws/install/tb4_cpp_prac3/share/tb4_cpp_prac3/environment/ament_prefix_path.sh
[0.314s] -- Up-to-date: /home/robotai/tb4_ws/install/tb4_cpp_prac3/share/tb4_cpp_prac3/environment/ament_prefix_path.dsv
[0.314s] -- Up-to-date: /home/robotai/tb4_ws/install/tb4_cpp_prac3/share/tb4_cpp_prac3/environment/path.sh
[0.314s] -- Up-to-date: /home/robotai/tb4_ws/install/tb4_cpp_prac3/share/tb4_cpp_prac3/environment/path.dsv
[0.314s] -- Up-to-date: /home/robotai/tb4_ws/install/tb4_cpp_prac3/share/tb4_cpp_prac3/local_setup.bash
[0.314s] -- Up-to-date: /home/robotai/tb4_ws/install/tb4_cpp_prac3/share/tb4_cpp_prac3/local_setup.sh
[0.314s] -- Up-to-date: /home/robotai/tb4_ws/install/tb4_cpp_prac3/share/tb4_cpp_prac3/local_setup.zsh
[0.314s] -- Up-to-date: /home/robotai/tb4_ws/install/tb4_cpp_prac3/share/tb4_cpp_prac3/local_setup.dsv
[0.314s] -- Installing: /home/robotai/tb4_ws/install/tb4_cpp_prac3/share/tb4_cpp_prac3/package.dsv
[0.314s] -- Up-to-date: /home/robotai/tb4_ws/install/tb4_cpp_prac3/share/ament_index/resource_index/packages/tb4_cpp_prac3
[0.314s] -- Up-to-date: /home/robotai/tb4_ws/install/tb4_cpp_prac3/share/tb4_cpp_prac3/cmake/tb4_cpp_prac3Config.cmake
[0.314s] -- Up-to-date: /home/robotai/tb4_ws/install/tb4_cpp_prac3/share/tb4_cpp_prac3/cmake/tb4_cpp_prac3Config-version.cmake
[0.315s] -- Up-to-date: /home/robotai/tb4_ws/install/tb4_cpp_prac3/share/tb4_cpp_prac3/package.xml
[0.353s] Invoked command in '/home/robotai/tb4_ws/build/tb4_cpp_prac3' returned '0': CMAKE_PREFIX_PATH=/opt/ros/humble /usr/bin/cmake --install /home/robotai/tb4_ws/build/tb4_cpp_prac3
