[0.048s] Invoking command in '/home/eecms/tb4_ws/build/tb4_cpp_prac1': CMAKE_PREFIX_PATH=/opt/ros/humble /usr/bin/cmake --build /home/eecms/tb4_ws/build/tb4_cpp_prac1 -- -j6 -l6
[0.145s] [35m[1mConsolidate compiler generated dependencies of target tb4_cpp_node[0m
[0.168s] [ 33%] Built target tb4_cpp_node
[0.210s] [35m[1mConsolidate compiler generated dependencies of target tb4_cpp_action_server[0m
[0.239s] [ 66%] Built target tb4_cpp_action_server
[0.263s] [35m[1mConsolidate compiler generated dependencies of target tb4_cpp_srv_server[0m
[0.291s] [100%] Built target tb4_cpp_srv_server
[0.313s] Invoked command in '/home/eecms/tb4_ws/build/tb4_cpp_prac1' returned '0': CMAKE_PREFIX_PATH=/opt/ros/humble /usr/bin/cmake --build /home/eecms/tb4_ws/build/tb4_cpp_prac1 -- -j6 -l6
[0.315s] Invoking command in '/home/eecms/tb4_ws/build/tb4_cpp_prac1': CMAKE_PREFIX_PATH=/opt/ros/humble /usr/bin/cmake --install /home/eecms/tb4_ws/build/tb4_cpp_prac1
[0.321s] -- Install configuration: ""
[0.322s] -- Up-to-date: /home/eecms/tb4_ws/install/tb4_cpp_prac1/lib/tb4_cpp_prac1/tb4_cpp_node
[0.322s] -- Up-to-date: /home/eecms/tb4_ws/install/tb4_cpp_prac1/lib/tb4_cpp_prac1/tb4_cpp_srv_server
[0.322s] -- Up-to-date: /home/eecms/tb4_ws/install/tb4_cpp_prac1/lib/tb4_cpp_prac1/tb4_cpp_action_server
[0.322s] -- Up-to-date: /home/eecms/tb4_ws/install/tb4_cpp_prac1/share/ament_index/resource_index/package_run_dependencies/tb4_cpp_prac1
[0.322s] -- Up-to-date: /home/eecms/tb4_ws/install/tb4_cpp_prac1/share/ament_index/resource_index/parent_prefix_path/tb4_cpp_prac1
[0.322s] -- Up-to-date: /home/eecms/tb4_ws/install/tb4_cpp_prac1/share/tb4_cpp_prac1/environment/ament_prefix_path.sh
[0.322s] -- Up-to-date: /home/eecms/tb4_ws/install/tb4_cpp_prac1/share/tb4_cpp_prac1/environment/ament_prefix_path.dsv
[0.322s] -- Up-to-date: /home/eecms/tb4_ws/install/tb4_cpp_prac1/share/tb4_cpp_prac1/environment/path.sh
[0.323s] -- Up-to-date: /home/eecms/tb4_ws/install/tb4_cpp_prac1/share/tb4_cpp_prac1/environment/path.dsv
[0.323s] -- Up-to-date: /home/eecms/tb4_ws/install/tb4_cpp_prac1/share/tb4_cpp_prac1/local_setup.bash
[0.323s] -- Up-to-date: /home/eecms/tb4_ws/install/tb4_cpp_prac1/share/tb4_cpp_prac1/local_setup.sh
[0.323s] -- Up-to-date: /home/eecms/tb4_ws/install/tb4_cpp_prac1/share/tb4_cpp_prac1/local_setup.zsh
[0.323s] -- Up-to-date: /home/eecms/tb4_ws/install/tb4_cpp_prac1/share/tb4_cpp_prac1/local_setup.dsv
[0.323s] -- Installing: /home/eecms/tb4_ws/install/tb4_cpp_prac1/share/tb4_cpp_prac1/package.dsv
[0.323s] -- Up-to-date: /home/eecms/tb4_ws/install/tb4_cpp_prac1/share/ament_index/resource_index/packages/tb4_cpp_prac1
[0.323s] -- Up-to-date: /home/eecms/tb4_ws/install/tb4_cpp_prac1/share/tb4_cpp_prac1/cmake/tb4_cpp_prac1Config.cmake
[0.323s] -- Up-to-date: /home/eecms/tb4_ws/install/tb4_cpp_prac1/share/tb4_cpp_prac1/cmake/tb4_cpp_prac1Config-version.cmake
[0.323s] -- Up-to-date: /home/eecms/tb4_ws/install/tb4_cpp_prac1/share/tb4_cpp_prac1/package.xml
[0.329s] Invoked command in '/home/eecms/tb4_ws/build/tb4_cpp_prac1' returned '0': CMAKE_PREFIX_PATH=/opt/ros/humble /usr/bin/cmake --install /home/eecms/tb4_ws/build/tb4_cpp_prac1
