-- Found ament_cmake: 1.3.12 (/opt/ros/humble/share/ament_cmake/cmake)
-- Found nav2_common: 1.1.18 (/opt/ros/humble/share/nav2_common/cmake)
-- Found rclcpp: 16.0.15 (/opt/ros/humble/share/rclcpp/cmake)
-- Found rosidl_generator_c: 3.1.7 (/opt/ros/humble/share/rosidl_generator_c/cmake)
-- Found rosidl_adapter: 3.1.7 (/opt/ros/humble/share/rosidl_adapter/cmake)
-- Found rosidl_generator_cpp: 3.1.7 (/opt/ros/humble/share/rosidl_generator_cpp/cmake)
-- Using all available rosidl_typesupport_c: rosidl_typesupport_fastrtps_c;rosidl_typesupport_introspection_c
-- Using all available rosidl_typesupport_cpp: rosidl_typesupport_fastrtps_cpp;rosidl_typesupport_introspection_cpp
-- Found rmw_implementation_cmake: 6.1.2 (/opt/ros/humble/share/rmw_implementation_cmake/cmake)
-- Found rmw_fastrtps_cpp: 6.2.8 (/opt/ros/humble/share/rmw_fastrtps_cpp/cmake)
-- Using RMW implementation 'rmw_fastrtps_cpp' as default
-- Found rclcpp_lifecycle: 16.0.15 (/opt/ros/humble/share/rclcpp_lifecycle/cmake)
-- Found message_filters: 4.3.8 (/opt/ros/humble/share/message_filters/cmake)
-- Found tf2_geometry_msgs: 0.25.16 (/opt/ros/humble/share/tf2_geometry_msgs/cmake)
-- Found eigen3_cmake_module: 0.1.1 (/opt/ros/humble/share/eigen3_cmake_module/cmake)
-- Ensuring Eigen3 include directory is part of orocos-kdl CMake target
-- Found nav_msgs: 4.9.0 (/opt/ros/humble/share/nav_msgs/cmake)
-- Found sensor_msgs: 4.9.0 (/opt/ros/humble/share/sensor_msgs/cmake)
-- Found std_srvs: 4.9.0 (/opt/ros/humble/share/std_srvs/cmake)
-- Found nav2_util: 1.1.18 (/opt/ros/humble/share/nav2_util/cmake)
-- Found nav2_amcl: 1.1.18 (/opt/ros/humble/share/nav2_amcl/cmake)
-- Found ament_lint_auto: 0.12.14 (/opt/ros/humble/share/ament_lint_auto/cmake)
-- Added test 'cppcheck' to perform static code analysis on C / C++ code
-- Configured cppcheck include dirs: /home/robotai/tb4_ws/src/tb4_cpp_prac6/include;$<BUILD_INTERFACE:/home/robotai/tb4_ws/src/tb4_cpp_prac6/include>
-- Configured cppcheck exclude dirs and/or files: 
-- Added test 'flake8' to check Python code syntax and style conventions
-- Added test 'lint_cmake' to check CMake code style
-- Added test 'pep257' to check Python code against some of the docstring style conventions in PEP 257
-- Added test 'uncrustify' to check C / C++ code style
-- Configured uncrustify additional arguments: 
-- Added test 'xmllint' to check XML markup files
-- Configuring done
-- Generating done
-- Build files have been written to: /home/robotai/tb4_ws/build/tb4_cpp_prac6
[35m[1mConsolidate compiler generated dependencies of target iar_amcl[0m
[ 25%] [32mBuilding CXX object CMakeFiles/iar_amcl.dir/src/amcl_node.cpp.o[0m
[ 50%] [32mBuilding CXX object CMakeFiles/iar_amcl.dir/src/main.cpp.o[0m
[01m[K/home/robotai/tb4_ws/src/tb4_cpp_prac6/src/amcl_node.cpp:[m[K In member function ‘[01m[Kvoid iar_amcl::AmclNode::pf_resample(pf_t*)[m[K’:
[01m[K/home/robotai/tb4_ws/src/tb4_cpp_prac6/src/amcl_node.cpp:1563:17:[m[K [01;35m[Kwarning: [m[Kunused variable ‘[01m[Ksample_in_old_set[m[K’ [[01;35m[K]8;;https://gcc.gnu.org/onlinedocs/gcc/Warning-Options.html#index-Wunused-variable-Wunused-variable]8;;[m[K]
 1563 |   pf_sample_t * [01;35m[Ksample_in_old_set[m[K, * sample_in_new_set;
      |                 [01;35m[K^~~~~~~~~~~~~~~~~[m[K
[ 75%] [32mBuilding CXX object CMakeFiles/iar_amcl.dir/src/iar_pf_kdtree.cpp.o[0m
[100%] [32m[1mLinking CXX executable iar_amcl[0m
[100%] Built target iar_amcl
