[0.038s] Invoking command in '/home/robotai/tb4_ws/build/tb4_cpp_prac3': CMAKE_PREFIX_PATH=/opt/ros/humble /usr/bin/cmake --build /home/robotai/tb4_ws/build/tb4_cpp_prac3 -- -j6 -l6
[0.127s] -- Found ament_cmake: 1.3.12 (/opt/ros/humble/share/ament_cmake/cmake)
[0.300s] -- Found rclcpp: 16.0.15 (/opt/ros/humble/share/rclcpp/cmake)
[0.339s] -- Found rosidl_generator_c: 3.1.7 (/opt/ros/humble/share/rosidl_generator_c/cmake)
[0.342s] -- Found rosidl_adapter: 3.1.7 (/opt/ros/humble/share/rosidl_adapter/cmake)
[0.361s] -- Found rosidl_generator_cpp: 3.1.7 (/opt/ros/humble/share/rosidl_generator_cpp/cmake)
[0.371s] -- Using all available rosidl_typesupport_c: rosidl_typesupport_fastrtps_c;rosidl_typesupport_introspection_c
[0.383s] -- Using all available rosidl_typesupport_cpp: rosidl_typesupport_fastrtps_cpp;rosidl_typesupport_introspection_cpp
[0.419s] -- Found rmw_implementation_cmake: 6.1.2 (/opt/ros/humble/share/rmw_implementation_cmake/cmake)
[0.419s] -- Found rmw_fastrtps_cpp: 6.2.8 (/opt/ros/humble/share/rmw_fastrtps_cpp/cmake)
[0.694s] -- Using RMW implementation 'rmw_fastrtps_cpp' as default
[0.784s] -- Found geometry_msgs: 4.9.0 (/opt/ros/humble/share/geometry_msgs/cmake)
[0.802s] -- Found nav_msgs: 4.9.0 (/opt/ros/humble/share/nav_msgs/cmake)
[0.842s] -- Found sensor_msgs: 4.9.0 (/opt/ros/humble/share/sensor_msgs/cmake)
[0.878s] -- Found ament_lint_auto: 0.12.14 (/opt/ros/humble/share/ament_lint_auto/cmake)
[1.032s] -- Added test 'cppcheck' to perform static code analysis on C / C++ code
[1.032s] -- Configured cppcheck include dirs: $<BUILD_INTERFACE:/home/robotai/tb4_ws/src/tb4_cpp_prac3/include>
[1.032s] -- Configured cppcheck exclude dirs and/or files: 
[1.034s] -- Added test 'lint_cmake' to check CMake code style
[1.034s] -- Added test 'uncrustify' to check C / C++ code style
[1.034s] -- Configured uncrustify additional arguments: 
[1.036s] -- Added test 'xmllint' to check XML markup files
[1.041s] -- Configuring done
[1.089s] -- Generating done
[1.093s] -- Build files have been written to: /home/robotai/tb4_ws/build/tb4_cpp_prac3
[1.150s] [35m[1mConsolidate compiler generated dependencies of target person_follower[0m
[1.157s] [35m[1mConsolidate compiler generated dependencies of target wall_follower[0m
[1.194s] [ 25%] [32mBuilding CXX object CMakeFiles/person_follower.dir/src/person_follower.cpp.o[0m
[1.196s] [ 50%] [32mBuilding CXX object CMakeFiles/wall_follower.dir/src/wall_follower.cpp.o[0m
[24.970s] [ 75%] [32m[1mLinking CXX executable person_follower[0m
[26.285s] [100%] [32m[1mLinking CXX executable wall_follower[0m
[26.447s] [100%] Built target person_follower
[27.002s] [100%] Built target wall_follower
[32.699s] Invoked command in '/home/robotai/tb4_ws/build/tb4_cpp_prac3' returned '0': CMAKE_PREFIX_PATH=/opt/ros/humble /usr/bin/cmake --build /home/robotai/tb4_ws/build/tb4_cpp_prac3 -- -j6 -l6
[32.750s] Invoking command in '/home/robotai/tb4_ws/build/tb4_cpp_prac3': CMAKE_PREFIX_PATH=/opt/ros/humble /usr/bin/cmake --install /home/robotai/tb4_ws/build/tb4_cpp_prac3
[32.799s] -- Install configuration: ""
[32.799s] -- Installing: /home/robotai/tb4_ws/install/tb4_cpp_prac3/lib/tb4_cpp_prac3/person_follower
[32.830s] -- Set runtime path of "/home/robotai/tb4_ws/install/tb4_cpp_prac3/lib/tb4_cpp_prac3/person_follower" to ""
[32.830s] -- Up-to-date: /home/robotai/tb4_ws/install/tb4_cpp_prac3/lib/tb4_cpp_prac3/person_follower
[32.866s] -- Installing: /home/robotai/tb4_ws/install/tb4_cpp_prac3/lib/tb4_cpp_prac3/wall_follower
[32.866s] -- Set runtime path of "/home/robotai/tb4_ws/install/tb4_cpp_prac3/lib/tb4_cpp_prac3/wall_follower" to ""
[32.866s] -- Up-to-date: /home/robotai/tb4_ws/install/tb4_cpp_prac3/share/ament_index/resource_index/package_run_dependencies/tb4_cpp_prac3
[32.866s] -- Up-to-date: /home/robotai/tb4_ws/install/tb4_cpp_prac3/share/ament_index/resource_index/parent_prefix_path/tb4_cpp_prac3
[32.866s] -- Installing: /home/robotai/tb4_ws/install/tb4_cpp_prac3/share/tb4_cpp_prac3/environment/ament_prefix_path.sh
[32.866s] -- Installing: /home/robotai/tb4_ws/install/tb4_cpp_prac3/share/tb4_cpp_prac3/environment/ament_prefix_path.dsv
[32.866s] -- Installing: /home/robotai/tb4_ws/install/tb4_cpp_prac3/share/tb4_cpp_prac3/environment/path.sh
[32.866s] -- Installing: /home/robotai/tb4_ws/install/tb4_cpp_prac3/share/tb4_cpp_prac3/environment/path.dsv
[32.866s] -- Up-to-date: /home/robotai/tb4_ws/install/tb4_cpp_prac3/share/tb4_cpp_prac3/local_setup.bash
[32.866s] -- Up-to-date: /home/robotai/tb4_ws/install/tb4_cpp_prac3/share/tb4_cpp_prac3/local_setup.sh
[32.866s] -- Up-to-date: /home/robotai/tb4_ws/install/tb4_cpp_prac3/share/tb4_cpp_prac3/local_setup.zsh
[32.866s] -- Installing: /home/robotai/tb4_ws/install/tb4_cpp_prac3/share/tb4_cpp_prac3/local_setup.dsv
[32.866s] -- Installing: /home/robotai/tb4_ws/install/tb4_cpp_prac3/share/tb4_cpp_prac3/package.dsv
[32.866s] -- Up-to-date: /home/robotai/tb4_ws/install/tb4_cpp_prac3/share/ament_index/resource_index/packages/tb4_cpp_prac3
[32.866s] -- Up-to-date: /home/robotai/tb4_ws/install/tb4_cpp_prac3/share/tb4_cpp_prac3/cmake/tb4_cpp_prac3Config.cmake
[32.866s] -- Up-to-date: /home/robotai/tb4_ws/install/tb4_cpp_prac3/share/tb4_cpp_prac3/cmake/tb4_cpp_prac3Config-version.cmake
[32.866s] -- Up-to-date: /home/robotai/tb4_ws/install/tb4_cpp_prac3/share/tb4_cpp_prac3/package.xml
[35.645s] Invoked command in '/home/robotai/tb4_ws/build/tb4_cpp_prac3' returned '0': CMAKE_PREFIX_PATH=/opt/ros/humble /usr/bin/cmake --install /home/robotai/tb4_ws/build/tb4_cpp_prac3
