[0.028s] Invoking command in '/home/robotai/tb4_ws/build/tb4_cpp_prac1': CMAKE_PREFIX_PATH=/opt/ros/humble /usr/bin/cmake --build /home/robotai/tb4_ws/build/tb4_cpp_prac1 -- -j6 -l6
[0.065s] -- Found ament_cmake: 1.3.12 (/opt/ros/humble/share/ament_cmake/cmake)
[0.191s] -- Found rclcpp: 16.0.14 (/opt/ros/humble/share/rclcpp/cmake)
[0.215s] -- Found rosidl_generator_c: 3.1.7 (/opt/ros/humble/share/rosidl_generator_c/cmake)
[0.219s] -- Found rosidl_adapter: 3.1.7 (/opt/ros/humble/share/rosidl_adapter/cmake)
[0.222s] -- Found rosidl_generator_cpp: 3.1.7 (/opt/ros/humble/share/rosidl_generator_cpp/cmake)
[0.231s] -- Using all available rosidl_typesupport_c: rosidl_typesupport_fastrtps_c;rosidl_typesupport_introspection_c
[0.240s] -- Using all available rosidl_typesupport_cpp: rosidl_typesupport_fastrtps_cpp;rosidl_typesupport_introspection_cpp
[0.267s] -- Found rmw_implementation_cmake: 6.1.2 (/opt/ros/humble/share/rmw_implementation_cmake/cmake)
[0.268s] -- Found rmw_fastrtps_cpp: 6.2.8 (/opt/ros/humble/share/rmw_fastrtps_cpp/cmake)
[0.360s] -- Using RMW implementation 'rmw_fastrtps_cpp' as default
[0.406s] -- Found irobot_create_msgs: 2.1.0 (/opt/ros/humble/share/irobot_create_msgs/cmake)
[0.497s] -- Found std_srvs: 4.9.0 (/opt/ros/humble/share/std_srvs/cmake)
[0.513s] -- Found rclcpp_action: 16.0.14 (/opt/ros/humble/share/rclcpp_action/cmake)
[0.520s] -- Found nav_msgs: 4.9.0 (/opt/ros/humble/share/nav_msgs/cmake)
[0.539s] -- Found ament_lint_auto: 0.12.14 (/opt/ros/humble/share/ament_lint_auto/cmake)
[0.640s] -- Added test 'copyright' to check source files copyright and LICENSE
[0.640s] -- Added test 'cppcheck' to perform static code analysis on C / C++ code
[0.640s] -- Configured cppcheck include dirs: $<BUILD_INTERFACE:/home/robotai/tb4_ws/src/tb4_cpp_prac1/include>
[0.640s] -- Configured cppcheck exclude dirs and/or files: 
[0.641s] -- Added test 'cpplint' to check C / C++ code against the Google style
[0.644s] -- Configured cpplint exclude dirs and/or files: 
[0.644s] -- Added test 'lint_cmake' to check CMake code style
[0.645s] -- Added test 'uncrustify' to check C / C++ code style
[0.645s] -- Configured uncrustify additional arguments: 
[0.645s] -- Added test 'xmllint' to check XML markup files
[0.650s] -- Configuring done
[0.677s] -- Generating done
[0.682s] -- Build files have been written to: /home/robotai/tb4_ws/build/tb4_cpp_prac1
[0.714s] [35m[1mConsolidate compiler generated dependencies of target tb4_cpp_node[0m
[0.720s] [35m[1mConsolidate compiler generated dependencies of target tb4_cpp_srv_server[0m
[0.744s] [35m[1mConsolidate compiler generated dependencies of target tb4_cpp_action_server[0m
[0.754s] [ 16%] [32mBuilding CXX object CMakeFiles/tb4_cpp_node.dir/src/tb4_cpp_node.cpp.o[0m
[0.754s] [ 33%] [32mBuilding CXX object CMakeFiles/tb4_cpp_srv_server.dir/src/tb4_cpp_srv_server.cpp.o[0m
[0.783s] [ 50%] [32mBuilding CXX object CMakeFiles/tb4_cpp_action_server.dir/src/tb4_cpp_action_server.cpp.o[0m
[9.188s] [ 66%] [32m[1mLinking CXX executable tb4_cpp_srv_server[0m
[9.965s] [ 66%] Built target tb4_cpp_srv_server
[13.740s] [ 83%] [32m[1mLinking CXX executable tb4_cpp_node[0m
[14.310s] [ 83%] Built target tb4_cpp_node
[15.657s] [100%] [32m[1mLinking CXX executable tb4_cpp_action_server[0m
[16.120s] [100%] Built target tb4_cpp_action_server
[16.131s] Invoked command in '/home/robotai/tb4_ws/build/tb4_cpp_prac1' returned '0': CMAKE_PREFIX_PATH=/opt/ros/humble /usr/bin/cmake --build /home/robotai/tb4_ws/build/tb4_cpp_prac1 -- -j6 -l6
[16.160s] Invoking command in '/home/robotai/tb4_ws/build/tb4_cpp_prac1': CMAKE_PREFIX_PATH=/opt/ros/humble /usr/bin/cmake --install /home/robotai/tb4_ws/build/tb4_cpp_prac1
[16.168s] -- Install configuration: ""
[16.171s] -- Installing: /home/robotai/tb4_ws/install/tb4_cpp_prac1/lib/tb4_cpp_prac1/tb4_cpp_node
[16.175s] -- Set runtime path of "/home/robotai/tb4_ws/install/tb4_cpp_prac1/lib/tb4_cpp_prac1/tb4_cpp_node" to ""
[16.178s] -- Installing: /home/robotai/tb4_ws/install/tb4_cpp_prac1/lib/tb4_cpp_prac1/tb4_cpp_srv_server
[16.179s] -- Set runtime path of "/home/robotai/tb4_ws/install/tb4_cpp_prac1/lib/tb4_cpp_prac1/tb4_cpp_srv_server" to ""
[16.184s] -- Installing: /home/robotai/tb4_ws/install/tb4_cpp_prac1/lib/tb4_cpp_prac1/tb4_cpp_action_server
[16.189s] -- Set runtime path of "/home/robotai/tb4_ws/install/tb4_cpp_prac1/lib/tb4_cpp_prac1/tb4_cpp_action_server" to ""
[16.189s] -- Up-to-date: /home/robotai/tb4_ws/install/tb4_cpp_prac1/share/ament_index/resource_index/package_run_dependencies/tb4_cpp_prac1
[16.189s] -- Up-to-date: /home/robotai/tb4_ws/install/tb4_cpp_prac1/share/ament_index/resource_index/parent_prefix_path/tb4_cpp_prac1
[16.189s] -- Installing: /home/robotai/tb4_ws/install/tb4_cpp_prac1/share/tb4_cpp_prac1/environment/ament_prefix_path.sh
[16.190s] -- Installing: /home/robotai/tb4_ws/install/tb4_cpp_prac1/share/tb4_cpp_prac1/environment/ament_prefix_path.dsv
[16.192s] -- Installing: /home/robotai/tb4_ws/install/tb4_cpp_prac1/share/tb4_cpp_prac1/environment/path.sh
[16.192s] -- Installing: /home/robotai/tb4_ws/install/tb4_cpp_prac1/share/tb4_cpp_prac1/environment/path.dsv
[16.193s] -- Up-to-date: /home/robotai/tb4_ws/install/tb4_cpp_prac1/share/tb4_cpp_prac1/local_setup.bash
[16.193s] -- Up-to-date: /home/robotai/tb4_ws/install/tb4_cpp_prac1/share/tb4_cpp_prac1/local_setup.sh
[16.193s] -- Up-to-date: /home/robotai/tb4_ws/install/tb4_cpp_prac1/share/tb4_cpp_prac1/local_setup.zsh
[16.193s] -- Installing: /home/robotai/tb4_ws/install/tb4_cpp_prac1/share/tb4_cpp_prac1/local_setup.dsv
[16.195s] -- Installing: /home/robotai/tb4_ws/install/tb4_cpp_prac1/share/tb4_cpp_prac1/package.dsv
[16.195s] -- Up-to-date: /home/robotai/tb4_ws/install/tb4_cpp_prac1/share/ament_index/resource_index/packages/tb4_cpp_prac1
[16.196s] -- Up-to-date: /home/robotai/tb4_ws/install/tb4_cpp_prac1/share/tb4_cpp_prac1/cmake/tb4_cpp_prac1Config.cmake
[16.196s] -- Up-to-date: /home/robotai/tb4_ws/install/tb4_cpp_prac1/share/tb4_cpp_prac1/cmake/tb4_cpp_prac1Config-version.cmake
[16.197s] -- Up-to-date: /home/robotai/tb4_ws/install/tb4_cpp_prac1/share/tb4_cpp_prac1/package.xml
[16.198s] Invoked command in '/home/robotai/tb4_ws/build/tb4_cpp_prac1' returned '0': CMAKE_PREFIX_PATH=/opt/ros/humble /usr/bin/cmake --install /home/robotai/tb4_ws/build/tb4_cpp_prac1
