[0.109s] DEBUG:colcon:Command line arguments: ['/usr/bin/colcon', 'build']
[0.109s] DEBUG:colcon:Parsed command line arguments: Namespace(log_base=None, log_level=None, verb_name='build', build_base='build', install_base='install', merge_install=False, symlink_install=False, test_result_base=None, continue_on_error=False, executor='parallel', parallel_workers=6, event_handlers=None, ignore_user_meta=False, metas=['./colcon.meta'], base_paths=['.'], packages_ignore=None, packages_ignore_regex=None, paths=None, packages_up_to=None, packages_up_to_regex=None, packages_above=None, packages_above_and_dependencies=None, packages_above_depth=None, packages_select_by_dep=None, packages_skip_by_dep=None, packages_skip_up_to=None, packages_select_build_failed=False, packages_skip_build_finished=False, packages_select_test_failures=False, packages_skip_test_passed=False, packages_select=None, packages_skip=None, packages_select_regex=None, packages_skip_regex=None, packages_start=None, packages_end=None, allow_overriding=[], cmake_args=None, cmake_target=None, cmake_target_skip_unavailable=False, cmake_clean_cache=False, cmake_clean_first=False, cmake_force_configure=False, ament_cmake_args=None, catkin_cmake_args=None, catkin_skip_building_tests=False, mixin_files=None, mixin=None, verb_parser=<colcon_mixin.mixin.mixin_argument.MixinArgumentDecorator object at 0x71e8d40fddb0>, verb_extension=<colcon_core.verb.build.BuildVerb object at 0x71e8d40fd780>, main=<bound method BuildVerb.main of <colcon_core.verb.build.BuildVerb object at 0x71e8d40fd780>>, mixin_verb=('build',))
[0.273s] Level 1:colcon.colcon_core.package_discovery:discover_packages(colcon_meta) check parameters
[0.273s] Level 1:colcon.colcon_core.package_discovery:discover_packages(recursive) check parameters
[0.273s] Level 1:colcon.colcon_core.package_discovery:discover_packages(ignore) check parameters
[0.273s] Level 1:colcon.colcon_core.package_discovery:discover_packages(path) check parameters
[0.273s] Level 1:colcon.colcon_core.package_discovery:discover_packages(colcon_meta) discover
[0.273s] Level 1:colcon.colcon_core.package_discovery:discover_packages(recursive) discover
[0.273s] INFO:colcon.colcon_core.package_discovery:Crawling recursively for packages in '/home/robotai/tb4_ws'
[0.273s] Level 1:colcon.colcon_core.package_identification:_identify(.) by extensions ['ignore', 'ignore_ament_install']
[0.273s] Level 1:colcon.colcon_core.package_identification:_identify(.) by extension 'ignore'
[0.273s] Level 1:colcon.colcon_core.package_identification:_identify(.) by extension 'ignore_ament_install'
[0.273s] Level 1:colcon.colcon_core.package_identification:_identify(.) by extensions ['colcon_pkg']
[0.273s] Level 1:colcon.colcon_core.package_identification:_identify(.) by extension 'colcon_pkg'
[0.273s] Level 1:colcon.colcon_core.package_identification:_identify(.) by extensions ['colcon_meta']
[0.273s] Level 1:colcon.colcon_core.package_identification:_identify(.) by extension 'colcon_meta'
[0.273s] Level 1:colcon.colcon_core.package_identification:_identify(.) by extensions ['ros']
[0.273s] Level 1:colcon.colcon_core.package_identification:_identify(.) by extension 'ros'
[0.284s] Level 1:colcon.colcon_core.package_identification:_identify(.) by extensions ['cmake', 'python']
[0.285s] Level 1:colcon.colcon_core.package_identification:_identify(.) by extension 'cmake'
[0.285s] Level 1:colcon.colcon_core.package_identification:_identify(.) by extension 'python'
[0.285s] Level 1:colcon.colcon_core.package_identification:_identify(.) by extensions ['python_setup_py']
[0.285s] Level 1:colcon.colcon_core.package_identification:_identify(.) by extension 'python_setup_py'
[0.285s] Level 1:colcon.colcon_core.package_identification:_identify(build) by extensions ['ignore', 'ignore_ament_install']
[0.285s] Level 1:colcon.colcon_core.package_identification:_identify(build) by extension 'ignore'
[0.285s] Level 1:colcon.colcon_core.package_identification:_identify(build) ignored
[0.285s] Level 1:colcon.colcon_core.package_identification:_identify(install) by extensions ['ignore', 'ignore_ament_install']
[0.285s] Level 1:colcon.colcon_core.package_identification:_identify(install) by extension 'ignore'
[0.285s] Level 1:colcon.colcon_core.package_identification:_identify(install) ignored
[0.285s] Level 1:colcon.colcon_core.package_identification:_identify(log) by extensions ['ignore', 'ignore_ament_install']
[0.285s] Level 1:colcon.colcon_core.package_identification:_identify(log) by extension 'ignore'
[0.285s] Level 1:colcon.colcon_core.package_identification:_identify(log) ignored
[0.285s] Level 1:colcon.colcon_core.package_identification:_identify(src) by extensions ['ignore', 'ignore_ament_install']
[0.285s] Level 1:colcon.colcon_core.package_identification:_identify(src) by extension 'ignore'
[0.286s] Level 1:colcon.colcon_core.package_identification:_identify(src) by extension 'ignore_ament_install'
[0.286s] Level 1:colcon.colcon_core.package_identification:_identify(src) by extensions ['colcon_pkg']
[0.286s] Level 1:colcon.colcon_core.package_identification:_identify(src) by extension 'colcon_pkg'
[0.286s] Level 1:colcon.colcon_core.package_identification:_identify(src) by extensions ['colcon_meta']
[0.286s] Level 1:colcon.colcon_core.package_identification:_identify(src) by extension 'colcon_meta'
[0.286s] Level 1:colcon.colcon_core.package_identification:_identify(src) by extensions ['ros']
[0.286s] Level 1:colcon.colcon_core.package_identification:_identify(src) by extension 'ros'
[0.286s] Level 1:colcon.colcon_core.package_identification:_identify(src) by extensions ['cmake', 'python']
[0.286s] Level 1:colcon.colcon_core.package_identification:_identify(src) by extension 'cmake'
[0.286s] Level 1:colcon.colcon_core.package_identification:_identify(src) by extension 'python'
[0.286s] Level 1:colcon.colcon_core.package_identification:_identify(src) by extensions ['python_setup_py']
[0.286s] Level 1:colcon.colcon_core.package_identification:_identify(src) by extension 'python_setup_py'
[0.286s] Level 1:colcon.colcon_core.package_identification:_identify(src/tb4_cpp_prac1) by extensions ['ignore', 'ignore_ament_install']
[0.286s] Level 1:colcon.colcon_core.package_identification:_identify(src/tb4_cpp_prac1) by extension 'ignore'
[0.286s] Level 1:colcon.colcon_core.package_identification:_identify(src/tb4_cpp_prac1) by extension 'ignore_ament_install'
[0.286s] Level 1:colcon.colcon_core.package_identification:_identify(src/tb4_cpp_prac1) by extensions ['colcon_pkg']
[0.286s] Level 1:colcon.colcon_core.package_identification:_identify(src/tb4_cpp_prac1) by extension 'colcon_pkg'
[0.286s] Level 1:colcon.colcon_core.package_identification:_identify(src/tb4_cpp_prac1) by extensions ['colcon_meta']
[0.286s] Level 1:colcon.colcon_core.package_identification:_identify(src/tb4_cpp_prac1) by extension 'colcon_meta'
[0.286s] Level 1:colcon.colcon_core.package_identification:_identify(src/tb4_cpp_prac1) by extensions ['ros']
[0.286s] Level 1:colcon.colcon_core.package_identification:_identify(src/tb4_cpp_prac1) by extension 'ros'
[0.289s] DEBUG:colcon.colcon_core.package_identification:Package 'src/tb4_cpp_prac1' with type 'ros.ament_cmake' and name 'tb4_cpp_prac1'
[0.289s] Level 1:colcon.colcon_core.package_identification:_identify(src/tb4_cpp_prac2) by extensions ['ignore', 'ignore_ament_install']
[0.289s] Level 1:colcon.colcon_core.package_identification:_identify(src/tb4_cpp_prac2) by extension 'ignore'
[0.289s] Level 1:colcon.colcon_core.package_identification:_identify(src/tb4_cpp_prac2) by extension 'ignore_ament_install'
[0.289s] Level 1:colcon.colcon_core.package_identification:_identify(src/tb4_cpp_prac2) by extensions ['colcon_pkg']
[0.289s] Level 1:colcon.colcon_core.package_identification:_identify(src/tb4_cpp_prac2) by extension 'colcon_pkg'
[0.289s] Level 1:colcon.colcon_core.package_identification:_identify(src/tb4_cpp_prac2) by extensions ['colcon_meta']
[0.289s] Level 1:colcon.colcon_core.package_identification:_identify(src/tb4_cpp_prac2) by extension 'colcon_meta'
[0.289s] Level 1:colcon.colcon_core.package_identification:_identify(src/tb4_cpp_prac2) by extensions ['ros']
[0.289s] Level 1:colcon.colcon_core.package_identification:_identify(src/tb4_cpp_prac2) by extension 'ros'
[0.290s] DEBUG:colcon.colcon_core.package_identification:Package 'src/tb4_cpp_prac2' with type 'ros.ament_cmake' and name 'tb4_cpp_prac2'
[0.290s] Level 1:colcon.colcon_core.package_identification:_identify(src/tb4_cpp_prac3) by extensions ['ignore', 'ignore_ament_install']
[0.290s] Level 1:colcon.colcon_core.package_identification:_identify(src/tb4_cpp_prac3) by extension 'ignore'
[0.290s] Level 1:colcon.colcon_core.package_identification:_identify(src/tb4_cpp_prac3) by extension 'ignore_ament_install'
[0.291s] Level 1:colcon.colcon_core.package_identification:_identify(src/tb4_cpp_prac3) by extensions ['colcon_pkg']
[0.291s] Level 1:colcon.colcon_core.package_identification:_identify(src/tb4_cpp_prac3) by extension 'colcon_pkg'
[0.291s] Level 1:colcon.colcon_core.package_identification:_identify(src/tb4_cpp_prac3) by extensions ['colcon_meta']
[0.291s] Level 1:colcon.colcon_core.package_identification:_identify(src/tb4_cpp_prac3) by extension 'colcon_meta'
[0.291s] Level 1:colcon.colcon_core.package_identification:_identify(src/tb4_cpp_prac3) by extensions ['ros']
[0.291s] Level 1:colcon.colcon_core.package_identification:_identify(src/tb4_cpp_prac3) by extension 'ros'
[0.291s] DEBUG:colcon.colcon_core.package_identification:Package 'src/tb4_cpp_prac3' with type 'ros.ament_cmake' and name 'tb4_cpp_prac3'
[0.292s] Level 1:colcon.colcon_core.package_identification:_identify(src/tb4_cpp_prac5) by extensions ['ignore', 'ignore_ament_install']
[0.292s] Level 1:colcon.colcon_core.package_identification:_identify(src/tb4_cpp_prac5) by extension 'ignore'
[0.292s] Level 1:colcon.colcon_core.package_identification:_identify(src/tb4_cpp_prac5) by extension 'ignore_ament_install'
[0.292s] Level 1:colcon.colcon_core.package_identification:_identify(src/tb4_cpp_prac5) by extensions ['colcon_pkg']
[0.292s] Level 1:colcon.colcon_core.package_identification:_identify(src/tb4_cpp_prac5) by extension 'colcon_pkg'
[0.292s] Level 1:colcon.colcon_core.package_identification:_identify(src/tb4_cpp_prac5) by extensions ['colcon_meta']
[0.292s] Level 1:colcon.colcon_core.package_identification:_identify(src/tb4_cpp_prac5) by extension 'colcon_meta'
[0.292s] Level 1:colcon.colcon_core.package_identification:_identify(src/tb4_cpp_prac5) by extensions ['ros']
[0.292s] Level 1:colcon.colcon_core.package_identification:_identify(src/tb4_cpp_prac5) by extension 'ros'
[0.293s] DEBUG:colcon.colcon_core.package_identification:Package 'src/tb4_cpp_prac5' with type 'ros.ament_cmake' and name 'tb4_cpp_prac5'
[0.293s] Level 1:colcon.colcon_core.package_identification:_identify(src/tb4_cpp_prac6) by extensions ['ignore', 'ignore_ament_install']
[0.293s] Level 1:colcon.colcon_core.package_identification:_identify(src/tb4_cpp_prac6) by extension 'ignore'
[0.294s] Level 1:colcon.colcon_core.package_identification:_identify(src/tb4_cpp_prac6) by extension 'ignore_ament_install'
[0.294s] Level 1:colcon.colcon_core.package_identification:_identify(src/tb4_cpp_prac6) by extensions ['colcon_pkg']
[0.294s] Level 1:colcon.colcon_core.package_identification:_identify(src/tb4_cpp_prac6) by extension 'colcon_pkg'
[0.294s] Level 1:colcon.colcon_core.package_identification:_identify(src/tb4_cpp_prac6) by extensions ['colcon_meta']
[0.294s] Level 1:colcon.colcon_core.package_identification:_identify(src/tb4_cpp_prac6) by extension 'colcon_meta'
[0.294s] Level 1:colcon.colcon_core.package_identification:_identify(src/tb4_cpp_prac6) by extensions ['ros']
[0.294s] Level 1:colcon.colcon_core.package_identification:_identify(src/tb4_cpp_prac6) by extension 'ros'
[0.295s] DEBUG:colcon.colcon_core.package_identification:Package 'src/tb4_cpp_prac6' with type 'ros.ament_cmake' and name 'tb4_cpp_prac6'
[0.295s] Level 1:colcon.colcon_core.package_identification:_identify(src/tb4_cpp_prac7) by extensions ['ignore', 'ignore_ament_install']
[0.295s] Level 1:colcon.colcon_core.package_identification:_identify(src/tb4_cpp_prac7) by extension 'ignore'
[0.295s] Level 1:colcon.colcon_core.package_identification:_identify(src/tb4_cpp_prac7) by extension 'ignore_ament_install'
[0.295s] Level 1:colcon.colcon_core.package_identification:_identify(src/tb4_cpp_prac7) by extensions ['colcon_pkg']
[0.295s] Level 1:colcon.colcon_core.package_identification:_identify(src/tb4_cpp_prac7) by extension 'colcon_pkg'
[0.295s] Level 1:colcon.colcon_core.package_identification:_identify(src/tb4_cpp_prac7) by extensions ['colcon_meta']
[0.295s] Level 1:colcon.colcon_core.package_identification:_identify(src/tb4_cpp_prac7) by extension 'colcon_meta'
[0.295s] Level 1:colcon.colcon_core.package_identification:_identify(src/tb4_cpp_prac7) by extensions ['ros']
[0.295s] Level 1:colcon.colcon_core.package_identification:_identify(src/tb4_cpp_prac7) by extension 'ros'
[0.297s] DEBUG:colcon.colcon_core.package_identification:Package 'src/tb4_cpp_prac7' with type 'ros.ament_cmake' and name 'tb4_cpp_prac7'
[0.297s] Level 1:colcon.colcon_core.package_discovery:discover_packages(recursive) using defaults
[0.297s] Level 1:colcon.colcon_core.package_discovery:discover_packages(ignore) discover
[0.297s] Level 1:colcon.colcon_core.package_discovery:discover_packages(ignore) using defaults
[0.297s] Level 1:colcon.colcon_core.package_discovery:discover_packages(path) discover
[0.297s] Level 1:colcon.colcon_core.package_discovery:discover_packages(path) using defaults
[0.331s] Level 1:colcon.colcon_core.package_discovery:discover_packages(prefix_path) check parameters
[0.331s] Level 1:colcon.colcon_core.package_discovery:discover_packages(prefix_path) discover
[0.333s] DEBUG:colcon.colcon_installed_package_information.package_discovery:Found 387 installed packages in /opt/ros/humble
[0.335s] Level 1:colcon.colcon_core.package_discovery:discover_packages(prefix_path) using defaults
[0.378s] Level 5:colcon.colcon_core.verb:set package 'tb4_cpp_prac1' build argument 'cmake_args' from command line to 'None'
[0.378s] Level 5:colcon.colcon_core.verb:set package 'tb4_cpp_prac1' build argument 'cmake_target' from command line to 'None'
[0.378s] Level 5:colcon.colcon_core.verb:set package 'tb4_cpp_prac1' build argument 'cmake_target_skip_unavailable' from command line to 'False'
[0.378s] Level 5:colcon.colcon_core.verb:set package 'tb4_cpp_prac1' build argument 'cmake_clean_cache' from command line to 'False'
[0.378s] Level 5:colcon.colcon_core.verb:set package 'tb4_cpp_prac1' build argument 'cmake_clean_first' from command line to 'False'
[0.378s] Level 5:colcon.colcon_core.verb:set package 'tb4_cpp_prac1' build argument 'cmake_force_configure' from command line to 'False'
[0.378s] Level 5:colcon.colcon_core.verb:set package 'tb4_cpp_prac1' build argument 'ament_cmake_args' from command line to 'None'
[0.378s] Level 5:colcon.colcon_core.verb:set package 'tb4_cpp_prac1' build argument 'catkin_cmake_args' from command line to 'None'
[0.378s] Level 5:colcon.colcon_core.verb:set package 'tb4_cpp_prac1' build argument 'catkin_skip_building_tests' from command line to 'False'
[0.378s] DEBUG:colcon.colcon_core.verb:Building package 'tb4_cpp_prac1' with the following arguments: {'ament_cmake_args': None, 'build_base': '/home/robotai/tb4_ws/build/tb4_cpp_prac1', 'catkin_cmake_args': None, 'catkin_skip_building_tests': False, 'cmake_args': None, 'cmake_clean_cache': False, 'cmake_clean_first': False, 'cmake_force_configure': False, 'cmake_target': None, 'cmake_target_skip_unavailable': False, 'install_base': '/home/robotai/tb4_ws/install/tb4_cpp_prac1', 'merge_install': False, 'path': '/home/robotai/tb4_ws/src/tb4_cpp_prac1', 'symlink_install': False, 'test_result_base': None}
[0.379s] Level 5:colcon.colcon_core.verb:set package 'tb4_cpp_prac2' build argument 'cmake_args' from command line to 'None'
[0.379s] Level 5:colcon.colcon_core.verb:set package 'tb4_cpp_prac2' build argument 'cmake_target' from command line to 'None'
[0.379s] Level 5:colcon.colcon_core.verb:set package 'tb4_cpp_prac2' build argument 'cmake_target_skip_unavailable' from command line to 'False'
[0.379s] Level 5:colcon.colcon_core.verb:set package 'tb4_cpp_prac2' build argument 'cmake_clean_cache' from command line to 'False'
[0.379s] Level 5:colcon.colcon_core.verb:set package 'tb4_cpp_prac2' build argument 'cmake_clean_first' from command line to 'False'
[0.379s] Level 5:colcon.colcon_core.verb:set package 'tb4_cpp_prac2' build argument 'cmake_force_configure' from command line to 'False'
[0.379s] Level 5:colcon.colcon_core.verb:set package 'tb4_cpp_prac2' build argument 'ament_cmake_args' from command line to 'None'
[0.379s] Level 5:colcon.colcon_core.verb:set package 'tb4_cpp_prac2' build argument 'catkin_cmake_args' from command line to 'None'
[0.379s] Level 5:colcon.colcon_core.verb:set package 'tb4_cpp_prac2' build argument 'catkin_skip_building_tests' from command line to 'False'
[0.379s] DEBUG:colcon.colcon_core.verb:Building package 'tb4_cpp_prac2' with the following arguments: {'ament_cmake_args': None, 'build_base': '/home/robotai/tb4_ws/build/tb4_cpp_prac2', 'catkin_cmake_args': None, 'catkin_skip_building_tests': False, 'cmake_args': None, 'cmake_clean_cache': False, 'cmake_clean_first': False, 'cmake_force_configure': False, 'cmake_target': None, 'cmake_target_skip_unavailable': False, 'install_base': '/home/robotai/tb4_ws/install/tb4_cpp_prac2', 'merge_install': False, 'path': '/home/robotai/tb4_ws/src/tb4_cpp_prac2', 'symlink_install': False, 'test_result_base': None}
[0.379s] Level 5:colcon.colcon_core.verb:set package 'tb4_cpp_prac3' build argument 'cmake_args' from command line to 'None'
[0.379s] Level 5:colcon.colcon_core.verb:set package 'tb4_cpp_prac3' build argument 'cmake_target' from command line to 'None'
[0.379s] Level 5:colcon.colcon_core.verb:set package 'tb4_cpp_prac3' build argument 'cmake_target_skip_unavailable' from command line to 'False'
[0.379s] Level 5:colcon.colcon_core.verb:set package 'tb4_cpp_prac3' build argument 'cmake_clean_cache' from command line to 'False'
[0.379s] Level 5:colcon.colcon_core.verb:set package 'tb4_cpp_prac3' build argument 'cmake_clean_first' from command line to 'False'
[0.379s] Level 5:colcon.colcon_core.verb:set package 'tb4_cpp_prac3' build argument 'cmake_force_configure' from command line to 'False'
[0.379s] Level 5:colcon.colcon_core.verb:set package 'tb4_cpp_prac3' build argument 'ament_cmake_args' from command line to 'None'
[0.379s] Level 5:colcon.colcon_core.verb:set package 'tb4_cpp_prac3' build argument 'catkin_cmake_args' from command line to 'None'
[0.379s] Level 5:colcon.colcon_core.verb:set package 'tb4_cpp_prac3' build argument 'catkin_skip_building_tests' from command line to 'False'
[0.379s] DEBUG:colcon.colcon_core.verb:Building package 'tb4_cpp_prac3' with the following arguments: {'ament_cmake_args': None, 'build_base': '/home/robotai/tb4_ws/build/tb4_cpp_prac3', 'catkin_cmake_args': None, 'catkin_skip_building_tests': False, 'cmake_args': None, 'cmake_clean_cache': False, 'cmake_clean_first': False, 'cmake_force_configure': False, 'cmake_target': None, 'cmake_target_skip_unavailable': False, 'install_base': '/home/robotai/tb4_ws/install/tb4_cpp_prac3', 'merge_install': False, 'path': '/home/robotai/tb4_ws/src/tb4_cpp_prac3', 'symlink_install': False, 'test_result_base': None}
[0.380s] Level 5:colcon.colcon_core.verb:set package 'tb4_cpp_prac5' build argument 'cmake_args' from command line to 'None'
[0.380s] Level 5:colcon.colcon_core.verb:set package 'tb4_cpp_prac5' build argument 'cmake_target' from command line to 'None'
[0.380s] Level 5:colcon.colcon_core.verb:set package 'tb4_cpp_prac5' build argument 'cmake_target_skip_unavailable' from command line to 'False'
[0.380s] Level 5:colcon.colcon_core.verb:set package 'tb4_cpp_prac5' build argument 'cmake_clean_cache' from command line to 'False'
[0.380s] Level 5:colcon.colcon_core.verb:set package 'tb4_cpp_prac5' build argument 'cmake_clean_first' from command line to 'False'
[0.380s] Level 5:colcon.colcon_core.verb:set package 'tb4_cpp_prac5' build argument 'cmake_force_configure' from command line to 'False'
[0.380s] Level 5:colcon.colcon_core.verb:set package 'tb4_cpp_prac5' build argument 'ament_cmake_args' from command line to 'None'
[0.380s] Level 5:colcon.colcon_core.verb:set package 'tb4_cpp_prac5' build argument 'catkin_cmake_args' from command line to 'None'
[0.380s] Level 5:colcon.colcon_core.verb:set package 'tb4_cpp_prac5' build argument 'catkin_skip_building_tests' from command line to 'False'
[0.380s] DEBUG:colcon.colcon_core.verb:Building package 'tb4_cpp_prac5' with the following arguments: {'ament_cmake_args': None, 'build_base': '/home/robotai/tb4_ws/build/tb4_cpp_prac5', 'catkin_cmake_args': None, 'catkin_skip_building_tests': False, 'cmake_args': None, 'cmake_clean_cache': False, 'cmake_clean_first': False, 'cmake_force_configure': False, 'cmake_target': None, 'cmake_target_skip_unavailable': False, 'install_base': '/home/robotai/tb4_ws/install/tb4_cpp_prac5', 'merge_install': False, 'path': '/home/robotai/tb4_ws/src/tb4_cpp_prac5', 'symlink_install': False, 'test_result_base': None}
[0.380s] Level 5:colcon.colcon_core.verb:set package 'tb4_cpp_prac6' build argument 'cmake_args' from command line to 'None'
[0.380s] Level 5:colcon.colcon_core.verb:set package 'tb4_cpp_prac6' build argument 'cmake_target' from command line to 'None'
[0.380s] Level 5:colcon.colcon_core.verb:set package 'tb4_cpp_prac6' build argument 'cmake_target_skip_unavailable' from command line to 'False'
[0.380s] Level 5:colcon.colcon_core.verb:set package 'tb4_cpp_prac6' build argument 'cmake_clean_cache' from command line to 'False'
[0.380s] Level 5:colcon.colcon_core.verb:set package 'tb4_cpp_prac6' build argument 'cmake_clean_first' from command line to 'False'
[0.380s] Level 5:colcon.colcon_core.verb:set package 'tb4_cpp_prac6' build argument 'cmake_force_configure' from command line to 'False'
[0.380s] Level 5:colcon.colcon_core.verb:set package 'tb4_cpp_prac6' build argument 'ament_cmake_args' from command line to 'None'
[0.380s] Level 5:colcon.colcon_core.verb:set package 'tb4_cpp_prac6' build argument 'catkin_cmake_args' from command line to 'None'
[0.380s] Level 5:colcon.colcon_core.verb:set package 'tb4_cpp_prac6' build argument 'catkin_skip_building_tests' from command line to 'False'
[0.380s] DEBUG:colcon.colcon_core.verb:Building package 'tb4_cpp_prac6' with the following arguments: {'ament_cmake_args': None, 'build_base': '/home/robotai/tb4_ws/build/tb4_cpp_prac6', 'catkin_cmake_args': None, 'catkin_skip_building_tests': False, 'cmake_args': None, 'cmake_clean_cache': False, 'cmake_clean_first': False, 'cmake_force_configure': False, 'cmake_target': None, 'cmake_target_skip_unavailable': False, 'install_base': '/home/robotai/tb4_ws/install/tb4_cpp_prac6', 'merge_install': False, 'path': '/home/robotai/tb4_ws/src/tb4_cpp_prac6', 'symlink_install': False, 'test_result_base': None}
[0.381s] Level 5:colcon.colcon_core.verb:set package 'tb4_cpp_prac7' build argument 'cmake_args' from command line to 'None'
[0.381s] Level 5:colcon.colcon_core.verb:set package 'tb4_cpp_prac7' build argument 'cmake_target' from command line to 'None'
[0.381s] Level 5:colcon.colcon_core.verb:set package 'tb4_cpp_prac7' build argument 'cmake_target_skip_unavailable' from command line to 'False'
[0.381s] Level 5:colcon.colcon_core.verb:set package 'tb4_cpp_prac7' build argument 'cmake_clean_cache' from command line to 'False'
[0.381s] Level 5:colcon.colcon_core.verb:set package 'tb4_cpp_prac7' build argument 'cmake_clean_first' from command line to 'False'
[0.381s] Level 5:colcon.colcon_core.verb:set package 'tb4_cpp_prac7' build argument 'cmake_force_configure' from command line to 'False'
[0.381s] Level 5:colcon.colcon_core.verb:set package 'tb4_cpp_prac7' build argument 'ament_cmake_args' from command line to 'None'
[0.381s] Level 5:colcon.colcon_core.verb:set package 'tb4_cpp_prac7' build argument 'catkin_cmake_args' from command line to 'None'
[0.381s] Level 5:colcon.colcon_core.verb:set package 'tb4_cpp_prac7' build argument 'catkin_skip_building_tests' from command line to 'False'
[0.381s] DEBUG:colcon.colcon_core.verb:Building package 'tb4_cpp_prac7' with the following arguments: {'ament_cmake_args': None, 'build_base': '/home/robotai/tb4_ws/build/tb4_cpp_prac7', 'catkin_cmake_args': None, 'catkin_skip_building_tests': False, 'cmake_args': None, 'cmake_clean_cache': False, 'cmake_clean_first': False, 'cmake_force_configure': False, 'cmake_target': None, 'cmake_target_skip_unavailable': False, 'install_base': '/home/robotai/tb4_ws/install/tb4_cpp_prac7', 'merge_install': False, 'path': '/home/robotai/tb4_ws/src/tb4_cpp_prac7', 'symlink_install': False, 'test_result_base': None}
[0.381s] INFO:colcon.colcon_core.executor:Executing jobs using 'parallel' executor
[0.382s] DEBUG:colcon.colcon_parallel_executor.executor.parallel:run_until_complete
[0.382s] INFO:colcon.colcon_ros.task.ament_cmake.build:Building ROS package in '/home/robotai/tb4_ws/src/tb4_cpp_prac1' with build type 'ament_cmake'
[0.383s] INFO:colcon.colcon_cmake.task.cmake.build:Building CMake package in '/home/robotai/tb4_ws/src/tb4_cpp_prac1'
[0.385s] INFO:colcon.colcon_core.plugin_system:Skipping extension 'colcon_core.shell.bat': Not used on non-Windows systems
[0.385s] INFO:colcon.colcon_core.shell:Skip shell extension 'powershell' for command environment: Not usable outside of PowerShell
[0.385s] DEBUG:colcon.colcon_core.shell:Skip shell extension 'dsv' for command environment
[0.388s] INFO:colcon.colcon_ros.task.ament_cmake.build:Building ROS package in '/home/robotai/tb4_ws/src/tb4_cpp_prac2' with build type 'ament_cmake'
[0.388s] INFO:colcon.colcon_cmake.task.cmake.build:Building CMake package in '/home/robotai/tb4_ws/src/tb4_cpp_prac2'
[0.388s] INFO:colcon.colcon_core.shell:Skip shell extension 'powershell' for command environment: Not usable outside of PowerShell
[0.388s] DEBUG:colcon.colcon_core.shell:Skip shell extension 'dsv' for command environment
[0.391s] INFO:colcon.colcon_ros.task.ament_cmake.build:Building ROS package in '/home/robotai/tb4_ws/src/tb4_cpp_prac3' with build type 'ament_cmake'
[0.391s] INFO:colcon.colcon_cmake.task.cmake.build:Building CMake package in '/home/robotai/tb4_ws/src/tb4_cpp_prac3'
[0.391s] INFO:colcon.colcon_core.shell:Skip shell extension 'powershell' for command environment: Not usable outside of PowerShell
[0.392s] DEBUG:colcon.colcon_core.shell:Skip shell extension 'dsv' for command environment
[0.394s] INFO:colcon.colcon_ros.task.ament_cmake.build:Building ROS package in '/home/robotai/tb4_ws/src/tb4_cpp_prac5' with build type 'ament_cmake'
[0.394s] INFO:colcon.colcon_cmake.task.cmake.build:Building CMake package in '/home/robotai/tb4_ws/src/tb4_cpp_prac5'
[0.395s] INFO:colcon.colcon_core.shell:Skip shell extension 'powershell' for command environment: Not usable outside of PowerShell
[0.395s] DEBUG:colcon.colcon_core.shell:Skip shell extension 'dsv' for command environment
[0.398s] INFO:colcon.colcon_ros.task.ament_cmake.build:Building ROS package in '/home/robotai/tb4_ws/src/tb4_cpp_prac6' with build type 'ament_cmake'
[0.398s] INFO:colcon.colcon_cmake.task.cmake.build:Building CMake package in '/home/robotai/tb4_ws/src/tb4_cpp_prac6'
[0.399s] INFO:colcon.colcon_core.shell:Skip shell extension 'powershell' for command environment: Not usable outside of PowerShell
[0.399s] DEBUG:colcon.colcon_core.shell:Skip shell extension 'dsv' for command environment
[0.402s] INFO:colcon.colcon_ros.task.ament_cmake.build:Building ROS package in '/home/robotai/tb4_ws/src/tb4_cpp_prac7' with build type 'ament_cmake'
[0.402s] INFO:colcon.colcon_cmake.task.cmake.build:Building CMake package in '/home/robotai/tb4_ws/src/tb4_cpp_prac7'
[0.402s] INFO:colcon.colcon_core.shell:Skip shell extension 'powershell' for command environment: Not usable outside of PowerShell
[0.402s] DEBUG:colcon.colcon_core.shell:Skip shell extension 'dsv' for command environment
[0.410s] DEBUG:colcon.colcon_core.event_handler.log_command:Invoking command in '/home/robotai/tb4_ws/build/tb4_cpp_prac1': CMAKE_PREFIX_PATH=/opt/ros/humble /usr/bin/cmake --build /home/robotai/tb4_ws/build/tb4_cpp_prac1 -- -j6 -l6
[0.413s] DEBUG:colcon.colcon_core.event_handler.log_command:Invoking command in '/home/robotai/tb4_ws/build/tb4_cpp_prac2': CMAKE_PREFIX_PATH=/opt/ros/humble /usr/bin/cmake --build /home/robotai/tb4_ws/build/tb4_cpp_prac2 -- -j6 -l6
[0.416s] DEBUG:colcon.colcon_core.event_handler.log_command:Invoking command in '/home/robotai/tb4_ws/build/tb4_cpp_prac3': CMAKE_PREFIX_PATH=/opt/ros/humble /usr/bin/cmake --build /home/robotai/tb4_ws/build/tb4_cpp_prac3 -- -j6 -l6
[0.423s] DEBUG:colcon.colcon_core.event_handler.log_command:Invoking command in '/home/robotai/tb4_ws/build/tb4_cpp_prac5': CMAKE_PREFIX_PATH=/opt/ros/humble /usr/bin/cmake --build /home/robotai/tb4_ws/build/tb4_cpp_prac5 -- -j6 -l6
[0.436s] DEBUG:colcon.colcon_core.event_handler.log_command:Invoking command in '/home/robotai/tb4_ws/build/tb4_cpp_prac6': CMAKE_PREFIX_PATH=/opt/ros/humble /usr/bin/cmake --build /home/robotai/tb4_ws/build/tb4_cpp_prac6 -- -j6 -l6
[0.456s] DEBUG:colcon.colcon_core.event_handler.log_command:Invoking command in '/home/robotai/tb4_ws/build/tb4_cpp_prac7': CMAKE_PREFIX_PATH=/opt/ros/humble /usr/bin/cmake --build /home/robotai/tb4_ws/build/tb4_cpp_prac7 -- -j6 -l6
[0.534s] DEBUG:colcon.colcon_core.event_handler.log_command:Invoked command in '/home/robotai/tb4_ws/build/tb4_cpp_prac2' returned '0': CMAKE_PREFIX_PATH=/opt/ros/humble /usr/bin/cmake --build /home/robotai/tb4_ws/build/tb4_cpp_prac2 -- -j6 -l6
[0.548s] DEBUG:colcon.colcon_core.event_handler.log_command:Invoking command in '/home/robotai/tb4_ws/build/tb4_cpp_prac2': CMAKE_PREFIX_PATH=/opt/ros/humble /usr/bin/cmake --install /home/robotai/tb4_ws/build/tb4_cpp_prac2
[0.551s] DEBUG:colcon.colcon_core.event_handler.log_command:Invoked command in '/home/robotai/tb4_ws/build/tb4_cpp_prac3' returned '0': CMAKE_PREFIX_PATH=/opt/ros/humble /usr/bin/cmake --build /home/robotai/tb4_ws/build/tb4_cpp_prac3 -- -j6 -l6
[0.552s] DEBUG:colcon.colcon_core.event_handler.log_command:Invoking command in '/home/robotai/tb4_ws/build/tb4_cpp_prac3': CMAKE_PREFIX_PATH=/opt/ros/humble /usr/bin/cmake --install /home/robotai/tb4_ws/build/tb4_cpp_prac3
[0.553s] DEBUG:colcon.colcon_core.event_handler.log_command:Invoked command in '/home/robotai/tb4_ws/build/tb4_cpp_prac1' returned '0': CMAKE_PREFIX_PATH=/opt/ros/humble /usr/bin/cmake --build /home/robotai/tb4_ws/build/tb4_cpp_prac1 -- -j6 -l6
[0.557s] DEBUG:colcon.colcon_core.event_handler.log_command:Invoking command in '/home/robotai/tb4_ws/build/tb4_cpp_prac1': CMAKE_PREFIX_PATH=/opt/ros/humble /usr/bin/cmake --install /home/robotai/tb4_ws/build/tb4_cpp_prac1
[0.563s] DEBUG:colcon.colcon_core.event_handler.log_command:Invoked command in '/home/robotai/tb4_ws/build/tb4_cpp_prac5' returned '0': CMAKE_PREFIX_PATH=/opt/ros/humble /usr/bin/cmake --build /home/robotai/tb4_ws/build/tb4_cpp_prac5 -- -j6 -l6
[0.571s] DEBUG:colcon.colcon_core.event_handler.log_command:Invoking command in '/home/robotai/tb4_ws/build/tb4_cpp_prac5': CMAKE_PREFIX_PATH=/opt/ros/humble /usr/bin/cmake --install /home/robotai/tb4_ws/build/tb4_cpp_prac5
[0.572s] DEBUG:colcon.colcon_core.event_handler.log_command:Invoked command in '/home/robotai/tb4_ws/build/tb4_cpp_prac6' returned '0': CMAKE_PREFIX_PATH=/opt/ros/humble /usr/bin/cmake --build /home/robotai/tb4_ws/build/tb4_cpp_prac6 -- -j6 -l6
[0.572s] Level 1:colcon.colcon_core.environment:create_environment_scripts_only(tb4_cpp_prac2)
[0.576s] DEBUG:colcon.colcon_core.event_handler.log_command:Invoking command in '/home/robotai/tb4_ws/build/tb4_cpp_prac6': CMAKE_PREFIX_PATH=/opt/ros/humble /usr/bin/cmake --install /home/robotai/tb4_ws/build/tb4_cpp_prac6
[0.578s] DEBUG:colcon.colcon_core.event_handler.log_command:Invoked command in '/home/robotai/tb4_ws/build/tb4_cpp_prac2' returned '0': CMAKE_PREFIX_PATH=/opt/ros/humble /usr/bin/cmake --install /home/robotai/tb4_ws/build/tb4_cpp_prac2
[0.582s] Level 1:colcon.colcon_core.environment:checking '/home/robotai/tb4_ws/install/tb4_cpp_prac2' for CMake module files
[0.583s] Level 1:colcon.colcon_core.environment:checking '/home/robotai/tb4_ws/install/tb4_cpp_prac2' for CMake config files
[0.583s] Level 1:colcon.colcon_core.shell:create_environment_hook('tb4_cpp_prac2', 'cmake_prefix_path')
[0.583s] INFO:colcon.colcon_core.shell:Creating environment hook '/home/robotai/tb4_ws/install/tb4_cpp_prac2/share/tb4_cpp_prac2/hook/cmake_prefix_path.ps1'
[0.584s] INFO:colcon.colcon_core.shell:Creating environment descriptor '/home/robotai/tb4_ws/install/tb4_cpp_prac2/share/tb4_cpp_prac2/hook/cmake_prefix_path.dsv'
[0.585s] INFO:colcon.colcon_core.shell:Creating environment hook '/home/robotai/tb4_ws/install/tb4_cpp_prac2/share/tb4_cpp_prac2/hook/cmake_prefix_path.sh'
[0.586s] Level 1:colcon.colcon_core.environment:checking '/home/robotai/tb4_ws/install/tb4_cpp_prac2/lib'
[0.586s] Level 1:colcon.colcon_core.environment:checking '/home/robotai/tb4_ws/install/tb4_cpp_prac2/bin'
[0.586s] Level 1:colcon.colcon_core.environment:checking '/home/robotai/tb4_ws/install/tb4_cpp_prac2/lib/pkgconfig/tb4_cpp_prac2.pc'
[0.586s] Level 1:colcon.colcon_core.environment:checking '/home/robotai/tb4_ws/install/tb4_cpp_prac2/lib/python3.10/site-packages'
[0.587s] Level 1:colcon.colcon_core.environment:checking '/home/robotai/tb4_ws/install/tb4_cpp_prac2/bin'
[0.587s] INFO:colcon.colcon_core.shell:Creating package script '/home/robotai/tb4_ws/install/tb4_cpp_prac2/share/tb4_cpp_prac2/package.ps1'
[0.588s] INFO:colcon.colcon_core.shell:Creating package descriptor '/home/robotai/tb4_ws/install/tb4_cpp_prac2/share/tb4_cpp_prac2/package.dsv'
[0.589s] INFO:colcon.colcon_core.shell:Creating package script '/home/robotai/tb4_ws/install/tb4_cpp_prac2/share/tb4_cpp_prac2/package.sh'
[0.589s] INFO:colcon.colcon_core.shell:Creating package script '/home/robotai/tb4_ws/install/tb4_cpp_prac2/share/tb4_cpp_prac2/package.bash'
[0.591s] INFO:colcon.colcon_core.shell:Creating package script '/home/robotai/tb4_ws/install/tb4_cpp_prac2/share/tb4_cpp_prac2/package.zsh'
[0.591s] Level 1:colcon.colcon_core.environment:create_file_with_runtime_dependencies(/home/robotai/tb4_ws/install/tb4_cpp_prac2/share/colcon-core/packages/tb4_cpp_prac2)
[0.592s] Level 1:colcon.colcon_core.environment:create_environment_scripts_only(tb4_cpp_prac2)
[0.592s] Level 1:colcon.colcon_core.environment:checking '/home/robotai/tb4_ws/install/tb4_cpp_prac2' for CMake module files
[0.592s] Level 1:colcon.colcon_core.environment:checking '/home/robotai/tb4_ws/install/tb4_cpp_prac2' for CMake config files
[0.594s] Level 1:colcon.colcon_core.shell:create_environment_hook('tb4_cpp_prac2', 'cmake_prefix_path')
[0.594s] INFO:colcon.colcon_core.shell:Creating environment hook '/home/robotai/tb4_ws/install/tb4_cpp_prac2/share/tb4_cpp_prac2/hook/cmake_prefix_path.ps1'
[0.596s] INFO:colcon.colcon_core.shell:Creating environment descriptor '/home/robotai/tb4_ws/install/tb4_cpp_prac2/share/tb4_cpp_prac2/hook/cmake_prefix_path.dsv'
[0.596s] INFO:colcon.colcon_core.shell:Creating environment hook '/home/robotai/tb4_ws/install/tb4_cpp_prac2/share/tb4_cpp_prac2/hook/cmake_prefix_path.sh'
[0.597s] Level 1:colcon.colcon_core.environment:checking '/home/robotai/tb4_ws/install/tb4_cpp_prac2/lib'
[0.597s] Level 1:colcon.colcon_core.environment:checking '/home/robotai/tb4_ws/install/tb4_cpp_prac2/bin'
[0.597s] Level 1:colcon.colcon_core.environment:checking '/home/robotai/tb4_ws/install/tb4_cpp_prac2/lib/pkgconfig/tb4_cpp_prac2.pc'
[0.598s] Level 1:colcon.colcon_core.environment:checking '/home/robotai/tb4_ws/install/tb4_cpp_prac2/lib/python3.10/site-packages'
[0.598s] Level 1:colcon.colcon_core.environment:checking '/home/robotai/tb4_ws/install/tb4_cpp_prac2/bin'
[0.598s] INFO:colcon.colcon_core.shell:Creating package script '/home/robotai/tb4_ws/install/tb4_cpp_prac2/share/tb4_cpp_prac2/package.ps1'
[0.598s] INFO:colcon.colcon_core.shell:Creating package descriptor '/home/robotai/tb4_ws/install/tb4_cpp_prac2/share/tb4_cpp_prac2/package.dsv'
[0.599s] INFO:colcon.colcon_core.shell:Creating package script '/home/robotai/tb4_ws/install/tb4_cpp_prac2/share/tb4_cpp_prac2/package.sh'
[0.600s] INFO:colcon.colcon_core.shell:Creating package script '/home/robotai/tb4_ws/install/tb4_cpp_prac2/share/tb4_cpp_prac2/package.bash'
[0.600s] INFO:colcon.colcon_core.shell:Creating package script '/home/robotai/tb4_ws/install/tb4_cpp_prac2/share/tb4_cpp_prac2/package.zsh'
[0.600s] Level 1:colcon.colcon_core.environment:create_file_with_runtime_dependencies(/home/robotai/tb4_ws/install/tb4_cpp_prac2/share/colcon-core/packages/tb4_cpp_prac2)
[0.602s] Level 1:colcon.colcon_core.environment:create_environment_scripts_only(tb4_cpp_prac1)
[0.602s] DEBUG:colcon.colcon_core.event_handler.log_command:Invoked command in '/home/robotai/tb4_ws/build/tb4_cpp_prac1' returned '0': CMAKE_PREFIX_PATH=/opt/ros/humble /usr/bin/cmake --install /home/robotai/tb4_ws/build/tb4_cpp_prac1
[0.602s] Level 1:colcon.colcon_core.environment:checking '/home/robotai/tb4_ws/install/tb4_cpp_prac1' for CMake module files
[0.603s] Level 1:colcon.colcon_core.environment:checking '/home/robotai/tb4_ws/install/tb4_cpp_prac1' for CMake config files
[0.603s] Level 1:colcon.colcon_core.shell:create_environment_hook('tb4_cpp_prac1', 'cmake_prefix_path')
[0.604s] INFO:colcon.colcon_core.shell:Creating environment hook '/home/robotai/tb4_ws/install/tb4_cpp_prac1/share/tb4_cpp_prac1/hook/cmake_prefix_path.ps1'
[0.604s] INFO:colcon.colcon_core.shell:Creating environment descriptor '/home/robotai/tb4_ws/install/tb4_cpp_prac1/share/tb4_cpp_prac1/hook/cmake_prefix_path.dsv'
[0.605s] INFO:colcon.colcon_core.shell:Creating environment hook '/home/robotai/tb4_ws/install/tb4_cpp_prac1/share/tb4_cpp_prac1/hook/cmake_prefix_path.sh'
[0.606s] Level 1:colcon.colcon_core.environment:checking '/home/robotai/tb4_ws/install/tb4_cpp_prac1/lib'
[0.606s] Level 1:colcon.colcon_core.environment:checking '/home/robotai/tb4_ws/install/tb4_cpp_prac1/bin'
[0.606s] Level 1:colcon.colcon_core.environment:checking '/home/robotai/tb4_ws/install/tb4_cpp_prac1/lib/pkgconfig/tb4_cpp_prac1.pc'
[0.606s] Level 1:colcon.colcon_core.environment:checking '/home/robotai/tb4_ws/install/tb4_cpp_prac1/lib/python3.10/site-packages'
[0.606s] Level 1:colcon.colcon_core.environment:checking '/home/robotai/tb4_ws/install/tb4_cpp_prac1/bin'
[0.607s] INFO:colcon.colcon_core.shell:Creating package script '/home/robotai/tb4_ws/install/tb4_cpp_prac1/share/tb4_cpp_prac1/package.ps1'
[0.607s] INFO:colcon.colcon_core.shell:Creating package descriptor '/home/robotai/tb4_ws/install/tb4_cpp_prac1/share/tb4_cpp_prac1/package.dsv'
[0.608s] INFO:colcon.colcon_core.shell:Creating package script '/home/robotai/tb4_ws/install/tb4_cpp_prac1/share/tb4_cpp_prac1/package.sh'
[0.608s] INFO:colcon.colcon_core.shell:Creating package script '/home/robotai/tb4_ws/install/tb4_cpp_prac1/share/tb4_cpp_prac1/package.bash'
[0.609s] INFO:colcon.colcon_core.shell:Creating package script '/home/robotai/tb4_ws/install/tb4_cpp_prac1/share/tb4_cpp_prac1/package.zsh'
[0.609s] Level 1:colcon.colcon_core.environment:create_file_with_runtime_dependencies(/home/robotai/tb4_ws/install/tb4_cpp_prac1/share/colcon-core/packages/tb4_cpp_prac1)
[0.610s] Level 1:colcon.colcon_core.environment:create_environment_scripts_only(tb4_cpp_prac1)
[0.610s] Level 1:colcon.colcon_core.environment:checking '/home/robotai/tb4_ws/install/tb4_cpp_prac1' for CMake module files
[0.611s] Level 1:colcon.colcon_core.environment:checking '/home/robotai/tb4_ws/install/tb4_cpp_prac1' for CMake config files
[0.611s] Level 1:colcon.colcon_core.shell:create_environment_hook('tb4_cpp_prac1', 'cmake_prefix_path')
[0.611s] INFO:colcon.colcon_core.shell:Creating environment hook '/home/robotai/tb4_ws/install/tb4_cpp_prac1/share/tb4_cpp_prac1/hook/cmake_prefix_path.ps1'
[0.612s] INFO:colcon.colcon_core.shell:Creating environment descriptor '/home/robotai/tb4_ws/install/tb4_cpp_prac1/share/tb4_cpp_prac1/hook/cmake_prefix_path.dsv'
[0.612s] INFO:colcon.colcon_core.shell:Creating environment hook '/home/robotai/tb4_ws/install/tb4_cpp_prac1/share/tb4_cpp_prac1/hook/cmake_prefix_path.sh'
[0.613s] Level 1:colcon.colcon_core.environment:checking '/home/robotai/tb4_ws/install/tb4_cpp_prac1/lib'
[0.613s] Level 1:colcon.colcon_core.environment:checking '/home/robotai/tb4_ws/install/tb4_cpp_prac1/bin'
[0.613s] Level 1:colcon.colcon_core.environment:checking '/home/robotai/tb4_ws/install/tb4_cpp_prac1/lib/pkgconfig/tb4_cpp_prac1.pc'
[0.613s] Level 1:colcon.colcon_core.environment:checking '/home/robotai/tb4_ws/install/tb4_cpp_prac1/lib/python3.10/site-packages'
[0.613s] Level 1:colcon.colcon_core.environment:checking '/home/robotai/tb4_ws/install/tb4_cpp_prac1/bin'
[0.614s] INFO:colcon.colcon_core.shell:Creating package script '/home/robotai/tb4_ws/install/tb4_cpp_prac1/share/tb4_cpp_prac1/package.ps1'
[0.614s] INFO:colcon.colcon_core.shell:Creating package descriptor '/home/robotai/tb4_ws/install/tb4_cpp_prac1/share/tb4_cpp_prac1/package.dsv'
[0.614s] INFO:colcon.colcon_core.shell:Creating package script '/home/robotai/tb4_ws/install/tb4_cpp_prac1/share/tb4_cpp_prac1/package.sh'
[0.615s] INFO:colcon.colcon_core.shell:Creating package script '/home/robotai/tb4_ws/install/tb4_cpp_prac1/share/tb4_cpp_prac1/package.bash'
[0.615s] INFO:colcon.colcon_core.shell:Creating package script '/home/robotai/tb4_ws/install/tb4_cpp_prac1/share/tb4_cpp_prac1/package.zsh'
[0.616s] Level 1:colcon.colcon_core.environment:create_file_with_runtime_dependencies(/home/robotai/tb4_ws/install/tb4_cpp_prac1/share/colcon-core/packages/tb4_cpp_prac1)
[0.616s] Level 1:colcon.colcon_core.environment:create_environment_scripts_only(tb4_cpp_prac5)
[0.616s] Level 1:colcon.colcon_core.environment:checking '/home/robotai/tb4_ws/install/tb4_cpp_prac5' for CMake module files
[0.617s] Level 1:colcon.colcon_core.environment:checking '/home/robotai/tb4_ws/install/tb4_cpp_prac5' for CMake config files
[0.618s] DEBUG:colcon.colcon_core.event_handler.log_command:Invoked command in '/home/robotai/tb4_ws/build/tb4_cpp_prac5' returned '0': CMAKE_PREFIX_PATH=/opt/ros/humble /usr/bin/cmake --install /home/robotai/tb4_ws/build/tb4_cpp_prac5
[0.619s] Level 1:colcon.colcon_core.shell:create_environment_hook('tb4_cpp_prac5', 'cmake_prefix_path')
[0.619s] INFO:colcon.colcon_core.shell:Creating environment hook '/home/robotai/tb4_ws/install/tb4_cpp_prac5/share/tb4_cpp_prac5/hook/cmake_prefix_path.ps1'
[0.619s] INFO:colcon.colcon_core.shell:Creating environment descriptor '/home/robotai/tb4_ws/install/tb4_cpp_prac5/share/tb4_cpp_prac5/hook/cmake_prefix_path.dsv'
[0.620s] INFO:colcon.colcon_core.shell:Creating environment hook '/home/robotai/tb4_ws/install/tb4_cpp_prac5/share/tb4_cpp_prac5/hook/cmake_prefix_path.sh'
[0.621s] Level 1:colcon.colcon_core.environment:checking '/home/robotai/tb4_ws/install/tb4_cpp_prac5/lib'
[0.621s] Level 1:colcon.colcon_core.environment:checking '/home/robotai/tb4_ws/install/tb4_cpp_prac5/bin'
[0.621s] Level 1:colcon.colcon_core.environment:checking '/home/robotai/tb4_ws/install/tb4_cpp_prac5/lib/pkgconfig/tb4_cpp_prac5.pc'
[0.621s] Level 1:colcon.colcon_core.environment:checking '/home/robotai/tb4_ws/install/tb4_cpp_prac5/lib/python3.10/site-packages'
[0.621s] Level 1:colcon.colcon_core.environment:checking '/home/robotai/tb4_ws/install/tb4_cpp_prac5/bin'
[0.621s] INFO:colcon.colcon_core.shell:Creating package script '/home/robotai/tb4_ws/install/tb4_cpp_prac5/share/tb4_cpp_prac5/package.ps1'
[0.622s] INFO:colcon.colcon_core.shell:Creating package descriptor '/home/robotai/tb4_ws/install/tb4_cpp_prac5/share/tb4_cpp_prac5/package.dsv'
[0.623s] INFO:colcon.colcon_core.shell:Creating package script '/home/robotai/tb4_ws/install/tb4_cpp_prac5/share/tb4_cpp_prac5/package.sh'
[0.623s] INFO:colcon.colcon_core.shell:Creating package script '/home/robotai/tb4_ws/install/tb4_cpp_prac5/share/tb4_cpp_prac5/package.bash'
[0.624s] INFO:colcon.colcon_core.shell:Creating package script '/home/robotai/tb4_ws/install/tb4_cpp_prac5/share/tb4_cpp_prac5/package.zsh'
[0.624s] Level 1:colcon.colcon_core.environment:create_file_with_runtime_dependencies(/home/robotai/tb4_ws/install/tb4_cpp_prac5/share/colcon-core/packages/tb4_cpp_prac5)
[0.625s] Level 1:colcon.colcon_core.environment:create_environment_scripts_only(tb4_cpp_prac5)
[0.625s] Level 1:colcon.colcon_core.environment:checking '/home/robotai/tb4_ws/install/tb4_cpp_prac5' for CMake module files
[0.625s] Level 1:colcon.colcon_core.environment:checking '/home/robotai/tb4_ws/install/tb4_cpp_prac5' for CMake config files
[0.626s] Level 1:colcon.colcon_core.shell:create_environment_hook('tb4_cpp_prac5', 'cmake_prefix_path')
[0.626s] INFO:colcon.colcon_core.shell:Creating environment hook '/home/robotai/tb4_ws/install/tb4_cpp_prac5/share/tb4_cpp_prac5/hook/cmake_prefix_path.ps1'
[0.626s] INFO:colcon.colcon_core.shell:Creating environment descriptor '/home/robotai/tb4_ws/install/tb4_cpp_prac5/share/tb4_cpp_prac5/hook/cmake_prefix_path.dsv'
[0.627s] INFO:colcon.colcon_core.shell:Creating environment hook '/home/robotai/tb4_ws/install/tb4_cpp_prac5/share/tb4_cpp_prac5/hook/cmake_prefix_path.sh'
[0.628s] Level 1:colcon.colcon_core.environment:checking '/home/robotai/tb4_ws/install/tb4_cpp_prac5/lib'
[0.628s] Level 1:colcon.colcon_core.environment:checking '/home/robotai/tb4_ws/install/tb4_cpp_prac5/bin'
[0.628s] Level 1:colcon.colcon_core.environment:checking '/home/robotai/tb4_ws/install/tb4_cpp_prac5/lib/pkgconfig/tb4_cpp_prac5.pc'
[0.628s] Level 1:colcon.colcon_core.environment:checking '/home/robotai/tb4_ws/install/tb4_cpp_prac5/lib/python3.10/site-packages'
[0.628s] Level 1:colcon.colcon_core.environment:checking '/home/robotai/tb4_ws/install/tb4_cpp_prac5/bin'
[0.629s] INFO:colcon.colcon_core.shell:Creating package script '/home/robotai/tb4_ws/install/tb4_cpp_prac5/share/tb4_cpp_prac5/package.ps1'
[0.629s] INFO:colcon.colcon_core.shell:Creating package descriptor '/home/robotai/tb4_ws/install/tb4_cpp_prac5/share/tb4_cpp_prac5/package.dsv'
[0.630s] INFO:colcon.colcon_core.shell:Creating package script '/home/robotai/tb4_ws/install/tb4_cpp_prac5/share/tb4_cpp_prac5/package.sh'
[0.630s] INFO:colcon.colcon_core.shell:Creating package script '/home/robotai/tb4_ws/install/tb4_cpp_prac5/share/tb4_cpp_prac5/package.bash'
[0.631s] INFO:colcon.colcon_core.shell:Creating package script '/home/robotai/tb4_ws/install/tb4_cpp_prac5/share/tb4_cpp_prac5/package.zsh'
[0.631s] Level 1:colcon.colcon_core.environment:create_file_with_runtime_dependencies(/home/robotai/tb4_ws/install/tb4_cpp_prac5/share/colcon-core/packages/tb4_cpp_prac5)
[0.632s] Level 1:colcon.colcon_core.environment:create_environment_scripts_only(tb4_cpp_prac3)
[0.632s] Level 1:colcon.colcon_core.environment:checking '/home/robotai/tb4_ws/install/tb4_cpp_prac3' for CMake module files
[0.633s] Level 1:colcon.colcon_core.environment:checking '/home/robotai/tb4_ws/install/tb4_cpp_prac3' for CMake config files
[0.633s] Level 1:colcon.colcon_core.shell:create_environment_hook('tb4_cpp_prac3', 'cmake_prefix_path')
[0.634s] INFO:colcon.colcon_core.shell:Creating environment hook '/home/robotai/tb4_ws/install/tb4_cpp_prac3/share/tb4_cpp_prac3/hook/cmake_prefix_path.ps1'
[0.634s] DEBUG:colcon.colcon_core.event_handler.log_command:Invoked command in '/home/robotai/tb4_ws/build/tb4_cpp_prac3' returned '0': CMAKE_PREFIX_PATH=/opt/ros/humble /usr/bin/cmake --install /home/robotai/tb4_ws/build/tb4_cpp_prac3
[0.635s] INFO:colcon.colcon_core.shell:Creating environment descriptor '/home/robotai/tb4_ws/install/tb4_cpp_prac3/share/tb4_cpp_prac3/hook/cmake_prefix_path.dsv'
[0.635s] INFO:colcon.colcon_core.shell:Creating environment hook '/home/robotai/tb4_ws/install/tb4_cpp_prac3/share/tb4_cpp_prac3/hook/cmake_prefix_path.sh'
[0.636s] Level 1:colcon.colcon_core.environment:checking '/home/robotai/tb4_ws/install/tb4_cpp_prac3/lib'
[0.636s] Level 1:colcon.colcon_core.environment:checking '/home/robotai/tb4_ws/install/tb4_cpp_prac3/bin'
[0.636s] Level 1:colcon.colcon_core.environment:checking '/home/robotai/tb4_ws/install/tb4_cpp_prac3/lib/pkgconfig/tb4_cpp_prac3.pc'
[0.636s] Level 1:colcon.colcon_core.environment:checking '/home/robotai/tb4_ws/install/tb4_cpp_prac3/lib/python3.10/site-packages'
[0.636s] Level 1:colcon.colcon_core.environment:checking '/home/robotai/tb4_ws/install/tb4_cpp_prac3/bin'
[0.637s] INFO:colcon.colcon_core.shell:Creating package script '/home/robotai/tb4_ws/install/tb4_cpp_prac3/share/tb4_cpp_prac3/package.ps1'
[0.637s] INFO:colcon.colcon_core.shell:Creating package descriptor '/home/robotai/tb4_ws/install/tb4_cpp_prac3/share/tb4_cpp_prac3/package.dsv'
[0.638s] INFO:colcon.colcon_core.shell:Creating package script '/home/robotai/tb4_ws/install/tb4_cpp_prac3/share/tb4_cpp_prac3/package.sh'
[0.638s] INFO:colcon.colcon_core.shell:Creating package script '/home/robotai/tb4_ws/install/tb4_cpp_prac3/share/tb4_cpp_prac3/package.bash'
[0.638s] INFO:colcon.colcon_core.shell:Creating package script '/home/robotai/tb4_ws/install/tb4_cpp_prac3/share/tb4_cpp_prac3/package.zsh'
[0.639s] Level 1:colcon.colcon_core.environment:create_file_with_runtime_dependencies(/home/robotai/tb4_ws/install/tb4_cpp_prac3/share/colcon-core/packages/tb4_cpp_prac3)
[0.640s] Level 1:colcon.colcon_core.environment:create_environment_scripts_only(tb4_cpp_prac3)
[0.640s] Level 1:colcon.colcon_core.environment:checking '/home/robotai/tb4_ws/install/tb4_cpp_prac3' for CMake module files
[0.640s] Level 1:colcon.colcon_core.environment:checking '/home/robotai/tb4_ws/install/tb4_cpp_prac3' for CMake config files
[0.641s] Level 1:colcon.colcon_core.shell:create_environment_hook('tb4_cpp_prac3', 'cmake_prefix_path')
[0.641s] INFO:colcon.colcon_core.shell:Creating environment hook '/home/robotai/tb4_ws/install/tb4_cpp_prac3/share/tb4_cpp_prac3/hook/cmake_prefix_path.ps1'
[0.641s] INFO:colcon.colcon_core.shell:Creating environment descriptor '/home/robotai/tb4_ws/install/tb4_cpp_prac3/share/tb4_cpp_prac3/hook/cmake_prefix_path.dsv'
[0.642s] INFO:colcon.colcon_core.shell:Creating environment hook '/home/robotai/tb4_ws/install/tb4_cpp_prac3/share/tb4_cpp_prac3/hook/cmake_prefix_path.sh'
[0.643s] Level 1:colcon.colcon_core.environment:checking '/home/robotai/tb4_ws/install/tb4_cpp_prac3/lib'
[0.643s] Level 1:colcon.colcon_core.environment:checking '/home/robotai/tb4_ws/install/tb4_cpp_prac3/bin'
[0.643s] Level 1:colcon.colcon_core.environment:checking '/home/robotai/tb4_ws/install/tb4_cpp_prac3/lib/pkgconfig/tb4_cpp_prac3.pc'
[0.643s] Level 1:colcon.colcon_core.environment:checking '/home/robotai/tb4_ws/install/tb4_cpp_prac3/lib/python3.10/site-packages'
[0.643s] Level 1:colcon.colcon_core.environment:checking '/home/robotai/tb4_ws/install/tb4_cpp_prac3/bin'
[0.644s] INFO:colcon.colcon_core.shell:Creating package script '/home/robotai/tb4_ws/install/tb4_cpp_prac3/share/tb4_cpp_prac3/package.ps1'
[0.644s] INFO:colcon.colcon_core.shell:Creating package descriptor '/home/robotai/tb4_ws/install/tb4_cpp_prac3/share/tb4_cpp_prac3/package.dsv'
[0.645s] INFO:colcon.colcon_core.shell:Creating package script '/home/robotai/tb4_ws/install/tb4_cpp_prac3/share/tb4_cpp_prac3/package.sh'
[0.645s] INFO:colcon.colcon_core.shell:Creating package script '/home/robotai/tb4_ws/install/tb4_cpp_prac3/share/tb4_cpp_prac3/package.bash'
[0.646s] INFO:colcon.colcon_core.shell:Creating package script '/home/robotai/tb4_ws/install/tb4_cpp_prac3/share/tb4_cpp_prac3/package.zsh'
[0.646s] Level 1:colcon.colcon_core.environment:create_file_with_runtime_dependencies(/home/robotai/tb4_ws/install/tb4_cpp_prac3/share/colcon-core/packages/tb4_cpp_prac3)
[0.648s] Level 1:colcon.colcon_core.environment:create_environment_scripts_only(tb4_cpp_prac6)
[0.648s] Level 1:colcon.colcon_core.environment:checking '/home/robotai/tb4_ws/install/tb4_cpp_prac6' for CMake module files
[0.649s] Level 1:colcon.colcon_core.environment:checking '/home/robotai/tb4_ws/install/tb4_cpp_prac6' for CMake config files
[0.648s] DEBUG:colcon.colcon_core.event_handler.log_command:Invoked command in '/home/robotai/tb4_ws/build/tb4_cpp_prac6' returned '0': CMAKE_PREFIX_PATH=/opt/ros/humble /usr/bin/cmake --install /home/robotai/tb4_ws/build/tb4_cpp_prac6
[0.649s] Level 1:colcon.colcon_core.shell:create_environment_hook('tb4_cpp_prac6', 'cmake_prefix_path')
[0.650s] INFO:colcon.colcon_core.shell:Creating environment hook '/home/robotai/tb4_ws/install/tb4_cpp_prac6/share/tb4_cpp_prac6/hook/cmake_prefix_path.ps1'
[0.650s] INFO:colcon.colcon_core.shell:Creating environment descriptor '/home/robotai/tb4_ws/install/tb4_cpp_prac6/share/tb4_cpp_prac6/hook/cmake_prefix_path.dsv'
[0.650s] INFO:colcon.colcon_core.shell:Creating environment hook '/home/robotai/tb4_ws/install/tb4_cpp_prac6/share/tb4_cpp_prac6/hook/cmake_prefix_path.sh'
[0.651s] Level 1:colcon.colcon_core.environment:checking '/home/robotai/tb4_ws/install/tb4_cpp_prac6/lib'
[0.651s] Level 1:colcon.colcon_core.environment:checking '/home/robotai/tb4_ws/install/tb4_cpp_prac6/bin'
[0.651s] Level 1:colcon.colcon_core.environment:checking '/home/robotai/tb4_ws/install/tb4_cpp_prac6/lib/pkgconfig/tb4_cpp_prac6.pc'
[0.651s] Level 1:colcon.colcon_core.environment:checking '/home/robotai/tb4_ws/install/tb4_cpp_prac6/lib/python3.10/site-packages'
[0.652s] Level 1:colcon.colcon_core.environment:checking '/home/robotai/tb4_ws/install/tb4_cpp_prac6/bin'
[0.652s] INFO:colcon.colcon_core.shell:Creating package script '/home/robotai/tb4_ws/install/tb4_cpp_prac6/share/tb4_cpp_prac6/package.ps1'
[0.652s] INFO:colcon.colcon_core.shell:Creating package descriptor '/home/robotai/tb4_ws/install/tb4_cpp_prac6/share/tb4_cpp_prac6/package.dsv'
[0.653s] INFO:colcon.colcon_core.shell:Creating package script '/home/robotai/tb4_ws/install/tb4_cpp_prac6/share/tb4_cpp_prac6/package.sh'
[0.653s] INFO:colcon.colcon_core.shell:Creating package script '/home/robotai/tb4_ws/install/tb4_cpp_prac6/share/tb4_cpp_prac6/package.bash'
[0.654s] INFO:colcon.colcon_core.shell:Creating package script '/home/robotai/tb4_ws/install/tb4_cpp_prac6/share/tb4_cpp_prac6/package.zsh'
[0.654s] Level 1:colcon.colcon_core.environment:create_file_with_runtime_dependencies(/home/robotai/tb4_ws/install/tb4_cpp_prac6/share/colcon-core/packages/tb4_cpp_prac6)
[0.654s] Level 1:colcon.colcon_core.environment:create_environment_scripts_only(tb4_cpp_prac6)
[0.655s] Level 1:colcon.colcon_core.environment:checking '/home/robotai/tb4_ws/install/tb4_cpp_prac6' for CMake module files
[0.655s] Level 1:colcon.colcon_core.environment:checking '/home/robotai/tb4_ws/install/tb4_cpp_prac6' for CMake config files
[0.656s] Level 1:colcon.colcon_core.shell:create_environment_hook('tb4_cpp_prac6', 'cmake_prefix_path')
[0.656s] INFO:colcon.colcon_core.shell:Creating environment hook '/home/robotai/tb4_ws/install/tb4_cpp_prac6/share/tb4_cpp_prac6/hook/cmake_prefix_path.ps1'
[0.657s] INFO:colcon.colcon_core.shell:Creating environment descriptor '/home/robotai/tb4_ws/install/tb4_cpp_prac6/share/tb4_cpp_prac6/hook/cmake_prefix_path.dsv'
[0.657s] INFO:colcon.colcon_core.shell:Creating environment hook '/home/robotai/tb4_ws/install/tb4_cpp_prac6/share/tb4_cpp_prac6/hook/cmake_prefix_path.sh'
[0.658s] Level 1:colcon.colcon_core.environment:checking '/home/robotai/tb4_ws/install/tb4_cpp_prac6/lib'
[0.658s] Level 1:colcon.colcon_core.environment:checking '/home/robotai/tb4_ws/install/tb4_cpp_prac6/bin'
[0.658s] Level 1:colcon.colcon_core.environment:checking '/home/robotai/tb4_ws/install/tb4_cpp_prac6/lib/pkgconfig/tb4_cpp_prac6.pc'
[0.658s] Level 1:colcon.colcon_core.environment:checking '/home/robotai/tb4_ws/install/tb4_cpp_prac6/lib/python3.10/site-packages'
[0.658s] Level 1:colcon.colcon_core.environment:checking '/home/robotai/tb4_ws/install/tb4_cpp_prac6/bin'
[0.658s] INFO:colcon.colcon_core.shell:Creating package script '/home/robotai/tb4_ws/install/tb4_cpp_prac6/share/tb4_cpp_prac6/package.ps1'
[0.659s] INFO:colcon.colcon_core.shell:Creating package descriptor '/home/robotai/tb4_ws/install/tb4_cpp_prac6/share/tb4_cpp_prac6/package.dsv'
[0.660s] INFO:colcon.colcon_core.shell:Creating package script '/home/robotai/tb4_ws/install/tb4_cpp_prac6/share/tb4_cpp_prac6/package.sh'
[0.660s] INFO:colcon.colcon_core.shell:Creating package script '/home/robotai/tb4_ws/install/tb4_cpp_prac6/share/tb4_cpp_prac6/package.bash'
[0.661s] INFO:colcon.colcon_core.shell:Creating package script '/home/robotai/tb4_ws/install/tb4_cpp_prac6/share/tb4_cpp_prac6/package.zsh'
[0.661s] Level 1:colcon.colcon_core.environment:create_file_with_runtime_dependencies(/home/robotai/tb4_ws/install/tb4_cpp_prac6/share/colcon-core/packages/tb4_cpp_prac6)
[3.904s] DEBUG:colcon.colcon_core.event_handler.log_command:Invoked command in '/home/robotai/tb4_ws/build/tb4_cpp_prac7' returned '0': CMAKE_PREFIX_PATH=/opt/ros/humble /usr/bin/cmake --build /home/robotai/tb4_ws/build/tb4_cpp_prac7 -- -j6 -l6
[3.907s] DEBUG:colcon.colcon_core.event_handler.log_command:Invoking command in '/home/robotai/tb4_ws/build/tb4_cpp_prac7': CMAKE_PREFIX_PATH=/opt/ros/humble /usr/bin/cmake --install /home/robotai/tb4_ws/build/tb4_cpp_prac7
[3.924s] Level 1:colcon.colcon_core.environment:create_environment_scripts_only(tb4_cpp_prac7)
[3.925s] Level 1:colcon.colcon_core.environment:checking '/home/robotai/tb4_ws/install/tb4_cpp_prac7' for CMake module files
[3.926s] Level 1:colcon.colcon_core.environment:checking '/home/robotai/tb4_ws/install/tb4_cpp_prac7' for CMake config files
[3.926s] Level 1:colcon.colcon_core.shell:create_environment_hook('tb4_cpp_prac7', 'cmake_prefix_path')
[3.926s] INFO:colcon.colcon_core.shell:Creating environment hook '/home/robotai/tb4_ws/install/tb4_cpp_prac7/share/tb4_cpp_prac7/hook/cmake_prefix_path.ps1'
[3.926s] INFO:colcon.colcon_core.shell:Creating environment descriptor '/home/robotai/tb4_ws/install/tb4_cpp_prac7/share/tb4_cpp_prac7/hook/cmake_prefix_path.dsv'
[3.927s] INFO:colcon.colcon_core.shell:Creating environment hook '/home/robotai/tb4_ws/install/tb4_cpp_prac7/share/tb4_cpp_prac7/hook/cmake_prefix_path.sh'
[3.927s] Level 1:colcon.colcon_core.environment:checking '/home/robotai/tb4_ws/install/tb4_cpp_prac7/lib'
[3.927s] Level 1:colcon.colcon_core.shell:create_environment_hook('tb4_cpp_prac7', 'ld_library_path_lib')
[3.927s] INFO:colcon.colcon_core.shell:Creating environment hook '/home/robotai/tb4_ws/install/tb4_cpp_prac7/share/tb4_cpp_prac7/hook/ld_library_path_lib.ps1'
[3.928s] INFO:colcon.colcon_core.shell:Creating environment descriptor '/home/robotai/tb4_ws/install/tb4_cpp_prac7/share/tb4_cpp_prac7/hook/ld_library_path_lib.dsv'
[3.925s] DEBUG:colcon.colcon_core.event_handler.log_command:Invoked command in '/home/robotai/tb4_ws/build/tb4_cpp_prac7' returned '0': CMAKE_PREFIX_PATH=/opt/ros/humble /usr/bin/cmake --install /home/robotai/tb4_ws/build/tb4_cpp_prac7
[3.928s] INFO:colcon.colcon_core.shell:Creating environment hook '/home/robotai/tb4_ws/install/tb4_cpp_prac7/share/tb4_cpp_prac7/hook/ld_library_path_lib.sh'
[3.928s] Level 1:colcon.colcon_core.environment:checking '/home/robotai/tb4_ws/install/tb4_cpp_prac7/bin'
[3.928s] Level 1:colcon.colcon_core.environment:checking '/home/robotai/tb4_ws/install/tb4_cpp_prac7/lib/pkgconfig/tb4_cpp_prac7.pc'
[3.929s] Level 1:colcon.colcon_core.environment:checking '/home/robotai/tb4_ws/install/tb4_cpp_prac7/lib/python3.10/site-packages'
[3.929s] Level 1:colcon.colcon_core.environment:checking '/home/robotai/tb4_ws/install/tb4_cpp_prac7/bin'
[3.929s] INFO:colcon.colcon_core.shell:Creating package script '/home/robotai/tb4_ws/install/tb4_cpp_prac7/share/tb4_cpp_prac7/package.ps1'
[3.930s] INFO:colcon.colcon_core.shell:Creating package descriptor '/home/robotai/tb4_ws/install/tb4_cpp_prac7/share/tb4_cpp_prac7/package.dsv'
[3.930s] INFO:colcon.colcon_core.shell:Creating package script '/home/robotai/tb4_ws/install/tb4_cpp_prac7/share/tb4_cpp_prac7/package.sh'
[3.930s] INFO:colcon.colcon_core.shell:Creating package script '/home/robotai/tb4_ws/install/tb4_cpp_prac7/share/tb4_cpp_prac7/package.bash'
[3.931s] INFO:colcon.colcon_core.shell:Creating package script '/home/robotai/tb4_ws/install/tb4_cpp_prac7/share/tb4_cpp_prac7/package.zsh'
[3.931s] Level 1:colcon.colcon_core.environment:create_file_with_runtime_dependencies(/home/robotai/tb4_ws/install/tb4_cpp_prac7/share/colcon-core/packages/tb4_cpp_prac7)
[3.931s] Level 1:colcon.colcon_core.environment:create_environment_scripts_only(tb4_cpp_prac7)
[3.932s] Level 1:colcon.colcon_core.environment:checking '/home/robotai/tb4_ws/install/tb4_cpp_prac7' for CMake module files
[3.932s] Level 1:colcon.colcon_core.environment:checking '/home/robotai/tb4_ws/install/tb4_cpp_prac7' for CMake config files
[3.932s] Level 1:colcon.colcon_core.shell:create_environment_hook('tb4_cpp_prac7', 'cmake_prefix_path')
[3.932s] INFO:colcon.colcon_core.shell:Creating environment hook '/home/robotai/tb4_ws/install/tb4_cpp_prac7/share/tb4_cpp_prac7/hook/cmake_prefix_path.ps1'
[3.933s] INFO:colcon.colcon_core.shell:Creating environment descriptor '/home/robotai/tb4_ws/install/tb4_cpp_prac7/share/tb4_cpp_prac7/hook/cmake_prefix_path.dsv'
[3.933s] INFO:colcon.colcon_core.shell:Creating environment hook '/home/robotai/tb4_ws/install/tb4_cpp_prac7/share/tb4_cpp_prac7/hook/cmake_prefix_path.sh'
[3.934s] Level 1:colcon.colcon_core.environment:checking '/home/robotai/tb4_ws/install/tb4_cpp_prac7/lib'
[3.934s] Level 1:colcon.colcon_core.shell:create_environment_hook('tb4_cpp_prac7', 'ld_library_path_lib')
[3.934s] INFO:colcon.colcon_core.shell:Creating environment hook '/home/robotai/tb4_ws/install/tb4_cpp_prac7/share/tb4_cpp_prac7/hook/ld_library_path_lib.ps1'
[3.934s] INFO:colcon.colcon_core.shell:Creating environment descriptor '/home/robotai/tb4_ws/install/tb4_cpp_prac7/share/tb4_cpp_prac7/hook/ld_library_path_lib.dsv'
[3.935s] INFO:colcon.colcon_core.shell:Creating environment hook '/home/robotai/tb4_ws/install/tb4_cpp_prac7/share/tb4_cpp_prac7/hook/ld_library_path_lib.sh'
[3.935s] Level 1:colcon.colcon_core.environment:checking '/home/robotai/tb4_ws/install/tb4_cpp_prac7/bin'
[3.935s] Level 1:colcon.colcon_core.environment:checking '/home/robotai/tb4_ws/install/tb4_cpp_prac7/lib/pkgconfig/tb4_cpp_prac7.pc'
[3.935s] Level 1:colcon.colcon_core.environment:checking '/home/robotai/tb4_ws/install/tb4_cpp_prac7/lib/python3.10/site-packages'
[3.935s] Level 1:colcon.colcon_core.environment:checking '/home/robotai/tb4_ws/install/tb4_cpp_prac7/bin'
[3.936s] INFO:colcon.colcon_core.shell:Creating package script '/home/robotai/tb4_ws/install/tb4_cpp_prac7/share/tb4_cpp_prac7/package.ps1'
[3.936s] INFO:colcon.colcon_core.shell:Creating package descriptor '/home/robotai/tb4_ws/install/tb4_cpp_prac7/share/tb4_cpp_prac7/package.dsv'
[3.937s] INFO:colcon.colcon_core.shell:Creating package script '/home/robotai/tb4_ws/install/tb4_cpp_prac7/share/tb4_cpp_prac7/package.sh'
[3.937s] INFO:colcon.colcon_core.shell:Creating package script '/home/robotai/tb4_ws/install/tb4_cpp_prac7/share/tb4_cpp_prac7/package.bash'
[3.937s] INFO:colcon.colcon_core.shell:Creating package script '/home/robotai/tb4_ws/install/tb4_cpp_prac7/share/tb4_cpp_prac7/package.zsh'
[3.938s] Level 1:colcon.colcon_core.environment:create_file_with_runtime_dependencies(/home/robotai/tb4_ws/install/tb4_cpp_prac7/share/colcon-core/packages/tb4_cpp_prac7)
[3.938s] DEBUG:colcon.colcon_parallel_executor.executor.parallel:closing loop
[3.938s] DEBUG:colcon.colcon_parallel_executor.executor.parallel:loop closed
[3.938s] DEBUG:colcon.colcon_parallel_executor.executor.parallel:run_until_complete finished with '0'
[3.938s] DEBUG:colcon.colcon_core.event_reactor:joining thread
[3.944s] INFO:colcon.colcon_core.plugin_system:Skipping extension 'colcon_notification.desktop_notification.terminal_notifier': Not used on non-Darwin systems
[3.944s] INFO:colcon.colcon_core.plugin_system:Skipping extension 'colcon_notification.desktop_notification.win32': Not used on non-Windows systems
[3.945s] INFO:colcon.colcon_notification.desktop_notification:Sending desktop notification using 'notify2'
[3.971s] DEBUG:colcon.colcon_core.event_reactor:joined thread
[3.971s] INFO:colcon.colcon_core.shell:Creating prefix script '/home/robotai/tb4_ws/install/local_setup.ps1'
[3.972s] INFO:colcon.colcon_core.shell:Creating prefix util module '/home/robotai/tb4_ws/install/_local_setup_util_ps1.py'
[3.974s] INFO:colcon.colcon_core.shell:Creating prefix chain script '/home/robotai/tb4_ws/install/setup.ps1'
[3.975s] INFO:colcon.colcon_core.shell:Creating prefix script '/home/robotai/tb4_ws/install/local_setup.sh'
[3.977s] INFO:colcon.colcon_core.shell:Creating prefix util module '/home/robotai/tb4_ws/install/_local_setup_util_sh.py'
[3.978s] INFO:colcon.colcon_core.shell:Creating prefix chain script '/home/robotai/tb4_ws/install/setup.sh'
[3.979s] INFO:colcon.colcon_core.shell:Creating prefix script '/home/robotai/tb4_ws/install/local_setup.bash'
[3.980s] INFO:colcon.colcon_core.shell:Creating prefix chain script '/home/robotai/tb4_ws/install/setup.bash'
[3.981s] INFO:colcon.colcon_core.shell:Creating prefix script '/home/robotai/tb4_ws/install/local_setup.zsh'
[3.984s] INFO:colcon.colcon_core.shell:Creating prefix chain script '/home/robotai/tb4_ws/install/setup.zsh'
