[0.020s] Invoking command in '/home/robotai/tb4_ws/build/tb4_cpp_prac3': CMAKE_PREFIX_PATH=/opt/ros/humble /usr/bin/cmake --build /home/robotai/tb4_ws/build/tb4_cpp_prac3 -- -j8 -l8
[0.069s] [35m[1mConsolidate compiler generated dependencies of target wall_follower[0m
[0.073s] [35m[1mConsolidate compiler generated dependencies of target person_follower[0m
[0.094s] [ 25%] [32mBuilding CXX object CMakeFiles/wall_follower.dir/src/wall_follower.cpp.o[0m
[0.097s] [ 75%] Built target person_follower
[2.664s] In file included from [01m[K/opt/ros/humble/include/rclcpp/rclcpp/logging.hpp:24[m[K,
[2.664s]                  from [01m[K/opt/ros/humble/include/rclcpp/rclcpp/client.hpp:40[m[K,
[2.664s]                  from [01m[K/opt/ros/humble/include/rclcpp/rclcpp/callback_group.hpp:24[m[K,
[2.664s]                  from [01m[K/opt/ros/humble/include/rclcpp/rclcpp/any_executable.hpp:20[m[K,
[2.664s]                  from [01m[K/opt/ros/humble/include/rclcpp/rclcpp/memory_strategy.hpp:25[m[K,
[2.664s]                  from [01m[K/opt/ros/humble/include/rclcpp/rclcpp/memory_strategies.hpp:18[m[K,
[2.664s]                  from [01m[K/opt/ros/humble/include/rclcpp/rclcpp/executor_options.hpp:20[m[K,
[2.664s]                  from [01m[K/opt/ros/humble/include/rclcpp/rclcpp/executor.hpp:37[m[K,
[2.664s]                  from [01m[K/opt/ros/humble/include/rclcpp/rclcpp/executors/multi_threaded_executor.hpp:25[m[K,
[2.664s]                  from [01m[K/opt/ros/humble/include/rclcpp/rclcpp/executors.hpp:21[m[K,
[2.664s]                  from [01m[K/opt/ros/humble/include/rclcpp/rclcpp/rclcpp.hpp:155[m[K,
[2.664s]                  from [01m[K/home/robotai/tb4_ws/src/tb4_cpp_prac3/src/wall_follower.cpp:8[m[K:
[2.665s] [01m[K/home/robotai/tb4_ws/src/tb4_cpp_prac3/src/wall_follower.cpp:[m[K In constructor ‘[01m[KWallFollower::WallFollower()[m[K’:
[2.665s] [01m[K/home/robotai/tb4_ws/src/tb4_cpp_prac3/src/wall_follower.cpp:50:41:[m[K [01;35m[Kwarning: [m[Kformat ‘[01m[K%d[m[K’ expects argument of type ‘[01m[Kint[m[K’, but argument 5 has type ‘[01m[Kint64_t[m[K’ {aka ‘[01m[Klong int[m[K’} [[01;35m[K]8;;https://gcc.gnu.org/onlinedocs/gcc/Warning-Options.html#index-Wformat=-Wformat=]8;;[m[K]
[2.665s]    50 |         RCLCPP_INFO(this->get_logger(), [01;35m[K"wall_side: %d"[m[K, [32m[Kwall_side_[m[K);
[2.665s]       |                                         [01;35m[K^~~~~~~~~~~~~~~[m[K  [32m[K~~~~~~~~~~[m[K
[2.665s]       |                                                          [32m[K|[m[K
[2.665s]       |                                                          [32m[Kint64_t {aka long int}[m[K
[2.665s] [01m[K/home/robotai/tb4_ws/src/tb4_cpp_prac3/src/wall_follower.cpp:50:54:[m[K [01;36m[Knote: [m[Kformat string is defined here
[2.665s]    50 |         RCLCPP_INFO(this->get_logger(), "wall_side: [01;36m[K%d[m[K", wall_side_);
[2.665s]       |                                                     [01;36m[K~^[m[K
[2.665s]       |                                                      [01;36m[K|[m[K
[2.665s]       |                                                      [01;36m[Kint[m[K
[2.665s]       |                                                     [32m[K%ld[m[K
[2.691s] [01m[K/home/robotai/tb4_ws/src/tb4_cpp_prac3/src/wall_follower.cpp:[m[K In member function ‘[01m[Krcl_interfaces::msg::SetParametersResult WallFollower::dynamicParametersCallback(std::vector<rclcpp::Parameter>)[m[K’:
[2.691s] [01m[K/home/robotai/tb4_ws/src/tb4_cpp_prac3/src/wall_follower.cpp:354:13:[m[K [01;31m[Kerror: [m[K‘[01m[Kangle_control_gain_1[m[K’ was not declared in this scope; did you mean ‘[01m[Kangle_control_gain_1_[m[K’?
[2.691s]   354 |             [01;31m[Kangle_control_gain_1[m[K = 0.0;
[2.691s]       |             [01;31m[K^~~~~~~~~~~~~~~~~~~~[m[K
[2.691s]       |             [32m[Kangle_control_gain_1_[m[K
[2.696s] [01m[K/home/robotai/tb4_ws/src/tb4_cpp_prac3/src/wall_follower.cpp:363:13:[m[K [01;31m[Kerror: [m[K‘[01m[Kangle_control_gain_2[m[K’ was not declared in this scope; did you mean ‘[01m[Kangle_control_gain_2_[m[K’?
[2.696s]   363 |             [01;31m[Kangle_control_gain_2[m[K = 0.0;
[2.696s]       |             [01;31m[K^~~~~~~~~~~~~~~~~~~~[m[K
[2.696s]       |             [32m[Kangle_control_gain_2_[m[K
[5.429s] gmake[2]: *** [CMakeFiles/wall_follower.dir/build.make:76: CMakeFiles/wall_follower.dir/src/wall_follower.cpp.o] Error 1
[5.429s] gmake[1]: *** [CMakeFiles/Makefile2:165: CMakeFiles/wall_follower.dir/all] Error 2
[5.430s] gmake: *** [Makefile:146: all] Error 2
[5.432s] Invoked command in '/home/robotai/tb4_ws/build/tb4_cpp_prac3' returned '2': CMAKE_PREFIX_PATH=/opt/ros/humble /usr/bin/cmake --build /home/robotai/tb4_ws/build/tb4_cpp_prac3 -- -j8 -l8
