[0.046s] Invoking command in '/home/robotai/tb4_ws/build/tb4_cpp_prac5': CMAKE_PREFIX_PATH=/opt/ros/humble /usr/bin/cmake --build /home/robotai/tb4_ws/build/tb4_cpp_prac5 -- -j6 -l6
[0.105s] -- Found ament_cmake: 1.3.12 (/opt/ros/humble/share/ament_cmake/cmake)
[0.311s] -- Found nav2_common: 1.1.18 (/opt/ros/humble/share/nav2_common/cmake)
[0.312s] -- Found rclcpp: 16.0.15 (/opt/ros/humble/share/rclcpp/cmake)
[0.369s] -- Found rosidl_generator_c: 3.1.7 (/opt/ros/humble/share/rosidl_generator_c/cmake)
[0.373s] -- Found rosidl_adapter: 3.1.7 (/opt/ros/humble/share/rosidl_adapter/cmake)
[0.406s] -- Found rosidl_generator_cpp: 3.1.7 (/opt/ros/humble/share/rosidl_generator_cpp/cmake)
[0.451s] -- Using all available rosidl_typesupport_c: rosidl_typesupport_fastrtps_c;rosidl_typesupport_introspection_c
[0.492s] -- Using all available rosidl_typesupport_cpp: rosidl_typesupport_fastrtps_cpp;rosidl_typesupport_introspection_cpp
[0.522s] -- Found rmw_implementation_cmake: 6.1.2 (/opt/ros/humble/share/rmw_implementation_cmake/cmake)
[0.522s] -- Found rmw_fastrtps_cpp: 6.2.8 (/opt/ros/humble/share/rmw_fastrtps_cpp/cmake)
[0.694s] -- Using RMW implementation 'rmw_fastrtps_cpp' as default
[0.758s] -- Found rclcpp_lifecycle: 16.0.15 (/opt/ros/humble/share/rclcpp_lifecycle/cmake)
[0.791s] -- Found message_filters: 4.3.8 (/opt/ros/humble/share/message_filters/cmake)
[0.793s] -- Found tf2_geometry_msgs: 0.25.16 (/opt/ros/humble/share/tf2_geometry_msgs/cmake)
[0.819s] -- Found eigen3_cmake_module: 0.1.1 (/opt/ros/humble/share/eigen3_cmake_module/cmake)
[0.819s] -- Ensuring Eigen3 include directory is part of orocos-kdl CMake target
[0.936s] -- Found nav_msgs: 4.9.0 (/opt/ros/humble/share/nav_msgs/cmake)
[0.966s] -- Found sensor_msgs: 4.9.0 (/opt/ros/humble/share/sensor_msgs/cmake)
[0.990s] -- Found std_srvs: 4.9.0 (/opt/ros/humble/share/std_srvs/cmake)
[1.009s] -- Found nav2_util: 1.1.18 (/opt/ros/humble/share/nav2_util/cmake)
[1.077s] -- Found nav2_amcl: 1.1.18 (/opt/ros/humble/share/nav2_amcl/cmake)
[1.284s] -- Found ament_lint_auto: 0.12.14 (/opt/ros/humble/share/ament_lint_auto/cmake)
[1.409s] -- Added test 'cppcheck' to perform static code analysis on C / C++ code
[1.410s] -- Configured cppcheck include dirs: /home/robotai/tb4_ws/src/tb4_cpp_prac5/include;$<BUILD_INTERFACE:/home/robotai/tb4_ws/src/tb4_cpp_prac5/include>
[1.410s] -- Configured cppcheck exclude dirs and/or files: 
[1.411s] -- Added test 'flake8' to check Python code syntax and style conventions
[1.412s] -- Added test 'lint_cmake' to check CMake code style
[1.413s] -- Added test 'pep257' to check Python code against some of the docstring style conventions in PEP 257
[1.415s] -- Added test 'uncrustify' to check C / C++ code style
[1.416s] -- Configured uncrustify additional arguments: 
[1.416s] -- Added test 'xmllint' to check XML markup files
[1.425s] -- Configuring done
[1.549s] -- Generating done
[1.557s] -- Build files have been written to: /home/robotai/tb4_ws/build/tb4_cpp_prac5
[1.615s] [35m[1mConsolidate compiler generated dependencies of target iar_amcl[0m
[1.691s] [ 25%] [32mBuilding CXX object CMakeFiles/iar_amcl.dir/src/main.cpp.o[0m
[1.691s] [ 50%] [32mBuilding CXX object CMakeFiles/iar_amcl.dir/src/amcl_node.cpp.o[0m
[43.554s] [ 75%] [32mBuilding CXX object CMakeFiles/iar_amcl.dir/src/likelihood_field_model.cpp.o[0m
[44.025s] [100%] [32m[1mLinking CXX executable iar_amcl[0m
[47.155s] [100%] Built target iar_amcl
