[0.108s] DEBUG:colcon:Command line arguments: ['/usr/bin/colcon', 'build']
[0.108s] DEBUG:colcon:Parsed command line arguments: Namespace(log_base=None, log_level=None, verb_name='build', build_base='build', install_base='install', merge_install=False, symlink_install=False, test_result_base=None, continue_on_error=False, executor='parallel', parallel_workers=6, event_handlers=None, ignore_user_meta=False, metas=['./colcon.meta'], base_paths=['.'], packages_ignore=None, packages_ignore_regex=None, paths=None, packages_up_to=None, packages_up_to_regex=None, packages_above=None, packages_above_and_dependencies=None, packages_above_depth=None, packages_select_by_dep=None, packages_skip_by_dep=None, packages_skip_up_to=None, packages_select_build_failed=False, packages_skip_build_finished=False, packages_select_test_failures=False, packages_skip_test_passed=False, packages_select=None, packages_skip=None, packages_select_regex=None, packages_skip_regex=None, packages_start=None, packages_end=None, allow_overriding=[], cmake_args=None, cmake_target=None, cmake_target_skip_unavailable=False, cmake_clean_cache=False, cmake_clean_first=False, cmake_force_configure=False, ament_cmake_args=None, catkin_cmake_args=None, catkin_skip_building_tests=False, mixin_files=None, mixin=None, verb_parser=<colcon_mixin.mixin.mixin_argument.MixinArgumentDecorator object at 0x7f07abcfdd80>, verb_extension=<colcon_core.verb.build.BuildVerb object at 0x7f07abcfd750>, main=<bound method BuildVerb.main of <colcon_core.verb.build.BuildVerb object at 0x7f07abcfd750>>, mixin_verb=('build',))
[0.271s] Level 1:colcon.colcon_core.package_discovery:discover_packages(colcon_meta) check parameters
[0.272s] Level 1:colcon.colcon_core.package_discovery:discover_packages(recursive) check parameters
[0.272s] Level 1:colcon.colcon_core.package_discovery:discover_packages(ignore) check parameters
[0.272s] Level 1:colcon.colcon_core.package_discovery:discover_packages(path) check parameters
[0.272s] Level 1:colcon.colcon_core.package_discovery:discover_packages(colcon_meta) discover
[0.272s] Level 1:colcon.colcon_core.package_discovery:discover_packages(recursive) discover
[0.272s] INFO:colcon.colcon_core.package_discovery:Crawling recursively for packages in '/home/eecms/tb4_ws'
[0.272s] Level 1:colcon.colcon_core.package_identification:_identify(.) by extensions ['ignore', 'ignore_ament_install']
[0.272s] Level 1:colcon.colcon_core.package_identification:_identify(.) by extension 'ignore'
[0.272s] Level 1:colcon.colcon_core.package_identification:_identify(.) by extension 'ignore_ament_install'
[0.272s] Level 1:colcon.colcon_core.package_identification:_identify(.) by extensions ['colcon_pkg']
[0.272s] Level 1:colcon.colcon_core.package_identification:_identify(.) by extension 'colcon_pkg'
[0.272s] Level 1:colcon.colcon_core.package_identification:_identify(.) by extensions ['colcon_meta']
[0.272s] Level 1:colcon.colcon_core.package_identification:_identify(.) by extension 'colcon_meta'
[0.272s] Level 1:colcon.colcon_core.package_identification:_identify(.) by extensions ['ros']
[0.272s] Level 1:colcon.colcon_core.package_identification:_identify(.) by extension 'ros'
[0.283s] Level 1:colcon.colcon_core.package_identification:_identify(.) by extensions ['cmake', 'python']
[0.283s] Level 1:colcon.colcon_core.package_identification:_identify(.) by extension 'cmake'
[0.283s] Level 1:colcon.colcon_core.package_identification:_identify(.) by extension 'python'
[0.284s] Level 1:colcon.colcon_core.package_identification:_identify(.) by extensions ['python_setup_py']
[0.284s] Level 1:colcon.colcon_core.package_identification:_identify(.) by extension 'python_setup_py'
[0.284s] Level 1:colcon.colcon_core.package_identification:_identify(build) by extensions ['ignore', 'ignore_ament_install']
[0.284s] Level 1:colcon.colcon_core.package_identification:_identify(build) by extension 'ignore'
[0.284s] Level 1:colcon.colcon_core.package_identification:_identify(build) ignored
[0.284s] Level 1:colcon.colcon_core.package_identification:_identify(install) by extensions ['ignore', 'ignore_ament_install']
[0.284s] Level 1:colcon.colcon_core.package_identification:_identify(install) by extension 'ignore'
[0.284s] Level 1:colcon.colcon_core.package_identification:_identify(install) ignored
[0.284s] Level 1:colcon.colcon_core.package_identification:_identify(log) by extensions ['ignore', 'ignore_ament_install']
[0.284s] Level 1:colcon.colcon_core.package_identification:_identify(log) by extension 'ignore'
[0.284s] Level 1:colcon.colcon_core.package_identification:_identify(log) ignored
[0.284s] Level 1:colcon.colcon_core.package_identification:_identify(src) by extensions ['ignore', 'ignore_ament_install']
[0.284s] Level 1:colcon.colcon_core.package_identification:_identify(src) by extension 'ignore'
[0.284s] Level 1:colcon.colcon_core.package_identification:_identify(src) by extension 'ignore_ament_install'
[0.284s] Level 1:colcon.colcon_core.package_identification:_identify(src) by extensions ['colcon_pkg']
[0.284s] Level 1:colcon.colcon_core.package_identification:_identify(src) by extension 'colcon_pkg'
[0.285s] Level 1:colcon.colcon_core.package_identification:_identify(src) by extensions ['colcon_meta']
[0.285s] Level 1:colcon.colcon_core.package_identification:_identify(src) by extension 'colcon_meta'
[0.285s] Level 1:colcon.colcon_core.package_identification:_identify(src) by extensions ['ros']
[0.285s] Level 1:colcon.colcon_core.package_identification:_identify(src) by extension 'ros'
[0.285s] Level 1:colcon.colcon_core.package_identification:_identify(src) by extensions ['cmake', 'python']
[0.285s] Level 1:colcon.colcon_core.package_identification:_identify(src) by extension 'cmake'
[0.285s] Level 1:colcon.colcon_core.package_identification:_identify(src) by extension 'python'
[0.285s] Level 1:colcon.colcon_core.package_identification:_identify(src) by extensions ['python_setup_py']
[0.285s] Level 1:colcon.colcon_core.package_identification:_identify(src) by extension 'python_setup_py'
[0.285s] Level 1:colcon.colcon_core.package_identification:_identify(src/tb4_cpp_prac1) by extensions ['ignore', 'ignore_ament_install']
[0.285s] Level 1:colcon.colcon_core.package_identification:_identify(src/tb4_cpp_prac1) by extension 'ignore'
[0.285s] Level 1:colcon.colcon_core.package_identification:_identify(src/tb4_cpp_prac1) by extension 'ignore_ament_install'
[0.285s] Level 1:colcon.colcon_core.package_identification:_identify(src/tb4_cpp_prac1) by extensions ['colcon_pkg']
[0.285s] Level 1:colcon.colcon_core.package_identification:_identify(src/tb4_cpp_prac1) by extension 'colcon_pkg'
[0.285s] Level 1:colcon.colcon_core.package_identification:_identify(src/tb4_cpp_prac1) by extensions ['colcon_meta']
[0.285s] Level 1:colcon.colcon_core.package_identification:_identify(src/tb4_cpp_prac1) by extension 'colcon_meta'
[0.285s] Level 1:colcon.colcon_core.package_identification:_identify(src/tb4_cpp_prac1) by extensions ['ros']
[0.285s] Level 1:colcon.colcon_core.package_identification:_identify(src/tb4_cpp_prac1) by extension 'ros'
[0.288s] DEBUG:colcon.colcon_core.package_identification:Package 'src/tb4_cpp_prac1' with type 'ros.ament_cmake' and name 'tb4_cpp_prac1'
[0.288s] Level 1:colcon.colcon_core.package_identification:_identify(src/tb4_cpp_prac2) by extensions ['ignore', 'ignore_ament_install']
[0.288s] Level 1:colcon.colcon_core.package_identification:_identify(src/tb4_cpp_prac2) by extension 'ignore'
[0.288s] Level 1:colcon.colcon_core.package_identification:_identify(src/tb4_cpp_prac2) by extension 'ignore_ament_install'
[0.288s] Level 1:colcon.colcon_core.package_identification:_identify(src/tb4_cpp_prac2) by extensions ['colcon_pkg']
[0.288s] Level 1:colcon.colcon_core.package_identification:_identify(src/tb4_cpp_prac2) by extension 'colcon_pkg'
[0.288s] Level 1:colcon.colcon_core.package_identification:_identify(src/tb4_cpp_prac2) by extensions ['colcon_meta']
[0.288s] Level 1:colcon.colcon_core.package_identification:_identify(src/tb4_cpp_prac2) by extension 'colcon_meta'
[0.288s] Level 1:colcon.colcon_core.package_identification:_identify(src/tb4_cpp_prac2) by extensions ['ros']
[0.288s] Level 1:colcon.colcon_core.package_identification:_identify(src/tb4_cpp_prac2) by extension 'ros'
[0.289s] DEBUG:colcon.colcon_core.package_identification:Package 'src/tb4_cpp_prac2' with type 'ros.ament_cmake' and name 'tb4_cpp_prac2'
[0.289s] Level 1:colcon.colcon_core.package_identification:_identify(src/tb4_cpp_prac3) by extensions ['ignore', 'ignore_ament_install']
[0.289s] Level 1:colcon.colcon_core.package_identification:_identify(src/tb4_cpp_prac3) by extension 'ignore'
[0.290s] Level 1:colcon.colcon_core.package_identification:_identify(src/tb4_cpp_prac3) by extension 'ignore_ament_install'
[0.290s] Level 1:colcon.colcon_core.package_identification:_identify(src/tb4_cpp_prac3) by extensions ['colcon_pkg']
[0.290s] Level 1:colcon.colcon_core.package_identification:_identify(src/tb4_cpp_prac3) by extension 'colcon_pkg'
[0.290s] Level 1:colcon.colcon_core.package_identification:_identify(src/tb4_cpp_prac3) by extensions ['colcon_meta']
[0.290s] Level 1:colcon.colcon_core.package_identification:_identify(src/tb4_cpp_prac3) by extension 'colcon_meta'
[0.290s] Level 1:colcon.colcon_core.package_identification:_identify(src/tb4_cpp_prac3) by extensions ['ros']
[0.290s] Level 1:colcon.colcon_core.package_identification:_identify(src/tb4_cpp_prac3) by extension 'ros'
[0.291s] DEBUG:colcon.colcon_core.package_identification:Package 'src/tb4_cpp_prac3' with type 'ros.ament_cmake' and name 'tb4_cpp_prac3'
[0.291s] Level 1:colcon.colcon_core.package_discovery:discover_packages(recursive) using defaults
[0.291s] Level 1:colcon.colcon_core.package_discovery:discover_packages(ignore) discover
[0.291s] Level 1:colcon.colcon_core.package_discovery:discover_packages(ignore) using defaults
[0.291s] Level 1:colcon.colcon_core.package_discovery:discover_packages(path) discover
[0.291s] Level 1:colcon.colcon_core.package_discovery:discover_packages(path) using defaults
[0.325s] Level 1:colcon.colcon_core.package_discovery:discover_packages(prefix_path) check parameters
[0.325s] Level 1:colcon.colcon_core.package_discovery:discover_packages(prefix_path) discover
[0.327s] DEBUG:colcon.colcon_installed_package_information.package_discovery:Found 3 installed packages in /home/eecms/tb4_ws/install
[0.328s] DEBUG:colcon.colcon_installed_package_information.package_discovery:Found 387 installed packages in /opt/ros/humble
[0.330s] Level 1:colcon.colcon_core.package_discovery:discover_packages(prefix_path) using defaults
[0.372s] Level 5:colcon.colcon_core.verb:set package 'tb4_cpp_prac1' build argument 'cmake_args' from command line to 'None'
[0.373s] Level 5:colcon.colcon_core.verb:set package 'tb4_cpp_prac1' build argument 'cmake_target' from command line to 'None'
[0.373s] Level 5:colcon.colcon_core.verb:set package 'tb4_cpp_prac1' build argument 'cmake_target_skip_unavailable' from command line to 'False'
[0.373s] Level 5:colcon.colcon_core.verb:set package 'tb4_cpp_prac1' build argument 'cmake_clean_cache' from command line to 'False'
[0.373s] Level 5:colcon.colcon_core.verb:set package 'tb4_cpp_prac1' build argument 'cmake_clean_first' from command line to 'False'
[0.373s] Level 5:colcon.colcon_core.verb:set package 'tb4_cpp_prac1' build argument 'cmake_force_configure' from command line to 'False'
[0.373s] Level 5:colcon.colcon_core.verb:set package 'tb4_cpp_prac1' build argument 'ament_cmake_args' from command line to 'None'
[0.373s] Level 5:colcon.colcon_core.verb:set package 'tb4_cpp_prac1' build argument 'catkin_cmake_args' from command line to 'None'
[0.373s] Level 5:colcon.colcon_core.verb:set package 'tb4_cpp_prac1' build argument 'catkin_skip_building_tests' from command line to 'False'
[0.373s] DEBUG:colcon.colcon_core.verb:Building package 'tb4_cpp_prac1' with the following arguments: {'ament_cmake_args': None, 'build_base': '/home/eecms/tb4_ws/build/tb4_cpp_prac1', 'catkin_cmake_args': None, 'catkin_skip_building_tests': False, 'cmake_args': None, 'cmake_clean_cache': False, 'cmake_clean_first': False, 'cmake_force_configure': False, 'cmake_target': None, 'cmake_target_skip_unavailable': False, 'install_base': '/home/eecms/tb4_ws/install/tb4_cpp_prac1', 'merge_install': False, 'path': '/home/eecms/tb4_ws/src/tb4_cpp_prac1', 'symlink_install': False, 'test_result_base': None}
[0.374s] Level 5:colcon.colcon_core.verb:set package 'tb4_cpp_prac2' build argument 'cmake_args' from command line to 'None'
[0.374s] Level 5:colcon.colcon_core.verb:set package 'tb4_cpp_prac2' build argument 'cmake_target' from command line to 'None'
[0.374s] Level 5:colcon.colcon_core.verb:set package 'tb4_cpp_prac2' build argument 'cmake_target_skip_unavailable' from command line to 'False'
[0.374s] Level 5:colcon.colcon_core.verb:set package 'tb4_cpp_prac2' build argument 'cmake_clean_cache' from command line to 'False'
[0.374s] Level 5:colcon.colcon_core.verb:set package 'tb4_cpp_prac2' build argument 'cmake_clean_first' from command line to 'False'
[0.374s] Level 5:colcon.colcon_core.verb:set package 'tb4_cpp_prac2' build argument 'cmake_force_configure' from command line to 'False'
[0.374s] Level 5:colcon.colcon_core.verb:set package 'tb4_cpp_prac2' build argument 'ament_cmake_args' from command line to 'None'
[0.374s] Level 5:colcon.colcon_core.verb:set package 'tb4_cpp_prac2' build argument 'catkin_cmake_args' from command line to 'None'
[0.375s] Level 5:colcon.colcon_core.verb:set package 'tb4_cpp_prac2' build argument 'catkin_skip_building_tests' from command line to 'False'
[0.375s] DEBUG:colcon.colcon_core.verb:Building package 'tb4_cpp_prac2' with the following arguments: {'ament_cmake_args': None, 'build_base': '/home/eecms/tb4_ws/build/tb4_cpp_prac2', 'catkin_cmake_args': None, 'catkin_skip_building_tests': False, 'cmake_args': None, 'cmake_clean_cache': False, 'cmake_clean_first': False, 'cmake_force_configure': False, 'cmake_target': None, 'cmake_target_skip_unavailable': False, 'install_base': '/home/eecms/tb4_ws/install/tb4_cpp_prac2', 'merge_install': False, 'path': '/home/eecms/tb4_ws/src/tb4_cpp_prac2', 'symlink_install': False, 'test_result_base': None}
[0.375s] Level 5:colcon.colcon_core.verb:set package 'tb4_cpp_prac3' build argument 'cmake_args' from command line to 'None'
[0.375s] Level 5:colcon.colcon_core.verb:set package 'tb4_cpp_prac3' build argument 'cmake_target' from command line to 'None'
[0.375s] Level 5:colcon.colcon_core.verb:set package 'tb4_cpp_prac3' build argument 'cmake_target_skip_unavailable' from command line to 'False'
[0.375s] Level 5:colcon.colcon_core.verb:set package 'tb4_cpp_prac3' build argument 'cmake_clean_cache' from command line to 'False'
[0.375s] Level 5:colcon.colcon_core.verb:set package 'tb4_cpp_prac3' build argument 'cmake_clean_first' from command line to 'False'
[0.375s] Level 5:colcon.colcon_core.verb:set package 'tb4_cpp_prac3' build argument 'cmake_force_configure' from command line to 'False'
[0.375s] Level 5:colcon.colcon_core.verb:set package 'tb4_cpp_prac3' build argument 'ament_cmake_args' from command line to 'None'
[0.375s] Level 5:colcon.colcon_core.verb:set package 'tb4_cpp_prac3' build argument 'catkin_cmake_args' from command line to 'None'
[0.375s] Level 5:colcon.colcon_core.verb:set package 'tb4_cpp_prac3' build argument 'catkin_skip_building_tests' from command line to 'False'
[0.375s] DEBUG:colcon.colcon_core.verb:Building package 'tb4_cpp_prac3' with the following arguments: {'ament_cmake_args': None, 'build_base': '/home/eecms/tb4_ws/build/tb4_cpp_prac3', 'catkin_cmake_args': None, 'catkin_skip_building_tests': False, 'cmake_args': None, 'cmake_clean_cache': False, 'cmake_clean_first': False, 'cmake_force_configure': False, 'cmake_target': None, 'cmake_target_skip_unavailable': False, 'install_base': '/home/eecms/tb4_ws/install/tb4_cpp_prac3', 'merge_install': False, 'path': '/home/eecms/tb4_ws/src/tb4_cpp_prac3', 'symlink_install': False, 'test_result_base': None}
[0.375s] INFO:colcon.colcon_core.executor:Executing jobs using 'parallel' executor
[0.377s] DEBUG:colcon.colcon_parallel_executor.executor.parallel:run_until_complete
[0.377s] INFO:colcon.colcon_ros.task.ament_cmake.build:Building ROS package in '/home/eecms/tb4_ws/src/tb4_cpp_prac1' with build type 'ament_cmake'
[0.377s] INFO:colcon.colcon_cmake.task.cmake.build:Building CMake package in '/home/eecms/tb4_ws/src/tb4_cpp_prac1'
[0.380s] INFO:colcon.colcon_core.plugin_system:Skipping extension 'colcon_core.shell.bat': Not used on non-Windows systems
[0.380s] INFO:colcon.colcon_core.shell:Skip shell extension 'powershell' for command environment: Not usable outside of PowerShell
[0.380s] DEBUG:colcon.colcon_core.shell:Skip shell extension 'dsv' for command environment
[0.385s] INFO:colcon.colcon_ros.task.ament_cmake.build:Building ROS package in '/home/eecms/tb4_ws/src/tb4_cpp_prac2' with build type 'ament_cmake'
[0.385s] INFO:colcon.colcon_cmake.task.cmake.build:Building CMake package in '/home/eecms/tb4_ws/src/tb4_cpp_prac2'
[0.385s] INFO:colcon.colcon_core.shell:Skip shell extension 'powershell' for command environment: Not usable outside of PowerShell
[0.385s] DEBUG:colcon.colcon_core.shell:Skip shell extension 'dsv' for command environment
[0.390s] INFO:colcon.colcon_ros.task.ament_cmake.build:Building ROS package in '/home/eecms/tb4_ws/src/tb4_cpp_prac3' with build type 'ament_cmake'
[0.390s] INFO:colcon.colcon_cmake.task.cmake.build:Building CMake package in '/home/eecms/tb4_ws/src/tb4_cpp_prac3'
[0.390s] INFO:colcon.colcon_core.shell:Skip shell extension 'powershell' for command environment: Not usable outside of PowerShell
[0.391s] DEBUG:colcon.colcon_core.shell:Skip shell extension 'dsv' for command environment
[0.404s] DEBUG:colcon.colcon_core.event_handler.log_command:Invoking command in '/home/eecms/tb4_ws/build/tb4_cpp_prac1': CMAKE_PREFIX_PATH=${CMAKE_PREFIX_PATH}:/opt/ros/humble /usr/bin/cmake --build /home/eecms/tb4_ws/build/tb4_cpp_prac1 -- -j6 -l6
[0.414s] DEBUG:colcon.colcon_core.event_handler.log_command:Invoking command in '/home/eecms/tb4_ws/build/tb4_cpp_prac2': CMAKE_PREFIX_PATH=${CMAKE_PREFIX_PATH}:/opt/ros/humble /usr/bin/cmake --build /home/eecms/tb4_ws/build/tb4_cpp_prac2 -- -j6 -l6
[0.422s] DEBUG:colcon.colcon_core.event_handler.log_command:Invoking command in '/home/eecms/tb4_ws/build/tb4_cpp_prac3': CMAKE_PREFIX_PATH=${CMAKE_PREFIX_PATH}:/opt/ros/humble /usr/bin/cmake --build /home/eecms/tb4_ws/build/tb4_cpp_prac3 -- -j6 -l6
[0.529s] DEBUG:colcon.colcon_core.event_handler.log_command:Invoked command in '/home/eecms/tb4_ws/build/tb4_cpp_prac2' returned '0': CMAKE_PREFIX_PATH=${CMAKE_PREFIX_PATH}:/opt/ros/humble /usr/bin/cmake --build /home/eecms/tb4_ws/build/tb4_cpp_prac2 -- -j6 -l6
[0.553s] DEBUG:colcon.colcon_core.event_handler.log_command:Invoking command in '/home/eecms/tb4_ws/build/tb4_cpp_prac2': CMAKE_PREFIX_PATH=${CMAKE_PREFIX_PATH}:/opt/ros/humble /usr/bin/cmake --install /home/eecms/tb4_ws/build/tb4_cpp_prac2
[0.579s] Level 1:colcon.colcon_core.environment:create_environment_scripts_only(tb4_cpp_prac2)
[0.581s] DEBUG:colcon.colcon_core.event_handler.log_command:Invoked command in '/home/eecms/tb4_ws/build/tb4_cpp_prac2' returned '0': CMAKE_PREFIX_PATH=${CMAKE_PREFIX_PATH}:/opt/ros/humble /usr/bin/cmake --install /home/eecms/tb4_ws/build/tb4_cpp_prac2
[0.590s] Level 1:colcon.colcon_core.environment:checking '/home/eecms/tb4_ws/install/tb4_cpp_prac2' for CMake module files
[0.590s] Level 1:colcon.colcon_core.environment:checking '/home/eecms/tb4_ws/install/tb4_cpp_prac2' for CMake config files
[0.594s] Level 1:colcon.colcon_core.shell:create_environment_hook('tb4_cpp_prac2', 'cmake_prefix_path')
[0.594s] INFO:colcon.colcon_core.shell:Creating environment hook '/home/eecms/tb4_ws/install/tb4_cpp_prac2/share/tb4_cpp_prac2/hook/cmake_prefix_path.ps1'
[0.599s] INFO:colcon.colcon_core.shell:Creating environment descriptor '/home/eecms/tb4_ws/install/tb4_cpp_prac2/share/tb4_cpp_prac2/hook/cmake_prefix_path.dsv'
[0.600s] INFO:colcon.colcon_core.shell:Creating environment hook '/home/eecms/tb4_ws/install/tb4_cpp_prac2/share/tb4_cpp_prac2/hook/cmake_prefix_path.sh'
[0.601s] Level 1:colcon.colcon_core.environment:checking '/home/eecms/tb4_ws/install/tb4_cpp_prac2/lib'
[0.606s] Level 1:colcon.colcon_core.environment:checking '/home/eecms/tb4_ws/install/tb4_cpp_prac2/bin'
[0.606s] Level 1:colcon.colcon_core.environment:checking '/home/eecms/tb4_ws/install/tb4_cpp_prac2/lib/pkgconfig/tb4_cpp_prac2.pc'
[0.607s] Level 1:colcon.colcon_core.environment:checking '/home/eecms/tb4_ws/install/tb4_cpp_prac2/lib/python3.10/site-packages'
[0.607s] Level 1:colcon.colcon_core.environment:checking '/home/eecms/tb4_ws/install/tb4_cpp_prac2/bin'
[0.607s] INFO:colcon.colcon_core.shell:Creating package script '/home/eecms/tb4_ws/install/tb4_cpp_prac2/share/tb4_cpp_prac2/package.ps1'
[0.608s] INFO:colcon.colcon_core.shell:Creating package descriptor '/home/eecms/tb4_ws/install/tb4_cpp_prac2/share/tb4_cpp_prac2/package.dsv'
[0.613s] INFO:colcon.colcon_core.shell:Creating package script '/home/eecms/tb4_ws/install/tb4_cpp_prac2/share/tb4_cpp_prac2/package.sh'
[0.614s] INFO:colcon.colcon_core.shell:Creating package script '/home/eecms/tb4_ws/install/tb4_cpp_prac2/share/tb4_cpp_prac2/package.bash'
[0.614s] INFO:colcon.colcon_core.shell:Creating package script '/home/eecms/tb4_ws/install/tb4_cpp_prac2/share/tb4_cpp_prac2/package.zsh'
[0.620s] Level 1:colcon.colcon_core.environment:create_file_with_runtime_dependencies(/home/eecms/tb4_ws/install/tb4_cpp_prac2/share/colcon-core/packages/tb4_cpp_prac2)
[0.624s] Level 1:colcon.colcon_core.environment:create_environment_scripts_only(tb4_cpp_prac2)
[0.624s] Level 1:colcon.colcon_core.environment:checking '/home/eecms/tb4_ws/install/tb4_cpp_prac2' for CMake module files
[0.625s] Level 1:colcon.colcon_core.environment:checking '/home/eecms/tb4_ws/install/tb4_cpp_prac2' for CMake config files
[0.625s] Level 1:colcon.colcon_core.shell:create_environment_hook('tb4_cpp_prac2', 'cmake_prefix_path')
[0.625s] INFO:colcon.colcon_core.shell:Creating environment hook '/home/eecms/tb4_ws/install/tb4_cpp_prac2/share/tb4_cpp_prac2/hook/cmake_prefix_path.ps1'
[0.626s] INFO:colcon.colcon_core.shell:Creating environment descriptor '/home/eecms/tb4_ws/install/tb4_cpp_prac2/share/tb4_cpp_prac2/hook/cmake_prefix_path.dsv'
[0.626s] INFO:colcon.colcon_core.shell:Creating environment hook '/home/eecms/tb4_ws/install/tb4_cpp_prac2/share/tb4_cpp_prac2/hook/cmake_prefix_path.sh'
[0.627s] Level 1:colcon.colcon_core.environment:checking '/home/eecms/tb4_ws/install/tb4_cpp_prac2/lib'
[0.627s] Level 1:colcon.colcon_core.environment:checking '/home/eecms/tb4_ws/install/tb4_cpp_prac2/bin'
[0.627s] Level 1:colcon.colcon_core.environment:checking '/home/eecms/tb4_ws/install/tb4_cpp_prac2/lib/pkgconfig/tb4_cpp_prac2.pc'
[0.627s] Level 1:colcon.colcon_core.environment:checking '/home/eecms/tb4_ws/install/tb4_cpp_prac2/lib/python3.10/site-packages'
[0.627s] Level 1:colcon.colcon_core.environment:checking '/home/eecms/tb4_ws/install/tb4_cpp_prac2/bin'
[0.628s] INFO:colcon.colcon_core.shell:Creating package script '/home/eecms/tb4_ws/install/tb4_cpp_prac2/share/tb4_cpp_prac2/package.ps1'
[0.628s] INFO:colcon.colcon_core.shell:Creating package descriptor '/home/eecms/tb4_ws/install/tb4_cpp_prac2/share/tb4_cpp_prac2/package.dsv'
[0.632s] INFO:colcon.colcon_core.shell:Creating package script '/home/eecms/tb4_ws/install/tb4_cpp_prac2/share/tb4_cpp_prac2/package.sh'
[0.633s] INFO:colcon.colcon_core.shell:Creating package script '/home/eecms/tb4_ws/install/tb4_cpp_prac2/share/tb4_cpp_prac2/package.bash'
[0.636s] INFO:colcon.colcon_core.shell:Creating package script '/home/eecms/tb4_ws/install/tb4_cpp_prac2/share/tb4_cpp_prac2/package.zsh'
[0.637s] Level 1:colcon.colcon_core.environment:create_file_with_runtime_dependencies(/home/eecms/tb4_ws/install/tb4_cpp_prac2/share/colcon-core/packages/tb4_cpp_prac2)
[0.643s] DEBUG:colcon.colcon_core.event_handler.log_command:Invoked command in '/home/eecms/tb4_ws/build/tb4_cpp_prac1' returned '0': CMAKE_PREFIX_PATH=${CMAKE_PREFIX_PATH}:/opt/ros/humble /usr/bin/cmake --build /home/eecms/tb4_ws/build/tb4_cpp_prac1 -- -j6 -l6
[0.647s] DEBUG:colcon.colcon_core.event_handler.log_command:Invoking command in '/home/eecms/tb4_ws/build/tb4_cpp_prac1': CMAKE_PREFIX_PATH=${CMAKE_PREFIX_PATH}:/opt/ros/humble /usr/bin/cmake --install /home/eecms/tb4_ws/build/tb4_cpp_prac1
[0.677s] Level 1:colcon.colcon_core.environment:create_environment_scripts_only(tb4_cpp_prac1)
[0.677s] Level 1:colcon.colcon_core.environment:checking '/home/eecms/tb4_ws/install/tb4_cpp_prac1' for CMake module files
[0.677s] Level 1:colcon.colcon_core.environment:checking '/home/eecms/tb4_ws/install/tb4_cpp_prac1' for CMake config files
[0.678s] Level 1:colcon.colcon_core.shell:create_environment_hook('tb4_cpp_prac1', 'cmake_prefix_path')
[0.678s] INFO:colcon.colcon_core.shell:Creating environment hook '/home/eecms/tb4_ws/install/tb4_cpp_prac1/share/tb4_cpp_prac1/hook/cmake_prefix_path.ps1'
[0.680s] INFO:colcon.colcon_core.shell:Creating environment descriptor '/home/eecms/tb4_ws/install/tb4_cpp_prac1/share/tb4_cpp_prac1/hook/cmake_prefix_path.dsv'
[0.683s] DEBUG:colcon.colcon_core.event_handler.log_command:Invoked command in '/home/eecms/tb4_ws/build/tb4_cpp_prac1' returned '0': CMAKE_PREFIX_PATH=${CMAKE_PREFIX_PATH}:/opt/ros/humble /usr/bin/cmake --install /home/eecms/tb4_ws/build/tb4_cpp_prac1
[0.686s] INFO:colcon.colcon_core.shell:Creating environment hook '/home/eecms/tb4_ws/install/tb4_cpp_prac1/share/tb4_cpp_prac1/hook/cmake_prefix_path.sh'
[0.686s] Level 1:colcon.colcon_core.environment:checking '/home/eecms/tb4_ws/install/tb4_cpp_prac1/lib'
[0.686s] Level 1:colcon.colcon_core.environment:checking '/home/eecms/tb4_ws/install/tb4_cpp_prac1/bin'
[0.687s] Level 1:colcon.colcon_core.environment:checking '/home/eecms/tb4_ws/install/tb4_cpp_prac1/lib/pkgconfig/tb4_cpp_prac1.pc'
[0.687s] Level 1:colcon.colcon_core.environment:checking '/home/eecms/tb4_ws/install/tb4_cpp_prac1/lib/python3.10/site-packages'
[0.687s] Level 1:colcon.colcon_core.environment:checking '/home/eecms/tb4_ws/install/tb4_cpp_prac1/bin'
[0.687s] INFO:colcon.colcon_core.shell:Creating package script '/home/eecms/tb4_ws/install/tb4_cpp_prac1/share/tb4_cpp_prac1/package.ps1'
[0.688s] INFO:colcon.colcon_core.shell:Creating package descriptor '/home/eecms/tb4_ws/install/tb4_cpp_prac1/share/tb4_cpp_prac1/package.dsv'
[0.688s] INFO:colcon.colcon_core.shell:Creating package script '/home/eecms/tb4_ws/install/tb4_cpp_prac1/share/tb4_cpp_prac1/package.sh'
[0.688s] INFO:colcon.colcon_core.shell:Creating package script '/home/eecms/tb4_ws/install/tb4_cpp_prac1/share/tb4_cpp_prac1/package.bash'
[0.691s] INFO:colcon.colcon_core.shell:Creating package script '/home/eecms/tb4_ws/install/tb4_cpp_prac1/share/tb4_cpp_prac1/package.zsh'
[0.693s] Level 1:colcon.colcon_core.environment:create_file_with_runtime_dependencies(/home/eecms/tb4_ws/install/tb4_cpp_prac1/share/colcon-core/packages/tb4_cpp_prac1)
[0.694s] Level 1:colcon.colcon_core.environment:create_environment_scripts_only(tb4_cpp_prac1)
[0.694s] Level 1:colcon.colcon_core.environment:checking '/home/eecms/tb4_ws/install/tb4_cpp_prac1' for CMake module files
[0.695s] Level 1:colcon.colcon_core.environment:checking '/home/eecms/tb4_ws/install/tb4_cpp_prac1' for CMake config files
[0.695s] Level 1:colcon.colcon_core.shell:create_environment_hook('tb4_cpp_prac1', 'cmake_prefix_path')
[0.698s] INFO:colcon.colcon_core.shell:Creating environment hook '/home/eecms/tb4_ws/install/tb4_cpp_prac1/share/tb4_cpp_prac1/hook/cmake_prefix_path.ps1'
[0.698s] INFO:colcon.colcon_core.shell:Creating environment descriptor '/home/eecms/tb4_ws/install/tb4_cpp_prac1/share/tb4_cpp_prac1/hook/cmake_prefix_path.dsv'
[0.699s] INFO:colcon.colcon_core.shell:Creating environment hook '/home/eecms/tb4_ws/install/tb4_cpp_prac1/share/tb4_cpp_prac1/hook/cmake_prefix_path.sh'
[0.701s] Level 1:colcon.colcon_core.environment:checking '/home/eecms/tb4_ws/install/tb4_cpp_prac1/lib'
[0.701s] Level 1:colcon.colcon_core.environment:checking '/home/eecms/tb4_ws/install/tb4_cpp_prac1/bin'
[0.701s] Level 1:colcon.colcon_core.environment:checking '/home/eecms/tb4_ws/install/tb4_cpp_prac1/lib/pkgconfig/tb4_cpp_prac1.pc'
[0.701s] Level 1:colcon.colcon_core.environment:checking '/home/eecms/tb4_ws/install/tb4_cpp_prac1/lib/python3.10/site-packages'
[0.701s] Level 1:colcon.colcon_core.environment:checking '/home/eecms/tb4_ws/install/tb4_cpp_prac1/bin'
[0.702s] INFO:colcon.colcon_core.shell:Creating package script '/home/eecms/tb4_ws/install/tb4_cpp_prac1/share/tb4_cpp_prac1/package.ps1'
[0.704s] INFO:colcon.colcon_core.shell:Creating package descriptor '/home/eecms/tb4_ws/install/tb4_cpp_prac1/share/tb4_cpp_prac1/package.dsv'
[0.706s] INFO:colcon.colcon_core.shell:Creating package script '/home/eecms/tb4_ws/install/tb4_cpp_prac1/share/tb4_cpp_prac1/package.sh'
[0.707s] INFO:colcon.colcon_core.shell:Creating package script '/home/eecms/tb4_ws/install/tb4_cpp_prac1/share/tb4_cpp_prac1/package.bash'
[0.708s] INFO:colcon.colcon_core.shell:Creating package script '/home/eecms/tb4_ws/install/tb4_cpp_prac1/share/tb4_cpp_prac1/package.zsh'
[0.709s] Level 1:colcon.colcon_core.environment:create_file_with_runtime_dependencies(/home/eecms/tb4_ws/install/tb4_cpp_prac1/share/colcon-core/packages/tb4_cpp_prac1)
[10.834s] DEBUG:colcon.colcon_core.event_handler.log_command:Invoked command in '/home/eecms/tb4_ws/build/tb4_cpp_prac3' returned '0': CMAKE_PREFIX_PATH=${CMAKE_PREFIX_PATH}:/opt/ros/humble /usr/bin/cmake --build /home/eecms/tb4_ws/build/tb4_cpp_prac3 -- -j6 -l6
[10.837s] DEBUG:colcon.colcon_core.event_handler.log_command:Invoking command in '/home/eecms/tb4_ws/build/tb4_cpp_prac3': CMAKE_PREFIX_PATH=${CMAKE_PREFIX_PATH}:/opt/ros/humble /usr/bin/cmake --install /home/eecms/tb4_ws/build/tb4_cpp_prac3
[10.859s] Level 1:colcon.colcon_core.environment:create_environment_scripts_only(tb4_cpp_prac3)
[10.859s] Level 1:colcon.colcon_core.environment:checking '/home/eecms/tb4_ws/install/tb4_cpp_prac3' for CMake module files
[10.860s] Level 1:colcon.colcon_core.environment:checking '/home/eecms/tb4_ws/install/tb4_cpp_prac3' for CMake config files
[10.860s] Level 1:colcon.colcon_core.shell:create_environment_hook('tb4_cpp_prac3', 'cmake_prefix_path')
[10.860s] INFO:colcon.colcon_core.shell:Creating environment hook '/home/eecms/tb4_ws/install/tb4_cpp_prac3/share/tb4_cpp_prac3/hook/cmake_prefix_path.ps1'
[10.861s] DEBUG:colcon.colcon_core.event_handler.log_command:Invoked command in '/home/eecms/tb4_ws/build/tb4_cpp_prac3' returned '0': CMAKE_PREFIX_PATH=${CMAKE_PREFIX_PATH}:/opt/ros/humble /usr/bin/cmake --install /home/eecms/tb4_ws/build/tb4_cpp_prac3
[10.861s] INFO:colcon.colcon_core.shell:Creating environment descriptor '/home/eecms/tb4_ws/install/tb4_cpp_prac3/share/tb4_cpp_prac3/hook/cmake_prefix_path.dsv'
[10.861s] INFO:colcon.colcon_core.shell:Creating environment hook '/home/eecms/tb4_ws/install/tb4_cpp_prac3/share/tb4_cpp_prac3/hook/cmake_prefix_path.sh'
[10.862s] Level 1:colcon.colcon_core.environment:checking '/home/eecms/tb4_ws/install/tb4_cpp_prac3/lib'
[10.862s] Level 1:colcon.colcon_core.environment:checking '/home/eecms/tb4_ws/install/tb4_cpp_prac3/bin'
[10.862s] Level 1:colcon.colcon_core.environment:checking '/home/eecms/tb4_ws/install/tb4_cpp_prac3/lib/pkgconfig/tb4_cpp_prac3.pc'
[10.862s] Level 1:colcon.colcon_core.environment:checking '/home/eecms/tb4_ws/install/tb4_cpp_prac3/lib/python3.10/site-packages'
[10.862s] Level 1:colcon.colcon_core.environment:checking '/home/eecms/tb4_ws/install/tb4_cpp_prac3/bin'
[10.863s] INFO:colcon.colcon_core.shell:Creating package script '/home/eecms/tb4_ws/install/tb4_cpp_prac3/share/tb4_cpp_prac3/package.ps1'
[10.864s] INFO:colcon.colcon_core.shell:Creating package descriptor '/home/eecms/tb4_ws/install/tb4_cpp_prac3/share/tb4_cpp_prac3/package.dsv'
[10.864s] INFO:colcon.colcon_core.shell:Creating package script '/home/eecms/tb4_ws/install/tb4_cpp_prac3/share/tb4_cpp_prac3/package.sh'
[10.865s] INFO:colcon.colcon_core.shell:Creating package script '/home/eecms/tb4_ws/install/tb4_cpp_prac3/share/tb4_cpp_prac3/package.bash'
[10.865s] INFO:colcon.colcon_core.shell:Creating package script '/home/eecms/tb4_ws/install/tb4_cpp_prac3/share/tb4_cpp_prac3/package.zsh'
[10.865s] Level 1:colcon.colcon_core.environment:create_file_with_runtime_dependencies(/home/eecms/tb4_ws/install/tb4_cpp_prac3/share/colcon-core/packages/tb4_cpp_prac3)
[10.866s] Level 1:colcon.colcon_core.environment:create_environment_scripts_only(tb4_cpp_prac3)
[10.866s] Level 1:colcon.colcon_core.environment:checking '/home/eecms/tb4_ws/install/tb4_cpp_prac3' for CMake module files
[10.866s] Level 1:colcon.colcon_core.environment:checking '/home/eecms/tb4_ws/install/tb4_cpp_prac3' for CMake config files
[10.867s] Level 1:colcon.colcon_core.shell:create_environment_hook('tb4_cpp_prac3', 'cmake_prefix_path')
[10.867s] INFO:colcon.colcon_core.shell:Creating environment hook '/home/eecms/tb4_ws/install/tb4_cpp_prac3/share/tb4_cpp_prac3/hook/cmake_prefix_path.ps1'
[10.867s] INFO:colcon.colcon_core.shell:Creating environment descriptor '/home/eecms/tb4_ws/install/tb4_cpp_prac3/share/tb4_cpp_prac3/hook/cmake_prefix_path.dsv'
[10.867s] INFO:colcon.colcon_core.shell:Creating environment hook '/home/eecms/tb4_ws/install/tb4_cpp_prac3/share/tb4_cpp_prac3/hook/cmake_prefix_path.sh'
[10.869s] Level 1:colcon.colcon_core.environment:checking '/home/eecms/tb4_ws/install/tb4_cpp_prac3/lib'
[10.869s] Level 1:colcon.colcon_core.environment:checking '/home/eecms/tb4_ws/install/tb4_cpp_prac3/bin'
[10.869s] Level 1:colcon.colcon_core.environment:checking '/home/eecms/tb4_ws/install/tb4_cpp_prac3/lib/pkgconfig/tb4_cpp_prac3.pc'
[10.869s] Level 1:colcon.colcon_core.environment:checking '/home/eecms/tb4_ws/install/tb4_cpp_prac3/lib/python3.10/site-packages'
[10.870s] Level 1:colcon.colcon_core.environment:checking '/home/eecms/tb4_ws/install/tb4_cpp_prac3/bin'
[10.870s] INFO:colcon.colcon_core.shell:Creating package script '/home/eecms/tb4_ws/install/tb4_cpp_prac3/share/tb4_cpp_prac3/package.ps1'
[10.871s] INFO:colcon.colcon_core.shell:Creating package descriptor '/home/eecms/tb4_ws/install/tb4_cpp_prac3/share/tb4_cpp_prac3/package.dsv'
[10.871s] INFO:colcon.colcon_core.shell:Creating package script '/home/eecms/tb4_ws/install/tb4_cpp_prac3/share/tb4_cpp_prac3/package.sh'
[10.872s] INFO:colcon.colcon_core.shell:Creating package script '/home/eecms/tb4_ws/install/tb4_cpp_prac3/share/tb4_cpp_prac3/package.bash'
[10.872s] INFO:colcon.colcon_core.shell:Creating package script '/home/eecms/tb4_ws/install/tb4_cpp_prac3/share/tb4_cpp_prac3/package.zsh'
[10.872s] Level 1:colcon.colcon_core.environment:create_file_with_runtime_dependencies(/home/eecms/tb4_ws/install/tb4_cpp_prac3/share/colcon-core/packages/tb4_cpp_prac3)
[10.873s] DEBUG:colcon.colcon_parallel_executor.executor.parallel:closing loop
[10.873s] DEBUG:colcon.colcon_parallel_executor.executor.parallel:loop closed
[10.873s] DEBUG:colcon.colcon_parallel_executor.executor.parallel:run_until_complete finished with '0'
[10.873s] DEBUG:colcon.colcon_core.event_reactor:joining thread
[10.878s] INFO:colcon.colcon_core.plugin_system:Skipping extension 'colcon_notification.desktop_notification.terminal_notifier': Not used on non-Darwin systems
[10.878s] INFO:colcon.colcon_core.plugin_system:Skipping extension 'colcon_notification.desktop_notification.win32': Not used on non-Windows systems
[10.879s] INFO:colcon.colcon_notification.desktop_notification:Sending desktop notification using 'notify2'
[10.898s] DEBUG:colcon.colcon_core.event_reactor:joined thread
[10.898s] INFO:colcon.colcon_core.shell:Creating prefix script '/home/eecms/tb4_ws/install/local_setup.ps1'
[10.900s] INFO:colcon.colcon_core.shell:Creating prefix util module '/home/eecms/tb4_ws/install/_local_setup_util_ps1.py'
[10.901s] INFO:colcon.colcon_core.shell:Creating prefix chain script '/home/eecms/tb4_ws/install/setup.ps1'
[10.903s] INFO:colcon.colcon_core.shell:Creating prefix script '/home/eecms/tb4_ws/install/local_setup.sh'
[10.904s] INFO:colcon.colcon_core.shell:Creating prefix util module '/home/eecms/tb4_ws/install/_local_setup_util_sh.py'
[10.904s] INFO:colcon.colcon_core.shell:Creating prefix chain script '/home/eecms/tb4_ws/install/setup.sh'
[10.907s] INFO:colcon.colcon_core.shell:Creating prefix script '/home/eecms/tb4_ws/install/local_setup.bash'
[10.908s] INFO:colcon.colcon_core.shell:Creating prefix chain script '/home/eecms/tb4_ws/install/setup.bash'
[10.909s] INFO:colcon.colcon_core.shell:Creating prefix script '/home/eecms/tb4_ws/install/local_setup.zsh'
[10.910s] INFO:colcon.colcon_core.shell:Creating prefix chain script '/home/eecms/tb4_ws/install/setup.zsh'
