[0.017s] Invoking command in '/home/eecms/tb4_ws/build/tb4_cpp_prac3': CMAKE_PREFIX_PATH=/opt/ros/humble /usr/bin/cmake /home/eecms/tb4_ws/src/tb4_cpp_prac3 -DCMAKE_INSTALL_PREFIX=/home/eecms/tb4_ws/install/tb4_cpp_prac3
[0.496s] -- The C compiler identification is GNU 12.3.0
[0.797s] -- The CXX compiler identification is GNU 12.3.0
[0.809s] -- Detecting C compiler ABI info
[0.955s] -- Detecting C compiler ABI info - done
[0.966s] -- Check for working C compiler: /usr/bin/cc - skipped
[0.966s] -- Detecting C compile features
[0.967s] -- Detecting C compile features - done
[0.970s] -- Detecting CXX compiler ABI info
[1.163s] -- Detecting CXX compiler ABI info - done
[1.173s] -- Check for working CXX compiler: /usr/bin/c++ - skipped
[1.173s] -- Detecting CXX compile features
[1.174s] -- Detecting CXX compile features - done
[1.290s] -- Found ament_cmake: 1.3.12 (/opt/ros/humble/share/ament_cmake/cmake)
[1.590s] -- Found Python3: /usr/bin/python3 (found version "3.10.12") found components: Interpreter 
[1.807s] -- Found rclcpp: 16.0.14 (/opt/ros/humble/share/rclcpp/cmake)
[2.200s] -- Found rosidl_generator_c: 3.1.7 (/opt/ros/humble/share/rosidl_generator_c/cmake)
[2.215s] -- Found rosidl_adapter: 3.1.7 (/opt/ros/humble/share/rosidl_adapter/cmake)
[2.237s] -- Found rosidl_generator_cpp: 3.1.7 (/opt/ros/humble/share/rosidl_generator_cpp/cmake)
[2.340s] -- Using all available rosidl_typesupport_c: rosidl_typesupport_fastrtps_c;rosidl_typesupport_introspection_c
[2.381s] -- Using all available rosidl_typesupport_cpp: rosidl_typesupport_fastrtps_cpp;rosidl_typesupport_introspection_cpp
[2.517s] -- Found rmw_implementation_cmake: 6.1.2 (/opt/ros/humble/share/rmw_implementation_cmake/cmake)
[2.526s] -- Found rmw_fastrtps_cpp: 6.2.8 (/opt/ros/humble/share/rmw_fastrtps_cpp/cmake)
[2.830s] -- Found OpenSSL: /usr/lib/x86_64-linux-gnu/libcrypto.so (found version "3.0.2")  
[2.881s] -- Found FastRTPS: /opt/ros/humble/include  
[2.934s] -- Using RMW implementation 'rmw_fastrtps_cpp' as default
[2.958s] -- Looking for pthread.h
[3.094s] -- Looking for pthread.h - found
[3.096s] -- Performing Test CMAKE_HAVE_LIBC_PTHREAD
[3.229s] -- Performing Test CMAKE_HAVE_LIBC_PTHREAD - Success
[3.232s] -- Found Threads: TRUE  
[3.497s] -- Found geometry_msgs: 4.9.0 (/opt/ros/humble/share/geometry_msgs/cmake)
[3.584s] -- Found nav_msgs: 4.9.0 (/opt/ros/humble/share/nav_msgs/cmake)
[3.650s] -- Found sensor_msgs: 4.9.0 (/opt/ros/humble/share/sensor_msgs/cmake)
[3.730s] -- Found ament_lint_auto: 0.12.14 (/opt/ros/humble/share/ament_lint_auto/cmake)
[3.886s] -- Added test 'cppcheck' to perform static code analysis on C / C++ code
[3.886s] -- Configured cppcheck include dirs: $<BUILD_INTERFACE:/home/eecms/tb4_ws/src/tb4_cpp_prac3/include>
[3.886s] -- Configured cppcheck exclude dirs and/or files: 
[3.886s] -- Added test 'lint_cmake' to check CMake code style
[3.888s] -- Added test 'uncrustify' to check C / C++ code style
[3.888s] -- Configured uncrustify additional arguments: 
[3.889s] -- Added test 'xmllint' to check XML markup files
[3.894s] -- Configuring done
[3.924s] -- Generating done
[3.930s] -- Build files have been written to: /home/eecms/tb4_ws/build/tb4_cpp_prac3
[3.945s] Invoked command in '/home/eecms/tb4_ws/build/tb4_cpp_prac3' returned '0': CMAKE_PREFIX_PATH=/opt/ros/humble /usr/bin/cmake /home/eecms/tb4_ws/src/tb4_cpp_prac3 -DCMAKE_INSTALL_PREFIX=/home/eecms/tb4_ws/install/tb4_cpp_prac3
[3.945s] Invoking command in '/home/eecms/tb4_ws/build/tb4_cpp_prac3': CMAKE_PREFIX_PATH=/opt/ros/humble /usr/bin/cmake --build /home/eecms/tb4_ws/build/tb4_cpp_prac3 -- -j6 -l6
[4.030s] [ 25%] [32mBuilding CXX object CMakeFiles/person_follower.dir/src/person_follower.cpp.o[0m
[18.342s] [ 50%] [32m[1mLinking CXX executable person_follower[0m
[19.415s] [ 50%] Built target person_follower
[19.460s] [ 75%] [32mBuilding CXX object CMakeFiles/wall_follower.dir/src/wall_follower.cpp.o[0m
[22.564s] In file included from [01m[K/opt/ros/humble/include/rclcpp/rclcpp/logging.hpp:24[m[K,
[22.564s]                  from [01m[K/opt/ros/humble/include/rclcpp/rclcpp/client.hpp:40[m[K,
[22.564s]                  from [01m[K/opt/ros/humble/include/rclcpp/rclcpp/callback_group.hpp:24[m[K,
[22.564s]                  from [01m[K/opt/ros/humble/include/rclcpp/rclcpp/any_executable.hpp:20[m[K,
[22.564s]                  from [01m[K/opt/ros/humble/include/rclcpp/rclcpp/memory_strategy.hpp:25[m[K,
[22.564s]                  from [01m[K/opt/ros/humble/include/rclcpp/rclcpp/memory_strategies.hpp:18[m[K,
[22.564s]                  from [01m[K/opt/ros/humble/include/rclcpp/rclcpp/executor_options.hpp:20[m[K,
[22.564s]                  from [01m[K/opt/ros/humble/include/rclcpp/rclcpp/executor.hpp:37[m[K,
[22.564s]                  from [01m[K/opt/ros/humble/include/rclcpp/rclcpp/executors/multi_threaded_executor.hpp:25[m[K,
[22.564s]                  from [01m[K/opt/ros/humble/include/rclcpp/rclcpp/executors.hpp:21[m[K,
[22.564s]                  from [01m[K/opt/ros/humble/include/rclcpp/rclcpp/rclcpp.hpp:155[m[K,
[22.564s]                  from [01m[K/home/eecms/tb4_ws/src/tb4_cpp_prac3/src/wall_follower.cpp:8[m[K:
[22.564s] [01m[K/home/eecms/tb4_ws/src/tb4_cpp_prac3/src/wall_follower.cpp:[m[K In constructor ‘[01m[KWallFollower::WallFollower()[m[K’:
[22.564s] [01m[K/home/eecms/tb4_ws/src/tb4_cpp_prac3/src/wall_follower.cpp:50:41:[m[K [01;35m[Kwarning: [m[Kformat ‘[01m[K%d[m[K’ expects argument of type ‘[01m[Kint[m[K’, but argument 5 has type ‘[01m[Kint64_t[m[K’ {aka ‘[01m[Klong int[m[K’} [[01;35m[K]8;;https://gcc.gnu.org/onlinedocs/gcc/Warning-Options.html#index-Wformat=-Wformat=]8;;[m[K]
[22.564s]    50 |         RCLCPP_INFO(this->get_logger(), [01;35m[K"wall_side: %d"[m[K, [32m[Kwall_side_[m[K);
[22.564s]       |                                         [01;35m[K^~~~~~~~~~~~~~~[m[K  [32m[K~~~~~~~~~~[m[K
[22.564s]       |                                                          [32m[K|[m[K
[22.564s]       |                                                          [32m[Kint64_t {aka long int}[m[K
[22.564s] [01m[K/home/eecms/tb4_ws/src/tb4_cpp_prac3/src/wall_follower.cpp:50:54:[m[K [01;36m[Knote: [m[Kformat string is defined here
[22.564s]    50 |        RCLCPP_INFO(this->get_logger(), "wall_side: [01;36m[K%d[m[K", wall_side_);
[22.564s]       |                                                    [01;36m[K~^[m[K
[22.565s]       |                                                     [01;36m[K|[m[K
[22.565s]       |                                                     [01;36m[Kint[m[K
[22.567s]       |                                                    [32m[K%ld[m[K
[30.428s] [100%] [32m[1mLinking CXX executable wall_follower[0m
[30.939s] [100%] Built target wall_follower
[30.999s] Invoked command in '/home/eecms/tb4_ws/build/tb4_cpp_prac3' returned '0': CMAKE_PREFIX_PATH=/opt/ros/humble /usr/bin/cmake --build /home/eecms/tb4_ws/build/tb4_cpp_prac3 -- -j6 -l6
[31.001s] Invoking command in '/home/eecms/tb4_ws/build/tb4_cpp_prac3': CMAKE_PREFIX_PATH=/opt/ros/humble /usr/bin/cmake --install /home/eecms/tb4_ws/build/tb4_cpp_prac3
[31.020s] -- Install configuration: ""
[31.020s] -- Installing: /home/eecms/tb4_ws/install/tb4_cpp_prac3/lib/tb4_cpp_prac3/person_follower
[31.025s] -- Set runtime path of "/home/eecms/tb4_ws/install/tb4_cpp_prac3/lib/tb4_cpp_prac3/person_follower" to ""
[31.025s] -- Up-to-date: /home/eecms/tb4_ws/install/tb4_cpp_prac3/lib/tb4_cpp_prac3/person_follower
[31.028s] -- Installing: /home/eecms/tb4_ws/install/tb4_cpp_prac3/lib/tb4_cpp_prac3/wall_follower
[31.033s] -- Set runtime path of "/home/eecms/tb4_ws/install/tb4_cpp_prac3/lib/tb4_cpp_prac3/wall_follower" to ""
[31.033s] -- Installing: /home/eecms/tb4_ws/install/tb4_cpp_prac3/share/ament_index/resource_index/package_run_dependencies/tb4_cpp_prac3
[31.033s] -- Installing: /home/eecms/tb4_ws/install/tb4_cpp_prac3/share/ament_index/resource_index/parent_prefix_path/tb4_cpp_prac3
[31.033s] -- Installing: /home/eecms/tb4_ws/install/tb4_cpp_prac3/share/tb4_cpp_prac3/environment/ament_prefix_path.sh
[31.033s] -- Installing: /home/eecms/tb4_ws/install/tb4_cpp_prac3/share/tb4_cpp_prac3/environment/ament_prefix_path.dsv
[31.033s] -- Installing: /home/eecms/tb4_ws/install/tb4_cpp_prac3/share/tb4_cpp_prac3/environment/path.sh
[31.033s] -- Installing: /home/eecms/tb4_ws/install/tb4_cpp_prac3/share/tb4_cpp_prac3/environment/path.dsv
[31.033s] -- Installing: /home/eecms/tb4_ws/install/tb4_cpp_prac3/share/tb4_cpp_prac3/local_setup.bash
[31.033s] -- Installing: /home/eecms/tb4_ws/install/tb4_cpp_prac3/share/tb4_cpp_prac3/local_setup.sh
[31.033s] -- Installing: /home/eecms/tb4_ws/install/tb4_cpp_prac3/share/tb4_cpp_prac3/local_setup.zsh
[31.033s] -- Installing: /home/eecms/tb4_ws/install/tb4_cpp_prac3/share/tb4_cpp_prac3/local_setup.dsv
[31.033s] -- Installing: /home/eecms/tb4_ws/install/tb4_cpp_prac3/share/tb4_cpp_prac3/package.dsv
[31.033s] -- Installing: /home/eecms/tb4_ws/install/tb4_cpp_prac3/share/ament_index/resource_index/packages/tb4_cpp_prac3
[31.035s] -- Installing: /home/eecms/tb4_ws/install/tb4_cpp_prac3/share/tb4_cpp_prac3/cmake/tb4_cpp_prac3Config.cmake
[31.035s] -- Installing: /home/eecms/tb4_ws/install/tb4_cpp_prac3/share/tb4_cpp_prac3/cmake/tb4_cpp_prac3Config-version.cmake
[31.035s] -- Installing: /home/eecms/tb4_ws/install/tb4_cpp_prac3/share/tb4_cpp_prac3/package.xml
[31.052s] Invoked command in '/home/eecms/tb4_ws/build/tb4_cpp_prac3' returned '0': CMAKE_PREFIX_PATH=/opt/ros/humble /usr/bin/cmake --install /home/eecms/tb4_ws/build/tb4_cpp_prac3
