[0.026s] Invoking command in '/home/eecms/tb4_ws/build/tb4_cpp_prac3': CMAKE_PREFIX_PATH=${CMAKE_PREFIX_PATH}:/opt/ros/humble /usr/bin/cmake --build /home/eecms/tb4_ws/build/tb4_cpp_prac3 -- -j6 -l6
[0.109s] [ 50%] Built target person_follower
[0.132s] [35m[1mConsolidate compiler generated dependencies of target wall_follower[0m
[0.161s] [ 75%] [32mBuilding CXX object CMakeFiles/wall_follower.dir/src/wall_follower.cpp.o[0m
[9.539s] [100%] [32m[1mLinking CXX executable wall_follower[0m
[9.958s] [100%] Built target wall_follower
[9.978s] Invoked command in '/home/eecms/tb4_ws/build/tb4_cpp_prac3' returned '0': CMAKE_PREFIX_PATH=${CMAKE_PREFIX_PATH}:/opt/ros/humble /usr/bin/cmake --build /home/eecms/tb4_ws/build/tb4_cpp_prac3 -- -j6 -l6
[9.978s] Invoking command in '/home/eecms/tb4_ws/build/tb4_cpp_prac3': CMAKE_PREFIX_PATH=${CMAKE_PREFIX_PATH}:/opt/ros/humble /usr/bin/cmake --install /home/eecms/tb4_ws/build/tb4_cpp_prac3
[9.984s] -- Install configuration: ""
[9.984s] -- Up-to-date: /home/eecms/tb4_ws/install/tb4_cpp_prac3/lib/tb4_cpp_prac3/person_follower
[9.984s] -- Up-to-date: /home/eecms/tb4_ws/install/tb4_cpp_prac3/lib/tb4_cpp_prac3/person_follower
[9.984s] -- Installing: /home/eecms/tb4_ws/install/tb4_cpp_prac3/lib/tb4_cpp_prac3/wall_follower
[9.988s] -- Set runtime path of "/home/eecms/tb4_ws/install/tb4_cpp_prac3/lib/tb4_cpp_prac3/wall_follower" to ""
[9.988s] -- Up-to-date: /home/eecms/tb4_ws/install/tb4_cpp_prac3/share/ament_index/resource_index/package_run_dependencies/tb4_cpp_prac3
[9.988s] -- Up-to-date: /home/eecms/tb4_ws/install/tb4_cpp_prac3/share/ament_index/resource_index/parent_prefix_path/tb4_cpp_prac3
[9.988s] -- Up-to-date: /home/eecms/tb4_ws/install/tb4_cpp_prac3/share/tb4_cpp_prac3/environment/ament_prefix_path.sh
[9.989s] -- Up-to-date: /home/eecms/tb4_ws/install/tb4_cpp_prac3/share/tb4_cpp_prac3/environment/ament_prefix_path.dsv
[9.989s] -- Up-to-date: /home/eecms/tb4_ws/install/tb4_cpp_prac3/share/tb4_cpp_prac3/environment/path.sh
[9.989s] -- Up-to-date: /home/eecms/tb4_ws/install/tb4_cpp_prac3/share/tb4_cpp_prac3/environment/path.dsv
[9.989s] -- Up-to-date: /home/eecms/tb4_ws/install/tb4_cpp_prac3/share/tb4_cpp_prac3/local_setup.bash
[9.989s] -- Up-to-date: /home/eecms/tb4_ws/install/tb4_cpp_prac3/share/tb4_cpp_prac3/local_setup.sh
[9.989s] -- Up-to-date: /home/eecms/tb4_ws/install/tb4_cpp_prac3/share/tb4_cpp_prac3/local_setup.zsh
[9.989s] -- Up-to-date: /home/eecms/tb4_ws/install/tb4_cpp_prac3/share/tb4_cpp_prac3/local_setup.dsv
[9.989s] -- Installing: /home/eecms/tb4_ws/install/tb4_cpp_prac3/share/tb4_cpp_prac3/package.dsv
[9.989s] -- Up-to-date: /home/eecms/tb4_ws/install/tb4_cpp_prac3/share/ament_index/resource_index/packages/tb4_cpp_prac3
[9.989s] -- Up-to-date: /home/eecms/tb4_ws/install/tb4_cpp_prac3/share/tb4_cpp_prac3/cmake/tb4_cpp_prac3Config.cmake
[9.989s] -- Up-to-date: /home/eecms/tb4_ws/install/tb4_cpp_prac3/share/tb4_cpp_prac3/cmake/tb4_cpp_prac3Config-version.cmake
[9.989s] -- Up-to-date: /home/eecms/tb4_ws/install/tb4_cpp_prac3/share/tb4_cpp_prac3/package.xml
[9.994s] Invoked command in '/home/eecms/tb4_ws/build/tb4_cpp_prac3' returned '0': CMAKE_PREFIX_PATH=${CMAKE_PREFIX_PATH}:/opt/ros/humble /usr/bin/cmake --install /home/eecms/tb4_ws/build/tb4_cpp_prac3
