[0.073s] Invoking command in '/home/robotai/tb4_ws/build/tb4_cpp_prac7': CMAKE_PREFIX_PATH=/opt/ros/humble /usr/bin/cmake --build /home/robotai/tb4_ws/build/tb4_cpp_prac7 -- -j6 -l6
[0.211s] [35m[1mConsolidate compiler generated dependencies of target iar_astar_planner[0m
[0.271s] [100%] Built target iar_astar_planner
[0.335s] Invoked command in '/home/robotai/tb4_ws/build/tb4_cpp_prac7' returned '0': CMAKE_PREFIX_PATH=/opt/ros/humble /usr/bin/cmake --build /home/robotai/tb4_ws/build/tb4_cpp_prac7 -- -j6 -l6
[0.339s] Invoking command in '/home/robotai/tb4_ws/build/tb4_cpp_prac7': CMAKE_PREFIX_PATH=/opt/ros/humble /usr/bin/cmake --install /home/robotai/tb4_ws/build/tb4_cpp_prac7
[0.365s] -- Install configuration: ""
[0.365s] -- Up-to-date: /home/robotai/tb4_ws/install/tb4_cpp_prac7/share/tb4_cpp_prac7/iar_astar_planner.xml
[0.365s] -- Up-to-date: /home/robotai/tb4_ws/install/tb4_cpp_prac7/include
[0.365s] -- Up-to-date: /home/robotai/tb4_ws/install/tb4_cpp_prac7/include/iar_astar_planner
[0.365s] -- Up-to-date: /home/robotai/tb4_ws/install/tb4_cpp_prac7/include/iar_astar_planner/navfn.hpp
[0.366s] -- Up-to-date: /home/robotai/tb4_ws/install/tb4_cpp_prac7/include/iar_astar_planner/iar_astar_planner.hpp
[0.366s] -- Up-to-date: /home/robotai/tb4_ws/install/tb4_cpp_prac7/lib/libiar_astar_planner.so
[0.366s] -- Up-to-date: /home/robotai/tb4_ws/install/tb4_cpp_prac7/share/tb4_cpp_prac7//launch
[0.374s] -- Up-to-date: /home/robotai/tb4_ws/install/tb4_cpp_prac7/share/tb4_cpp_prac7//launch/navigation_launch.py
[0.374s] -- Up-to-date: /home/robotai/tb4_ws/install/tb4_cpp_prac7/share/tb4_cpp_prac7//config
[0.374s] -- Up-to-date: /home/robotai/tb4_ws/install/tb4_cpp_prac7/share/tb4_cpp_prac7//config/nav2_params.yaml
[0.374s] -- Up-to-date: /home/robotai/tb4_ws/install/tb4_cpp_prac7/share/tb4_cpp_prac7/environment/library_path.sh
[0.374s] -- Up-to-date: /home/robotai/tb4_ws/install/tb4_cpp_prac7/share/tb4_cpp_prac7/environment/library_path.dsv
[0.374s] -- Up-to-date: /home/robotai/tb4_ws/install/tb4_cpp_prac7/share/ament_index/resource_index/package_run_dependencies/tb4_cpp_prac7
[0.374s] -- Up-to-date: /home/robotai/tb4_ws/install/tb4_cpp_prac7/share/ament_index/resource_index/parent_prefix_path/tb4_cpp_prac7
[0.375s] -- Up-to-date: /home/robotai/tb4_ws/install/tb4_cpp_prac7/share/tb4_cpp_prac7/environment/ament_prefix_path.sh
[0.375s] -- Up-to-date: /home/robotai/tb4_ws/install/tb4_cpp_prac7/share/tb4_cpp_prac7/environment/ament_prefix_path.dsv
[0.375s] -- Up-to-date: /home/robotai/tb4_ws/install/tb4_cpp_prac7/share/tb4_cpp_prac7/environment/path.sh
[0.375s] -- Up-to-date: /home/robotai/tb4_ws/install/tb4_cpp_prac7/share/tb4_cpp_prac7/environment/path.dsv
[0.375s] -- Up-to-date: /home/robotai/tb4_ws/install/tb4_cpp_prac7/share/tb4_cpp_prac7/local_setup.bash
[0.375s] -- Up-to-date: /home/robotai/tb4_ws/install/tb4_cpp_prac7/share/tb4_cpp_prac7/local_setup.sh
[0.375s] -- Up-to-date: /home/robotai/tb4_ws/install/tb4_cpp_prac7/share/tb4_cpp_prac7/local_setup.zsh
[0.375s] -- Up-to-date: /home/robotai/tb4_ws/install/tb4_cpp_prac7/share/tb4_cpp_prac7/local_setup.dsv
[0.375s] -- Installing: /home/robotai/tb4_ws/install/tb4_cpp_prac7/share/tb4_cpp_prac7/package.dsv
[0.375s] -- Up-to-date: /home/robotai/tb4_ws/install/tb4_cpp_prac7/share/ament_index/resource_index/packages/tb4_cpp_prac7
[0.375s] -- Up-to-date: /home/robotai/tb4_ws/install/tb4_cpp_prac7/share/ament_index/resource_index/nav2_core__pluginlib__plugin/tb4_cpp_prac7
[0.375s] -- Up-to-date: /home/robotai/tb4_ws/install/tb4_cpp_prac7/share/tb4_cpp_prac7/cmake/export_tb4_cpp_prac7Export.cmake
[0.375s] -- Up-to-date: /home/robotai/tb4_ws/install/tb4_cpp_prac7/share/tb4_cpp_prac7/cmake/export_tb4_cpp_prac7Export-noconfig.cmake
[0.375s] -- Up-to-date: /home/robotai/tb4_ws/install/tb4_cpp_prac7/share/tb4_cpp_prac7/cmake/ament_cmake_export_include_directories-extras.cmake
[0.375s] -- Up-to-date: /home/robotai/tb4_ws/install/tb4_cpp_prac7/share/tb4_cpp_prac7/cmake/ament_cmake_export_libraries-extras.cmake
[0.375s] -- Up-to-date: /home/robotai/tb4_ws/install/tb4_cpp_prac7/share/tb4_cpp_prac7/cmake/ament_cmake_export_targets-extras.cmake
[0.383s] -- Up-to-date: /home/robotai/tb4_ws/install/tb4_cpp_prac7/share/tb4_cpp_prac7/cmake/tb4_cpp_prac7Config.cmake
[0.383s] -- Up-to-date: /home/robotai/tb4_ws/install/tb4_cpp_prac7/share/tb4_cpp_prac7/cmake/tb4_cpp_prac7Config-version.cmake
[0.383s] -- Up-to-date: /home/robotai/tb4_ws/install/tb4_cpp_prac7/share/tb4_cpp_prac7/package.xml
[0.414s] Invoked command in '/home/robotai/tb4_ws/build/tb4_cpp_prac7' returned '0': CMAKE_PREFIX_PATH=/opt/ros/humble /usr/bin/cmake --install /home/robotai/tb4_ws/build/tb4_cpp_prac7
