[0.023s] Invoking command in '/home/robotai/tb4_ws/build/tb4_cpp_prac3': CMAKE_PREFIX_PATH=${CMAKE_PREFIX_PATH}:/opt/ros/humble /usr/bin/cmake --build /home/robotai/tb4_ws/build/tb4_cpp_prac3 -- -j8 -l8
[0.080s] [35m[1mConsolidate compiler generated dependencies of target person_follower[0m
[0.081s] [35m[1mConsolidate compiler generated dependencies of target wall_follower[0m
[0.106s] [ 25%] [32mBuilding CXX object CMakeFiles/person_follower.dir/src/person_follower.cpp.o[0m
[0.108s] [ 75%] Built target wall_follower
[8.673s] [100%] [32m[1mLinking CXX executable person_follower[0m
[9.128s] [100%] Built target person_follower
[9.140s] Invoked command in '/home/robotai/tb4_ws/build/tb4_cpp_prac3' returned '0': CMAKE_PREFIX_PATH=${CMAKE_PREFIX_PATH}:/opt/ros/humble /usr/bin/cmake --build /home/robotai/tb4_ws/build/tb4_cpp_prac3 -- -j8 -l8
[9.185s] Invoking command in '/home/robotai/tb4_ws/build/tb4_cpp_prac3': CMAKE_PREFIX_PATH=${CMAKE_PREFIX_PATH}:/opt/ros/humble /usr/bin/cmake --install /home/robotai/tb4_ws/build/tb4_cpp_prac3
[9.193s] -- Install configuration: ""
[9.193s] -- Installing: /home/robotai/tb4_ws/install/tb4_cpp_prac3/lib/tb4_cpp_prac3/person_follower
[9.203s] -- Set runtime path of "/home/robotai/tb4_ws/install/tb4_cpp_prac3/lib/tb4_cpp_prac3/person_follower" to ""
[9.204s] -- Up-to-date: /home/robotai/tb4_ws/install/tb4_cpp_prac3/lib/tb4_cpp_prac3/person_follower
[9.204s] -- Up-to-date: /home/robotai/tb4_ws/install/tb4_cpp_prac3/lib/tb4_cpp_prac3/wall_follower
[9.204s] -- Up-to-date: /home/robotai/tb4_ws/install/tb4_cpp_prac3/share/ament_index/resource_index/package_run_dependencies/tb4_cpp_prac3
[9.204s] -- Up-to-date: /home/robotai/tb4_ws/install/tb4_cpp_prac3/share/ament_index/resource_index/parent_prefix_path/tb4_cpp_prac3
[9.204s] -- Up-to-date: /home/robotai/tb4_ws/install/tb4_cpp_prac3/share/tb4_cpp_prac3/environment/ament_prefix_path.sh
[9.204s] -- Up-to-date: /home/robotai/tb4_ws/install/tb4_cpp_prac3/share/tb4_cpp_prac3/environment/ament_prefix_path.dsv
[9.204s] -- Up-to-date: /home/robotai/tb4_ws/install/tb4_cpp_prac3/share/tb4_cpp_prac3/environment/path.sh
[9.204s] -- Up-to-date: /home/robotai/tb4_ws/install/tb4_cpp_prac3/share/tb4_cpp_prac3/environment/path.dsv
[9.205s] -- Up-to-date: /home/robotai/tb4_ws/install/tb4_cpp_prac3/share/tb4_cpp_prac3/local_setup.bash
[9.205s] -- Up-to-date: /home/robotai/tb4_ws/install/tb4_cpp_prac3/share/tb4_cpp_prac3/local_setup.sh
[9.205s] -- Up-to-date: /home/robotai/tb4_ws/install/tb4_cpp_prac3/share/tb4_cpp_prac3/local_setup.zsh
[9.205s] -- Up-to-date: /home/robotai/tb4_ws/install/tb4_cpp_prac3/share/tb4_cpp_prac3/local_setup.dsv
[9.206s] -- Installing: /home/robotai/tb4_ws/install/tb4_cpp_prac3/share/tb4_cpp_prac3/package.dsv
[9.206s] -- Up-to-date: /home/robotai/tb4_ws/install/tb4_cpp_prac3/share/ament_index/resource_index/packages/tb4_cpp_prac3
[9.206s] -- Up-to-date: /home/robotai/tb4_ws/install/tb4_cpp_prac3/share/tb4_cpp_prac3/cmake/tb4_cpp_prac3Config.cmake
[9.206s] -- Up-to-date: /home/robotai/tb4_ws/install/tb4_cpp_prac3/share/tb4_cpp_prac3/cmake/tb4_cpp_prac3Config-version.cmake
[9.206s] -- Up-to-date: /home/robotai/tb4_ws/install/tb4_cpp_prac3/share/tb4_cpp_prac3/package.xml
[9.207s] Invoked command in '/home/robotai/tb4_ws/build/tb4_cpp_prac3' returned '0': CMAKE_PREFIX_PATH=${CMAKE_PREFIX_PATH}:/opt/ros/humble /usr/bin/cmake --install /home/robotai/tb4_ws/build/tb4_cpp_prac3
