[0.102s] DEBUG:colcon:Command line arguments: ['/usr/bin/colcon', 'build']
[0.103s] DEBUG:colcon:Parsed command line arguments: Namespace(log_base=None, log_level=None, verb_name='build', build_base='build', install_base='install', merge_install=False, symlink_install=False, test_result_base=None, continue_on_error=False, executor='parallel', parallel_workers=8, event_handlers=None, ignore_user_meta=False, metas=['./colcon.meta'], base_paths=['.'], packages_ignore=None, packages_ignore_regex=None, paths=None, packages_up_to=None, packages_up_to_regex=None, packages_above=None, packages_above_and_dependencies=None, packages_above_depth=None, packages_select_by_dep=None, packages_skip_by_dep=None, packages_skip_up_to=None, packages_select_build_failed=False, packages_skip_build_finished=False, packages_select_test_failures=False, packages_skip_test_passed=False, packages_select=None, packages_skip=None, packages_select_regex=None, packages_skip_regex=None, packages_start=None, packages_end=None, allow_overriding=[], cmake_args=None, cmake_target=None, cmake_target_skip_unavailable=False, cmake_clean_cache=False, cmake_clean_first=False, cmake_force_configure=False, ament_cmake_args=None, catkin_cmake_args=None, catkin_skip_building_tests=False, mixin_files=None, mixin=None, verb_parser=<colcon_mixin.mixin.mixin_argument.MixinArgumentDecorator object at 0x70dbb17589a0>, verb_extension=<colcon_core.verb.build.BuildVerb object at 0x70dbb1851150>, main=<bound method BuildVerb.main of <colcon_core.verb.build.BuildVerb object at 0x70dbb1851150>>, mixin_verb=('build',))
[0.282s] Level 1:colcon.colcon_core.package_discovery:discover_packages(colcon_meta) check parameters
[0.282s] Level 1:colcon.colcon_core.package_discovery:discover_packages(recursive) check parameters
[0.282s] Level 1:colcon.colcon_core.package_discovery:discover_packages(ignore) check parameters
[0.282s] Level 1:colcon.colcon_core.package_discovery:discover_packages(path) check parameters
[0.282s] Level 1:colcon.colcon_core.package_discovery:discover_packages(colcon_meta) discover
[0.282s] Level 1:colcon.colcon_core.package_discovery:discover_packages(recursive) discover
[0.282s] INFO:colcon.colcon_core.package_discovery:Crawling recursively for packages in '/home/robotai/tb4_ws'
[0.282s] Level 1:colcon.colcon_core.package_identification:_identify(.) by extensions ['ignore', 'ignore_ament_install']
[0.283s] Level 1:colcon.colcon_core.package_identification:_identify(.) by extension 'ignore'
[0.283s] Level 1:colcon.colcon_core.package_identification:_identify(.) by extension 'ignore_ament_install'
[0.283s] Level 1:colcon.colcon_core.package_identification:_identify(.) by extensions ['colcon_pkg']
[0.283s] Level 1:colcon.colcon_core.package_identification:_identify(.) by extension 'colcon_pkg'
[0.283s] Level 1:colcon.colcon_core.package_identification:_identify(.) by extensions ['colcon_meta']
[0.283s] Level 1:colcon.colcon_core.package_identification:_identify(.) by extension 'colcon_meta'
[0.283s] Level 1:colcon.colcon_core.package_identification:_identify(.) by extensions ['ros']
[0.283s] Level 1:colcon.colcon_core.package_identification:_identify(.) by extension 'ros'
[0.294s] Level 1:colcon.colcon_core.package_identification:_identify(.) by extensions ['cmake', 'python']
[0.295s] Level 1:colcon.colcon_core.package_identification:_identify(.) by extension 'cmake'
[0.295s] Level 1:colcon.colcon_core.package_identification:_identify(.) by extension 'python'
[0.295s] Level 1:colcon.colcon_core.package_identification:_identify(.) by extensions ['python_setup_py']
[0.295s] Level 1:colcon.colcon_core.package_identification:_identify(.) by extension 'python_setup_py'
[0.295s] Level 1:colcon.colcon_core.package_identification:_identify(build) by extensions ['ignore', 'ignore_ament_install']
[0.295s] Level 1:colcon.colcon_core.package_identification:_identify(build) by extension 'ignore'
[0.295s] Level 1:colcon.colcon_core.package_identification:_identify(build) ignored
[0.295s] Level 1:colcon.colcon_core.package_identification:_identify(install) by extensions ['ignore', 'ignore_ament_install']
[0.295s] Level 1:colcon.colcon_core.package_identification:_identify(install) by extension 'ignore'
[0.295s] Level 1:colcon.colcon_core.package_identification:_identify(install) ignored
[0.296s] Level 1:colcon.colcon_core.package_identification:_identify(log) by extensions ['ignore', 'ignore_ament_install']
[0.296s] Level 1:colcon.colcon_core.package_identification:_identify(log) by extension 'ignore'
[0.296s] Level 1:colcon.colcon_core.package_identification:_identify(log) ignored
[0.296s] Level 1:colcon.colcon_core.package_identification:_identify(src) by extensions ['ignore', 'ignore_ament_install']
[0.296s] Level 1:colcon.colcon_core.package_identification:_identify(src) by extension 'ignore'
[0.296s] Level 1:colcon.colcon_core.package_identification:_identify(src) by extension 'ignore_ament_install'
[0.296s] Level 1:colcon.colcon_core.package_identification:_identify(src) by extensions ['colcon_pkg']
[0.296s] Level 1:colcon.colcon_core.package_identification:_identify(src) by extension 'colcon_pkg'
[0.296s] Level 1:colcon.colcon_core.package_identification:_identify(src) by extensions ['colcon_meta']
[0.296s] Level 1:colcon.colcon_core.package_identification:_identify(src) by extension 'colcon_meta'
[0.296s] Level 1:colcon.colcon_core.package_identification:_identify(src) by extensions ['ros']
[0.296s] Level 1:colcon.colcon_core.package_identification:_identify(src) by extension 'ros'
[0.297s] Level 1:colcon.colcon_core.package_identification:_identify(src) by extensions ['cmake', 'python']
[0.297s] Level 1:colcon.colcon_core.package_identification:_identify(src) by extension 'cmake'
[0.297s] Level 1:colcon.colcon_core.package_identification:_identify(src) by extension 'python'
[0.297s] Level 1:colcon.colcon_core.package_identification:_identify(src) by extensions ['python_setup_py']
[0.297s] Level 1:colcon.colcon_core.package_identification:_identify(src) by extension 'python_setup_py'
[0.297s] Level 1:colcon.colcon_core.package_identification:_identify(src/tb4_cpp_prac1) by extensions ['ignore', 'ignore_ament_install']
[0.297s] Level 1:colcon.colcon_core.package_identification:_identify(src/tb4_cpp_prac1) by extension 'ignore'
[0.297s] Level 1:colcon.colcon_core.package_identification:_identify(src/tb4_cpp_prac1) by extension 'ignore_ament_install'
[0.297s] Level 1:colcon.colcon_core.package_identification:_identify(src/tb4_cpp_prac1) by extensions ['colcon_pkg']
[0.297s] Level 1:colcon.colcon_core.package_identification:_identify(src/tb4_cpp_prac1) by extension 'colcon_pkg'
[0.297s] Level 1:colcon.colcon_core.package_identification:_identify(src/tb4_cpp_prac1) by extensions ['colcon_meta']
[0.297s] Level 1:colcon.colcon_core.package_identification:_identify(src/tb4_cpp_prac1) by extension 'colcon_meta'
[0.297s] Level 1:colcon.colcon_core.package_identification:_identify(src/tb4_cpp_prac1) by extensions ['ros']
[0.297s] Level 1:colcon.colcon_core.package_identification:_identify(src/tb4_cpp_prac1) by extension 'ros'
[0.300s] DEBUG:colcon.colcon_core.package_identification:Package 'src/tb4_cpp_prac1' with type 'ros.ament_cmake' and name 'tb4_cpp_prac1'
[0.300s] Level 1:colcon.colcon_core.package_identification:_identify(src/tb4_cpp_prac2) by extensions ['ignore', 'ignore_ament_install']
[0.300s] Level 1:colcon.colcon_core.package_identification:_identify(src/tb4_cpp_prac2) by extension 'ignore'
[0.300s] Level 1:colcon.colcon_core.package_identification:_identify(src/tb4_cpp_prac2) by extension 'ignore_ament_install'
[0.300s] Level 1:colcon.colcon_core.package_identification:_identify(src/tb4_cpp_prac2) by extensions ['colcon_pkg']
[0.300s] Level 1:colcon.colcon_core.package_identification:_identify(src/tb4_cpp_prac2) by extension 'colcon_pkg'
[0.300s] Level 1:colcon.colcon_core.package_identification:_identify(src/tb4_cpp_prac2) by extensions ['colcon_meta']
[0.300s] Level 1:colcon.colcon_core.package_identification:_identify(src/tb4_cpp_prac2) by extension 'colcon_meta'
[0.300s] Level 1:colcon.colcon_core.package_identification:_identify(src/tb4_cpp_prac2) by extensions ['ros']
[0.300s] Level 1:colcon.colcon_core.package_identification:_identify(src/tb4_cpp_prac2) by extension 'ros'
[0.301s] DEBUG:colcon.colcon_core.package_identification:Package 'src/tb4_cpp_prac2' with type 'ros.ament_cmake' and name 'tb4_cpp_prac2'
[0.301s] Level 1:colcon.colcon_core.package_identification:_identify(src/tb4_cpp_prac3) by extensions ['ignore', 'ignore_ament_install']
[0.301s] Level 1:colcon.colcon_core.package_identification:_identify(src/tb4_cpp_prac3) by extension 'ignore'
[0.302s] Level 1:colcon.colcon_core.package_identification:_identify(src/tb4_cpp_prac3) by extension 'ignore_ament_install'
[0.302s] Level 1:colcon.colcon_core.package_identification:_identify(src/tb4_cpp_prac3) by extensions ['colcon_pkg']
[0.302s] Level 1:colcon.colcon_core.package_identification:_identify(src/tb4_cpp_prac3) by extension 'colcon_pkg'
[0.302s] Level 1:colcon.colcon_core.package_identification:_identify(src/tb4_cpp_prac3) by extensions ['colcon_meta']
[0.302s] Level 1:colcon.colcon_core.package_identification:_identify(src/tb4_cpp_prac3) by extension 'colcon_meta'
[0.302s] Level 1:colcon.colcon_core.package_identification:_identify(src/tb4_cpp_prac3) by extensions ['ros']
[0.302s] Level 1:colcon.colcon_core.package_identification:_identify(src/tb4_cpp_prac3) by extension 'ros'
[0.302s] DEBUG:colcon.colcon_core.package_identification:Package 'src/tb4_cpp_prac3' with type 'ros.ament_cmake' and name 'tb4_cpp_prac3'
[0.303s] Level 1:colcon.colcon_core.package_discovery:discover_packages(recursive) using defaults
[0.303s] Level 1:colcon.colcon_core.package_discovery:discover_packages(ignore) discover
[0.303s] Level 1:colcon.colcon_core.package_discovery:discover_packages(ignore) using defaults
[0.303s] Level 1:colcon.colcon_core.package_discovery:discover_packages(path) discover
[0.303s] Level 1:colcon.colcon_core.package_discovery:discover_packages(path) using defaults
[0.323s] Level 1:colcon.colcon_core.package_discovery:discover_packages(prefix_path) check parameters
[0.323s] Level 1:colcon.colcon_core.package_discovery:discover_packages(prefix_path) discover
[0.325s] DEBUG:colcon.colcon_installed_package_information.package_discovery:Found 3 installed packages in /home/robotai/tb4_ws/install
[0.327s] DEBUG:colcon.colcon_installed_package_information.package_discovery:Found 380 installed packages in /opt/ros/humble
[0.345s] Level 1:colcon.colcon_core.package_discovery:discover_packages(prefix_path) using defaults
[0.397s] Level 5:colcon.colcon_core.verb:set package 'tb4_cpp_prac1' build argument 'cmake_args' from command line to 'None'
[0.397s] Level 5:colcon.colcon_core.verb:set package 'tb4_cpp_prac1' build argument 'cmake_target' from command line to 'None'
[0.397s] Level 5:colcon.colcon_core.verb:set package 'tb4_cpp_prac1' build argument 'cmake_target_skip_unavailable' from command line to 'False'
[0.397s] Level 5:colcon.colcon_core.verb:set package 'tb4_cpp_prac1' build argument 'cmake_clean_cache' from command line to 'False'
[0.397s] Level 5:colcon.colcon_core.verb:set package 'tb4_cpp_prac1' build argument 'cmake_clean_first' from command line to 'False'
[0.397s] Level 5:colcon.colcon_core.verb:set package 'tb4_cpp_prac1' build argument 'cmake_force_configure' from command line to 'False'
[0.397s] Level 5:colcon.colcon_core.verb:set package 'tb4_cpp_prac1' build argument 'ament_cmake_args' from command line to 'None'
[0.397s] Level 5:colcon.colcon_core.verb:set package 'tb4_cpp_prac1' build argument 'catkin_cmake_args' from command line to 'None'
[0.397s] Level 5:colcon.colcon_core.verb:set package 'tb4_cpp_prac1' build argument 'catkin_skip_building_tests' from command line to 'False'
[0.397s] DEBUG:colcon.colcon_core.verb:Building package 'tb4_cpp_prac1' with the following arguments: {'ament_cmake_args': None, 'build_base': '/home/robotai/tb4_ws/build/tb4_cpp_prac1', 'catkin_cmake_args': None, 'catkin_skip_building_tests': False, 'cmake_args': None, 'cmake_clean_cache': False, 'cmake_clean_first': False, 'cmake_force_configure': False, 'cmake_target': None, 'cmake_target_skip_unavailable': False, 'install_base': '/home/robotai/tb4_ws/install/tb4_cpp_prac1', 'merge_install': False, 'path': '/home/robotai/tb4_ws/src/tb4_cpp_prac1', 'symlink_install': False, 'test_result_base': None}
[0.398s] Level 5:colcon.colcon_core.verb:set package 'tb4_cpp_prac2' build argument 'cmake_args' from command line to 'None'
[0.398s] Level 5:colcon.colcon_core.verb:set package 'tb4_cpp_prac2' build argument 'cmake_target' from command line to 'None'
[0.398s] Level 5:colcon.colcon_core.verb:set package 'tb4_cpp_prac2' build argument 'cmake_target_skip_unavailable' from command line to 'False'
[0.398s] Level 5:colcon.colcon_core.verb:set package 'tb4_cpp_prac2' build argument 'cmake_clean_cache' from command line to 'False'
[0.398s] Level 5:colcon.colcon_core.verb:set package 'tb4_cpp_prac2' build argument 'cmake_clean_first' from command line to 'False'
[0.398s] Level 5:colcon.colcon_core.verb:set package 'tb4_cpp_prac2' build argument 'cmake_force_configure' from command line to 'False'
[0.398s] Level 5:colcon.colcon_core.verb:set package 'tb4_cpp_prac2' build argument 'ament_cmake_args' from command line to 'None'
[0.398s] Level 5:colcon.colcon_core.verb:set package 'tb4_cpp_prac2' build argument 'catkin_cmake_args' from command line to 'None'
[0.398s] Level 5:colcon.colcon_core.verb:set package 'tb4_cpp_prac2' build argument 'catkin_skip_building_tests' from command line to 'False'
[0.398s] DEBUG:colcon.colcon_core.verb:Building package 'tb4_cpp_prac2' with the following arguments: {'ament_cmake_args': None, 'build_base': '/home/robotai/tb4_ws/build/tb4_cpp_prac2', 'catkin_cmake_args': None, 'catkin_skip_building_tests': False, 'cmake_args': None, 'cmake_clean_cache': False, 'cmake_clean_first': False, 'cmake_force_configure': False, 'cmake_target': None, 'cmake_target_skip_unavailable': False, 'install_base': '/home/robotai/tb4_ws/install/tb4_cpp_prac2', 'merge_install': False, 'path': '/home/robotai/tb4_ws/src/tb4_cpp_prac2', 'symlink_install': False, 'test_result_base': None}
[0.398s] Level 5:colcon.colcon_core.verb:set package 'tb4_cpp_prac3' build argument 'cmake_args' from command line to 'None'
[0.398s] Level 5:colcon.colcon_core.verb:set package 'tb4_cpp_prac3' build argument 'cmake_target' from command line to 'None'
[0.399s] Level 5:colcon.colcon_core.verb:set package 'tb4_cpp_prac3' build argument 'cmake_target_skip_unavailable' from command line to 'False'
[0.399s] Level 5:colcon.colcon_core.verb:set package 'tb4_cpp_prac3' build argument 'cmake_clean_cache' from command line to 'False'
[0.399s] Level 5:colcon.colcon_core.verb:set package 'tb4_cpp_prac3' build argument 'cmake_clean_first' from command line to 'False'
[0.399s] Level 5:colcon.colcon_core.verb:set package 'tb4_cpp_prac3' build argument 'cmake_force_configure' from command line to 'False'
[0.399s] Level 5:colcon.colcon_core.verb:set package 'tb4_cpp_prac3' build argument 'ament_cmake_args' from command line to 'None'
[0.399s] Level 5:colcon.colcon_core.verb:set package 'tb4_cpp_prac3' build argument 'catkin_cmake_args' from command line to 'None'
[0.399s] Level 5:colcon.colcon_core.verb:set package 'tb4_cpp_prac3' build argument 'catkin_skip_building_tests' from command line to 'False'
[0.399s] DEBUG:colcon.colcon_core.verb:Building package 'tb4_cpp_prac3' with the following arguments: {'ament_cmake_args': None, 'build_base': '/home/robotai/tb4_ws/build/tb4_cpp_prac3', 'catkin_cmake_args': None, 'catkin_skip_building_tests': False, 'cmake_args': None, 'cmake_clean_cache': False, 'cmake_clean_first': False, 'cmake_force_configure': False, 'cmake_target': None, 'cmake_target_skip_unavailable': False, 'install_base': '/home/robotai/tb4_ws/install/tb4_cpp_prac3', 'merge_install': False, 'path': '/home/robotai/tb4_ws/src/tb4_cpp_prac3', 'symlink_install': False, 'test_result_base': None}
[0.399s] INFO:colcon.colcon_core.executor:Executing jobs using 'parallel' executor
[0.400s] DEBUG:colcon.colcon_parallel_executor.executor.parallel:run_until_complete
[0.400s] INFO:colcon.colcon_ros.task.ament_cmake.build:Building ROS package in '/home/robotai/tb4_ws/src/tb4_cpp_prac1' with build type 'ament_cmake'
[0.400s] INFO:colcon.colcon_cmake.task.cmake.build:Building CMake package in '/home/robotai/tb4_ws/src/tb4_cpp_prac1'
[0.403s] INFO:colcon.colcon_core.plugin_system:Skipping extension 'colcon_core.shell.bat': Not used on non-Windows systems
[0.403s] INFO:colcon.colcon_core.shell:Skip shell extension 'powershell' for command environment: Not usable outside of PowerShell
[0.403s] DEBUG:colcon.colcon_core.shell:Skip shell extension 'dsv' for command environment
[0.408s] INFO:colcon.colcon_ros.task.ament_cmake.build:Building ROS package in '/home/robotai/tb4_ws/src/tb4_cpp_prac2' with build type 'ament_cmake'
[0.408s] INFO:colcon.colcon_cmake.task.cmake.build:Building CMake package in '/home/robotai/tb4_ws/src/tb4_cpp_prac2'
[0.408s] INFO:colcon.colcon_core.shell:Skip shell extension 'powershell' for command environment: Not usable outside of PowerShell
[0.408s] DEBUG:colcon.colcon_core.shell:Skip shell extension 'dsv' for command environment
[0.414s] INFO:colcon.colcon_ros.task.ament_cmake.build:Building ROS package in '/home/robotai/tb4_ws/src/tb4_cpp_prac3' with build type 'ament_cmake'
[0.414s] INFO:colcon.colcon_cmake.task.cmake.build:Building CMake package in '/home/robotai/tb4_ws/src/tb4_cpp_prac3'
[0.415s] INFO:colcon.colcon_core.shell:Skip shell extension 'powershell' for command environment: Not usable outside of PowerShell
[0.415s] DEBUG:colcon.colcon_core.shell:Skip shell extension 'dsv' for command environment
[0.424s] DEBUG:colcon.colcon_core.event_handler.log_command:Invoking command in '/home/robotai/tb4_ws/build/tb4_cpp_prac1': CMAKE_PREFIX_PATH=${CMAKE_PREFIX_PATH}:/opt/ros/humble /usr/bin/cmake --build /home/robotai/tb4_ws/build/tb4_cpp_prac1 -- -j8 -l8
[0.431s] DEBUG:colcon.colcon_core.event_handler.log_command:Invoking command in '/home/robotai/tb4_ws/build/tb4_cpp_prac2': CMAKE_PREFIX_PATH=${CMAKE_PREFIX_PATH}:/opt/ros/humble /usr/bin/cmake --build /home/robotai/tb4_ws/build/tb4_cpp_prac2 -- -j8 -l8
[0.438s] DEBUG:colcon.colcon_core.event_handler.log_command:Invoking command in '/home/robotai/tb4_ws/build/tb4_cpp_prac3': CMAKE_PREFIX_PATH=${CMAKE_PREFIX_PATH}:/opt/ros/humble /usr/bin/cmake --build /home/robotai/tb4_ws/build/tb4_cpp_prac3 -- -j8 -l8
[0.523s] DEBUG:colcon.colcon_core.event_handler.log_command:Invoked command in '/home/robotai/tb4_ws/build/tb4_cpp_prac1' returned '0': CMAKE_PREFIX_PATH=${CMAKE_PREFIX_PATH}:/opt/ros/humble /usr/bin/cmake --build /home/robotai/tb4_ws/build/tb4_cpp_prac1 -- -j8 -l8
[0.524s] DEBUG:colcon.colcon_core.event_handler.log_command:Invoked command in '/home/robotai/tb4_ws/build/tb4_cpp_prac2' returned '0': CMAKE_PREFIX_PATH=${CMAKE_PREFIX_PATH}:/opt/ros/humble /usr/bin/cmake --build /home/robotai/tb4_ws/build/tb4_cpp_prac2 -- -j8 -l8
[0.568s] DEBUG:colcon.colcon_core.event_handler.log_command:Invoking command in '/home/robotai/tb4_ws/build/tb4_cpp_prac2': CMAKE_PREFIX_PATH=${CMAKE_PREFIX_PATH}:/opt/ros/humble /usr/bin/cmake --install /home/robotai/tb4_ws/build/tb4_cpp_prac2
[0.571s] DEBUG:colcon.colcon_core.event_handler.log_command:Invoking command in '/home/robotai/tb4_ws/build/tb4_cpp_prac1': CMAKE_PREFIX_PATH=${CMAKE_PREFIX_PATH}:/opt/ros/humble /usr/bin/cmake --install /home/robotai/tb4_ws/build/tb4_cpp_prac1
[0.582s] Level 1:colcon.colcon_core.environment:create_environment_scripts_only(tb4_cpp_prac2)
[0.583s] DEBUG:colcon.colcon_core.event_handler.log_command:Invoked command in '/home/robotai/tb4_ws/build/tb4_cpp_prac2' returned '0': CMAKE_PREFIX_PATH=${CMAKE_PREFIX_PATH}:/opt/ros/humble /usr/bin/cmake --install /home/robotai/tb4_ws/build/tb4_cpp_prac2
[0.588s] Level 1:colcon.colcon_core.environment:checking '/home/robotai/tb4_ws/install/tb4_cpp_prac2' for CMake module files
[0.589s] Level 1:colcon.colcon_core.environment:checking '/home/robotai/tb4_ws/install/tb4_cpp_prac2' for CMake config files
[0.589s] Level 1:colcon.colcon_core.shell:create_environment_hook('tb4_cpp_prac2', 'cmake_prefix_path')
[0.590s] INFO:colcon.colcon_core.shell:Creating environment hook '/home/robotai/tb4_ws/install/tb4_cpp_prac2/share/tb4_cpp_prac2/hook/cmake_prefix_path.ps1'
[0.590s] INFO:colcon.colcon_core.shell:Creating environment descriptor '/home/robotai/tb4_ws/install/tb4_cpp_prac2/share/tb4_cpp_prac2/hook/cmake_prefix_path.dsv'
[0.591s] INFO:colcon.colcon_core.shell:Creating environment hook '/home/robotai/tb4_ws/install/tb4_cpp_prac2/share/tb4_cpp_prac2/hook/cmake_prefix_path.sh'
[0.592s] Level 1:colcon.colcon_core.environment:checking '/home/robotai/tb4_ws/install/tb4_cpp_prac2/lib'
[0.592s] Level 1:colcon.colcon_core.environment:checking '/home/robotai/tb4_ws/install/tb4_cpp_prac2/bin'
[0.592s] Level 1:colcon.colcon_core.environment:checking '/home/robotai/tb4_ws/install/tb4_cpp_prac2/lib/pkgconfig/tb4_cpp_prac2.pc'
[0.593s] Level 1:colcon.colcon_core.environment:checking '/home/robotai/tb4_ws/install/tb4_cpp_prac2/lib/python3.10/site-packages'
[0.593s] Level 1:colcon.colcon_core.environment:checking '/home/robotai/tb4_ws/install/tb4_cpp_prac2/bin'
[0.593s] INFO:colcon.colcon_core.shell:Creating package script '/home/robotai/tb4_ws/install/tb4_cpp_prac2/share/tb4_cpp_prac2/package.ps1'
[0.594s] INFO:colcon.colcon_core.shell:Creating package descriptor '/home/robotai/tb4_ws/install/tb4_cpp_prac2/share/tb4_cpp_prac2/package.dsv'
[0.595s] INFO:colcon.colcon_core.shell:Creating package script '/home/robotai/tb4_ws/install/tb4_cpp_prac2/share/tb4_cpp_prac2/package.sh'
[0.595s] INFO:colcon.colcon_core.shell:Creating package script '/home/robotai/tb4_ws/install/tb4_cpp_prac2/share/tb4_cpp_prac2/package.bash'
[0.596s] INFO:colcon.colcon_core.shell:Creating package script '/home/robotai/tb4_ws/install/tb4_cpp_prac2/share/tb4_cpp_prac2/package.zsh'
[0.597s] Level 1:colcon.colcon_core.environment:create_file_with_runtime_dependencies(/home/robotai/tb4_ws/install/tb4_cpp_prac2/share/colcon-core/packages/tb4_cpp_prac2)
[0.598s] Level 1:colcon.colcon_core.environment:create_environment_scripts_only(tb4_cpp_prac1)
[0.599s] Level 1:colcon.colcon_core.environment:checking '/home/robotai/tb4_ws/install/tb4_cpp_prac1' for CMake module files
[0.599s] DEBUG:colcon.colcon_core.event_handler.log_command:Invoked command in '/home/robotai/tb4_ws/build/tb4_cpp_prac1' returned '0': CMAKE_PREFIX_PATH=${CMAKE_PREFIX_PATH}:/opt/ros/humble /usr/bin/cmake --install /home/robotai/tb4_ws/build/tb4_cpp_prac1
[0.600s] Level 1:colcon.colcon_core.environment:checking '/home/robotai/tb4_ws/install/tb4_cpp_prac1' for CMake config files
[0.600s] Level 1:colcon.colcon_core.shell:create_environment_hook('tb4_cpp_prac1', 'cmake_prefix_path')
[0.601s] INFO:colcon.colcon_core.shell:Creating environment hook '/home/robotai/tb4_ws/install/tb4_cpp_prac1/share/tb4_cpp_prac1/hook/cmake_prefix_path.ps1'
[0.601s] INFO:colcon.colcon_core.shell:Creating environment descriptor '/home/robotai/tb4_ws/install/tb4_cpp_prac1/share/tb4_cpp_prac1/hook/cmake_prefix_path.dsv'
[0.601s] INFO:colcon.colcon_core.shell:Creating environment hook '/home/robotai/tb4_ws/install/tb4_cpp_prac1/share/tb4_cpp_prac1/hook/cmake_prefix_path.sh'
[0.602s] Level 1:colcon.colcon_core.environment:checking '/home/robotai/tb4_ws/install/tb4_cpp_prac1/lib'
[0.602s] Level 1:colcon.colcon_core.environment:checking '/home/robotai/tb4_ws/install/tb4_cpp_prac1/bin'
[0.602s] Level 1:colcon.colcon_core.environment:checking '/home/robotai/tb4_ws/install/tb4_cpp_prac1/lib/pkgconfig/tb4_cpp_prac1.pc'
[0.602s] Level 1:colcon.colcon_core.environment:checking '/home/robotai/tb4_ws/install/tb4_cpp_prac1/lib/python3.10/site-packages'
[0.603s] Level 1:colcon.colcon_core.environment:checking '/home/robotai/tb4_ws/install/tb4_cpp_prac1/bin'
[0.603s] INFO:colcon.colcon_core.shell:Creating package script '/home/robotai/tb4_ws/install/tb4_cpp_prac1/share/tb4_cpp_prac1/package.ps1'
[0.604s] INFO:colcon.colcon_core.shell:Creating package descriptor '/home/robotai/tb4_ws/install/tb4_cpp_prac1/share/tb4_cpp_prac1/package.dsv'
[0.604s] INFO:colcon.colcon_core.shell:Creating package script '/home/robotai/tb4_ws/install/tb4_cpp_prac1/share/tb4_cpp_prac1/package.sh'
[0.605s] INFO:colcon.colcon_core.shell:Creating package script '/home/robotai/tb4_ws/install/tb4_cpp_prac1/share/tb4_cpp_prac1/package.bash'
[0.605s] INFO:colcon.colcon_core.shell:Creating package script '/home/robotai/tb4_ws/install/tb4_cpp_prac1/share/tb4_cpp_prac1/package.zsh'
[0.606s] Level 1:colcon.colcon_core.environment:create_file_with_runtime_dependencies(/home/robotai/tb4_ws/install/tb4_cpp_prac1/share/colcon-core/packages/tb4_cpp_prac1)
[0.628s] Level 1:colcon.colcon_core.environment:create_environment_scripts_only(tb4_cpp_prac2)
[0.628s] Level 1:colcon.colcon_core.environment:checking '/home/robotai/tb4_ws/install/tb4_cpp_prac2' for CMake module files
[0.629s] Level 1:colcon.colcon_core.environment:checking '/home/robotai/tb4_ws/install/tb4_cpp_prac2' for CMake config files
[0.630s] Level 1:colcon.colcon_core.shell:create_environment_hook('tb4_cpp_prac2', 'cmake_prefix_path')
[0.630s] INFO:colcon.colcon_core.shell:Creating environment hook '/home/robotai/tb4_ws/install/tb4_cpp_prac2/share/tb4_cpp_prac2/hook/cmake_prefix_path.ps1'
[0.631s] INFO:colcon.colcon_core.shell:Creating environment descriptor '/home/robotai/tb4_ws/install/tb4_cpp_prac2/share/tb4_cpp_prac2/hook/cmake_prefix_path.dsv'
[0.631s] INFO:colcon.colcon_core.shell:Creating environment hook '/home/robotai/tb4_ws/install/tb4_cpp_prac2/share/tb4_cpp_prac2/hook/cmake_prefix_path.sh'
[0.632s] Level 1:colcon.colcon_core.environment:checking '/home/robotai/tb4_ws/install/tb4_cpp_prac2/lib'
[0.632s] Level 1:colcon.colcon_core.environment:checking '/home/robotai/tb4_ws/install/tb4_cpp_prac2/bin'
[0.632s] Level 1:colcon.colcon_core.environment:checking '/home/robotai/tb4_ws/install/tb4_cpp_prac2/lib/pkgconfig/tb4_cpp_prac2.pc'
[0.632s] Level 1:colcon.colcon_core.environment:checking '/home/robotai/tb4_ws/install/tb4_cpp_prac2/lib/python3.10/site-packages'
[0.632s] Level 1:colcon.colcon_core.environment:checking '/home/robotai/tb4_ws/install/tb4_cpp_prac2/bin'
[0.633s] INFO:colcon.colcon_core.shell:Creating package script '/home/robotai/tb4_ws/install/tb4_cpp_prac2/share/tb4_cpp_prac2/package.ps1'
[0.633s] INFO:colcon.colcon_core.shell:Creating package descriptor '/home/robotai/tb4_ws/install/tb4_cpp_prac2/share/tb4_cpp_prac2/package.dsv'
[0.633s] INFO:colcon.colcon_core.shell:Creating package script '/home/robotai/tb4_ws/install/tb4_cpp_prac2/share/tb4_cpp_prac2/package.sh'
[0.634s] INFO:colcon.colcon_core.shell:Creating package script '/home/robotai/tb4_ws/install/tb4_cpp_prac2/share/tb4_cpp_prac2/package.bash'
[0.634s] INFO:colcon.colcon_core.shell:Creating package script '/home/robotai/tb4_ws/install/tb4_cpp_prac2/share/tb4_cpp_prac2/package.zsh'
[0.634s] Level 1:colcon.colcon_core.environment:create_file_with_runtime_dependencies(/home/robotai/tb4_ws/install/tb4_cpp_prac2/share/colcon-core/packages/tb4_cpp_prac2)
[0.647s] Level 1:colcon.colcon_core.environment:create_environment_scripts_only(tb4_cpp_prac1)
[0.648s] Level 1:colcon.colcon_core.environment:checking '/home/robotai/tb4_ws/install/tb4_cpp_prac1' for CMake module files
[0.648s] Level 1:colcon.colcon_core.environment:checking '/home/robotai/tb4_ws/install/tb4_cpp_prac1' for CMake config files
[0.648s] Level 1:colcon.colcon_core.shell:create_environment_hook('tb4_cpp_prac1', 'cmake_prefix_path')
[0.649s] INFO:colcon.colcon_core.shell:Creating environment hook '/home/robotai/tb4_ws/install/tb4_cpp_prac1/share/tb4_cpp_prac1/hook/cmake_prefix_path.ps1'
[0.649s] INFO:colcon.colcon_core.shell:Creating environment descriptor '/home/robotai/tb4_ws/install/tb4_cpp_prac1/share/tb4_cpp_prac1/hook/cmake_prefix_path.dsv'
[0.649s] INFO:colcon.colcon_core.shell:Creating environment hook '/home/robotai/tb4_ws/install/tb4_cpp_prac1/share/tb4_cpp_prac1/hook/cmake_prefix_path.sh'
[0.650s] Level 1:colcon.colcon_core.environment:checking '/home/robotai/tb4_ws/install/tb4_cpp_prac1/lib'
[0.650s] Level 1:colcon.colcon_core.environment:checking '/home/robotai/tb4_ws/install/tb4_cpp_prac1/bin'
[0.650s] Level 1:colcon.colcon_core.environment:checking '/home/robotai/tb4_ws/install/tb4_cpp_prac1/lib/pkgconfig/tb4_cpp_prac1.pc'
[0.650s] Level 1:colcon.colcon_core.environment:checking '/home/robotai/tb4_ws/install/tb4_cpp_prac1/lib/python3.10/site-packages'
[0.651s] Level 1:colcon.colcon_core.environment:checking '/home/robotai/tb4_ws/install/tb4_cpp_prac1/bin'
[0.651s] INFO:colcon.colcon_core.shell:Creating package script '/home/robotai/tb4_ws/install/tb4_cpp_prac1/share/tb4_cpp_prac1/package.ps1'
[0.651s] INFO:colcon.colcon_core.shell:Creating package descriptor '/home/robotai/tb4_ws/install/tb4_cpp_prac1/share/tb4_cpp_prac1/package.dsv'
[0.652s] INFO:colcon.colcon_core.shell:Creating package script '/home/robotai/tb4_ws/install/tb4_cpp_prac1/share/tb4_cpp_prac1/package.sh'
[0.652s] INFO:colcon.colcon_core.shell:Creating package script '/home/robotai/tb4_ws/install/tb4_cpp_prac1/share/tb4_cpp_prac1/package.bash'
[0.653s] INFO:colcon.colcon_core.shell:Creating package script '/home/robotai/tb4_ws/install/tb4_cpp_prac1/share/tb4_cpp_prac1/package.zsh'
[0.653s] Level 1:colcon.colcon_core.environment:create_file_with_runtime_dependencies(/home/robotai/tb4_ws/install/tb4_cpp_prac1/share/colcon-core/packages/tb4_cpp_prac1)
[9.555s] DEBUG:colcon.colcon_core.event_handler.log_command:Invoked command in '/home/robotai/tb4_ws/build/tb4_cpp_prac3' returned '0': CMAKE_PREFIX_PATH=${CMAKE_PREFIX_PATH}:/opt/ros/humble /usr/bin/cmake --build /home/robotai/tb4_ws/build/tb4_cpp_prac3 -- -j8 -l8
[9.599s] DEBUG:colcon.colcon_core.event_handler.log_command:Invoking command in '/home/robotai/tb4_ws/build/tb4_cpp_prac3': CMAKE_PREFIX_PATH=${CMAKE_PREFIX_PATH}:/opt/ros/humble /usr/bin/cmake --install /home/robotai/tb4_ws/build/tb4_cpp_prac3
[9.617s] Level 1:colcon.colcon_core.environment:create_environment_scripts_only(tb4_cpp_prac3)
[9.618s] Level 1:colcon.colcon_core.environment:checking '/home/robotai/tb4_ws/install/tb4_cpp_prac3' for CMake module files
[9.621s] Level 1:colcon.colcon_core.environment:checking '/home/robotai/tb4_ws/install/tb4_cpp_prac3' for CMake config files
[9.621s] DEBUG:colcon.colcon_core.event_handler.log_command:Invoked command in '/home/robotai/tb4_ws/build/tb4_cpp_prac3' returned '0': CMAKE_PREFIX_PATH=${CMAKE_PREFIX_PATH}:/opt/ros/humble /usr/bin/cmake --install /home/robotai/tb4_ws/build/tb4_cpp_prac3
[9.622s] Level 1:colcon.colcon_core.shell:create_environment_hook('tb4_cpp_prac3', 'cmake_prefix_path')
[9.622s] INFO:colcon.colcon_core.shell:Creating environment hook '/home/robotai/tb4_ws/install/tb4_cpp_prac3/share/tb4_cpp_prac3/hook/cmake_prefix_path.ps1'
[9.623s] INFO:colcon.colcon_core.shell:Creating environment descriptor '/home/robotai/tb4_ws/install/tb4_cpp_prac3/share/tb4_cpp_prac3/hook/cmake_prefix_path.dsv'
[9.623s] INFO:colcon.colcon_core.shell:Creating environment hook '/home/robotai/tb4_ws/install/tb4_cpp_prac3/share/tb4_cpp_prac3/hook/cmake_prefix_path.sh'
[9.623s] Level 1:colcon.colcon_core.environment:checking '/home/robotai/tb4_ws/install/tb4_cpp_prac3/lib'
[9.624s] Level 1:colcon.colcon_core.environment:checking '/home/robotai/tb4_ws/install/tb4_cpp_prac3/bin'
[9.624s] Level 1:colcon.colcon_core.environment:checking '/home/robotai/tb4_ws/install/tb4_cpp_prac3/lib/pkgconfig/tb4_cpp_prac3.pc'
[9.624s] Level 1:colcon.colcon_core.environment:checking '/home/robotai/tb4_ws/install/tb4_cpp_prac3/lib/python3.10/site-packages'
[9.624s] Level 1:colcon.colcon_core.environment:checking '/home/robotai/tb4_ws/install/tb4_cpp_prac3/bin'
[9.624s] INFO:colcon.colcon_core.shell:Creating package script '/home/robotai/tb4_ws/install/tb4_cpp_prac3/share/tb4_cpp_prac3/package.ps1'
[9.625s] INFO:colcon.colcon_core.shell:Creating package descriptor '/home/robotai/tb4_ws/install/tb4_cpp_prac3/share/tb4_cpp_prac3/package.dsv'
[9.625s] INFO:colcon.colcon_core.shell:Creating package script '/home/robotai/tb4_ws/install/tb4_cpp_prac3/share/tb4_cpp_prac3/package.sh'
[9.626s] INFO:colcon.colcon_core.shell:Creating package script '/home/robotai/tb4_ws/install/tb4_cpp_prac3/share/tb4_cpp_prac3/package.bash'
[9.626s] INFO:colcon.colcon_core.shell:Creating package script '/home/robotai/tb4_ws/install/tb4_cpp_prac3/share/tb4_cpp_prac3/package.zsh'
[9.626s] Level 1:colcon.colcon_core.environment:create_file_with_runtime_dependencies(/home/robotai/tb4_ws/install/tb4_cpp_prac3/share/colcon-core/packages/tb4_cpp_prac3)
[9.662s] Level 1:colcon.colcon_core.environment:create_environment_scripts_only(tb4_cpp_prac3)
[9.662s] Level 1:colcon.colcon_core.environment:checking '/home/robotai/tb4_ws/install/tb4_cpp_prac3' for CMake module files
[9.663s] Level 1:colcon.colcon_core.environment:checking '/home/robotai/tb4_ws/install/tb4_cpp_prac3' for CMake config files
[9.663s] Level 1:colcon.colcon_core.shell:create_environment_hook('tb4_cpp_prac3', 'cmake_prefix_path')
[9.663s] INFO:colcon.colcon_core.shell:Creating environment hook '/home/robotai/tb4_ws/install/tb4_cpp_prac3/share/tb4_cpp_prac3/hook/cmake_prefix_path.ps1'
[9.664s] INFO:colcon.colcon_core.shell:Creating environment descriptor '/home/robotai/tb4_ws/install/tb4_cpp_prac3/share/tb4_cpp_prac3/hook/cmake_prefix_path.dsv'
[9.664s] INFO:colcon.colcon_core.shell:Creating environment hook '/home/robotai/tb4_ws/install/tb4_cpp_prac3/share/tb4_cpp_prac3/hook/cmake_prefix_path.sh'
[9.665s] Level 1:colcon.colcon_core.environment:checking '/home/robotai/tb4_ws/install/tb4_cpp_prac3/lib'
[9.665s] Level 1:colcon.colcon_core.environment:checking '/home/robotai/tb4_ws/install/tb4_cpp_prac3/bin'
[9.665s] Level 1:colcon.colcon_core.environment:checking '/home/robotai/tb4_ws/install/tb4_cpp_prac3/lib/pkgconfig/tb4_cpp_prac3.pc'
[9.665s] Level 1:colcon.colcon_core.environment:checking '/home/robotai/tb4_ws/install/tb4_cpp_prac3/lib/python3.10/site-packages'
[9.665s] Level 1:colcon.colcon_core.environment:checking '/home/robotai/tb4_ws/install/tb4_cpp_prac3/bin'
[9.666s] INFO:colcon.colcon_core.shell:Creating package script '/home/robotai/tb4_ws/install/tb4_cpp_prac3/share/tb4_cpp_prac3/package.ps1'
[9.666s] INFO:colcon.colcon_core.shell:Creating package descriptor '/home/robotai/tb4_ws/install/tb4_cpp_prac3/share/tb4_cpp_prac3/package.dsv'
[9.667s] INFO:colcon.colcon_core.shell:Creating package script '/home/robotai/tb4_ws/install/tb4_cpp_prac3/share/tb4_cpp_prac3/package.sh'
[9.667s] INFO:colcon.colcon_core.shell:Creating package script '/home/robotai/tb4_ws/install/tb4_cpp_prac3/share/tb4_cpp_prac3/package.bash'
[9.668s] INFO:colcon.colcon_core.shell:Creating package script '/home/robotai/tb4_ws/install/tb4_cpp_prac3/share/tb4_cpp_prac3/package.zsh'
[9.668s] Level 1:colcon.colcon_core.environment:create_file_with_runtime_dependencies(/home/robotai/tb4_ws/install/tb4_cpp_prac3/share/colcon-core/packages/tb4_cpp_prac3)
[9.669s] DEBUG:colcon.colcon_parallel_executor.executor.parallel:closing loop
[9.669s] DEBUG:colcon.colcon_parallel_executor.executor.parallel:loop closed
[9.670s] DEBUG:colcon.colcon_parallel_executor.executor.parallel:run_until_complete finished with '0'
[9.670s] DEBUG:colcon.colcon_core.event_reactor:joining thread
[9.677s] INFO:colcon.colcon_core.plugin_system:Skipping extension 'colcon_notification.desktop_notification.terminal_notifier': Not used on non-Darwin systems
[9.677s] INFO:colcon.colcon_core.plugin_system:Skipping extension 'colcon_notification.desktop_notification.win32': Not used on non-Windows systems
[9.677s] INFO:colcon.colcon_notification.desktop_notification:Sending desktop notification using 'notify2'
[9.688s] DEBUG:colcon.colcon_core.event_reactor:joined thread
[9.688s] INFO:colcon.colcon_core.shell:Creating prefix script '/home/robotai/tb4_ws/install/local_setup.ps1'
[9.689s] INFO:colcon.colcon_core.shell:Creating prefix util module '/home/robotai/tb4_ws/install/_local_setup_util_ps1.py'
[9.690s] INFO:colcon.colcon_core.shell:Creating prefix chain script '/home/robotai/tb4_ws/install/setup.ps1'
[9.692s] INFO:colcon.colcon_core.shell:Creating prefix script '/home/robotai/tb4_ws/install/local_setup.sh'
[9.693s] INFO:colcon.colcon_core.shell:Creating prefix util module '/home/robotai/tb4_ws/install/_local_setup_util_sh.py'
[9.693s] INFO:colcon.colcon_core.shell:Creating prefix chain script '/home/robotai/tb4_ws/install/setup.sh'
[9.695s] INFO:colcon.colcon_core.shell:Creating prefix script '/home/robotai/tb4_ws/install/local_setup.bash'
[9.695s] INFO:colcon.colcon_core.shell:Creating prefix chain script '/home/robotai/tb4_ws/install/setup.bash'
[9.696s] INFO:colcon.colcon_core.shell:Creating prefix script '/home/robotai/tb4_ws/install/local_setup.zsh'
[9.697s] INFO:colcon.colcon_core.shell:Creating prefix chain script '/home/robotai/tb4_ws/install/setup.zsh'
