[0.027s] Invoking command in '/home/eecms/tb4_ws/build/tb4_cpp_prac1': CMAKE_PREFIX_PATH=/opt/ros/humble /usr/bin/cmake --build /home/eecms/tb4_ws/build/tb4_cpp_prac1 -- -j6 -l6
[0.236s] -- Found ament_cmake: 1.3.12 (/opt/ros/humble/share/ament_cmake/cmake)
[0.446s] -- Found rclcpp: 16.0.14 (/opt/ros/humble/share/rclcpp/cmake)
[0.541s] -- Found rosidl_generator_c: 3.1.7 (/opt/ros/humble/share/rosidl_generator_c/cmake)
[0.547s] -- Found rosidl_adapter: 3.1.7 (/opt/ros/humble/share/rosidl_adapter/cmake)
[0.562s] -- Found rosidl_generator_cpp: 3.1.7 (/opt/ros/humble/share/rosidl_generator_cpp/cmake)
[0.584s] -- Using all available rosidl_typesupport_c: rosidl_typesupport_fastrtps_c;rosidl_typesupport_introspection_c
[0.631s] -- Using all available rosidl_typesupport_cpp: rosidl_typesupport_fastrtps_cpp;rosidl_typesupport_introspection_cpp
[0.867s] -- Found rmw_implementation_cmake: 6.1.2 (/opt/ros/humble/share/rmw_implementation_cmake/cmake)
[0.877s] -- Found rmw_fastrtps_cpp: 6.2.8 (/opt/ros/humble/share/rmw_fastrtps_cpp/cmake)
[1.094s] -- Using RMW implementation 'rmw_fastrtps_cpp' as default
[1.254s] -- Found irobot_create_msgs: 2.1.0 (/opt/ros/humble/share/irobot_create_msgs/cmake)
[1.380s] -- Found std_srvs: 4.9.0 (/opt/ros/humble/share/std_srvs/cmake)
[1.400s] -- Found rclcpp_action: 16.0.14 (/opt/ros/humble/share/rclcpp_action/cmake)
[1.416s] -- Found nav_msgs: 4.9.0 (/opt/ros/humble/share/nav_msgs/cmake)
[1.449s] -- Found ament_lint_auto: 0.12.14 (/opt/ros/humble/share/ament_lint_auto/cmake)
[1.573s] -- Added test 'copyright' to check source files copyright and LICENSE
[1.574s] -- Added test 'cppcheck' to perform static code analysis on C / C++ code
[1.574s] -- Configured cppcheck include dirs: $<BUILD_INTERFACE:/home/eecms/tb4_ws/src/tb4_cpp_prac1/include>
[1.574s] -- Configured cppcheck exclude dirs and/or files: 
[1.575s] -- Added test 'cpplint' to check C / C++ code against the Google style
[1.575s] -- Configured cpplint exclude dirs and/or files: 
[1.576s] -- Added test 'lint_cmake' to check CMake code style
[1.578s] -- Added test 'uncrustify' to check C / C++ code style
[1.578s] -- Configured uncrustify additional arguments: 
[1.579s] -- Added test 'xmllint' to check XML markup files
[1.582s] -- Configuring done
[1.644s] -- Generating done
[1.654s] -- Build files have been written to: /home/eecms/tb4_ws/build/tb4_cpp_prac1
[1.682s] [35m[1mConsolidate compiler generated dependencies of target tb4_cpp_srv_server[0m
[1.682s] [35m[1mConsolidate compiler generated dependencies of target tb4_cpp_action_server[0m
[1.684s] [35m[1mConsolidate compiler generated dependencies of target tb4_cpp_node[0m
[1.930s] [ 16%] [32mBuilding CXX object CMakeFiles/tb4_cpp_node.dir/src/tb4_cpp_node.cpp.o[0m
[1.940s] [ 33%] [32mBuilding CXX object CMakeFiles/tb4_cpp_srv_server.dir/src/tb4_cpp_srv_server.cpp.o[0m
[1.972s] [ 50%] [32mBuilding CXX object CMakeFiles/tb4_cpp_action_server.dir/src/tb4_cpp_action_server.cpp.o[0m
[8.970s] [ 66%] [32m[1mLinking CXX executable tb4_cpp_srv_server[0m
[9.972s] [ 66%] Built target tb4_cpp_srv_server
[12.702s] [ 83%] [32m[1mLinking CXX executable tb4_cpp_node[0m
[13.160s] [ 83%] Built target tb4_cpp_node
[14.058s] [100%] [32m[1mLinking CXX executable tb4_cpp_action_server[0m
[14.545s] [100%] Built target tb4_cpp_action_server
[14.562s] Invoked command in '/home/eecms/tb4_ws/build/tb4_cpp_prac1' returned '0': CMAKE_PREFIX_PATH=/opt/ros/humble /usr/bin/cmake --build /home/eecms/tb4_ws/build/tb4_cpp_prac1 -- -j6 -l6
[14.572s] Invoking command in '/home/eecms/tb4_ws/build/tb4_cpp_prac1': CMAKE_PREFIX_PATH=/opt/ros/humble /usr/bin/cmake --install /home/eecms/tb4_ws/build/tb4_cpp_prac1
[14.582s] -- Install configuration: ""
[14.582s] -- Installing: /home/eecms/tb4_ws/install/tb4_cpp_prac1/lib/tb4_cpp_prac1/tb4_cpp_node
[14.586s] -- Set runtime path of "/home/eecms/tb4_ws/install/tb4_cpp_prac1/lib/tb4_cpp_prac1/tb4_cpp_node" to ""
[14.586s] -- Installing: /home/eecms/tb4_ws/install/tb4_cpp_prac1/lib/tb4_cpp_prac1/tb4_cpp_srv_server
[14.587s] -- Set runtime path of "/home/eecms/tb4_ws/install/tb4_cpp_prac1/lib/tb4_cpp_prac1/tb4_cpp_srv_server" to ""
[14.587s] -- Installing: /home/eecms/tb4_ws/install/tb4_cpp_prac1/lib/tb4_cpp_prac1/tb4_cpp_action_server
[14.591s] -- Set runtime path of "/home/eecms/tb4_ws/install/tb4_cpp_prac1/lib/tb4_cpp_prac1/tb4_cpp_action_server" to ""
[14.591s] -- Up-to-date: /home/eecms/tb4_ws/install/tb4_cpp_prac1/share/ament_index/resource_index/package_run_dependencies/tb4_cpp_prac1
[14.591s] -- Up-to-date: /home/eecms/tb4_ws/install/tb4_cpp_prac1/share/ament_index/resource_index/parent_prefix_path/tb4_cpp_prac1
[14.591s] -- Installing: /home/eecms/tb4_ws/install/tb4_cpp_prac1/share/tb4_cpp_prac1/environment/ament_prefix_path.sh
[14.591s] -- Installing: /home/eecms/tb4_ws/install/tb4_cpp_prac1/share/tb4_cpp_prac1/environment/ament_prefix_path.dsv
[14.592s] -- Installing: /home/eecms/tb4_ws/install/tb4_cpp_prac1/share/tb4_cpp_prac1/environment/path.sh
[14.592s] -- Installing: /home/eecms/tb4_ws/install/tb4_cpp_prac1/share/tb4_cpp_prac1/environment/path.dsv
[14.593s] -- Up-to-date: /home/eecms/tb4_ws/install/tb4_cpp_prac1/share/tb4_cpp_prac1/local_setup.bash
[14.593s] -- Up-to-date: /home/eecms/tb4_ws/install/tb4_cpp_prac1/share/tb4_cpp_prac1/local_setup.sh
[14.593s] -- Up-to-date: /home/eecms/tb4_ws/install/tb4_cpp_prac1/share/tb4_cpp_prac1/local_setup.zsh
[14.593s] -- Installing: /home/eecms/tb4_ws/install/tb4_cpp_prac1/share/tb4_cpp_prac1/local_setup.dsv
[14.594s] -- Installing: /home/eecms/tb4_ws/install/tb4_cpp_prac1/share/tb4_cpp_prac1/package.dsv
[14.595s] -- Up-to-date: /home/eecms/tb4_ws/install/tb4_cpp_prac1/share/ament_index/resource_index/packages/tb4_cpp_prac1
[14.595s] -- Up-to-date: /home/eecms/tb4_ws/install/tb4_cpp_prac1/share/tb4_cpp_prac1/cmake/tb4_cpp_prac1Config.cmake
[14.595s] -- Up-to-date: /home/eecms/tb4_ws/install/tb4_cpp_prac1/share/tb4_cpp_prac1/cmake/tb4_cpp_prac1Config-version.cmake
[14.595s] -- Up-to-date: /home/eecms/tb4_ws/install/tb4_cpp_prac1/share/tb4_cpp_prac1/package.xml
[14.597s] Invoked command in '/home/eecms/tb4_ws/build/tb4_cpp_prac1' returned '0': CMAKE_PREFIX_PATH=/opt/ros/humble /usr/bin/cmake --install /home/eecms/tb4_ws/build/tb4_cpp_prac1
