[0.047s] Invoking command in '/home/eecms/tb4_ws/build/tb4_cpp_prac3': CMAKE_PREFIX_PATH=/opt/ros/humble /usr/bin/cmake --build /home/eecms/tb4_ws/build/tb4_cpp_prac3 -- -j6 -l6
[0.113s] [35m[1mConsolidate compiler generated dependencies of target person_follower[0m
[0.147s] [ 50%] Built target person_follower
[0.164s] [35m[1mConsolidate compiler generated dependencies of target wall_follower[0m
[0.199s] [ 75%] [32mBuilding CXX object CMakeFiles/wall_follower.dir/src/wall_follower.cpp.o[0m
[2.530s] In file included from [01m[K/opt/ros/humble/include/rclcpp/rclcpp/logging.hpp:24[m[K,
[2.530s]                  from [01m[K/opt/ros/humble/include/rclcpp/rclcpp/client.hpp:40[m[K,
[2.530s]                  from [01m[K/opt/ros/humble/include/rclcpp/rclcpp/callback_group.hpp:24[m[K,
[2.530s]                  from [01m[K/opt/ros/humble/include/rclcpp/rclcpp/any_executable.hpp:20[m[K,
[2.530s]                  from [01m[K/opt/ros/humble/include/rclcpp/rclcpp/memory_strategy.hpp:25[m[K,
[2.530s]                  from [01m[K/opt/ros/humble/include/rclcpp/rclcpp/memory_strategies.hpp:18[m[K,
[2.531s]                  from [01m[K/opt/ros/humble/include/rclcpp/rclcpp/executor_options.hpp:20[m[K,
[2.531s]                  from [01m[K/opt/ros/humble/include/rclcpp/rclcpp/executor.hpp:37[m[K,
[2.531s]                  from [01m[K/opt/ros/humble/include/rclcpp/rclcpp/executors/multi_threaded_executor.hpp:25[m[K,
[2.531s]                  from [01m[K/opt/ros/humble/include/rclcpp/rclcpp/executors.hpp:21[m[K,
[2.531s]                  from [01m[K/opt/ros/humble/include/rclcpp/rclcpp/rclcpp.hpp:155[m[K,
[2.531s]                  from [01m[K/home/eecms/tb4_ws/src/tb4_cpp_prac3/src/wall_follower.cpp:8[m[K:
[2.531s] [01m[K/home/eecms/tb4_ws/src/tb4_cpp_prac3/src/wall_follower.cpp:[m[K In constructor ‘[01m[KWallFollower::WallFollower()[m[K’:
[2.531s] [01m[K/home/eecms/tb4_ws/src/tb4_cpp_prac3/src/wall_follower.cpp:50:41:[m[K [01;35m[Kwarning: [m[Kformat ‘[01m[K%lld[m[K’ expects argument of type ‘[01m[Klong long int[m[K’, but argument 5 has type ‘[01m[Kint64_t[m[K’ {aka ‘[01m[Klong int[m[K’} [[01;35m[K]8;;https://gcc.gnu.org/onlinedocs/gcc/Warning-Options.html#index-Wformat=-Wformat=]8;;[m[K]
[2.531s]    50 |         RCLCPP_INFO(this->get_logger(), [01;35m[K"wall_side: %lld"[m[K, [32m[Kwall_side_[m[K);
[2.531s]       |                                         [01;35m[K^~~~~~~~~~~~~~~~~[m[K  [32m[K~~~~~~~~~~[m[K
[2.531s]       |                                                            [32m[K|[m[K
[2.531s]       |                                                            [32m[Kint64_t {aka long int}[m[K
[2.531s] [01m[K/home/eecms/tb4_ws/src/tb4_cpp_prac3/src/wall_follower.cpp:50:56:[m[K [01;36m[Knote: [m[Kformat string is defined here
[2.531s]    50 |         RCLCPP_INFO(this->get_logger(), "wall_side: [01;36m[K%lld[m[K", wall_side_);
[2.531s]       |                                                     [01;36m[K~~~^[m[K
[2.531s]       |                                                        [01;36m[K|[m[K
[2.531s]       |                                                        [01;36m[Klong long int[m[K
[2.531s]       |                                                     [32m[K%ld[m[K
[9.481s] [100%] [32m[1mLinking CXX executable wall_follower[0m
[9.895s] [100%] Built target wall_follower
[9.907s] Invoked command in '/home/eecms/tb4_ws/build/tb4_cpp_prac3' returned '0': CMAKE_PREFIX_PATH=/opt/ros/humble /usr/bin/cmake --build /home/eecms/tb4_ws/build/tb4_cpp_prac3 -- -j6 -l6
[9.908s] Invoking command in '/home/eecms/tb4_ws/build/tb4_cpp_prac3': CMAKE_PREFIX_PATH=/opt/ros/humble /usr/bin/cmake --install /home/eecms/tb4_ws/build/tb4_cpp_prac3
[9.916s] -- Install configuration: ""
[9.916s] -- Up-to-date: /home/eecms/tb4_ws/install/tb4_cpp_prac3/lib/tb4_cpp_prac3/person_follower
[9.916s] -- Up-to-date: /home/eecms/tb4_ws/install/tb4_cpp_prac3/lib/tb4_cpp_prac3/person_follower
[9.916s] -- Installing: /home/eecms/tb4_ws/install/tb4_cpp_prac3/lib/tb4_cpp_prac3/wall_follower
[9.919s] -- Set runtime path of "/home/eecms/tb4_ws/install/tb4_cpp_prac3/lib/tb4_cpp_prac3/wall_follower" to ""
[9.919s] -- Up-to-date: /home/eecms/tb4_ws/install/tb4_cpp_prac3/share/ament_index/resource_index/package_run_dependencies/tb4_cpp_prac3
[9.919s] -- Up-to-date: /home/eecms/tb4_ws/install/tb4_cpp_prac3/share/ament_index/resource_index/parent_prefix_path/tb4_cpp_prac3
[9.919s] -- Up-to-date: /home/eecms/tb4_ws/install/tb4_cpp_prac3/share/tb4_cpp_prac3/environment/ament_prefix_path.sh
[9.919s] -- Up-to-date: /home/eecms/tb4_ws/install/tb4_cpp_prac3/share/tb4_cpp_prac3/environment/ament_prefix_path.dsv
[9.919s] -- Up-to-date: /home/eecms/tb4_ws/install/tb4_cpp_prac3/share/tb4_cpp_prac3/environment/path.sh
[9.919s] -- Up-to-date: /home/eecms/tb4_ws/install/tb4_cpp_prac3/share/tb4_cpp_prac3/environment/path.dsv
[9.919s] -- Up-to-date: /home/eecms/tb4_ws/install/tb4_cpp_prac3/share/tb4_cpp_prac3/local_setup.bash
[9.919s] -- Up-to-date: /home/eecms/tb4_ws/install/tb4_cpp_prac3/share/tb4_cpp_prac3/local_setup.sh
[9.919s] -- Up-to-date: /home/eecms/tb4_ws/install/tb4_cpp_prac3/share/tb4_cpp_prac3/local_setup.zsh
[9.919s] -- Up-to-date: /home/eecms/tb4_ws/install/tb4_cpp_prac3/share/tb4_cpp_prac3/local_setup.dsv
[9.919s] -- Installing: /home/eecms/tb4_ws/install/tb4_cpp_prac3/share/tb4_cpp_prac3/package.dsv
[9.919s] -- Up-to-date: /home/eecms/tb4_ws/install/tb4_cpp_prac3/share/ament_index/resource_index/packages/tb4_cpp_prac3
[9.919s] -- Up-to-date: /home/eecms/tb4_ws/install/tb4_cpp_prac3/share/tb4_cpp_prac3/cmake/tb4_cpp_prac3Config.cmake
[9.919s] -- Up-to-date: /home/eecms/tb4_ws/install/tb4_cpp_prac3/share/tb4_cpp_prac3/cmake/tb4_cpp_prac3Config-version.cmake
[9.919s] -- Up-to-date: /home/eecms/tb4_ws/install/tb4_cpp_prac3/share/tb4_cpp_prac3/package.xml
[9.927s] Invoked command in '/home/eecms/tb4_ws/build/tb4_cpp_prac3' returned '0': CMAKE_PREFIX_PATH=/opt/ros/humble /usr/bin/cmake --install /home/eecms/tb4_ws/build/tb4_cpp_prac3
