[0.035s] Invoking command in '/home/robotai/tb4_ws/build/tb4_cpp_prac2': CMAKE_PREFIX_PATH=/opt/ros/humble /usr/bin/cmake --build /home/robotai/tb4_ws/build/tb4_cpp_prac2 -- -j6 -l6
[0.114s] -- Found ament_cmake: 1.3.12 (/opt/ros/humble/share/ament_cmake/cmake)
[0.305s] -- Found rclcpp: 16.0.15 (/opt/ros/humble/share/rclcpp/cmake)
[0.362s] -- Found rosidl_generator_c: 3.1.7 (/opt/ros/humble/share/rosidl_generator_c/cmake)
[0.363s] -- Found rosidl_adapter: 3.1.7 (/opt/ros/humble/share/rosidl_adapter/cmake)
[0.377s] -- Found rosidl_generator_cpp: 3.1.7 (/opt/ros/humble/share/rosidl_generator_cpp/cmake)
[0.393s] -- Using all available rosidl_typesupport_c: rosidl_typesupport_fastrtps_c;rosidl_typesupport_introspection_c
[0.445s] -- Using all available rosidl_typesupport_cpp: rosidl_typesupport_fastrtps_cpp;rosidl_typesupport_introspection_cpp
[0.527s] -- Found rmw_implementation_cmake: 6.1.2 (/opt/ros/humble/share/rmw_implementation_cmake/cmake)
[0.527s] -- Found rmw_fastrtps_cpp: 6.2.8 (/opt/ros/humble/share/rmw_fastrtps_cpp/cmake)
[0.750s] -- Using RMW implementation 'rmw_fastrtps_cpp' as default
[0.867s] -- Found irobot_create_msgs: 2.1.0 (/opt/ros/humble/share/irobot_create_msgs/cmake)
[1.142s] -- Found rclcpp_action: 16.0.15 (/opt/ros/humble/share/rclcpp_action/cmake)
[1.177s] -- Found nav_msgs: 4.9.0 (/opt/ros/humble/share/nav_msgs/cmake)
[1.218s] -- Found ament_lint_auto: 0.12.14 (/opt/ros/humble/share/ament_lint_auto/cmake)
[1.407s] -- Added test 'cppcheck' to perform static code analysis on C / C++ code
[1.407s] -- Configured cppcheck include dirs: $<BUILD_INTERFACE:/home/robotai/tb4_ws/src/tb4_cpp_prac2/include>
[1.407s] -- Configured cppcheck exclude dirs and/or files: 
[1.408s] -- Added test 'lint_cmake' to check CMake code style
[1.413s] -- Added test 'uncrustify' to check C / C++ code style
[1.413s] -- Configured uncrustify additional arguments: 
[1.416s] -- Added test 'xmllint' to check XML markup files
[1.444s] -- Configuring done
[1.539s] -- Generating done
[1.545s] -- Build files have been written to: /home/robotai/tb4_ws/build/tb4_cpp_prac2
[1.648s] [35m[1mConsolidate compiler generated dependencies of target tb4_arc_action[0m
[1.867s] [ 50%] [32mBuilding CXX object CMakeFiles/tb4_arc_action.dir/src/tb4_arc_action.cpp.o[0m
[24.985s] [100%] [32m[1mLinking CXX executable tb4_arc_action[0m
[26.461s] [100%] Built target tb4_arc_action
[29.109s] Invoked command in '/home/robotai/tb4_ws/build/tb4_cpp_prac2' returned '0': CMAKE_PREFIX_PATH=/opt/ros/humble /usr/bin/cmake --build /home/robotai/tb4_ws/build/tb4_cpp_prac2 -- -j6 -l6
[32.320s] Invoking command in '/home/robotai/tb4_ws/build/tb4_cpp_prac2': CMAKE_PREFIX_PATH=/opt/ros/humble /usr/bin/cmake --install /home/robotai/tb4_ws/build/tb4_cpp_prac2
[32.657s] -- Install configuration: ""
[32.657s] -- Installing: /home/robotai/tb4_ws/install/tb4_cpp_prac2/lib/tb4_cpp_prac2/tb4_arc_action
[32.657s] -- Set runtime path of "/home/robotai/tb4_ws/install/tb4_cpp_prac2/lib/tb4_cpp_prac2/tb4_arc_action" to ""
[32.657s] -- Up-to-date: /home/robotai/tb4_ws/install/tb4_cpp_prac2/share/ament_index/resource_index/package_run_dependencies/tb4_cpp_prac2
[32.657s] -- Up-to-date: /home/robotai/tb4_ws/install/tb4_cpp_prac2/share/ament_index/resource_index/parent_prefix_path/tb4_cpp_prac2
[32.657s] -- Installing: /home/robotai/tb4_ws/install/tb4_cpp_prac2/share/tb4_cpp_prac2/environment/ament_prefix_path.sh
[32.657s] -- Installing: /home/robotai/tb4_ws/install/tb4_cpp_prac2/share/tb4_cpp_prac2/environment/ament_prefix_path.dsv
[32.657s] -- Installing: /home/robotai/tb4_ws/install/tb4_cpp_prac2/share/tb4_cpp_prac2/environment/path.sh
[32.657s] -- Installing: /home/robotai/tb4_ws/install/tb4_cpp_prac2/share/tb4_cpp_prac2/environment/path.dsv
[32.657s] -- Up-to-date: /home/robotai/tb4_ws/install/tb4_cpp_prac2/share/tb4_cpp_prac2/local_setup.bash
[32.657s] -- Up-to-date: /home/robotai/tb4_ws/install/tb4_cpp_prac2/share/tb4_cpp_prac2/local_setup.sh
[32.657s] -- Up-to-date: /home/robotai/tb4_ws/install/tb4_cpp_prac2/share/tb4_cpp_prac2/local_setup.zsh
[32.658s] -- Installing: /home/robotai/tb4_ws/install/tb4_cpp_prac2/share/tb4_cpp_prac2/local_setup.dsv
[32.658s] -- Installing: /home/robotai/tb4_ws/install/tb4_cpp_prac2/share/tb4_cpp_prac2/package.dsv
[32.658s] -- Up-to-date: /home/robotai/tb4_ws/install/tb4_cpp_prac2/share/ament_index/resource_index/packages/tb4_cpp_prac2
[32.658s] -- Up-to-date: /home/robotai/tb4_ws/install/tb4_cpp_prac2/share/tb4_cpp_prac2/cmake/tb4_cpp_prac2Config.cmake
[32.658s] -- Up-to-date: /home/robotai/tb4_ws/install/tb4_cpp_prac2/share/tb4_cpp_prac2/cmake/tb4_cpp_prac2Config-version.cmake
[32.658s] -- Up-to-date: /home/robotai/tb4_ws/install/tb4_cpp_prac2/share/tb4_cpp_prac2/package.xml
[32.773s] Invoked command in '/home/robotai/tb4_ws/build/tb4_cpp_prac2' returned '0': CMAKE_PREFIX_PATH=/opt/ros/humble /usr/bin/cmake --install /home/robotai/tb4_ws/build/tb4_cpp_prac2
