[0.029s] Invoking command in '/home/robotai/tb4_ws/build/tb4_cpp_prac6': CMAKE_PREFIX_PATH=/opt/ros/humble /usr/bin/cmake /home/robotai/tb4_ws/src/tb4_cpp_prac6 -DCMAKE_INSTALL_PREFIX=/home/robotai/tb4_ws/install/tb4_cpp_prac6
[0.128s] -- The C compiler identification is GNU 11.4.0
[0.217s] -- The CXX compiler identification is GNU 11.4.0
[0.232s] -- Detecting C compiler ABI info
[0.328s] -- Detecting C compiler ABI info - done
[0.345s] -- Check for working C compiler: /usr/bin/cc - skipped
[0.345s] -- Detecting C compile features
[0.345s] -- Detecting C compile features - done
[0.349s] -- Detecting CXX compiler ABI info
[0.462s] -- Detecting CXX compiler ABI info - done
[0.477s] -- Check for working CXX compiler: /usr/bin/c++ - skipped
[0.477s] -- Detecting CXX compile features
[0.478s] -- Detecting CXX compile features - done
[0.481s] -- Found ament_cmake: 1.3.9 (/opt/ros/humble/share/ament_cmake/cmake)
[0.707s] -- Found Python3: /usr/bin/python3 (found version "3.10.12") found components: Interpreter 
[0.807s] -- Found nav2_common: 1.1.15 (/opt/ros/humble/share/nav2_common/cmake)
[0.809s] -- Found rclcpp: 16.0.9 (/opt/ros/humble/share/rclcpp/cmake)
[0.856s] -- Found rosidl_generator_c: 3.1.5 (/opt/ros/humble/share/rosidl_generator_c/cmake)
[0.862s] -- Found rosidl_adapter: 3.1.5 (/opt/ros/humble/share/rosidl_adapter/cmake)
[0.870s] -- Found rosidl_generator_cpp: 3.1.5 (/opt/ros/humble/share/rosidl_generator_cpp/cmake)
[0.885s] -- Using all available rosidl_typesupport_c: rosidl_typesupport_fastrtps_c;rosidl_typesupport_introspection_c
[0.909s] -- Using all available rosidl_typesupport_cpp: rosidl_typesupport_fastrtps_cpp;rosidl_typesupport_introspection_cpp
[0.989s] -- Found rmw_implementation_cmake: 6.1.2 (/opt/ros/humble/share/rmw_implementation_cmake/cmake)
[0.991s] -- Found rmw_fastrtps_cpp: 6.2.6 (/opt/ros/humble/share/rmw_fastrtps_cpp/cmake)
[1.112s] -- Found OpenSSL: /usr/lib/x86_64-linux-gnu/libcrypto.so (found version "3.0.2")  
[1.149s] -- Found FastRTPS: /opt/ros/humble/include  
[1.235s] -- Using RMW implementation 'rmw_fastrtps_cpp' as default
[1.249s] -- Looking for pthread.h
[1.358s] -- Looking for pthread.h - found
[1.358s] -- Performing Test CMAKE_HAVE_LIBC_PTHREAD
[1.465s] -- Performing Test CMAKE_HAVE_LIBC_PTHREAD - Success
[1.466s] -- Found Threads: TRUE  
[1.795s] -- Found rclcpp_lifecycle: 16.0.9 (/opt/ros/humble/share/rclcpp_lifecycle/cmake)
[1.870s] -- Found message_filters: 4.3.4 (/opt/ros/humble/share/message_filters/cmake)
[1.882s] -- Found tf2_geometry_msgs: 0.25.7 (/opt/ros/humble/share/tf2_geometry_msgs/cmake)
[1.992s] -- Found eigen3_cmake_module: 0.1.1 (/opt/ros/humble/share/eigen3_cmake_module/cmake)
[1.994s] -- Found Eigen3: TRUE (found version "3.4.0") 
[1.994s] -- Ensuring Eigen3 include directory is part of orocos-kdl CMake target
[2.740s] -- Found nav_msgs: 4.2.4 (/opt/ros/humble/share/nav_msgs/cmake)
[2.951s] -- Found sensor_msgs: 4.2.4 (/opt/ros/humble/share/sensor_msgs/cmake)
[3.143s] -- Found std_srvs: 4.2.4 (/opt/ros/humble/share/std_srvs/cmake)
[3.179s] -- Found nav2_util: 1.1.15 (/opt/ros/humble/share/nav2_util/cmake)
[4.230s] -- Found nav2_amcl: 1.1.15 (/opt/ros/humble/share/nav2_amcl/cmake)
[6.853s] -- Looking for drand48
[7.107s] -- Looking for drand48 - found
[13.327s] -- Found ament_lint_auto: 0.12.11 (/opt/ros/humble/share/ament_lint_auto/cmake)
[13.561s] -- Added test 'cppcheck' to perform static code analysis on C / C++ code
[13.562s] -- Configured cppcheck include dirs: /home/robotai/tb4_ws/src/tb4_cpp_prac6/include;$<BUILD_INTERFACE:/home/robotai/tb4_ws/src/tb4_cpp_prac6/include>
[13.569s] -- Configured cppcheck exclude dirs and/or files: 
[13.570s] -- Added test 'flake8' to check Python code syntax and style conventions
[13.570s] -- Added test 'lint_cmake' to check CMake code style
[13.571s] -- Added test 'pep257' to check Python code against some of the docstring style conventions in PEP 257
[13.577s] -- Added test 'uncrustify' to check C / C++ code style
[13.577s] -- Configured uncrustify additional arguments: 
[13.586s] -- Added test 'xmllint' to check XML markup files
[13.586s] -- Configuring done
[13.687s] -- Generating done
[13.691s] -- Build files have been written to: /home/robotai/tb4_ws/build/tb4_cpp_prac6
[13.718s] Invoked command in '/home/robotai/tb4_ws/build/tb4_cpp_prac6' returned '0': CMAKE_PREFIX_PATH=/opt/ros/humble /usr/bin/cmake /home/robotai/tb4_ws/src/tb4_cpp_prac6 -DCMAKE_INSTALL_PREFIX=/home/robotai/tb4_ws/install/tb4_cpp_prac6
[13.725s] Invoking command in '/home/robotai/tb4_ws/build/tb4_cpp_prac6': CMAKE_PREFIX_PATH=/opt/ros/humble /usr/bin/cmake --build /home/robotai/tb4_ws/build/tb4_cpp_prac6 -- -j8 -l8
[13.892s] [ 25%] [32mBuilding CXX object CMakeFiles/iar_amcl.dir/src/main.cpp.o[0m
[13.897s] [ 50%] [32mBuilding CXX object CMakeFiles/iar_amcl.dir/src/iar_pf_kdtree.cpp.o[0m
[13.906s] [ 75%] [32mBuilding CXX object CMakeFiles/iar_amcl.dir/src/amcl_node.cpp.o[0m
[21.806s] [01m[K/home/robotai/tb4_ws/src/tb4_cpp_prac6/src/amcl_node.cpp:[m[K In member function ‘[01m[Kvoid iar_amcl::AmclNode::pf_resample(pf_t*)[m[K’:
[21.807s] [01m[K/home/robotai/tb4_ws/src/tb4_cpp_prac6/src/amcl_node.cpp:1563:17:[m[K [01;35m[Kwarning: [m[Kunused variable ‘[01m[Ksample_in_old_set[m[K’ [[01;35m[K]8;;https://gcc.gnu.org/onlinedocs/gcc/Warning-Options.html#index-Wunused-variable-Wunused-variable]8;;[m[K]
[21.807s]  1563 |   pf_sample_t * [01;35m[Ksample_in_old_set[m[K, * sample_in_new_set;
[21.807s]       |                 [01;35m[K^~~~~~~~~~~~~~~~~[m[K
[40.032s] [100%] [32m[1mLinking CXX executable iar_amcl[0m
[42.330s] [100%] Built target iar_amcl
[42.344s] Invoked command in '/home/robotai/tb4_ws/build/tb4_cpp_prac6' returned '0': CMAKE_PREFIX_PATH=/opt/ros/humble /usr/bin/cmake --build /home/robotai/tb4_ws/build/tb4_cpp_prac6 -- -j8 -l8
[42.387s] Invoking command in '/home/robotai/tb4_ws/build/tb4_cpp_prac6': CMAKE_PREFIX_PATH=/opt/ros/humble /usr/bin/cmake --install /home/robotai/tb4_ws/build/tb4_cpp_prac6
[42.395s] -- Install configuration: ""
[42.395s] -- Installing: /home/robotai/tb4_ws/install/tb4_cpp_prac6/lib/tb4_cpp_prac6/iar_amcl
[42.406s] -- Set runtime path of "/home/robotai/tb4_ws/install/tb4_cpp_prac6/lib/tb4_cpp_prac6/iar_amcl" to ""
[42.407s] -- Installing: /home/robotai/tb4_ws/install/tb4_cpp_prac6/share/tb4_cpp_prac6//launch
[42.407s] -- Installing: /home/robotai/tb4_ws/install/tb4_cpp_prac6/share/tb4_cpp_prac6//launch/localisation_launch.py
[42.407s] -- Installing: /home/robotai/tb4_ws/install/tb4_cpp_prac6/share/tb4_cpp_prac6//config
[42.407s] -- Installing: /home/robotai/tb4_ws/install/tb4_cpp_prac6/share/tb4_cpp_prac6//config/localisation.yaml
[42.407s] -- Installing: /home/robotai/tb4_ws/install/tb4_cpp_prac6/share/tb4_cpp_prac6//map
[42.407s] -- Installing: /home/robotai/tb4_ws/install/tb4_cpp_prac6/share/tb4_cpp_prac6//map/office_ICTE4001_sim.yaml
[42.407s] -- Installing: /home/robotai/tb4_ws/install/tb4_cpp_prac6/share/tb4_cpp_prac6//map/office_ICTE4001_sim.pgm
[42.408s] -- Installing: /home/robotai/tb4_ws/install/tb4_cpp_prac6/share/ament_index/resource_index/package_run_dependencies/tb4_cpp_prac6
[42.409s] -- Installing: /home/robotai/tb4_ws/install/tb4_cpp_prac6/share/ament_index/resource_index/parent_prefix_path/tb4_cpp_prac6
[42.409s] -- Installing: /home/robotai/tb4_ws/install/tb4_cpp_prac6/share/tb4_cpp_prac6/environment/ament_prefix_path.sh
[42.409s] -- Installing: /home/robotai/tb4_ws/install/tb4_cpp_prac6/share/tb4_cpp_prac6/environment/ament_prefix_path.dsv
[42.410s] -- Installing: /home/robotai/tb4_ws/install/tb4_cpp_prac6/share/tb4_cpp_prac6/environment/path.sh
[42.410s] -- Installing: /home/robotai/tb4_ws/install/tb4_cpp_prac6/share/tb4_cpp_prac6/environment/path.dsv
[42.410s] -- Installing: /home/robotai/tb4_ws/install/tb4_cpp_prac6/share/tb4_cpp_prac6/local_setup.bash
[42.411s] -- Installing: /home/robotai/tb4_ws/install/tb4_cpp_prac6/share/tb4_cpp_prac6/local_setup.sh
[42.411s] -- Installing: /home/robotai/tb4_ws/install/tb4_cpp_prac6/share/tb4_cpp_prac6/local_setup.zsh
[42.411s] -- Installing: /home/robotai/tb4_ws/install/tb4_cpp_prac6/share/tb4_cpp_prac6/local_setup.dsv
[42.411s] -- Installing: /home/robotai/tb4_ws/install/tb4_cpp_prac6/share/tb4_cpp_prac6/package.dsv
[42.412s] -- Installing: /home/robotai/tb4_ws/install/tb4_cpp_prac6/share/ament_index/resource_index/packages/tb4_cpp_prac6
[42.412s] -- Installing: /home/robotai/tb4_ws/install/tb4_cpp_prac6/share/tb4_cpp_prac6/cmake/tb4_cpp_prac6Config.cmake
[42.412s] -- Installing: /home/robotai/tb4_ws/install/tb4_cpp_prac6/share/tb4_cpp_prac6/cmake/tb4_cpp_prac6Config-version.cmake
[42.412s] -- Installing: /home/robotai/tb4_ws/install/tb4_cpp_prac6/share/tb4_cpp_prac6/package.xml
[42.415s] Invoked command in '/home/robotai/tb4_ws/build/tb4_cpp_prac6' returned '0': CMAKE_PREFIX_PATH=/opt/ros/humble /usr/bin/cmake --install /home/robotai/tb4_ws/build/tb4_cpp_prac6
