[ 50%] Built target person_follower
[35m[1mConsolidate compiler generated dependencies of target wall_follower[0m
[ 75%] [32mBuilding CXX object CMakeFiles/wall_follower.dir/src/wall_follower.cpp.o[0m
In file included from [01m[K/opt/ros/humble/include/rclcpp/rclcpp/logging.hpp:24[m[K,
                 from [01m[K/opt/ros/humble/include/rclcpp/rclcpp/client.hpp:40[m[K,
                 from [01m[K/opt/ros/humble/include/rclcpp/rclcpp/callback_group.hpp:24[m[K,
                 from [01m[K/opt/ros/humble/include/rclcpp/rclcpp/any_executable.hpp:20[m[K,
                 from [01m[K/opt/ros/humble/include/rclcpp/rclcpp/memory_strategy.hpp:25[m[K,
                 from [01m[K/opt/ros/humble/include/rclcpp/rclcpp/memory_strategies.hpp:18[m[K,
                 from [01m[K/opt/ros/humble/include/rclcpp/rclcpp/executor_options.hpp:20[m[K,
                 from [01m[K/opt/ros/humble/include/rclcpp/rclcpp/executor.hpp:37[m[K,
                 from [01m[K/opt/ros/humble/include/rclcpp/rclcpp/executors/multi_threaded_executor.hpp:25[m[K,
                 from [01m[K/opt/ros/humble/include/rclcpp/rclcpp/executors.hpp:21[m[K,
                 from [01m[K/opt/ros/humble/include/rclcpp/rclcpp/rclcpp.hpp:155[m[K,
                 from [01m[K/home/eecms/tb4_ws/src/tb4_cpp_prac3/src/wall_follower.cpp:9[m[K:
[01m[K/home/eecms/tb4_ws/src/tb4_cpp_prac3/src/wall_follower.cpp:[m[K In member function ‘[01m[Kvoid WallFollower::scan_callback(sensor_msgs::msg::LaserScan_<std::allocator<void> >::SharedPtr)[m[K’:
[01m[K/home/eecms/tb4_ws/src/tb4_cpp_prac3/src/wall_follower.cpp:352:9:[m[K [01;31m[Kerror: [m[Kexpected ‘[01m[K)[m[K’ before string constant
  352 |         [01;31m[K"\n\ncmd linear.x = %.3f\n"[m[K
      |         [01;31m[K^~~~~~~~~~~~~~~~~~~~~~~~~~~[m[K
[01m[K/home/eecms/tb4_ws/src/tb4_cpp_prac3/src/wall_follower.cpp:350:9:[m[K [01;36m[Knote: [m[Kto match this ‘[01m[K([m[K’
  350 |         [01;36m[KRCLCPP_INFO[m[K(
      |         [01;36m[K^~~~~~~~~~~[m[K
[01m[K/home/eecms/tb4_ws/src/tb4_cpp_prac3/src/wall_follower.cpp:351:29:[m[K [01;31m[Kerror: [m[Kcannot convert ‘[01m[Kstd::__shared_ptr_access<rclcpp::Clock, __gnu_cxx::_S_atomic, false, false>::element_type[m[K’ {aka ‘[01m[Krclcpp::Clock[m[K’} to ‘[01m[Kconst char*[m[K’
  351 |         this->get_logger(), [01;31m[K*this->get_clock()[m[K, 500
      |                             [01;31m[K^~~~~~~~~~~~~~~~~~[m[K
      |                             [01;31m[K|[m[K
      |                             [01;31m[Kstd::__shared_ptr_access<rclcpp::Clock, __gnu_cxx::_S_atomic, false, false>::element_type {aka rclcpp::Clock}[m[K
In file included from [01m[K/opt/ros/humble/include/rmw/rmw/types.h:28[m[K,
                 from [01m[K/opt/ros/humble/include/rcl/rcl/types.h:20[m[K,
                 from [01m[K/opt/ros/humble/include/rcl/rcl/log_level.h:22[m[K,
                 from [01m[K/opt/ros/humble/include/rcl/rcl/arguments.h:21[m[K,
                 from [01m[K/opt/ros/humble/include/rcl/rcl/context.h:28[m[K,
                 from [01m[K/opt/ros/humble/include/rcl/rcl/guard_condition.h:26[m[K,
                 from [01m[K/opt/ros/humble/include/rclcpp/rclcpp/executor.hpp:30[m[K:
[01m[K/opt/ros/humble/include/rcutils/rcutils/logging.h:479:16:[m[K [01;36m[Knote: [m[K  initializing argument 4 of ‘[01m[Kvoid rcutils_log(const rcutils_log_location_t*, int, const char*, const char*, ...)[m[K’
  479 |   [01;36m[Kconst char * format[m[K,
      |   [01;36m[K~~~~~~~~~~~~~^~~~~~[m[K
gmake[2]: *** [CMakeFiles/wall_follower.dir/build.make:76: CMakeFiles/wall_follower.dir/src/wall_follower.cpp.o] Error 1
gmake[1]: *** [CMakeFiles/Makefile2:165: CMakeFiles/wall_follower.dir/all] Error 2
gmake: *** [Makefile:146: all] Error 2
