[0.014s] Invoking command in '/home/robotai/tb4_ws/build/tb4_cpp_prac2': CMAKE_PREFIX_PATH=/opt/ros/humble /usr/bin/cmake /home/robotai/tb4_ws/src/tb4_cpp_prac2 -DCMAKE_INSTALL_PREFIX=/home/robotai/tb4_ws/install/tb4_cpp_prac2
[0.081s] -- The C compiler identification is GNU 11.4.0
[0.147s] -- The CXX compiler identification is GNU 11.4.0
[0.156s] -- Detecting C compiler ABI info
[0.232s] -- Detecting C compiler ABI info - done
[0.246s] -- Check for working C compiler: /usr/bin/cc - skipped
[0.246s] -- Detecting C compile features
[0.247s] -- Detecting C compile features - done
[0.252s] -- Detecting CXX compiler ABI info
[0.350s] -- Detecting CXX compiler ABI info - done
[0.364s] -- Check for working CXX compiler: /usr/bin/c++ - skipped
[0.364s] -- Detecting CXX compile features
[0.365s] -- Detecting CXX compile features - done
[0.368s] -- Found ament_cmake: 1.3.9 (/opt/ros/humble/share/ament_cmake/cmake)
[0.539s] -- Found Python3: /usr/bin/python3 (found version "3.10.12") found components: Interpreter 
[0.651s] -- Found rclcpp: 16.0.9 (/opt/ros/humble/share/rclcpp/cmake)
[0.725s] -- Found rosidl_generator_c: 3.1.5 (/opt/ros/humble/share/rosidl_generator_c/cmake)
[0.734s] -- Found rosidl_adapter: 3.1.5 (/opt/ros/humble/share/rosidl_adapter/cmake)
[0.746s] -- Found rosidl_generator_cpp: 3.1.5 (/opt/ros/humble/share/rosidl_generator_cpp/cmake)
[0.760s] -- Using all available rosidl_typesupport_c: rosidl_typesupport_fastrtps_c;rosidl_typesupport_introspection_c
[0.785s] -- Using all available rosidl_typesupport_cpp: rosidl_typesupport_fastrtps_cpp;rosidl_typesupport_introspection_cpp
[0.862s] -- Found rmw_implementation_cmake: 6.1.2 (/opt/ros/humble/share/rmw_implementation_cmake/cmake)
[0.865s] -- Found rmw_fastrtps_cpp: 6.2.6 (/opt/ros/humble/share/rmw_fastrtps_cpp/cmake)
[0.984s] -- Found OpenSSL: /usr/lib/x86_64-linux-gnu/libcrypto.so (found version "3.0.2")  
[1.011s] -- Found FastRTPS: /opt/ros/humble/include  
[1.067s] -- Using RMW implementation 'rmw_fastrtps_cpp' as default
[1.077s] -- Looking for pthread.h
[1.163s] -- Looking for pthread.h - found
[1.164s] -- Performing Test CMAKE_HAVE_LIBC_PTHREAD
[1.253s] -- Performing Test CMAKE_HAVE_LIBC_PTHREAD - Success
[1.254s] -- Found Threads: TRUE  
[1.443s] -- Found irobot_create_msgs: 2.1.0 (/opt/ros/humble/share/irobot_create_msgs/cmake)
[1.756s] -- Found rclcpp_action: 16.0.9 (/opt/ros/humble/share/rclcpp_action/cmake)
[1.791s] -- Found nav_msgs: 4.2.4 (/opt/ros/humble/share/nav_msgs/cmake)
[1.892s] -- Found ament_lint_auto: 0.12.11 (/opt/ros/humble/share/ament_lint_auto/cmake)
[1.979s] -- Added test 'cppcheck' to perform static code analysis on C / C++ code
[1.979s] -- Configured cppcheck include dirs: $<BUILD_INTERFACE:/home/robotai/tb4_ws/src/tb4_cpp_prac2/include>
[1.979s] -- Configured cppcheck exclude dirs and/or files: 
[1.980s] -- Added test 'lint_cmake' to check CMake code style
[1.982s] -- Added test 'uncrustify' to check C / C++ code style
[1.982s] -- Configured uncrustify additional arguments: 
[1.983s] -- Added test 'xmllint' to check XML markup files
[1.984s] -- Configuring done
[1.996s] -- Generating done
[1.999s] -- Build files have been written to: /home/robotai/tb4_ws/build/tb4_cpp_prac2
[2.010s] Invoked command in '/home/robotai/tb4_ws/build/tb4_cpp_prac2' returned '0': CMAKE_PREFIX_PATH=/opt/ros/humble /usr/bin/cmake /home/robotai/tb4_ws/src/tb4_cpp_prac2 -DCMAKE_INSTALL_PREFIX=/home/robotai/tb4_ws/install/tb4_cpp_prac2
[2.012s] Invoking command in '/home/robotai/tb4_ws/build/tb4_cpp_prac2': CMAKE_PREFIX_PATH=/opt/ros/humble /usr/bin/cmake --build /home/robotai/tb4_ws/build/tb4_cpp_prac2 -- -j8 -l8
[2.072s] [ 50%] [32mBuilding CXX object CMakeFiles/tb4_arc_action.dir/src/tb4_arc_action.cpp.o[0m
[14.523s] [100%] [32m[1mLinking CXX executable tb4_arc_action[0m
[15.102s] [100%] Built target tb4_arc_action
[15.115s] Invoked command in '/home/robotai/tb4_ws/build/tb4_cpp_prac2' returned '0': CMAKE_PREFIX_PATH=/opt/ros/humble /usr/bin/cmake --build /home/robotai/tb4_ws/build/tb4_cpp_prac2 -- -j8 -l8
[15.146s] Invoking command in '/home/robotai/tb4_ws/build/tb4_cpp_prac2': CMAKE_PREFIX_PATH=/opt/ros/humble /usr/bin/cmake --install /home/robotai/tb4_ws/build/tb4_cpp_prac2
[15.153s] -- Install configuration: ""
[15.154s] -- Installing: /home/robotai/tb4_ws/install/tb4_cpp_prac2/lib/tb4_cpp_prac2/tb4_arc_action
[15.158s] -- Set runtime path of "/home/robotai/tb4_ws/install/tb4_cpp_prac2/lib/tb4_cpp_prac2/tb4_arc_action" to ""
[15.158s] -- Installing: /home/robotai/tb4_ws/install/tb4_cpp_prac2/share/ament_index/resource_index/package_run_dependencies/tb4_cpp_prac2
[15.159s] -- Installing: /home/robotai/tb4_ws/install/tb4_cpp_prac2/share/ament_index/resource_index/parent_prefix_path/tb4_cpp_prac2
[15.159s] -- Installing: /home/robotai/tb4_ws/install/tb4_cpp_prac2/share/tb4_cpp_prac2/environment/ament_prefix_path.sh
[15.159s] -- Installing: /home/robotai/tb4_ws/install/tb4_cpp_prac2/share/tb4_cpp_prac2/environment/ament_prefix_path.dsv
[15.160s] -- Installing: /home/robotai/tb4_ws/install/tb4_cpp_prac2/share/tb4_cpp_prac2/environment/path.sh
[15.160s] -- Installing: /home/robotai/tb4_ws/install/tb4_cpp_prac2/share/tb4_cpp_prac2/environment/path.dsv
[15.160s] -- Installing: /home/robotai/tb4_ws/install/tb4_cpp_prac2/share/tb4_cpp_prac2/local_setup.bash
[15.161s] -- Installing: /home/robotai/tb4_ws/install/tb4_cpp_prac2/share/tb4_cpp_prac2/local_setup.sh
[15.161s] -- Installing: /home/robotai/tb4_ws/install/tb4_cpp_prac2/share/tb4_cpp_prac2/local_setup.zsh
[15.161s] -- Installing: /home/robotai/tb4_ws/install/tb4_cpp_prac2/share/tb4_cpp_prac2/local_setup.dsv
[15.162s] -- Installing: /home/robotai/tb4_ws/install/tb4_cpp_prac2/share/tb4_cpp_prac2/package.dsv
[15.162s] -- Installing: /home/robotai/tb4_ws/install/tb4_cpp_prac2/share/ament_index/resource_index/packages/tb4_cpp_prac2
[15.162s] -- Installing: /home/robotai/tb4_ws/install/tb4_cpp_prac2/share/tb4_cpp_prac2/cmake/tb4_cpp_prac2Config.cmake
[15.163s] -- Installing: /home/robotai/tb4_ws/install/tb4_cpp_prac2/share/tb4_cpp_prac2/cmake/tb4_cpp_prac2Config-version.cmake
[15.163s] -- Installing: /home/robotai/tb4_ws/install/tb4_cpp_prac2/share/tb4_cpp_prac2/package.xml
[15.165s] Invoked command in '/home/robotai/tb4_ws/build/tb4_cpp_prac2' returned '0': CMAKE_PREFIX_PATH=/opt/ros/humble /usr/bin/cmake --install /home/robotai/tb4_ws/build/tb4_cpp_prac2
