[0.103s] DEBUG:colcon:Command line arguments: ['/usr/bin/colcon', 'build']
[0.103s] DEBUG:colcon:Parsed command line arguments: Namespace(log_base=None, log_level=None, verb_name='build', build_base='build', install_base='install', merge_install=False, symlink_install=False, test_result_base=None, continue_on_error=False, executor='parallel', parallel_workers=6, event_handlers=None, ignore_user_meta=False, metas=['./colcon.meta'], base_paths=['.'], packages_ignore=None, packages_ignore_regex=None, paths=None, packages_up_to=None, packages_up_to_regex=None, packages_above=None, packages_above_and_dependencies=None, packages_above_depth=None, packages_select_by_dep=None, packages_skip_by_dep=None, packages_skip_up_to=None, packages_select_build_failed=False, packages_skip_build_finished=False, packages_select_test_failures=False, packages_skip_test_passed=False, packages_select=None, packages_skip=None, packages_select_regex=None, packages_skip_regex=None, packages_start=None, packages_end=None, allow_overriding=[], cmake_args=None, cmake_target=None, cmake_target_skip_unavailable=False, cmake_clean_cache=False, cmake_clean_first=False, cmake_force_configure=False, ament_cmake_args=None, catkin_cmake_args=None, catkin_skip_building_tests=False, mixin_files=None, mixin=None, verb_parser=<colcon_mixin.mixin.mixin_argument.MixinArgumentDecorator object at 0x7bf60b039d80>, verb_extension=<colcon_core.verb.build.BuildVerb object at 0x7bf60b039750>, main=<bound method BuildVerb.main of <colcon_core.verb.build.BuildVerb object at 0x7bf60b039750>>, mixin_verb=('build',))
[0.263s] Level 1:colcon.colcon_core.package_discovery:discover_packages(colcon_meta) check parameters
[0.264s] Level 1:colcon.colcon_core.package_discovery:discover_packages(recursive) check parameters
[0.264s] Level 1:colcon.colcon_core.package_discovery:discover_packages(ignore) check parameters
[0.264s] Level 1:colcon.colcon_core.package_discovery:discover_packages(path) check parameters
[0.264s] Level 1:colcon.colcon_core.package_discovery:discover_packages(colcon_meta) discover
[0.264s] Level 1:colcon.colcon_core.package_discovery:discover_packages(recursive) discover
[0.264s] INFO:colcon.colcon_core.package_discovery:Crawling recursively for packages in '/home/eecms/tb4_ws'
[0.264s] Level 1:colcon.colcon_core.package_identification:_identify(.) by extensions ['ignore', 'ignore_ament_install']
[0.264s] Level 1:colcon.colcon_core.package_identification:_identify(.) by extension 'ignore'
[0.264s] Level 1:colcon.colcon_core.package_identification:_identify(.) by extension 'ignore_ament_install'
[0.264s] Level 1:colcon.colcon_core.package_identification:_identify(.) by extensions ['colcon_pkg']
[0.264s] Level 1:colcon.colcon_core.package_identification:_identify(.) by extension 'colcon_pkg'
[0.264s] Level 1:colcon.colcon_core.package_identification:_identify(.) by extensions ['colcon_meta']
[0.264s] Level 1:colcon.colcon_core.package_identification:_identify(.) by extension 'colcon_meta'
[0.264s] Level 1:colcon.colcon_core.package_identification:_identify(.) by extensions ['ros']
[0.264s] Level 1:colcon.colcon_core.package_identification:_identify(.) by extension 'ros'
[0.276s] Level 1:colcon.colcon_core.package_identification:_identify(.) by extensions ['cmake', 'python']
[0.276s] Level 1:colcon.colcon_core.package_identification:_identify(.) by extension 'cmake'
[0.276s] Level 1:colcon.colcon_core.package_identification:_identify(.) by extension 'python'
[0.276s] Level 1:colcon.colcon_core.package_identification:_identify(.) by extensions ['python_setup_py']
[0.276s] Level 1:colcon.colcon_core.package_identification:_identify(.) by extension 'python_setup_py'
[0.276s] Level 1:colcon.colcon_core.package_identification:_identify(build) by extensions ['ignore', 'ignore_ament_install']
[0.276s] Level 1:colcon.colcon_core.package_identification:_identify(build) by extension 'ignore'
[0.276s] Level 1:colcon.colcon_core.package_identification:_identify(build) ignored
[0.277s] Level 1:colcon.colcon_core.package_identification:_identify(install) by extensions ['ignore', 'ignore_ament_install']
[0.277s] Level 1:colcon.colcon_core.package_identification:_identify(install) by extension 'ignore'
[0.277s] Level 1:colcon.colcon_core.package_identification:_identify(install) ignored
[0.277s] Level 1:colcon.colcon_core.package_identification:_identify(log) by extensions ['ignore', 'ignore_ament_install']
[0.277s] Level 1:colcon.colcon_core.package_identification:_identify(log) by extension 'ignore'
[0.277s] Level 1:colcon.colcon_core.package_identification:_identify(log) ignored
[0.277s] Level 1:colcon.colcon_core.package_identification:_identify(src) by extensions ['ignore', 'ignore_ament_install']
[0.277s] Level 1:colcon.colcon_core.package_identification:_identify(src) by extension 'ignore'
[0.277s] Level 1:colcon.colcon_core.package_identification:_identify(src) by extension 'ignore_ament_install'
[0.277s] Level 1:colcon.colcon_core.package_identification:_identify(src) by extensions ['colcon_pkg']
[0.277s] Level 1:colcon.colcon_core.package_identification:_identify(src) by extension 'colcon_pkg'
[0.277s] Level 1:colcon.colcon_core.package_identification:_identify(src) by extensions ['colcon_meta']
[0.277s] Level 1:colcon.colcon_core.package_identification:_identify(src) by extension 'colcon_meta'
[0.277s] Level 1:colcon.colcon_core.package_identification:_identify(src) by extensions ['ros']
[0.277s] Level 1:colcon.colcon_core.package_identification:_identify(src) by extension 'ros'
[0.277s] Level 1:colcon.colcon_core.package_identification:_identify(src) by extensions ['cmake', 'python']
[0.277s] Level 1:colcon.colcon_core.package_identification:_identify(src) by extension 'cmake'
[0.278s] Level 1:colcon.colcon_core.package_identification:_identify(src) by extension 'python'
[0.278s] Level 1:colcon.colcon_core.package_identification:_identify(src) by extensions ['python_setup_py']
[0.278s] Level 1:colcon.colcon_core.package_identification:_identify(src) by extension 'python_setup_py'
[0.278s] Level 1:colcon.colcon_core.package_identification:_identify(src/tb4_cpp_prac1) by extensions ['ignore', 'ignore_ament_install']
[0.278s] Level 1:colcon.colcon_core.package_identification:_identify(src/tb4_cpp_prac1) by extension 'ignore'
[0.278s] Level 1:colcon.colcon_core.package_identification:_identify(src/tb4_cpp_prac1) by extension 'ignore_ament_install'
[0.278s] Level 1:colcon.colcon_core.package_identification:_identify(src/tb4_cpp_prac1) by extensions ['colcon_pkg']
[0.278s] Level 1:colcon.colcon_core.package_identification:_identify(src/tb4_cpp_prac1) by extension 'colcon_pkg'
[0.278s] Level 1:colcon.colcon_core.package_identification:_identify(src/tb4_cpp_prac1) by extensions ['colcon_meta']
[0.278s] Level 1:colcon.colcon_core.package_identification:_identify(src/tb4_cpp_prac1) by extension 'colcon_meta'
[0.278s] Level 1:colcon.colcon_core.package_identification:_identify(src/tb4_cpp_prac1) by extensions ['ros']
[0.278s] Level 1:colcon.colcon_core.package_identification:_identify(src/tb4_cpp_prac1) by extension 'ros'
[0.281s] DEBUG:colcon.colcon_core.package_identification:Package 'src/tb4_cpp_prac1' with type 'ros.ament_cmake' and name 'tb4_cpp_prac1'
[0.281s] Level 1:colcon.colcon_core.package_identification:_identify(src/tb4_cpp_prac2) by extensions ['ignore', 'ignore_ament_install']
[0.281s] Level 1:colcon.colcon_core.package_identification:_identify(src/tb4_cpp_prac2) by extension 'ignore'
[0.281s] Level 1:colcon.colcon_core.package_identification:_identify(src/tb4_cpp_prac2) by extension 'ignore_ament_install'
[0.281s] Level 1:colcon.colcon_core.package_identification:_identify(src/tb4_cpp_prac2) by extensions ['colcon_pkg']
[0.281s] Level 1:colcon.colcon_core.package_identification:_identify(src/tb4_cpp_prac2) by extension 'colcon_pkg'
[0.281s] Level 1:colcon.colcon_core.package_identification:_identify(src/tb4_cpp_prac2) by extensions ['colcon_meta']
[0.281s] Level 1:colcon.colcon_core.package_identification:_identify(src/tb4_cpp_prac2) by extension 'colcon_meta'
[0.281s] Level 1:colcon.colcon_core.package_identification:_identify(src/tb4_cpp_prac2) by extensions ['ros']
[0.281s] Level 1:colcon.colcon_core.package_identification:_identify(src/tb4_cpp_prac2) by extension 'ros'
[0.282s] DEBUG:colcon.colcon_core.package_identification:Package 'src/tb4_cpp_prac2' with type 'ros.ament_cmake' and name 'tb4_cpp_prac2'
[0.282s] Level 1:colcon.colcon_core.package_identification:_identify(src/tb4_cpp_prac3) by extensions ['ignore', 'ignore_ament_install']
[0.282s] Level 1:colcon.colcon_core.package_identification:_identify(src/tb4_cpp_prac3) by extension 'ignore'
[0.282s] Level 1:colcon.colcon_core.package_identification:_identify(src/tb4_cpp_prac3) by extension 'ignore_ament_install'
[0.282s] Level 1:colcon.colcon_core.package_identification:_identify(src/tb4_cpp_prac3) by extensions ['colcon_pkg']
[0.282s] Level 1:colcon.colcon_core.package_identification:_identify(src/tb4_cpp_prac3) by extension 'colcon_pkg'
[0.282s] Level 1:colcon.colcon_core.package_identification:_identify(src/tb4_cpp_prac3) by extensions ['colcon_meta']
[0.282s] Level 1:colcon.colcon_core.package_identification:_identify(src/tb4_cpp_prac3) by extension 'colcon_meta'
[0.282s] Level 1:colcon.colcon_core.package_identification:_identify(src/tb4_cpp_prac3) by extensions ['ros']
[0.282s] Level 1:colcon.colcon_core.package_identification:_identify(src/tb4_cpp_prac3) by extension 'ros'
[0.283s] DEBUG:colcon.colcon_core.package_identification:Package 'src/tb4_cpp_prac3' with type 'ros.ament_cmake' and name 'tb4_cpp_prac3'
[0.283s] Level 1:colcon.colcon_core.package_discovery:discover_packages(recursive) using defaults
[0.283s] Level 1:colcon.colcon_core.package_discovery:discover_packages(ignore) discover
[0.283s] Level 1:colcon.colcon_core.package_discovery:discover_packages(ignore) using defaults
[0.283s] Level 1:colcon.colcon_core.package_discovery:discover_packages(path) discover
[0.283s] Level 1:colcon.colcon_core.package_discovery:discover_packages(path) using defaults
[0.318s] Level 1:colcon.colcon_core.package_discovery:discover_packages(prefix_path) check parameters
[0.318s] Level 1:colcon.colcon_core.package_discovery:discover_packages(prefix_path) discover
[0.321s] DEBUG:colcon.colcon_installed_package_information.package_discovery:Found 387 installed packages in /opt/ros/humble
[0.323s] Level 1:colcon.colcon_core.package_discovery:discover_packages(prefix_path) using defaults
[0.364s] Level 5:colcon.colcon_core.verb:set package 'tb4_cpp_prac1' build argument 'cmake_args' from command line to 'None'
[0.364s] Level 5:colcon.colcon_core.verb:set package 'tb4_cpp_prac1' build argument 'cmake_target' from command line to 'None'
[0.364s] Level 5:colcon.colcon_core.verb:set package 'tb4_cpp_prac1' build argument 'cmake_target_skip_unavailable' from command line to 'False'
[0.364s] Level 5:colcon.colcon_core.verb:set package 'tb4_cpp_prac1' build argument 'cmake_clean_cache' from command line to 'False'
[0.364s] Level 5:colcon.colcon_core.verb:set package 'tb4_cpp_prac1' build argument 'cmake_clean_first' from command line to 'False'
[0.364s] Level 5:colcon.colcon_core.verb:set package 'tb4_cpp_prac1' build argument 'cmake_force_configure' from command line to 'False'
[0.364s] Level 5:colcon.colcon_core.verb:set package 'tb4_cpp_prac1' build argument 'ament_cmake_args' from command line to 'None'
[0.364s] Level 5:colcon.colcon_core.verb:set package 'tb4_cpp_prac1' build argument 'catkin_cmake_args' from command line to 'None'
[0.364s] Level 5:colcon.colcon_core.verb:set package 'tb4_cpp_prac1' build argument 'catkin_skip_building_tests' from command line to 'False'
[0.364s] DEBUG:colcon.colcon_core.verb:Building package 'tb4_cpp_prac1' with the following arguments: {'ament_cmake_args': None, 'build_base': '/home/eecms/tb4_ws/build/tb4_cpp_prac1', 'catkin_cmake_args': None, 'catkin_skip_building_tests': False, 'cmake_args': None, 'cmake_clean_cache': False, 'cmake_clean_first': False, 'cmake_force_configure': False, 'cmake_target': None, 'cmake_target_skip_unavailable': False, 'install_base': '/home/eecms/tb4_ws/install/tb4_cpp_prac1', 'merge_install': False, 'path': '/home/eecms/tb4_ws/src/tb4_cpp_prac1', 'symlink_install': False, 'test_result_base': None}
[0.365s] Level 5:colcon.colcon_core.verb:set package 'tb4_cpp_prac2' build argument 'cmake_args' from command line to 'None'
[0.365s] Level 5:colcon.colcon_core.verb:set package 'tb4_cpp_prac2' build argument 'cmake_target' from command line to 'None'
[0.365s] Level 5:colcon.colcon_core.verb:set package 'tb4_cpp_prac2' build argument 'cmake_target_skip_unavailable' from command line to 'False'
[0.365s] Level 5:colcon.colcon_core.verb:set package 'tb4_cpp_prac2' build argument 'cmake_clean_cache' from command line to 'False'
[0.365s] Level 5:colcon.colcon_core.verb:set package 'tb4_cpp_prac2' build argument 'cmake_clean_first' from command line to 'False'
[0.365s] Level 5:colcon.colcon_core.verb:set package 'tb4_cpp_prac2' build argument 'cmake_force_configure' from command line to 'False'
[0.365s] Level 5:colcon.colcon_core.verb:set package 'tb4_cpp_prac2' build argument 'ament_cmake_args' from command line to 'None'
[0.365s] Level 5:colcon.colcon_core.verb:set package 'tb4_cpp_prac2' build argument 'catkin_cmake_args' from command line to 'None'
[0.365s] Level 5:colcon.colcon_core.verb:set package 'tb4_cpp_prac2' build argument 'catkin_skip_building_tests' from command line to 'False'
[0.365s] DEBUG:colcon.colcon_core.verb:Building package 'tb4_cpp_prac2' with the following arguments: {'ament_cmake_args': None, 'build_base': '/home/eecms/tb4_ws/build/tb4_cpp_prac2', 'catkin_cmake_args': None, 'catkin_skip_building_tests': False, 'cmake_args': None, 'cmake_clean_cache': False, 'cmake_clean_first': False, 'cmake_force_configure': False, 'cmake_target': None, 'cmake_target_skip_unavailable': False, 'install_base': '/home/eecms/tb4_ws/install/tb4_cpp_prac2', 'merge_install': False, 'path': '/home/eecms/tb4_ws/src/tb4_cpp_prac2', 'symlink_install': False, 'test_result_base': None}
[0.365s] Level 5:colcon.colcon_core.verb:set package 'tb4_cpp_prac3' build argument 'cmake_args' from command line to 'None'
[0.365s] Level 5:colcon.colcon_core.verb:set package 'tb4_cpp_prac3' build argument 'cmake_target' from command line to 'None'
[0.365s] Level 5:colcon.colcon_core.verb:set package 'tb4_cpp_prac3' build argument 'cmake_target_skip_unavailable' from command line to 'False'
[0.365s] Level 5:colcon.colcon_core.verb:set package 'tb4_cpp_prac3' build argument 'cmake_clean_cache' from command line to 'False'
[0.365s] Level 5:colcon.colcon_core.verb:set package 'tb4_cpp_prac3' build argument 'cmake_clean_first' from command line to 'False'
[0.365s] Level 5:colcon.colcon_core.verb:set package 'tb4_cpp_prac3' build argument 'cmake_force_configure' from command line to 'False'
[0.365s] Level 5:colcon.colcon_core.verb:set package 'tb4_cpp_prac3' build argument 'ament_cmake_args' from command line to 'None'
[0.365s] Level 5:colcon.colcon_core.verb:set package 'tb4_cpp_prac3' build argument 'catkin_cmake_args' from command line to 'None'
[0.365s] Level 5:colcon.colcon_core.verb:set package 'tb4_cpp_prac3' build argument 'catkin_skip_building_tests' from command line to 'False'
[0.365s] DEBUG:colcon.colcon_core.verb:Building package 'tb4_cpp_prac3' with the following arguments: {'ament_cmake_args': None, 'build_base': '/home/eecms/tb4_ws/build/tb4_cpp_prac3', 'catkin_cmake_args': None, 'catkin_skip_building_tests': False, 'cmake_args': None, 'cmake_clean_cache': False, 'cmake_clean_first': False, 'cmake_force_configure': False, 'cmake_target': None, 'cmake_target_skip_unavailable': False, 'install_base': '/home/eecms/tb4_ws/install/tb4_cpp_prac3', 'merge_install': False, 'path': '/home/eecms/tb4_ws/src/tb4_cpp_prac3', 'symlink_install': False, 'test_result_base': None}
[0.365s] INFO:colcon.colcon_core.executor:Executing jobs using 'parallel' executor
[0.367s] DEBUG:colcon.colcon_parallel_executor.executor.parallel:run_until_complete
[0.367s] INFO:colcon.colcon_ros.task.ament_cmake.build:Building ROS package in '/home/eecms/tb4_ws/src/tb4_cpp_prac1' with build type 'ament_cmake'
[0.367s] INFO:colcon.colcon_cmake.task.cmake.build:Building CMake package in '/home/eecms/tb4_ws/src/tb4_cpp_prac1'
[0.369s] INFO:colcon.colcon_core.plugin_system:Skipping extension 'colcon_core.shell.bat': Not used on non-Windows systems
[0.369s] INFO:colcon.colcon_core.shell:Skip shell extension 'powershell' for command environment: Not usable outside of PowerShell
[0.369s] DEBUG:colcon.colcon_core.shell:Skip shell extension 'dsv' for command environment
[0.374s] INFO:colcon.colcon_ros.task.ament_cmake.build:Building ROS package in '/home/eecms/tb4_ws/src/tb4_cpp_prac2' with build type 'ament_cmake'
[0.374s] INFO:colcon.colcon_cmake.task.cmake.build:Building CMake package in '/home/eecms/tb4_ws/src/tb4_cpp_prac2'
[0.374s] INFO:colcon.colcon_core.shell:Skip shell extension 'powershell' for command environment: Not usable outside of PowerShell
[0.374s] DEBUG:colcon.colcon_core.shell:Skip shell extension 'dsv' for command environment
[0.377s] INFO:colcon.colcon_ros.task.ament_cmake.build:Building ROS package in '/home/eecms/tb4_ws/src/tb4_cpp_prac3' with build type 'ament_cmake'
[0.377s] INFO:colcon.colcon_cmake.task.cmake.build:Building CMake package in '/home/eecms/tb4_ws/src/tb4_cpp_prac3'
[0.378s] INFO:colcon.colcon_core.shell:Skip shell extension 'powershell' for command environment: Not usable outside of PowerShell
[0.378s] DEBUG:colcon.colcon_core.shell:Skip shell extension 'dsv' for command environment
[0.385s] DEBUG:colcon.colcon_core.event_handler.log_command:Invoking command in '/home/eecms/tb4_ws/build/tb4_cpp_prac1': CMAKE_PREFIX_PATH=/opt/ros/humble /usr/bin/cmake --build /home/eecms/tb4_ws/build/tb4_cpp_prac1 -- -j6 -l6
[0.389s] DEBUG:colcon.colcon_core.event_handler.log_command:Invoking command in '/home/eecms/tb4_ws/build/tb4_cpp_prac2': CMAKE_PREFIX_PATH=/opt/ros/humble /usr/bin/cmake --build /home/eecms/tb4_ws/build/tb4_cpp_prac2 -- -j6 -l6
[0.390s] DEBUG:colcon.colcon_core.event_handler.log_command:Invoking command in '/home/eecms/tb4_ws/build/tb4_cpp_prac3': CMAKE_PREFIX_PATH=/opt/ros/humble /usr/bin/cmake --build /home/eecms/tb4_ws/build/tb4_cpp_prac3 -- -j6 -l6
[0.469s] DEBUG:colcon.colcon_core.event_handler.log_command:Invoked command in '/home/eecms/tb4_ws/build/tb4_cpp_prac1' returned '0': CMAKE_PREFIX_PATH=/opt/ros/humble /usr/bin/cmake --build /home/eecms/tb4_ws/build/tb4_cpp_prac1 -- -j6 -l6
[0.479s] DEBUG:colcon.colcon_core.event_handler.log_command:Invoking command in '/home/eecms/tb4_ws/build/tb4_cpp_prac1': CMAKE_PREFIX_PATH=/opt/ros/humble /usr/bin/cmake --install /home/eecms/tb4_ws/build/tb4_cpp_prac1
[0.480s] DEBUG:colcon.colcon_core.event_handler.log_command:Invoked command in '/home/eecms/tb4_ws/build/tb4_cpp_prac2' returned '0': CMAKE_PREFIX_PATH=/opt/ros/humble /usr/bin/cmake --build /home/eecms/tb4_ws/build/tb4_cpp_prac2 -- -j6 -l6
[0.482s] DEBUG:colcon.colcon_core.event_handler.log_command:Invoking command in '/home/eecms/tb4_ws/build/tb4_cpp_prac2': CMAKE_PREFIX_PATH=/opt/ros/humble /usr/bin/cmake --install /home/eecms/tb4_ws/build/tb4_cpp_prac2
[0.494s] Level 1:colcon.colcon_core.environment:create_environment_scripts_only(tb4_cpp_prac1)
[0.495s] DEBUG:colcon.colcon_core.event_handler.log_command:Invoked command in '/home/eecms/tb4_ws/build/tb4_cpp_prac1' returned '0': CMAKE_PREFIX_PATH=/opt/ros/humble /usr/bin/cmake --install /home/eecms/tb4_ws/build/tb4_cpp_prac1
[0.496s] Level 1:colcon.colcon_core.environment:checking '/home/eecms/tb4_ws/install/tb4_cpp_prac1' for CMake module files
[0.497s] Level 1:colcon.colcon_core.environment:checking '/home/eecms/tb4_ws/install/tb4_cpp_prac1' for CMake config files
[0.498s] Level 1:colcon.colcon_core.shell:create_environment_hook('tb4_cpp_prac1', 'cmake_prefix_path')
[0.498s] INFO:colcon.colcon_core.shell:Creating environment hook '/home/eecms/tb4_ws/install/tb4_cpp_prac1/share/tb4_cpp_prac1/hook/cmake_prefix_path.ps1'
[0.499s] INFO:colcon.colcon_core.shell:Creating environment descriptor '/home/eecms/tb4_ws/install/tb4_cpp_prac1/share/tb4_cpp_prac1/hook/cmake_prefix_path.dsv'
[0.499s] INFO:colcon.colcon_core.shell:Creating environment hook '/home/eecms/tb4_ws/install/tb4_cpp_prac1/share/tb4_cpp_prac1/hook/cmake_prefix_path.sh'
[0.500s] Level 1:colcon.colcon_core.environment:checking '/home/eecms/tb4_ws/install/tb4_cpp_prac1/lib'
[0.501s] Level 1:colcon.colcon_core.environment:checking '/home/eecms/tb4_ws/install/tb4_cpp_prac1/bin'
[0.501s] Level 1:colcon.colcon_core.environment:checking '/home/eecms/tb4_ws/install/tb4_cpp_prac1/lib/pkgconfig/tb4_cpp_prac1.pc'
[0.501s] Level 1:colcon.colcon_core.environment:checking '/home/eecms/tb4_ws/install/tb4_cpp_prac1/lib/python3.10/site-packages'
[0.501s] Level 1:colcon.colcon_core.environment:checking '/home/eecms/tb4_ws/install/tb4_cpp_prac1/bin'
[0.501s] INFO:colcon.colcon_core.shell:Creating package script '/home/eecms/tb4_ws/install/tb4_cpp_prac1/share/tb4_cpp_prac1/package.ps1'
[0.502s] INFO:colcon.colcon_core.shell:Creating package descriptor '/home/eecms/tb4_ws/install/tb4_cpp_prac1/share/tb4_cpp_prac1/package.dsv'
[0.503s] INFO:colcon.colcon_core.shell:Creating package script '/home/eecms/tb4_ws/install/tb4_cpp_prac1/share/tb4_cpp_prac1/package.sh'
[0.503s] INFO:colcon.colcon_core.shell:Creating package script '/home/eecms/tb4_ws/install/tb4_cpp_prac1/share/tb4_cpp_prac1/package.bash'
[0.504s] INFO:colcon.colcon_core.shell:Creating package script '/home/eecms/tb4_ws/install/tb4_cpp_prac1/share/tb4_cpp_prac1/package.zsh'
[0.505s] Level 1:colcon.colcon_core.environment:create_file_with_runtime_dependencies(/home/eecms/tb4_ws/install/tb4_cpp_prac1/share/colcon-core/packages/tb4_cpp_prac1)
[0.506s] Level 1:colcon.colcon_core.environment:create_environment_scripts_only(tb4_cpp_prac1)
[0.506s] Level 1:colcon.colcon_core.environment:checking '/home/eecms/tb4_ws/install/tb4_cpp_prac1' for CMake module files
[0.507s] Level 1:colcon.colcon_core.environment:checking '/home/eecms/tb4_ws/install/tb4_cpp_prac1' for CMake config files
[0.507s] Level 1:colcon.colcon_core.shell:create_environment_hook('tb4_cpp_prac1', 'cmake_prefix_path')
[0.507s] INFO:colcon.colcon_core.shell:Creating environment hook '/home/eecms/tb4_ws/install/tb4_cpp_prac1/share/tb4_cpp_prac1/hook/cmake_prefix_path.ps1'
[0.508s] INFO:colcon.colcon_core.shell:Creating environment descriptor '/home/eecms/tb4_ws/install/tb4_cpp_prac1/share/tb4_cpp_prac1/hook/cmake_prefix_path.dsv'
[0.508s] INFO:colcon.colcon_core.shell:Creating environment hook '/home/eecms/tb4_ws/install/tb4_cpp_prac1/share/tb4_cpp_prac1/hook/cmake_prefix_path.sh'
[0.509s] Level 1:colcon.colcon_core.environment:checking '/home/eecms/tb4_ws/install/tb4_cpp_prac1/lib'
[0.509s] Level 1:colcon.colcon_core.environment:checking '/home/eecms/tb4_ws/install/tb4_cpp_prac1/bin'
[0.509s] Level 1:colcon.colcon_core.environment:checking '/home/eecms/tb4_ws/install/tb4_cpp_prac1/lib/pkgconfig/tb4_cpp_prac1.pc'
[0.509s] Level 1:colcon.colcon_core.environment:checking '/home/eecms/tb4_ws/install/tb4_cpp_prac1/lib/python3.10/site-packages'
[0.509s] Level 1:colcon.colcon_core.environment:checking '/home/eecms/tb4_ws/install/tb4_cpp_prac1/bin'
[0.510s] INFO:colcon.colcon_core.shell:Creating package script '/home/eecms/tb4_ws/install/tb4_cpp_prac1/share/tb4_cpp_prac1/package.ps1'
[0.510s] INFO:colcon.colcon_core.shell:Creating package descriptor '/home/eecms/tb4_ws/install/tb4_cpp_prac1/share/tb4_cpp_prac1/package.dsv'
[0.511s] INFO:colcon.colcon_core.shell:Creating package script '/home/eecms/tb4_ws/install/tb4_cpp_prac1/share/tb4_cpp_prac1/package.sh'
[0.511s] INFO:colcon.colcon_core.shell:Creating package script '/home/eecms/tb4_ws/install/tb4_cpp_prac1/share/tb4_cpp_prac1/package.bash'
[0.511s] INFO:colcon.colcon_core.shell:Creating package script '/home/eecms/tb4_ws/install/tb4_cpp_prac1/share/tb4_cpp_prac1/package.zsh'
[0.512s] Level 1:colcon.colcon_core.environment:create_file_with_runtime_dependencies(/home/eecms/tb4_ws/install/tb4_cpp_prac1/share/colcon-core/packages/tb4_cpp_prac1)
[0.512s] Level 1:colcon.colcon_core.environment:create_environment_scripts_only(tb4_cpp_prac2)
[0.512s] Level 1:colcon.colcon_core.environment:checking '/home/eecms/tb4_ws/install/tb4_cpp_prac2' for CMake module files
[0.513s] DEBUG:colcon.colcon_core.event_handler.log_command:Invoked command in '/home/eecms/tb4_ws/build/tb4_cpp_prac2' returned '0': CMAKE_PREFIX_PATH=/opt/ros/humble /usr/bin/cmake --install /home/eecms/tb4_ws/build/tb4_cpp_prac2
[0.514s] Level 1:colcon.colcon_core.environment:checking '/home/eecms/tb4_ws/install/tb4_cpp_prac2' for CMake config files
[0.514s] Level 1:colcon.colcon_core.shell:create_environment_hook('tb4_cpp_prac2', 'cmake_prefix_path')
[0.514s] INFO:colcon.colcon_core.shell:Creating environment hook '/home/eecms/tb4_ws/install/tb4_cpp_prac2/share/tb4_cpp_prac2/hook/cmake_prefix_path.ps1'
[0.514s] INFO:colcon.colcon_core.shell:Creating environment descriptor '/home/eecms/tb4_ws/install/tb4_cpp_prac2/share/tb4_cpp_prac2/hook/cmake_prefix_path.dsv'
[0.515s] INFO:colcon.colcon_core.shell:Creating environment hook '/home/eecms/tb4_ws/install/tb4_cpp_prac2/share/tb4_cpp_prac2/hook/cmake_prefix_path.sh'
[0.515s] Level 1:colcon.colcon_core.environment:checking '/home/eecms/tb4_ws/install/tb4_cpp_prac2/lib'
[0.515s] Level 1:colcon.colcon_core.environment:checking '/home/eecms/tb4_ws/install/tb4_cpp_prac2/bin'
[0.515s] Level 1:colcon.colcon_core.environment:checking '/home/eecms/tb4_ws/install/tb4_cpp_prac2/lib/pkgconfig/tb4_cpp_prac2.pc'
[0.515s] Level 1:colcon.colcon_core.environment:checking '/home/eecms/tb4_ws/install/tb4_cpp_prac2/lib/python3.10/site-packages'
[0.516s] Level 1:colcon.colcon_core.environment:checking '/home/eecms/tb4_ws/install/tb4_cpp_prac2/bin'
[0.516s] INFO:colcon.colcon_core.shell:Creating package script '/home/eecms/tb4_ws/install/tb4_cpp_prac2/share/tb4_cpp_prac2/package.ps1'
[0.516s] INFO:colcon.colcon_core.shell:Creating package descriptor '/home/eecms/tb4_ws/install/tb4_cpp_prac2/share/tb4_cpp_prac2/package.dsv'
[0.517s] INFO:colcon.colcon_core.shell:Creating package script '/home/eecms/tb4_ws/install/tb4_cpp_prac2/share/tb4_cpp_prac2/package.sh'
[0.517s] INFO:colcon.colcon_core.shell:Creating package script '/home/eecms/tb4_ws/install/tb4_cpp_prac2/share/tb4_cpp_prac2/package.bash'
[0.517s] INFO:colcon.colcon_core.shell:Creating package script '/home/eecms/tb4_ws/install/tb4_cpp_prac2/share/tb4_cpp_prac2/package.zsh'
[0.517s] Level 1:colcon.colcon_core.environment:create_file_with_runtime_dependencies(/home/eecms/tb4_ws/install/tb4_cpp_prac2/share/colcon-core/packages/tb4_cpp_prac2)
[0.518s] Level 1:colcon.colcon_core.environment:create_environment_scripts_only(tb4_cpp_prac2)
[0.518s] Level 1:colcon.colcon_core.environment:checking '/home/eecms/tb4_ws/install/tb4_cpp_prac2' for CMake module files
[0.518s] Level 1:colcon.colcon_core.environment:checking '/home/eecms/tb4_ws/install/tb4_cpp_prac2' for CMake config files
[0.519s] Level 1:colcon.colcon_core.shell:create_environment_hook('tb4_cpp_prac2', 'cmake_prefix_path')
[0.519s] INFO:colcon.colcon_core.shell:Creating environment hook '/home/eecms/tb4_ws/install/tb4_cpp_prac2/share/tb4_cpp_prac2/hook/cmake_prefix_path.ps1'
[0.520s] INFO:colcon.colcon_core.shell:Creating environment descriptor '/home/eecms/tb4_ws/install/tb4_cpp_prac2/share/tb4_cpp_prac2/hook/cmake_prefix_path.dsv'
[0.520s] INFO:colcon.colcon_core.shell:Creating environment hook '/home/eecms/tb4_ws/install/tb4_cpp_prac2/share/tb4_cpp_prac2/hook/cmake_prefix_path.sh'
[0.520s] Level 1:colcon.colcon_core.environment:checking '/home/eecms/tb4_ws/install/tb4_cpp_prac2/lib'
[0.520s] Level 1:colcon.colcon_core.environment:checking '/home/eecms/tb4_ws/install/tb4_cpp_prac2/bin'
[0.521s] Level 1:colcon.colcon_core.environment:checking '/home/eecms/tb4_ws/install/tb4_cpp_prac2/lib/pkgconfig/tb4_cpp_prac2.pc'
[0.521s] Level 1:colcon.colcon_core.environment:checking '/home/eecms/tb4_ws/install/tb4_cpp_prac2/lib/python3.10/site-packages'
[0.521s] Level 1:colcon.colcon_core.environment:checking '/home/eecms/tb4_ws/install/tb4_cpp_prac2/bin'
[0.521s] INFO:colcon.colcon_core.shell:Creating package script '/home/eecms/tb4_ws/install/tb4_cpp_prac2/share/tb4_cpp_prac2/package.ps1'
[0.522s] INFO:colcon.colcon_core.shell:Creating package descriptor '/home/eecms/tb4_ws/install/tb4_cpp_prac2/share/tb4_cpp_prac2/package.dsv'
[0.522s] INFO:colcon.colcon_core.shell:Creating package script '/home/eecms/tb4_ws/install/tb4_cpp_prac2/share/tb4_cpp_prac2/package.sh'
[0.522s] INFO:colcon.colcon_core.shell:Creating package script '/home/eecms/tb4_ws/install/tb4_cpp_prac2/share/tb4_cpp_prac2/package.bash'
[0.523s] INFO:colcon.colcon_core.shell:Creating package script '/home/eecms/tb4_ws/install/tb4_cpp_prac2/share/tb4_cpp_prac2/package.zsh'
[0.523s] Level 1:colcon.colcon_core.environment:create_file_with_runtime_dependencies(/home/eecms/tb4_ws/install/tb4_cpp_prac2/share/colcon-core/packages/tb4_cpp_prac2)
[10.173s] DEBUG:colcon.colcon_core.event_handler.log_command:Invoked command in '/home/eecms/tb4_ws/build/tb4_cpp_prac3' returned '0': CMAKE_PREFIX_PATH=/opt/ros/humble /usr/bin/cmake --build /home/eecms/tb4_ws/build/tb4_cpp_prac3 -- -j6 -l6
[10.174s] DEBUG:colcon.colcon_core.event_handler.log_command:Invoking command in '/home/eecms/tb4_ws/build/tb4_cpp_prac3': CMAKE_PREFIX_PATH=/opt/ros/humble /usr/bin/cmake --install /home/eecms/tb4_ws/build/tb4_cpp_prac3
[10.185s] Level 1:colcon.colcon_core.environment:create_environment_scripts_only(tb4_cpp_prac3)
[10.185s] Level 1:colcon.colcon_core.environment:checking '/home/eecms/tb4_ws/install/tb4_cpp_prac3' for CMake module files
[10.187s] DEBUG:colcon.colcon_core.event_handler.log_command:Invoked command in '/home/eecms/tb4_ws/build/tb4_cpp_prac3' returned '0': CMAKE_PREFIX_PATH=/opt/ros/humble /usr/bin/cmake --install /home/eecms/tb4_ws/build/tb4_cpp_prac3
[10.187s] Level 1:colcon.colcon_core.environment:checking '/home/eecms/tb4_ws/install/tb4_cpp_prac3' for CMake config files
[10.187s] Level 1:colcon.colcon_core.shell:create_environment_hook('tb4_cpp_prac3', 'cmake_prefix_path')
[10.187s] INFO:colcon.colcon_core.shell:Creating environment hook '/home/eecms/tb4_ws/install/tb4_cpp_prac3/share/tb4_cpp_prac3/hook/cmake_prefix_path.ps1'
[10.188s] INFO:colcon.colcon_core.shell:Creating environment descriptor '/home/eecms/tb4_ws/install/tb4_cpp_prac3/share/tb4_cpp_prac3/hook/cmake_prefix_path.dsv'
[10.188s] INFO:colcon.colcon_core.shell:Creating environment hook '/home/eecms/tb4_ws/install/tb4_cpp_prac3/share/tb4_cpp_prac3/hook/cmake_prefix_path.sh'
[10.189s] Level 1:colcon.colcon_core.environment:checking '/home/eecms/tb4_ws/install/tb4_cpp_prac3/lib'
[10.189s] Level 1:colcon.colcon_core.environment:checking '/home/eecms/tb4_ws/install/tb4_cpp_prac3/bin'
[10.189s] Level 1:colcon.colcon_core.environment:checking '/home/eecms/tb4_ws/install/tb4_cpp_prac3/lib/pkgconfig/tb4_cpp_prac3.pc'
[10.189s] Level 1:colcon.colcon_core.environment:checking '/home/eecms/tb4_ws/install/tb4_cpp_prac3/lib/python3.10/site-packages'
[10.189s] Level 1:colcon.colcon_core.environment:checking '/home/eecms/tb4_ws/install/tb4_cpp_prac3/bin'
[10.189s] INFO:colcon.colcon_core.shell:Creating package script '/home/eecms/tb4_ws/install/tb4_cpp_prac3/share/tb4_cpp_prac3/package.ps1'
[10.190s] INFO:colcon.colcon_core.shell:Creating package descriptor '/home/eecms/tb4_ws/install/tb4_cpp_prac3/share/tb4_cpp_prac3/package.dsv'
[10.190s] INFO:colcon.colcon_core.shell:Creating package script '/home/eecms/tb4_ws/install/tb4_cpp_prac3/share/tb4_cpp_prac3/package.sh'
[10.191s] INFO:colcon.colcon_core.shell:Creating package script '/home/eecms/tb4_ws/install/tb4_cpp_prac3/share/tb4_cpp_prac3/package.bash'
[10.191s] INFO:colcon.colcon_core.shell:Creating package script '/home/eecms/tb4_ws/install/tb4_cpp_prac3/share/tb4_cpp_prac3/package.zsh'
[10.191s] Level 1:colcon.colcon_core.environment:create_file_with_runtime_dependencies(/home/eecms/tb4_ws/install/tb4_cpp_prac3/share/colcon-core/packages/tb4_cpp_prac3)
[10.192s] Level 1:colcon.colcon_core.environment:create_environment_scripts_only(tb4_cpp_prac3)
[10.192s] Level 1:colcon.colcon_core.environment:checking '/home/eecms/tb4_ws/install/tb4_cpp_prac3' for CMake module files
[10.192s] Level 1:colcon.colcon_core.environment:checking '/home/eecms/tb4_ws/install/tb4_cpp_prac3' for CMake config files
[10.193s] Level 1:colcon.colcon_core.shell:create_environment_hook('tb4_cpp_prac3', 'cmake_prefix_path')
[10.193s] INFO:colcon.colcon_core.shell:Creating environment hook '/home/eecms/tb4_ws/install/tb4_cpp_prac3/share/tb4_cpp_prac3/hook/cmake_prefix_path.ps1'
[10.193s] INFO:colcon.colcon_core.shell:Creating environment descriptor '/home/eecms/tb4_ws/install/tb4_cpp_prac3/share/tb4_cpp_prac3/hook/cmake_prefix_path.dsv'
[10.193s] INFO:colcon.colcon_core.shell:Creating environment hook '/home/eecms/tb4_ws/install/tb4_cpp_prac3/share/tb4_cpp_prac3/hook/cmake_prefix_path.sh'
[10.194s] Level 1:colcon.colcon_core.environment:checking '/home/eecms/tb4_ws/install/tb4_cpp_prac3/lib'
[10.194s] Level 1:colcon.colcon_core.environment:checking '/home/eecms/tb4_ws/install/tb4_cpp_prac3/bin'
[10.194s] Level 1:colcon.colcon_core.environment:checking '/home/eecms/tb4_ws/install/tb4_cpp_prac3/lib/pkgconfig/tb4_cpp_prac3.pc'
[10.194s] Level 1:colcon.colcon_core.environment:checking '/home/eecms/tb4_ws/install/tb4_cpp_prac3/lib/python3.10/site-packages'
[10.195s] Level 1:colcon.colcon_core.environment:checking '/home/eecms/tb4_ws/install/tb4_cpp_prac3/bin'
[10.195s] INFO:colcon.colcon_core.shell:Creating package script '/home/eecms/tb4_ws/install/tb4_cpp_prac3/share/tb4_cpp_prac3/package.ps1'
[10.195s] INFO:colcon.colcon_core.shell:Creating package descriptor '/home/eecms/tb4_ws/install/tb4_cpp_prac3/share/tb4_cpp_prac3/package.dsv'
[10.196s] INFO:colcon.colcon_core.shell:Creating package script '/home/eecms/tb4_ws/install/tb4_cpp_prac3/share/tb4_cpp_prac3/package.sh'
[10.196s] INFO:colcon.colcon_core.shell:Creating package script '/home/eecms/tb4_ws/install/tb4_cpp_prac3/share/tb4_cpp_prac3/package.bash'
[10.196s] INFO:colcon.colcon_core.shell:Creating package script '/home/eecms/tb4_ws/install/tb4_cpp_prac3/share/tb4_cpp_prac3/package.zsh'
[10.197s] Level 1:colcon.colcon_core.environment:create_file_with_runtime_dependencies(/home/eecms/tb4_ws/install/tb4_cpp_prac3/share/colcon-core/packages/tb4_cpp_prac3)
[10.197s] DEBUG:colcon.colcon_parallel_executor.executor.parallel:closing loop
[10.197s] DEBUG:colcon.colcon_parallel_executor.executor.parallel:loop closed
[10.197s] DEBUG:colcon.colcon_parallel_executor.executor.parallel:run_until_complete finished with '0'
[10.197s] DEBUG:colcon.colcon_core.event_reactor:joining thread
[10.208s] INFO:colcon.colcon_core.plugin_system:Skipping extension 'colcon_notification.desktop_notification.terminal_notifier': Not used on non-Darwin systems
[10.208s] INFO:colcon.colcon_core.plugin_system:Skipping extension 'colcon_notification.desktop_notification.win32': Not used on non-Windows systems
[10.208s] INFO:colcon.colcon_notification.desktop_notification:Sending desktop notification using 'notify2'
[10.229s] DEBUG:colcon.colcon_core.event_reactor:joined thread
[10.229s] INFO:colcon.colcon_core.shell:Creating prefix script '/home/eecms/tb4_ws/install/local_setup.ps1'
[10.230s] INFO:colcon.colcon_core.shell:Creating prefix util module '/home/eecms/tb4_ws/install/_local_setup_util_ps1.py'
[10.232s] INFO:colcon.colcon_core.shell:Creating prefix chain script '/home/eecms/tb4_ws/install/setup.ps1'
[10.232s] INFO:colcon.colcon_core.shell:Creating prefix script '/home/eecms/tb4_ws/install/local_setup.sh'
[10.233s] INFO:colcon.colcon_core.shell:Creating prefix util module '/home/eecms/tb4_ws/install/_local_setup_util_sh.py'
[10.233s] INFO:colcon.colcon_core.shell:Creating prefix chain script '/home/eecms/tb4_ws/install/setup.sh'
[10.234s] INFO:colcon.colcon_core.shell:Creating prefix script '/home/eecms/tb4_ws/install/local_setup.bash'
[10.239s] INFO:colcon.colcon_core.shell:Creating prefix chain script '/home/eecms/tb4_ws/install/setup.bash'
[10.240s] INFO:colcon.colcon_core.shell:Creating prefix script '/home/eecms/tb4_ws/install/local_setup.zsh'
[10.240s] INFO:colcon.colcon_core.shell:Creating prefix chain script '/home/eecms/tb4_ws/install/setup.zsh'
