[0.045s] Invoking command in '/home/eecms/tb4_ws/build/tb4_cpp_prac3': CMAKE_PREFIX_PATH=${CMAKE_PREFIX_PATH}:/opt/ros/humble /usr/bin/cmake --build /home/eecms/tb4_ws/build/tb4_cpp_prac3 -- -j6 -l6
[0.118s] [ 50%] Built target person_follower
[0.145s] [35m[1mConsolidate compiler generated dependencies of target wall_follower[0m
[0.167s] [100%] Built target wall_follower
[0.197s] Invoked command in '/home/eecms/tb4_ws/build/tb4_cpp_prac3' returned '0': CMAKE_PREFIX_PATH=${CMAKE_PREFIX_PATH}:/opt/ros/humble /usr/bin/cmake --build /home/eecms/tb4_ws/build/tb4_cpp_prac3 -- -j6 -l6
[0.203s] Invoking command in '/home/eecms/tb4_ws/build/tb4_cpp_prac3': CMAKE_PREFIX_PATH=${CMAKE_PREFIX_PATH}:/opt/ros/humble /usr/bin/cmake --install /home/eecms/tb4_ws/build/tb4_cpp_prac3
[0.213s] -- Install configuration: ""
[0.213s] -- Up-to-date: /home/eecms/tb4_ws/install/tb4_cpp_prac3/lib/tb4_cpp_prac3/person_follower
[0.216s] -- Up-to-date: /home/eecms/tb4_ws/install/tb4_cpp_prac3/lib/tb4_cpp_prac3/person_follower
[0.216s] -- Up-to-date: /home/eecms/tb4_ws/install/tb4_cpp_prac3/lib/tb4_cpp_prac3/wall_follower
[0.216s] -- Up-to-date: /home/eecms/tb4_ws/install/tb4_cpp_prac3/share/ament_index/resource_index/package_run_dependencies/tb4_cpp_prac3
[0.216s] -- Up-to-date: /home/eecms/tb4_ws/install/tb4_cpp_prac3/share/ament_index/resource_index/parent_prefix_path/tb4_cpp_prac3
[0.216s] -- Up-to-date: /home/eecms/tb4_ws/install/tb4_cpp_prac3/share/tb4_cpp_prac3/environment/ament_prefix_path.sh
[0.216s] -- Up-to-date: /home/eecms/tb4_ws/install/tb4_cpp_prac3/share/tb4_cpp_prac3/environment/ament_prefix_path.dsv
[0.216s] -- Up-to-date: /home/eecms/tb4_ws/install/tb4_cpp_prac3/share/tb4_cpp_prac3/environment/path.sh
[0.216s] -- Up-to-date: /home/eecms/tb4_ws/install/tb4_cpp_prac3/share/tb4_cpp_prac3/environment/path.dsv
[0.216s] -- Up-to-date: /home/eecms/tb4_ws/install/tb4_cpp_prac3/share/tb4_cpp_prac3/local_setup.bash
[0.216s] -- Up-to-date: /home/eecms/tb4_ws/install/tb4_cpp_prac3/share/tb4_cpp_prac3/local_setup.sh
[0.216s] -- Up-to-date: /home/eecms/tb4_ws/install/tb4_cpp_prac3/share/tb4_cpp_prac3/local_setup.zsh
[0.216s] -- Up-to-date: /home/eecms/tb4_ws/install/tb4_cpp_prac3/share/tb4_cpp_prac3/local_setup.dsv
[0.216s] -- Installing: /home/eecms/tb4_ws/install/tb4_cpp_prac3/share/tb4_cpp_prac3/package.dsv
[0.216s] -- Up-to-date: /home/eecms/tb4_ws/install/tb4_cpp_prac3/share/ament_index/resource_index/packages/tb4_cpp_prac3
[0.216s] -- Up-to-date: /home/eecms/tb4_ws/install/tb4_cpp_prac3/share/tb4_cpp_prac3/cmake/tb4_cpp_prac3Config.cmake
[0.216s] -- Up-to-date: /home/eecms/tb4_ws/install/tb4_cpp_prac3/share/tb4_cpp_prac3/cmake/tb4_cpp_prac3Config-version.cmake
[0.216s] -- Up-to-date: /home/eecms/tb4_ws/install/tb4_cpp_prac3/share/tb4_cpp_prac3/package.xml
[0.245s] Invoked command in '/home/eecms/tb4_ws/build/tb4_cpp_prac3' returned '0': CMAKE_PREFIX_PATH=${CMAKE_PREFIX_PATH}:/opt/ros/humble /usr/bin/cmake --install /home/eecms/tb4_ws/build/tb4_cpp_prac3
