[0.679s] DEBUG:colcon:Command line arguments: ['/usr/bin/colcon', 'build']
[0.679s] DEBUG:colcon:Parsed command line arguments: Namespace(log_base=None, log_level=None, verb_name='build', build_base='build', install_base='install', merge_install=False, symlink_install=False, test_result_base=None, continue_on_error=False, executor='parallel', parallel_workers=6, event_handlers=None, ignore_user_meta=False, metas=['./colcon.meta'], base_paths=['.'], packages_ignore=None, packages_ignore_regex=None, paths=None, packages_up_to=None, packages_up_to_regex=None, packages_above=None, packages_above_and_dependencies=None, packages_above_depth=None, packages_select_by_dep=None, packages_skip_by_dep=None, packages_skip_up_to=None, packages_select_build_failed=False, packages_skip_build_finished=False, packages_select_test_failures=False, packages_skip_test_passed=False, packages_select=None, packages_skip=None, packages_select_regex=None, packages_skip_regex=None, packages_start=None, packages_end=None, allow_overriding=[], cmake_args=None, cmake_target=None, cmake_target_skip_unavailable=False, cmake_clean_cache=False, cmake_clean_first=False, cmake_force_configure=False, ament_cmake_args=None, catkin_cmake_args=None, catkin_skip_building_tests=False, mixin_files=None, mixin=None, verb_parser=<colcon_mixin.mixin.mixin_argument.MixinArgumentDecorator object at 0x78720911ddb0>, verb_extension=<colcon_core.verb.build.BuildVerb object at 0x78720911d780>, main=<bound method BuildVerb.main of <colcon_core.verb.build.BuildVerb object at 0x78720911d780>>, mixin_verb=('build',))
[1.513s] Level 1:colcon.colcon_core.package_discovery:discover_packages(colcon_meta) check parameters
[1.514s] Level 1:colcon.colcon_core.package_discovery:discover_packages(recursive) check parameters
[1.514s] Level 1:colcon.colcon_core.package_discovery:discover_packages(ignore) check parameters
[1.514s] Level 1:colcon.colcon_core.package_discovery:discover_packages(path) check parameters
[1.514s] Level 1:colcon.colcon_core.package_discovery:discover_packages(colcon_meta) discover
[1.514s] Level 1:colcon.colcon_core.package_discovery:discover_packages(recursive) discover
[1.514s] INFO:colcon.colcon_core.package_discovery:Crawling recursively for packages in '/home/eecms/tb4_ws'
[1.515s] Level 1:colcon.colcon_core.package_identification:_identify(.) by extensions ['ignore', 'ignore_ament_install']
[1.515s] Level 1:colcon.colcon_core.package_identification:_identify(.) by extension 'ignore'
[1.515s] Level 1:colcon.colcon_core.package_identification:_identify(.) by extension 'ignore_ament_install'
[1.515s] Level 1:colcon.colcon_core.package_identification:_identify(.) by extensions ['colcon_pkg']
[1.515s] Level 1:colcon.colcon_core.package_identification:_identify(.) by extension 'colcon_pkg'
[1.516s] Level 1:colcon.colcon_core.package_identification:_identify(.) by extensions ['colcon_meta']
[1.516s] Level 1:colcon.colcon_core.package_identification:_identify(.) by extension 'colcon_meta'
[1.516s] Level 1:colcon.colcon_core.package_identification:_identify(.) by extensions ['ros']
[1.516s] Level 1:colcon.colcon_core.package_identification:_identify(.) by extension 'ros'
[1.546s] Level 1:colcon.colcon_core.package_identification:_identify(.) by extensions ['cmake', 'python']
[1.547s] Level 1:colcon.colcon_core.package_identification:_identify(.) by extension 'cmake'
[1.547s] Level 1:colcon.colcon_core.package_identification:_identify(.) by extension 'python'
[1.547s] Level 1:colcon.colcon_core.package_identification:_identify(.) by extensions ['python_setup_py']
[1.547s] Level 1:colcon.colcon_core.package_identification:_identify(.) by extension 'python_setup_py'
[1.547s] Level 1:colcon.colcon_core.package_identification:_identify(build) by extensions ['ignore', 'ignore_ament_install']
[1.547s] Level 1:colcon.colcon_core.package_identification:_identify(build) by extension 'ignore'
[1.547s] Level 1:colcon.colcon_core.package_identification:_identify(build) ignored
[1.548s] Level 1:colcon.colcon_core.package_identification:_identify(install) by extensions ['ignore', 'ignore_ament_install']
[1.548s] Level 1:colcon.colcon_core.package_identification:_identify(install) by extension 'ignore'
[1.548s] Level 1:colcon.colcon_core.package_identification:_identify(install) ignored
[1.548s] Level 1:colcon.colcon_core.package_identification:_identify(log) by extensions ['ignore', 'ignore_ament_install']
[1.548s] Level 1:colcon.colcon_core.package_identification:_identify(log) by extension 'ignore'
[1.548s] Level 1:colcon.colcon_core.package_identification:_identify(log) ignored
[1.549s] Level 1:colcon.colcon_core.package_identification:_identify(src) by extensions ['ignore', 'ignore_ament_install']
[1.549s] Level 1:colcon.colcon_core.package_identification:_identify(src) by extension 'ignore'
[1.549s] Level 1:colcon.colcon_core.package_identification:_identify(src) by extension 'ignore_ament_install'
[1.549s] Level 1:colcon.colcon_core.package_identification:_identify(src) by extensions ['colcon_pkg']
[1.549s] Level 1:colcon.colcon_core.package_identification:_identify(src) by extension 'colcon_pkg'
[1.549s] Level 1:colcon.colcon_core.package_identification:_identify(src) by extensions ['colcon_meta']
[1.549s] Level 1:colcon.colcon_core.package_identification:_identify(src) by extension 'colcon_meta'
[1.549s] Level 1:colcon.colcon_core.package_identification:_identify(src) by extensions ['ros']
[1.549s] Level 1:colcon.colcon_core.package_identification:_identify(src) by extension 'ros'
[1.549s] Level 1:colcon.colcon_core.package_identification:_identify(src) by extensions ['cmake', 'python']
[1.549s] Level 1:colcon.colcon_core.package_identification:_identify(src) by extension 'cmake'
[1.549s] Level 1:colcon.colcon_core.package_identification:_identify(src) by extension 'python'
[1.549s] Level 1:colcon.colcon_core.package_identification:_identify(src) by extensions ['python_setup_py']
[1.549s] Level 1:colcon.colcon_core.package_identification:_identify(src) by extension 'python_setup_py'
[1.549s] Level 1:colcon.colcon_core.package_identification:_identify(src/tb4_cpp_prac1) by extensions ['ignore', 'ignore_ament_install']
[1.549s] Level 1:colcon.colcon_core.package_identification:_identify(src/tb4_cpp_prac1) by extension 'ignore'
[1.549s] Level 1:colcon.colcon_core.package_identification:_identify(src/tb4_cpp_prac1) by extension 'ignore_ament_install'
[1.550s] Level 1:colcon.colcon_core.package_identification:_identify(src/tb4_cpp_prac1) by extensions ['colcon_pkg']
[1.550s] Level 1:colcon.colcon_core.package_identification:_identify(src/tb4_cpp_prac1) by extension 'colcon_pkg'
[1.550s] Level 1:colcon.colcon_core.package_identification:_identify(src/tb4_cpp_prac1) by extensions ['colcon_meta']
[1.550s] Level 1:colcon.colcon_core.package_identification:_identify(src/tb4_cpp_prac1) by extension 'colcon_meta'
[1.550s] Level 1:colcon.colcon_core.package_identification:_identify(src/tb4_cpp_prac1) by extensions ['ros']
[1.550s] Level 1:colcon.colcon_core.package_identification:_identify(src/tb4_cpp_prac1) by extension 'ros'
[1.552s] DEBUG:colcon.colcon_core.package_identification:Package 'src/tb4_cpp_prac1' with type 'ros.ament_cmake' and name 'tb4_cpp_prac1'
[1.556s] Level 1:colcon.colcon_core.package_identification:_identify(src/tb4_cpp_prac2) by extensions ['ignore', 'ignore_ament_install']
[1.557s] Level 1:colcon.colcon_core.package_identification:_identify(src/tb4_cpp_prac2) by extension 'ignore'
[1.557s] Level 1:colcon.colcon_core.package_identification:_identify(src/tb4_cpp_prac2) by extension 'ignore_ament_install'
[1.557s] Level 1:colcon.colcon_core.package_identification:_identify(src/tb4_cpp_prac2) by extensions ['colcon_pkg']
[1.557s] Level 1:colcon.colcon_core.package_identification:_identify(src/tb4_cpp_prac2) by extension 'colcon_pkg'
[1.557s] Level 1:colcon.colcon_core.package_identification:_identify(src/tb4_cpp_prac2) by extensions ['colcon_meta']
[1.557s] Level 1:colcon.colcon_core.package_identification:_identify(src/tb4_cpp_prac2) by extension 'colcon_meta'
[1.557s] Level 1:colcon.colcon_core.package_identification:_identify(src/tb4_cpp_prac2) by extensions ['ros']
[1.557s] Level 1:colcon.colcon_core.package_identification:_identify(src/tb4_cpp_prac2) by extension 'ros'
[1.558s] DEBUG:colcon.colcon_core.package_identification:Package 'src/tb4_cpp_prac2' with type 'ros.ament_cmake' and name 'tb4_cpp_prac2'
[1.558s] Level 1:colcon.colcon_core.package_identification:_identify(src/tb4_cpp_prac3) by extensions ['ignore', 'ignore_ament_install']
[1.558s] Level 1:colcon.colcon_core.package_identification:_identify(src/tb4_cpp_prac3) by extension 'ignore'
[1.558s] Level 1:colcon.colcon_core.package_identification:_identify(src/tb4_cpp_prac3) by extension 'ignore_ament_install'
[1.558s] Level 1:colcon.colcon_core.package_identification:_identify(src/tb4_cpp_prac3) by extensions ['colcon_pkg']
[1.558s] Level 1:colcon.colcon_core.package_identification:_identify(src/tb4_cpp_prac3) by extension 'colcon_pkg'
[1.558s] Level 1:colcon.colcon_core.package_identification:_identify(src/tb4_cpp_prac3) by extensions ['colcon_meta']
[1.558s] Level 1:colcon.colcon_core.package_identification:_identify(src/tb4_cpp_prac3) by extension 'colcon_meta'
[1.558s] Level 1:colcon.colcon_core.package_identification:_identify(src/tb4_cpp_prac3) by extensions ['ros']
[1.558s] Level 1:colcon.colcon_core.package_identification:_identify(src/tb4_cpp_prac3) by extension 'ros'
[1.559s] DEBUG:colcon.colcon_core.package_identification:Package 'src/tb4_cpp_prac3' with type 'ros.ament_cmake' and name 'tb4_cpp_prac3'
[1.559s] Level 1:colcon.colcon_core.package_discovery:discover_packages(recursive) using defaults
[1.559s] Level 1:colcon.colcon_core.package_discovery:discover_packages(ignore) discover
[1.559s] Level 1:colcon.colcon_core.package_discovery:discover_packages(ignore) using defaults
[1.559s] Level 1:colcon.colcon_core.package_discovery:discover_packages(path) discover
[1.559s] Level 1:colcon.colcon_core.package_discovery:discover_packages(path) using defaults
[1.661s] Level 1:colcon.colcon_core.package_discovery:discover_packages(prefix_path) check parameters
[1.661s] Level 1:colcon.colcon_core.package_discovery:discover_packages(prefix_path) discover
[1.688s] DEBUG:colcon.colcon_installed_package_information.package_discovery:Found 387 installed packages in /opt/ros/humble
[1.692s] Level 1:colcon.colcon_core.package_discovery:discover_packages(prefix_path) using defaults
[2.291s] Level 5:colcon.colcon_core.verb:set package 'tb4_cpp_prac1' build argument 'cmake_args' from command line to 'None'
[2.291s] Level 5:colcon.colcon_core.verb:set package 'tb4_cpp_prac1' build argument 'cmake_target' from command line to 'None'
[2.292s] Level 5:colcon.colcon_core.verb:set package 'tb4_cpp_prac1' build argument 'cmake_target_skip_unavailable' from command line to 'False'
[2.292s] Level 5:colcon.colcon_core.verb:set package 'tb4_cpp_prac1' build argument 'cmake_clean_cache' from command line to 'False'
[2.292s] Level 5:colcon.colcon_core.verb:set package 'tb4_cpp_prac1' build argument 'cmake_clean_first' from command line to 'False'
[2.293s] Level 5:colcon.colcon_core.verb:set package 'tb4_cpp_prac1' build argument 'cmake_force_configure' from command line to 'False'
[2.293s] Level 5:colcon.colcon_core.verb:set package 'tb4_cpp_prac1' build argument 'ament_cmake_args' from command line to 'None'
[2.293s] Level 5:colcon.colcon_core.verb:set package 'tb4_cpp_prac1' build argument 'catkin_cmake_args' from command line to 'None'
[2.293s] Level 5:colcon.colcon_core.verb:set package 'tb4_cpp_prac1' build argument 'catkin_skip_building_tests' from command line to 'False'
[2.293s] DEBUG:colcon.colcon_core.verb:Building package 'tb4_cpp_prac1' with the following arguments: {'ament_cmake_args': None, 'build_base': '/home/eecms/tb4_ws/build/tb4_cpp_prac1', 'catkin_cmake_args': None, 'catkin_skip_building_tests': False, 'cmake_args': None, 'cmake_clean_cache': False, 'cmake_clean_first': False, 'cmake_force_configure': False, 'cmake_target': None, 'cmake_target_skip_unavailable': False, 'install_base': '/home/eecms/tb4_ws/install/tb4_cpp_prac1', 'merge_install': False, 'path': '/home/eecms/tb4_ws/src/tb4_cpp_prac1', 'symlink_install': False, 'test_result_base': None}
[2.293s] Level 5:colcon.colcon_core.verb:set package 'tb4_cpp_prac2' build argument 'cmake_args' from command line to 'None'
[2.293s] Level 5:colcon.colcon_core.verb:set package 'tb4_cpp_prac2' build argument 'cmake_target' from command line to 'None'
[2.293s] Level 5:colcon.colcon_core.verb:set package 'tb4_cpp_prac2' build argument 'cmake_target_skip_unavailable' from command line to 'False'
[2.293s] Level 5:colcon.colcon_core.verb:set package 'tb4_cpp_prac2' build argument 'cmake_clean_cache' from command line to 'False'
[2.293s] Level 5:colcon.colcon_core.verb:set package 'tb4_cpp_prac2' build argument 'cmake_clean_first' from command line to 'False'
[2.293s] Level 5:colcon.colcon_core.verb:set package 'tb4_cpp_prac2' build argument 'cmake_force_configure' from command line to 'False'
[2.293s] Level 5:colcon.colcon_core.verb:set package 'tb4_cpp_prac2' build argument 'ament_cmake_args' from command line to 'None'
[2.293s] Level 5:colcon.colcon_core.verb:set package 'tb4_cpp_prac2' build argument 'catkin_cmake_args' from command line to 'None'
[2.293s] Level 5:colcon.colcon_core.verb:set package 'tb4_cpp_prac2' build argument 'catkin_skip_building_tests' from command line to 'False'
[2.293s] DEBUG:colcon.colcon_core.verb:Building package 'tb4_cpp_prac2' with the following arguments: {'ament_cmake_args': None, 'build_base': '/home/eecms/tb4_ws/build/tb4_cpp_prac2', 'catkin_cmake_args': None, 'catkin_skip_building_tests': False, 'cmake_args': None, 'cmake_clean_cache': False, 'cmake_clean_first': False, 'cmake_force_configure': False, 'cmake_target': None, 'cmake_target_skip_unavailable': False, 'install_base': '/home/eecms/tb4_ws/install/tb4_cpp_prac2', 'merge_install': False, 'path': '/home/eecms/tb4_ws/src/tb4_cpp_prac2', 'symlink_install': False, 'test_result_base': None}
[2.294s] Level 5:colcon.colcon_core.verb:set package 'tb4_cpp_prac3' build argument 'cmake_args' from command line to 'None'
[2.294s] Level 5:colcon.colcon_core.verb:set package 'tb4_cpp_prac3' build argument 'cmake_target' from command line to 'None'
[2.294s] Level 5:colcon.colcon_core.verb:set package 'tb4_cpp_prac3' build argument 'cmake_target_skip_unavailable' from command line to 'False'
[2.294s] Level 5:colcon.colcon_core.verb:set package 'tb4_cpp_prac3' build argument 'cmake_clean_cache' from command line to 'False'
[2.294s] Level 5:colcon.colcon_core.verb:set package 'tb4_cpp_prac3' build argument 'cmake_clean_first' from command line to 'False'
[2.294s] Level 5:colcon.colcon_core.verb:set package 'tb4_cpp_prac3' build argument 'cmake_force_configure' from command line to 'False'
[2.294s] Level 5:colcon.colcon_core.verb:set package 'tb4_cpp_prac3' build argument 'ament_cmake_args' from command line to 'None'
[2.294s] Level 5:colcon.colcon_core.verb:set package 'tb4_cpp_prac3' build argument 'catkin_cmake_args' from command line to 'None'
[2.294s] Level 5:colcon.colcon_core.verb:set package 'tb4_cpp_prac3' build argument 'catkin_skip_building_tests' from command line to 'False'
[2.294s] DEBUG:colcon.colcon_core.verb:Building package 'tb4_cpp_prac3' with the following arguments: {'ament_cmake_args': None, 'build_base': '/home/eecms/tb4_ws/build/tb4_cpp_prac3', 'catkin_cmake_args': None, 'catkin_skip_building_tests': False, 'cmake_args': None, 'cmake_clean_cache': False, 'cmake_clean_first': False, 'cmake_force_configure': False, 'cmake_target': None, 'cmake_target_skip_unavailable': False, 'install_base': '/home/eecms/tb4_ws/install/tb4_cpp_prac3', 'merge_install': False, 'path': '/home/eecms/tb4_ws/src/tb4_cpp_prac3', 'symlink_install': False, 'test_result_base': None}
[2.294s] INFO:colcon.colcon_core.executor:Executing jobs using 'parallel' executor
[2.296s] DEBUG:colcon.colcon_parallel_executor.executor.parallel:run_until_complete
[2.297s] INFO:colcon.colcon_ros.task.ament_cmake.build:Building ROS package in '/home/eecms/tb4_ws/src/tb4_cpp_prac1' with build type 'ament_cmake'
[2.297s] INFO:colcon.colcon_cmake.task.cmake.build:Building CMake package in '/home/eecms/tb4_ws/src/tb4_cpp_prac1'
[2.306s] INFO:colcon.colcon_core.plugin_system:Skipping extension 'colcon_core.shell.bat': Not used on non-Windows systems
[2.306s] INFO:colcon.colcon_core.shell:Skip shell extension 'powershell' for command environment: Not usable outside of PowerShell
[2.306s] DEBUG:colcon.colcon_core.shell:Skip shell extension 'dsv' for command environment
[2.312s] INFO:colcon.colcon_ros.task.ament_cmake.build:Building ROS package in '/home/eecms/tb4_ws/src/tb4_cpp_prac2' with build type 'ament_cmake'
[2.313s] INFO:colcon.colcon_cmake.task.cmake.build:Building CMake package in '/home/eecms/tb4_ws/src/tb4_cpp_prac2'
[2.313s] INFO:colcon.colcon_core.shell:Skip shell extension 'powershell' for command environment: Not usable outside of PowerShell
[2.314s] DEBUG:colcon.colcon_core.shell:Skip shell extension 'dsv' for command environment
[2.326s] INFO:colcon.colcon_ros.task.ament_cmake.build:Building ROS package in '/home/eecms/tb4_ws/src/tb4_cpp_prac3' with build type 'ament_cmake'
[2.327s] INFO:colcon.colcon_cmake.task.cmake.build:Building CMake package in '/home/eecms/tb4_ws/src/tb4_cpp_prac3'
[2.327s] INFO:colcon.colcon_core.shell:Skip shell extension 'powershell' for command environment: Not usable outside of PowerShell
[2.328s] DEBUG:colcon.colcon_core.shell:Skip shell extension 'dsv' for command environment
[2.345s] DEBUG:colcon.colcon_core.event_handler.log_command:Invoking command in '/home/eecms/tb4_ws/build/tb4_cpp_prac1': CMAKE_PREFIX_PATH=/opt/ros/humble /usr/bin/cmake --build /home/eecms/tb4_ws/build/tb4_cpp_prac1 -- -j6 -l6
[2.365s] DEBUG:colcon.colcon_core.event_handler.log_command:Invoking command in '/home/eecms/tb4_ws/build/tb4_cpp_prac2': CMAKE_PREFIX_PATH=/opt/ros/humble /usr/bin/cmake --build /home/eecms/tb4_ws/build/tb4_cpp_prac2 -- -j6 -l6
[2.376s] DEBUG:colcon.colcon_core.event_handler.log_command:Invoking command in '/home/eecms/tb4_ws/build/tb4_cpp_prac3': CMAKE_PREFIX_PATH=/opt/ros/humble /usr/bin/cmake --build /home/eecms/tb4_ws/build/tb4_cpp_prac3 -- -j6 -l6
[2.496s] DEBUG:colcon.colcon_core.event_handler.log_command:Invoked command in '/home/eecms/tb4_ws/build/tb4_cpp_prac2' returned '0': CMAKE_PREFIX_PATH=/opt/ros/humble /usr/bin/cmake --build /home/eecms/tb4_ws/build/tb4_cpp_prac2 -- -j6 -l6
[2.507s] DEBUG:colcon.colcon_core.event_handler.log_command:Invoking command in '/home/eecms/tb4_ws/build/tb4_cpp_prac2': CMAKE_PREFIX_PATH=/opt/ros/humble /usr/bin/cmake --install /home/eecms/tb4_ws/build/tb4_cpp_prac2
[2.528s] Level 1:colcon.colcon_core.environment:create_environment_scripts_only(tb4_cpp_prac2)
[2.534s] DEBUG:colcon.colcon_core.event_handler.log_command:Invoked command in '/home/eecms/tb4_ws/build/tb4_cpp_prac2' returned '0': CMAKE_PREFIX_PATH=/opt/ros/humble /usr/bin/cmake --install /home/eecms/tb4_ws/build/tb4_cpp_prac2
[2.539s] Level 1:colcon.colcon_core.environment:checking '/home/eecms/tb4_ws/install/tb4_cpp_prac2' for CMake module files
[2.539s] Level 1:colcon.colcon_core.environment:checking '/home/eecms/tb4_ws/install/tb4_cpp_prac2' for CMake config files
[2.544s] Level 1:colcon.colcon_core.shell:create_environment_hook('tb4_cpp_prac2', 'cmake_prefix_path')
[2.544s] INFO:colcon.colcon_core.shell:Creating environment hook '/home/eecms/tb4_ws/install/tb4_cpp_prac2/share/tb4_cpp_prac2/hook/cmake_prefix_path.ps1'
[2.545s] INFO:colcon.colcon_core.shell:Creating environment descriptor '/home/eecms/tb4_ws/install/tb4_cpp_prac2/share/tb4_cpp_prac2/hook/cmake_prefix_path.dsv'
[2.549s] INFO:colcon.colcon_core.shell:Creating environment hook '/home/eecms/tb4_ws/install/tb4_cpp_prac2/share/tb4_cpp_prac2/hook/cmake_prefix_path.sh'
[2.552s] Level 1:colcon.colcon_core.environment:checking '/home/eecms/tb4_ws/install/tb4_cpp_prac2/lib'
[2.552s] Level 1:colcon.colcon_core.environment:checking '/home/eecms/tb4_ws/install/tb4_cpp_prac2/bin'
[2.553s] Level 1:colcon.colcon_core.environment:checking '/home/eecms/tb4_ws/install/tb4_cpp_prac2/lib/pkgconfig/tb4_cpp_prac2.pc'
[2.553s] Level 1:colcon.colcon_core.environment:checking '/home/eecms/tb4_ws/install/tb4_cpp_prac2/lib/python3.10/site-packages'
[2.553s] Level 1:colcon.colcon_core.environment:checking '/home/eecms/tb4_ws/install/tb4_cpp_prac2/bin'
[2.557s] INFO:colcon.colcon_core.shell:Creating package script '/home/eecms/tb4_ws/install/tb4_cpp_prac2/share/tb4_cpp_prac2/package.ps1'
[2.561s] INFO:colcon.colcon_core.shell:Creating package descriptor '/home/eecms/tb4_ws/install/tb4_cpp_prac2/share/tb4_cpp_prac2/package.dsv'
[2.564s] INFO:colcon.colcon_core.shell:Creating package script '/home/eecms/tb4_ws/install/tb4_cpp_prac2/share/tb4_cpp_prac2/package.sh'
[2.565s] INFO:colcon.colcon_core.shell:Creating package script '/home/eecms/tb4_ws/install/tb4_cpp_prac2/share/tb4_cpp_prac2/package.bash'
[2.569s] INFO:colcon.colcon_core.shell:Creating package script '/home/eecms/tb4_ws/install/tb4_cpp_prac2/share/tb4_cpp_prac2/package.zsh'
[2.569s] Level 1:colcon.colcon_core.environment:create_file_with_runtime_dependencies(/home/eecms/tb4_ws/install/tb4_cpp_prac2/share/colcon-core/packages/tb4_cpp_prac2)
[2.570s] Level 1:colcon.colcon_core.environment:create_environment_scripts_only(tb4_cpp_prac2)
[2.570s] Level 1:colcon.colcon_core.environment:checking '/home/eecms/tb4_ws/install/tb4_cpp_prac2' for CMake module files
[2.575s] Level 1:colcon.colcon_core.environment:checking '/home/eecms/tb4_ws/install/tb4_cpp_prac2' for CMake config files
[2.575s] Level 1:colcon.colcon_core.shell:create_environment_hook('tb4_cpp_prac2', 'cmake_prefix_path')
[2.576s] INFO:colcon.colcon_core.shell:Creating environment hook '/home/eecms/tb4_ws/install/tb4_cpp_prac2/share/tb4_cpp_prac2/hook/cmake_prefix_path.ps1'
[2.579s] INFO:colcon.colcon_core.shell:Creating environment descriptor '/home/eecms/tb4_ws/install/tb4_cpp_prac2/share/tb4_cpp_prac2/hook/cmake_prefix_path.dsv'
[2.580s] INFO:colcon.colcon_core.shell:Creating environment hook '/home/eecms/tb4_ws/install/tb4_cpp_prac2/share/tb4_cpp_prac2/hook/cmake_prefix_path.sh'
[2.582s] Level 1:colcon.colcon_core.environment:checking '/home/eecms/tb4_ws/install/tb4_cpp_prac2/lib'
[2.582s] Level 1:colcon.colcon_core.environment:checking '/home/eecms/tb4_ws/install/tb4_cpp_prac2/bin'
[2.583s] Level 1:colcon.colcon_core.environment:checking '/home/eecms/tb4_ws/install/tb4_cpp_prac2/lib/pkgconfig/tb4_cpp_prac2.pc'
[2.584s] Level 1:colcon.colcon_core.environment:checking '/home/eecms/tb4_ws/install/tb4_cpp_prac2/lib/python3.10/site-packages'
[2.584s] Level 1:colcon.colcon_core.environment:checking '/home/eecms/tb4_ws/install/tb4_cpp_prac2/bin'
[2.585s] INFO:colcon.colcon_core.shell:Creating package script '/home/eecms/tb4_ws/install/tb4_cpp_prac2/share/tb4_cpp_prac2/package.ps1'
[2.590s] INFO:colcon.colcon_core.shell:Creating package descriptor '/home/eecms/tb4_ws/install/tb4_cpp_prac2/share/tb4_cpp_prac2/package.dsv'
[2.590s] INFO:colcon.colcon_core.shell:Creating package script '/home/eecms/tb4_ws/install/tb4_cpp_prac2/share/tb4_cpp_prac2/package.sh'
[2.593s] INFO:colcon.colcon_core.shell:Creating package script '/home/eecms/tb4_ws/install/tb4_cpp_prac2/share/tb4_cpp_prac2/package.bash'
[2.597s] INFO:colcon.colcon_core.shell:Creating package script '/home/eecms/tb4_ws/install/tb4_cpp_prac2/share/tb4_cpp_prac2/package.zsh'
[2.597s] Level 1:colcon.colcon_core.environment:create_file_with_runtime_dependencies(/home/eecms/tb4_ws/install/tb4_cpp_prac2/share/colcon-core/packages/tb4_cpp_prac2)
[2.610s] DEBUG:colcon.colcon_core.event_handler.log_command:Invoked command in '/home/eecms/tb4_ws/build/tb4_cpp_prac1' returned '0': CMAKE_PREFIX_PATH=/opt/ros/humble /usr/bin/cmake --build /home/eecms/tb4_ws/build/tb4_cpp_prac1 -- -j6 -l6
[2.612s] DEBUG:colcon.colcon_core.event_handler.log_command:Invoking command in '/home/eecms/tb4_ws/build/tb4_cpp_prac1': CMAKE_PREFIX_PATH=/opt/ros/humble /usr/bin/cmake --install /home/eecms/tb4_ws/build/tb4_cpp_prac1
[2.625s] Level 1:colcon.colcon_core.environment:create_environment_scripts_only(tb4_cpp_prac1)
[2.626s] Level 1:colcon.colcon_core.environment:checking '/home/eecms/tb4_ws/install/tb4_cpp_prac1' for CMake module files
[2.626s] DEBUG:colcon.colcon_core.event_handler.log_command:Invoked command in '/home/eecms/tb4_ws/build/tb4_cpp_prac1' returned '0': CMAKE_PREFIX_PATH=/opt/ros/humble /usr/bin/cmake --install /home/eecms/tb4_ws/build/tb4_cpp_prac1
[2.627s] Level 1:colcon.colcon_core.environment:checking '/home/eecms/tb4_ws/install/tb4_cpp_prac1' for CMake config files
[2.628s] Level 1:colcon.colcon_core.shell:create_environment_hook('tb4_cpp_prac1', 'cmake_prefix_path')
[2.628s] INFO:colcon.colcon_core.shell:Creating environment hook '/home/eecms/tb4_ws/install/tb4_cpp_prac1/share/tb4_cpp_prac1/hook/cmake_prefix_path.ps1'
[2.630s] INFO:colcon.colcon_core.shell:Creating environment descriptor '/home/eecms/tb4_ws/install/tb4_cpp_prac1/share/tb4_cpp_prac1/hook/cmake_prefix_path.dsv'
[2.631s] INFO:colcon.colcon_core.shell:Creating environment hook '/home/eecms/tb4_ws/install/tb4_cpp_prac1/share/tb4_cpp_prac1/hook/cmake_prefix_path.sh'
[2.633s] Level 1:colcon.colcon_core.environment:checking '/home/eecms/tb4_ws/install/tb4_cpp_prac1/lib'
[2.633s] Level 1:colcon.colcon_core.environment:checking '/home/eecms/tb4_ws/install/tb4_cpp_prac1/bin'
[2.633s] Level 1:colcon.colcon_core.environment:checking '/home/eecms/tb4_ws/install/tb4_cpp_prac1/lib/pkgconfig/tb4_cpp_prac1.pc'
[2.633s] Level 1:colcon.colcon_core.environment:checking '/home/eecms/tb4_ws/install/tb4_cpp_prac1/lib/python3.10/site-packages'
[2.633s] Level 1:colcon.colcon_core.environment:checking '/home/eecms/tb4_ws/install/tb4_cpp_prac1/bin'
[2.633s] INFO:colcon.colcon_core.shell:Creating package script '/home/eecms/tb4_ws/install/tb4_cpp_prac1/share/tb4_cpp_prac1/package.ps1'
[2.634s] INFO:colcon.colcon_core.shell:Creating package descriptor '/home/eecms/tb4_ws/install/tb4_cpp_prac1/share/tb4_cpp_prac1/package.dsv'
[2.634s] INFO:colcon.colcon_core.shell:Creating package script '/home/eecms/tb4_ws/install/tb4_cpp_prac1/share/tb4_cpp_prac1/package.sh'
[2.635s] INFO:colcon.colcon_core.shell:Creating package script '/home/eecms/tb4_ws/install/tb4_cpp_prac1/share/tb4_cpp_prac1/package.bash'
[2.635s] INFO:colcon.colcon_core.shell:Creating package script '/home/eecms/tb4_ws/install/tb4_cpp_prac1/share/tb4_cpp_prac1/package.zsh'
[2.635s] Level 1:colcon.colcon_core.environment:create_file_with_runtime_dependencies(/home/eecms/tb4_ws/install/tb4_cpp_prac1/share/colcon-core/packages/tb4_cpp_prac1)
[2.638s] Level 1:colcon.colcon_core.environment:create_environment_scripts_only(tb4_cpp_prac1)
[2.638s] Level 1:colcon.colcon_core.environment:checking '/home/eecms/tb4_ws/install/tb4_cpp_prac1' for CMake module files
[2.638s] Level 1:colcon.colcon_core.environment:checking '/home/eecms/tb4_ws/install/tb4_cpp_prac1' for CMake config files
[2.638s] Level 1:colcon.colcon_core.shell:create_environment_hook('tb4_cpp_prac1', 'cmake_prefix_path')
[2.639s] INFO:colcon.colcon_core.shell:Creating environment hook '/home/eecms/tb4_ws/install/tb4_cpp_prac1/share/tb4_cpp_prac1/hook/cmake_prefix_path.ps1'
[2.642s] INFO:colcon.colcon_core.shell:Creating environment descriptor '/home/eecms/tb4_ws/install/tb4_cpp_prac1/share/tb4_cpp_prac1/hook/cmake_prefix_path.dsv'
[2.643s] INFO:colcon.colcon_core.shell:Creating environment hook '/home/eecms/tb4_ws/install/tb4_cpp_prac1/share/tb4_cpp_prac1/hook/cmake_prefix_path.sh'
[2.643s] Level 1:colcon.colcon_core.environment:checking '/home/eecms/tb4_ws/install/tb4_cpp_prac1/lib'
[2.644s] Level 1:colcon.colcon_core.environment:checking '/home/eecms/tb4_ws/install/tb4_cpp_prac1/bin'
[2.644s] Level 1:colcon.colcon_core.environment:checking '/home/eecms/tb4_ws/install/tb4_cpp_prac1/lib/pkgconfig/tb4_cpp_prac1.pc'
[2.644s] Level 1:colcon.colcon_core.environment:checking '/home/eecms/tb4_ws/install/tb4_cpp_prac1/lib/python3.10/site-packages'
[2.644s] Level 1:colcon.colcon_core.environment:checking '/home/eecms/tb4_ws/install/tb4_cpp_prac1/bin'
[2.644s] INFO:colcon.colcon_core.shell:Creating package script '/home/eecms/tb4_ws/install/tb4_cpp_prac1/share/tb4_cpp_prac1/package.ps1'
[2.645s] INFO:colcon.colcon_core.shell:Creating package descriptor '/home/eecms/tb4_ws/install/tb4_cpp_prac1/share/tb4_cpp_prac1/package.dsv'
[2.645s] INFO:colcon.colcon_core.shell:Creating package script '/home/eecms/tb4_ws/install/tb4_cpp_prac1/share/tb4_cpp_prac1/package.sh'
[2.647s] INFO:colcon.colcon_core.shell:Creating package script '/home/eecms/tb4_ws/install/tb4_cpp_prac1/share/tb4_cpp_prac1/package.bash'
[2.647s] INFO:colcon.colcon_core.shell:Creating package script '/home/eecms/tb4_ws/install/tb4_cpp_prac1/share/tb4_cpp_prac1/package.zsh'
[2.648s] Level 1:colcon.colcon_core.environment:create_file_with_runtime_dependencies(/home/eecms/tb4_ws/install/tb4_cpp_prac1/share/colcon-core/packages/tb4_cpp_prac1)
[12.236s] DEBUG:colcon.colcon_core.event_handler.log_command:Invoked command in '/home/eecms/tb4_ws/build/tb4_cpp_prac3' returned '0': CMAKE_PREFIX_PATH=/opt/ros/humble /usr/bin/cmake --build /home/eecms/tb4_ws/build/tb4_cpp_prac3 -- -j6 -l6
[12.236s] DEBUG:colcon.colcon_core.event_handler.log_command:Invoking command in '/home/eecms/tb4_ws/build/tb4_cpp_prac3': CMAKE_PREFIX_PATH=/opt/ros/humble /usr/bin/cmake --install /home/eecms/tb4_ws/build/tb4_cpp_prac3
[12.253s] Level 1:colcon.colcon_core.environment:create_environment_scripts_only(tb4_cpp_prac3)
[12.253s] Level 1:colcon.colcon_core.environment:checking '/home/eecms/tb4_ws/install/tb4_cpp_prac3' for CMake module files
[12.253s] Level 1:colcon.colcon_core.environment:checking '/home/eecms/tb4_ws/install/tb4_cpp_prac3' for CMake config files
[12.254s] Level 1:colcon.colcon_core.shell:create_environment_hook('tb4_cpp_prac3', 'cmake_prefix_path')
[12.254s] INFO:colcon.colcon_core.shell:Creating environment hook '/home/eecms/tb4_ws/install/tb4_cpp_prac3/share/tb4_cpp_prac3/hook/cmake_prefix_path.ps1'
[12.254s] INFO:colcon.colcon_core.shell:Creating environment descriptor '/home/eecms/tb4_ws/install/tb4_cpp_prac3/share/tb4_cpp_prac3/hook/cmake_prefix_path.dsv'
[12.255s] INFO:colcon.colcon_core.shell:Creating environment hook '/home/eecms/tb4_ws/install/tb4_cpp_prac3/share/tb4_cpp_prac3/hook/cmake_prefix_path.sh'
[12.255s] Level 1:colcon.colcon_core.environment:checking '/home/eecms/tb4_ws/install/tb4_cpp_prac3/lib'
[12.255s] Level 1:colcon.colcon_core.environment:checking '/home/eecms/tb4_ws/install/tb4_cpp_prac3/bin'
[12.255s] Level 1:colcon.colcon_core.environment:checking '/home/eecms/tb4_ws/install/tb4_cpp_prac3/lib/pkgconfig/tb4_cpp_prac3.pc'
[12.255s] Level 1:colcon.colcon_core.environment:checking '/home/eecms/tb4_ws/install/tb4_cpp_prac3/lib/python3.10/site-packages'
[12.256s] DEBUG:colcon.colcon_core.event_handler.log_command:Invoked command in '/home/eecms/tb4_ws/build/tb4_cpp_prac3' returned '0': CMAKE_PREFIX_PATH=/opt/ros/humble /usr/bin/cmake --install /home/eecms/tb4_ws/build/tb4_cpp_prac3
[12.256s] Level 1:colcon.colcon_core.environment:checking '/home/eecms/tb4_ws/install/tb4_cpp_prac3/bin'
[12.256s] INFO:colcon.colcon_core.shell:Creating package script '/home/eecms/tb4_ws/install/tb4_cpp_prac3/share/tb4_cpp_prac3/package.ps1'
[12.257s] INFO:colcon.colcon_core.shell:Creating package descriptor '/home/eecms/tb4_ws/install/tb4_cpp_prac3/share/tb4_cpp_prac3/package.dsv'
[12.257s] INFO:colcon.colcon_core.shell:Creating package script '/home/eecms/tb4_ws/install/tb4_cpp_prac3/share/tb4_cpp_prac3/package.sh'
[12.257s] INFO:colcon.colcon_core.shell:Creating package script '/home/eecms/tb4_ws/install/tb4_cpp_prac3/share/tb4_cpp_prac3/package.bash'
[12.258s] INFO:colcon.colcon_core.shell:Creating package script '/home/eecms/tb4_ws/install/tb4_cpp_prac3/share/tb4_cpp_prac3/package.zsh'
[12.258s] Level 1:colcon.colcon_core.environment:create_file_with_runtime_dependencies(/home/eecms/tb4_ws/install/tb4_cpp_prac3/share/colcon-core/packages/tb4_cpp_prac3)
[12.258s] Level 1:colcon.colcon_core.environment:create_environment_scripts_only(tb4_cpp_prac3)
[12.259s] Level 1:colcon.colcon_core.environment:checking '/home/eecms/tb4_ws/install/tb4_cpp_prac3' for CMake module files
[12.259s] Level 1:colcon.colcon_core.environment:checking '/home/eecms/tb4_ws/install/tb4_cpp_prac3' for CMake config files
[12.259s] Level 1:colcon.colcon_core.shell:create_environment_hook('tb4_cpp_prac3', 'cmake_prefix_path')
[12.259s] INFO:colcon.colcon_core.shell:Creating environment hook '/home/eecms/tb4_ws/install/tb4_cpp_prac3/share/tb4_cpp_prac3/hook/cmake_prefix_path.ps1'
[12.260s] INFO:colcon.colcon_core.shell:Creating environment descriptor '/home/eecms/tb4_ws/install/tb4_cpp_prac3/share/tb4_cpp_prac3/hook/cmake_prefix_path.dsv'
[12.260s] INFO:colcon.colcon_core.shell:Creating environment hook '/home/eecms/tb4_ws/install/tb4_cpp_prac3/share/tb4_cpp_prac3/hook/cmake_prefix_path.sh'
[12.260s] Level 1:colcon.colcon_core.environment:checking '/home/eecms/tb4_ws/install/tb4_cpp_prac3/lib'
[12.261s] Level 1:colcon.colcon_core.environment:checking '/home/eecms/tb4_ws/install/tb4_cpp_prac3/bin'
[12.261s] Level 1:colcon.colcon_core.environment:checking '/home/eecms/tb4_ws/install/tb4_cpp_prac3/lib/pkgconfig/tb4_cpp_prac3.pc'
[12.261s] Level 1:colcon.colcon_core.environment:checking '/home/eecms/tb4_ws/install/tb4_cpp_prac3/lib/python3.10/site-packages'
[12.261s] Level 1:colcon.colcon_core.environment:checking '/home/eecms/tb4_ws/install/tb4_cpp_prac3/bin'
[12.261s] INFO:colcon.colcon_core.shell:Creating package script '/home/eecms/tb4_ws/install/tb4_cpp_prac3/share/tb4_cpp_prac3/package.ps1'
[12.262s] INFO:colcon.colcon_core.shell:Creating package descriptor '/home/eecms/tb4_ws/install/tb4_cpp_prac3/share/tb4_cpp_prac3/package.dsv'
[12.262s] INFO:colcon.colcon_core.shell:Creating package script '/home/eecms/tb4_ws/install/tb4_cpp_prac3/share/tb4_cpp_prac3/package.sh'
[12.262s] INFO:colcon.colcon_core.shell:Creating package script '/home/eecms/tb4_ws/install/tb4_cpp_prac3/share/tb4_cpp_prac3/package.bash'
[12.263s] INFO:colcon.colcon_core.shell:Creating package script '/home/eecms/tb4_ws/install/tb4_cpp_prac3/share/tb4_cpp_prac3/package.zsh'
[12.263s] Level 1:colcon.colcon_core.environment:create_file_with_runtime_dependencies(/home/eecms/tb4_ws/install/tb4_cpp_prac3/share/colcon-core/packages/tb4_cpp_prac3)
[12.264s] DEBUG:colcon.colcon_parallel_executor.executor.parallel:closing loop
[12.264s] DEBUG:colcon.colcon_parallel_executor.executor.parallel:loop closed
[12.264s] DEBUG:colcon.colcon_parallel_executor.executor.parallel:run_until_complete finished with '0'
[12.264s] DEBUG:colcon.colcon_core.event_reactor:joining thread
[12.269s] INFO:colcon.colcon_core.plugin_system:Skipping extension 'colcon_notification.desktop_notification.terminal_notifier': Not used on non-Darwin systems
[12.269s] INFO:colcon.colcon_core.plugin_system:Skipping extension 'colcon_notification.desktop_notification.win32': Not used on non-Windows systems
[12.270s] INFO:colcon.colcon_notification.desktop_notification:Sending desktop notification using 'notify2'
[12.301s] DEBUG:colcon.colcon_core.event_reactor:joined thread
[12.301s] INFO:colcon.colcon_core.shell:Creating prefix script '/home/eecms/tb4_ws/install/local_setup.ps1'
[12.302s] INFO:colcon.colcon_core.shell:Creating prefix util module '/home/eecms/tb4_ws/install/_local_setup_util_ps1.py'
[12.304s] INFO:colcon.colcon_core.shell:Creating prefix chain script '/home/eecms/tb4_ws/install/setup.ps1'
[12.305s] INFO:colcon.colcon_core.shell:Creating prefix script '/home/eecms/tb4_ws/install/local_setup.sh'
[12.306s] INFO:colcon.colcon_core.shell:Creating prefix util module '/home/eecms/tb4_ws/install/_local_setup_util_sh.py'
[12.307s] INFO:colcon.colcon_core.shell:Creating prefix chain script '/home/eecms/tb4_ws/install/setup.sh'
[12.308s] INFO:colcon.colcon_core.shell:Creating prefix script '/home/eecms/tb4_ws/install/local_setup.bash'
[12.308s] INFO:colcon.colcon_core.shell:Creating prefix chain script '/home/eecms/tb4_ws/install/setup.bash'
[12.309s] INFO:colcon.colcon_core.shell:Creating prefix script '/home/eecms/tb4_ws/install/local_setup.zsh'
[12.309s] INFO:colcon.colcon_core.shell:Creating prefix chain script '/home/eecms/tb4_ws/install/setup.zsh'
