[ 33%] Built target tb4_cpp_node
[ 66%] Built target tb4_cpp_action_server
[100%] Built target tb4_cpp_srv_server
-- Install configuration: ""
-- Up-to-date: /home/eecms/tb4_ws/install/tb4_cpp_prac1/lib/tb4_cpp_prac1/tb4_cpp_node
-- Up-to-date: /home/eecms/tb4_ws/install/tb4_cpp_prac1/lib/tb4_cpp_prac1/tb4_cpp_srv_server
-- Up-to-date: /home/eecms/tb4_ws/install/tb4_cpp_prac1/lib/tb4_cpp_prac1/tb4_cpp_action_server
-- Up-to-date: /home/eecms/tb4_ws/install/tb4_cpp_prac1/share/ament_index/resource_index/package_run_dependencies/tb4_cpp_prac1
-- Up-to-date: /home/eecms/tb4_ws/install/tb4_cpp_prac1/share/ament_index/resource_index/parent_prefix_path/tb4_cpp_prac1
-- Up-to-date: /home/eecms/tb4_ws/install/tb4_cpp_prac1/share/tb4_cpp_prac1/environment/ament_prefix_path.sh
-- Up-to-date: /home/eecms/tb4_ws/install/tb4_cpp_prac1/share/tb4_cpp_prac1/environment/ament_prefix_path.dsv
-- Up-to-date: /home/eecms/tb4_ws/install/tb4_cpp_prac1/share/tb4_cpp_prac1/environment/path.sh
-- Up-to-date: /home/eecms/tb4_ws/install/tb4_cpp_prac1/share/tb4_cpp_prac1/environment/path.dsv
-- Up-to-date: /home/eecms/tb4_ws/install/tb4_cpp_prac1/share/tb4_cpp_prac1/local_setup.bash
-- Up-to-date: /home/eecms/tb4_ws/install/tb4_cpp_prac1/share/tb4_cpp_prac1/local_setup.sh
-- Up-to-date: /home/eecms/tb4_ws/install/tb4_cpp_prac1/share/tb4_cpp_prac1/local_setup.zsh
-- Up-to-date: /home/eecms/tb4_ws/install/tb4_cpp_prac1/share/tb4_cpp_prac1/local_setup.dsv
-- Installing: /home/eecms/tb4_ws/install/tb4_cpp_prac1/share/tb4_cpp_prac1/package.dsv
-- Up-to-date: /home/eecms/tb4_ws/install/tb4_cpp_prac1/share/ament_index/resource_index/packages/tb4_cpp_prac1
-- Up-to-date: /home/eecms/tb4_ws/install/tb4_cpp_prac1/share/tb4_cpp_prac1/cmake/tb4_cpp_prac1Config.cmake
-- Up-to-date: /home/eecms/tb4_ws/install/tb4_cpp_prac1/share/tb4_cpp_prac1/cmake/tb4_cpp_prac1Config-version.cmake
-- Up-to-date: /home/eecms/tb4_ws/install/tb4_cpp_prac1/share/tb4_cpp_prac1/package.xml
