[0.019s] Invoking command in '/home/robotai/tb4_ws/build/tb4_cpp_prac2': CMAKE_PREFIX_PATH=${CMAKE_PREFIX_PATH}:/opt/ros/humble /usr/bin/cmake --build /home/robotai/tb4_ws/build/tb4_cpp_prac2 -- -j8 -l8
[0.088s] [100%] Built target tb4_arc_action
[0.100s] Invoked command in '/home/robotai/tb4_ws/build/tb4_cpp_prac2' returned '0': CMAKE_PREFIX_PATH=${CMAKE_PREFIX_PATH}:/opt/ros/humble /usr/bin/cmake --build /home/robotai/tb4_ws/build/tb4_cpp_prac2 -- -j8 -l8
[0.142s] Invoking command in '/home/robotai/tb4_ws/build/tb4_cpp_prac2': CMAKE_PREFIX_PATH=${CMAKE_PREFIX_PATH}:/opt/ros/humble /usr/bin/cmake --install /home/robotai/tb4_ws/build/tb4_cpp_prac2
[0.151s] -- Install configuration: ""
[0.151s] -- Up-to-date: /home/robotai/tb4_ws/install/tb4_cpp_prac2/lib/tb4_cpp_prac2/tb4_arc_action
[0.152s] -- Up-to-date: /home/robotai/tb4_ws/install/tb4_cpp_prac2/share/ament_index/resource_index/package_run_dependencies/tb4_cpp_prac2
[0.152s] -- Up-to-date: /home/robotai/tb4_ws/install/tb4_cpp_prac2/share/ament_index/resource_index/parent_prefix_path/tb4_cpp_prac2
[0.152s] -- Up-to-date: /home/robotai/tb4_ws/install/tb4_cpp_prac2/share/tb4_cpp_prac2/environment/ament_prefix_path.sh
[0.152s] -- Up-to-date: /home/robotai/tb4_ws/install/tb4_cpp_prac2/share/tb4_cpp_prac2/environment/ament_prefix_path.dsv
[0.153s] -- Up-to-date: /home/robotai/tb4_ws/install/tb4_cpp_prac2/share/tb4_cpp_prac2/environment/path.sh
[0.153s] -- Up-to-date: /home/robotai/tb4_ws/install/tb4_cpp_prac2/share/tb4_cpp_prac2/environment/path.dsv
[0.153s] -- Up-to-date: /home/robotai/tb4_ws/install/tb4_cpp_prac2/share/tb4_cpp_prac2/local_setup.bash
[0.153s] -- Up-to-date: /home/robotai/tb4_ws/install/tb4_cpp_prac2/share/tb4_cpp_prac2/local_setup.sh
[0.153s] -- Up-to-date: /home/robotai/tb4_ws/install/tb4_cpp_prac2/share/tb4_cpp_prac2/local_setup.zsh
[0.153s] -- Up-to-date: /home/robotai/tb4_ws/install/tb4_cpp_prac2/share/tb4_cpp_prac2/local_setup.dsv
[0.153s] -- Installing: /home/robotai/tb4_ws/install/tb4_cpp_prac2/share/tb4_cpp_prac2/package.dsv
[0.154s] -- Up-to-date: /home/robotai/tb4_ws/install/tb4_cpp_prac2/share/ament_index/resource_index/packages/tb4_cpp_prac2
[0.154s] -- Up-to-date: /home/robotai/tb4_ws/install/tb4_cpp_prac2/share/tb4_cpp_prac2/cmake/tb4_cpp_prac2Config.cmake
[0.154s] -- Up-to-date: /home/robotai/tb4_ws/install/tb4_cpp_prac2/share/tb4_cpp_prac2/cmake/tb4_cpp_prac2Config-version.cmake
[0.154s] -- Up-to-date: /home/robotai/tb4_ws/install/tb4_cpp_prac2/share/tb4_cpp_prac2/package.xml
[0.156s] Invoked command in '/home/robotai/tb4_ws/build/tb4_cpp_prac2' returned '0': CMAKE_PREFIX_PATH=${CMAKE_PREFIX_PATH}:/opt/ros/humble /usr/bin/cmake --install /home/robotai/tb4_ws/build/tb4_cpp_prac2
