[0.033s] Invoking command in '/home/robotai/tb4_ws/build/tb4_cpp_prac6': CMAKE_PREFIX_PATH=/opt/ros/humble /usr/bin/cmake /home/robotai/tb4_ws/src/tb4_cpp_prac6 -DCMAKE_INSTALL_PREFIX=/home/robotai/tb4_ws/install/tb4_cpp_prac6
[0.124s] -- The C compiler identification is GNU 12.3.0
[0.196s] -- The CXX compiler identification is GNU 12.3.0
[0.215s] -- Detecting C compiler ABI info
[0.305s] -- Detecting C compiler ABI info - done
[0.312s] -- Check for working C compiler: /usr/bin/cc - skipped
[0.312s] -- Detecting C compile features
[0.314s] -- Detecting C compile features - done
[0.316s] -- Detecting CXX compiler ABI info
[0.423s] -- Detecting CXX compiler ABI info - done
[0.439s] -- Check for working CXX compiler: /usr/bin/c++ - skipped
[0.439s] -- Detecting CXX compile features
[0.441s] -- Detecting CXX compile features - done
[0.491s] -- Found ament_cmake: 1.3.12 (/opt/ros/humble/share/ament_cmake/cmake)
[0.700s] -- Found Python3: /usr/bin/python3 (found version "3.10.12") found components: Interpreter 
[0.841s] -- Found nav2_common: 1.1.18 (/opt/ros/humble/share/nav2_common/cmake)
[0.849s] -- Found rclcpp: 16.0.14 (/opt/ros/humble/share/rclcpp/cmake)
[1.024s] -- Found rosidl_generator_c: 3.1.7 (/opt/ros/humble/share/rosidl_generator_c/cmake)
[1.037s] -- Found rosidl_adapter: 3.1.7 (/opt/ros/humble/share/rosidl_adapter/cmake)
[1.057s] -- Found rosidl_generator_cpp: 3.1.7 (/opt/ros/humble/share/rosidl_generator_cpp/cmake)
[1.094s] -- Using all available rosidl_typesupport_c: rosidl_typesupport_fastrtps_c;rosidl_typesupport_introspection_c
[1.130s] -- Using all available rosidl_typesupport_cpp: rosidl_typesupport_fastrtps_cpp;rosidl_typesupport_introspection_cpp
[1.246s] -- Found rmw_implementation_cmake: 6.1.2 (/opt/ros/humble/share/rmw_implementation_cmake/cmake)
[1.253s] -- Found rmw_fastrtps_cpp: 6.2.8 (/opt/ros/humble/share/rmw_fastrtps_cpp/cmake)
[1.428s] -- Found OpenSSL: /usr/lib/x86_64-linux-gnu/libcrypto.so (found version "3.0.2")  
[1.464s] -- Found FastRTPS: /opt/ros/humble/include  
[1.504s] -- Using RMW implementation 'rmw_fastrtps_cpp' as default
[1.539s] -- Looking for pthread.h
[1.620s] -- Looking for pthread.h - found
[1.620s] -- Performing Test CMAKE_HAVE_LIBC_PTHREAD
[1.712s] -- Performing Test CMAKE_HAVE_LIBC_PTHREAD - Success
[1.713s] -- Found Threads: TRUE  
[1.816s] -- Found rclcpp_lifecycle: 16.0.14 (/opt/ros/humble/share/rclcpp_lifecycle/cmake)
[1.854s] -- Found message_filters: 4.3.8 (/opt/ros/humble/share/message_filters/cmake)
[1.863s] -- Found tf2_geometry_msgs: 0.25.15 (/opt/ros/humble/share/tf2_geometry_msgs/cmake)
[1.903s] -- Found eigen3_cmake_module: 0.1.1 (/opt/ros/humble/share/eigen3_cmake_module/cmake)
[1.906s] -- Found Eigen3: TRUE (found version "3.4.0") 
[1.907s] -- Ensuring Eigen3 include directory is part of orocos-kdl CMake target
[2.120s] -- Found nav_msgs: 4.9.0 (/opt/ros/humble/share/nav_msgs/cmake)
[2.141s] -- Found sensor_msgs: 4.9.0 (/opt/ros/humble/share/sensor_msgs/cmake)
[2.163s] -- Found std_srvs: 4.9.0 (/opt/ros/humble/share/std_srvs/cmake)
[2.186s] -- Found nav2_util: 1.1.18 (/opt/ros/humble/share/nav2_util/cmake)
[2.321s] -- Found nav2_amcl: 1.1.18 (/opt/ros/humble/share/nav2_amcl/cmake)
[2.422s] -- Looking for drand48
[2.573s] -- Looking for drand48 - found
[2.757s] -- Found ament_lint_auto: 0.12.14 (/opt/ros/humble/share/ament_lint_auto/cmake)
[2.875s] -- Added test 'cppcheck' to perform static code analysis on C / C++ code
[2.875s] -- Configured cppcheck include dirs: /home/robotai/tb4_ws/src/tb4_cpp_prac6/include;$<BUILD_INTERFACE:/home/robotai/tb4_ws/src/tb4_cpp_prac6/include>
[2.875s] -- Configured cppcheck exclude dirs and/or files: 
[2.876s] -- Added test 'flake8' to check Python code syntax and style conventions
[2.887s] -- Added test 'lint_cmake' to check CMake code style
[2.887s] -- Added test 'pep257' to check Python code against some of the docstring style conventions in PEP 257
[2.887s] -- Added test 'uncrustify' to check C / C++ code style
[2.887s] -- Configured uncrustify additional arguments: 
[2.887s] -- Added test 'xmllint' to check XML markup files
[2.887s] -- Configuring done
[3.296s] -- Generating done
[3.321s] -- Build files have been written to: /home/robotai/tb4_ws/build/tb4_cpp_prac6
[3.384s] Invoked command in '/home/robotai/tb4_ws/build/tb4_cpp_prac6' returned '0': CMAKE_PREFIX_PATH=/opt/ros/humble /usr/bin/cmake /home/robotai/tb4_ws/src/tb4_cpp_prac6 -DCMAKE_INSTALL_PREFIX=/home/robotai/tb4_ws/install/tb4_cpp_prac6
[3.385s] Invoking command in '/home/robotai/tb4_ws/build/tb4_cpp_prac6': CMAKE_PREFIX_PATH=/opt/ros/humble /usr/bin/cmake --build /home/robotai/tb4_ws/build/tb4_cpp_prac6 -- -j6 -l6
[3.513s] [ 25%] [32mBuilding CXX object CMakeFiles/iar_amcl.dir/src/main.cpp.o[0m
[3.520s] [ 50%] [32mBuilding CXX object CMakeFiles/iar_amcl.dir/src/iar_pf_kdtree.cpp.o[0m
[3.522s] [ 75%] [32mBuilding CXX object CMakeFiles/iar_amcl.dir/src/amcl_node.cpp.o[0m
[12.900s] [01m[K/home/robotai/tb4_ws/src/tb4_cpp_prac6/src/amcl_node.cpp:[m[K In member function ‘[01m[Kvoid iar_amcl::AmclNode::pf_resample(pf_t*)[m[K’:
[12.962s] [01m[K/home/robotai/tb4_ws/src/tb4_cpp_prac6/src/amcl_node.cpp:1563:17:[m[K [01;35m[Kwarning: [m[Kunused variable ‘[01m[Ksample_in_old_set[m[K’ [[01;35m[K]8;;https://gcc.gnu.org/onlinedocs/gcc/Warning-Options.html#index-Wunused-variable-Wunused-variable]8;;[m[K]
[12.965s]  1563 |   pf_sample_t * [01;35m[Ksample_in_old_set[m[K, * sample_in_new_set;
[12.965s]       |                 [01;35m[K^~~~~~~~~~~~~~~~~[m[K
[36.221s] [100%] [32m[1mLinking CXX executable iar_amcl[0m
[37.534s] [100%] Built target iar_amcl
[38.063s] Invoked command in '/home/robotai/tb4_ws/build/tb4_cpp_prac6' returned '0': CMAKE_PREFIX_PATH=/opt/ros/humble /usr/bin/cmake --build /home/robotai/tb4_ws/build/tb4_cpp_prac6 -- -j6 -l6
[38.070s] Invoking command in '/home/robotai/tb4_ws/build/tb4_cpp_prac6': CMAKE_PREFIX_PATH=/opt/ros/humble /usr/bin/cmake --install /home/robotai/tb4_ws/build/tb4_cpp_prac6
[38.077s] -- Install configuration: ""
[38.077s] -- Installing: /home/robotai/tb4_ws/install/tb4_cpp_prac6/lib/tb4_cpp_prac6/iar_amcl
[38.085s] -- Set runtime path of "/home/robotai/tb4_ws/install/tb4_cpp_prac6/lib/tb4_cpp_prac6/iar_amcl" to ""
[38.085s] -- Installing: /home/robotai/tb4_ws/install/tb4_cpp_prac6/share/tb4_cpp_prac6//launch
[38.085s] -- Installing: /home/robotai/tb4_ws/install/tb4_cpp_prac6/share/tb4_cpp_prac6//launch/localisation_launch.py
[38.086s] -- Installing: /home/robotai/tb4_ws/install/tb4_cpp_prac6/share/tb4_cpp_prac6//config
[38.086s] -- Installing: /home/robotai/tb4_ws/install/tb4_cpp_prac6/share/tb4_cpp_prac6//config/localisation.yaml
[38.087s] -- Installing: /home/robotai/tb4_ws/install/tb4_cpp_prac6/share/tb4_cpp_prac6//map
[38.087s] -- Installing: /home/robotai/tb4_ws/install/tb4_cpp_prac6/share/tb4_cpp_prac6//map/office_ICTE4001_sim.yaml
[38.087s] -- Installing: /home/robotai/tb4_ws/install/tb4_cpp_prac6/share/tb4_cpp_prac6//map/office_ICTE4001_sim.pgm
[38.105s] -- Installing: /home/robotai/tb4_ws/install/tb4_cpp_prac6/share/ament_index/resource_index/package_run_dependencies/tb4_cpp_prac6
[38.105s] -- Installing: /home/robotai/tb4_ws/install/tb4_cpp_prac6/share/ament_index/resource_index/parent_prefix_path/tb4_cpp_prac6
[38.105s] -- Installing: /home/robotai/tb4_ws/install/tb4_cpp_prac6/share/tb4_cpp_prac6/environment/ament_prefix_path.sh
[38.105s] -- Installing: /home/robotai/tb4_ws/install/tb4_cpp_prac6/share/tb4_cpp_prac6/environment/ament_prefix_path.dsv
[38.105s] -- Installing: /home/robotai/tb4_ws/install/tb4_cpp_prac6/share/tb4_cpp_prac6/environment/path.sh
[38.106s] -- Installing: /home/robotai/tb4_ws/install/tb4_cpp_prac6/share/tb4_cpp_prac6/environment/path.dsv
[38.106s] -- Installing: /home/robotai/tb4_ws/install/tb4_cpp_prac6/share/tb4_cpp_prac6/local_setup.bash
[38.106s] -- Installing: /home/robotai/tb4_ws/install/tb4_cpp_prac6/share/tb4_cpp_prac6/local_setup.sh
[38.106s] -- Installing: /home/robotai/tb4_ws/install/tb4_cpp_prac6/share/tb4_cpp_prac6/local_setup.zsh
[38.106s] -- Installing: /home/robotai/tb4_ws/install/tb4_cpp_prac6/share/tb4_cpp_prac6/local_setup.dsv
[38.106s] -- Installing: /home/robotai/tb4_ws/install/tb4_cpp_prac6/share/tb4_cpp_prac6/package.dsv
[38.106s] -- Installing: /home/robotai/tb4_ws/install/tb4_cpp_prac6/share/ament_index/resource_index/packages/tb4_cpp_prac6
[38.107s] -- Installing: /home/robotai/tb4_ws/install/tb4_cpp_prac6/share/tb4_cpp_prac6/cmake/tb4_cpp_prac6Config.cmake
[38.107s] -- Installing: /home/robotai/tb4_ws/install/tb4_cpp_prac6/share/tb4_cpp_prac6/cmake/tb4_cpp_prac6Config-version.cmake
[38.107s] -- Installing: /home/robotai/tb4_ws/install/tb4_cpp_prac6/share/tb4_cpp_prac6/package.xml
[38.110s] Invoked command in '/home/robotai/tb4_ws/build/tb4_cpp_prac6' returned '0': CMAKE_PREFIX_PATH=/opt/ros/humble /usr/bin/cmake --install /home/robotai/tb4_ws/build/tb4_cpp_prac6
