[0.023s] Invoking command in '/home/robotai/tb4_ws/build/tb4_cpp_prac5': CMAKE_PREFIX_PATH=/opt/ros/humble /usr/bin/cmake /home/robotai/tb4_ws/src/tb4_cpp_prac5 -DCMAKE_INSTALL_PREFIX=/home/robotai/tb4_ws/install/tb4_cpp_prac5
[0.131s] -- The C compiler identification is GNU 12.3.0
[0.199s] -- The CXX compiler identification is GNU 12.3.0
[0.219s] -- Detecting C compiler ABI info
[0.304s] -- Detecting C compiler ABI info - done
[0.313s] -- Check for working C compiler: /usr/bin/cc - skipped
[0.313s] -- Detecting C compile features
[0.313s] -- Detecting C compile features - done
[0.319s] -- Detecting CXX compiler ABI info
[0.426s] -- Detecting CXX compiler ABI info - done
[0.441s] -- Check for working CXX compiler: /usr/bin/c++ - skipped
[0.443s] -- Detecting CXX compile features
[0.443s] -- Detecting CXX compile features - done
[0.494s] -- Found ament_cmake: 1.3.12 (/opt/ros/humble/share/ament_cmake/cmake)
[0.699s] -- Found Python3: /usr/bin/python3 (found version "3.10.12") found components: Interpreter 
[0.843s] -- Found nav2_common: 1.1.18 (/opt/ros/humble/share/nav2_common/cmake)
[0.851s] -- Found rclcpp: 16.0.14 (/opt/ros/humble/share/rclcpp/cmake)
[1.026s] -- Found rosidl_generator_c: 3.1.7 (/opt/ros/humble/share/rosidl_generator_c/cmake)
[1.039s] -- Found rosidl_adapter: 3.1.7 (/opt/ros/humble/share/rosidl_adapter/cmake)
[1.060s] -- Found rosidl_generator_cpp: 3.1.7 (/opt/ros/humble/share/rosidl_generator_cpp/cmake)
[1.095s] -- Using all available rosidl_typesupport_c: rosidl_typesupport_fastrtps_c;rosidl_typesupport_introspection_c
[1.135s] -- Using all available rosidl_typesupport_cpp: rosidl_typesupport_fastrtps_cpp;rosidl_typesupport_introspection_cpp
[1.249s] -- Found rmw_implementation_cmake: 6.1.2 (/opt/ros/humble/share/rmw_implementation_cmake/cmake)
[1.255s] -- Found rmw_fastrtps_cpp: 6.2.8 (/opt/ros/humble/share/rmw_fastrtps_cpp/cmake)
[1.431s] -- Found OpenSSL: /usr/lib/x86_64-linux-gnu/libcrypto.so (found version "3.0.2")  
[1.467s] -- Found FastRTPS: /opt/ros/humble/include  
[1.506s] -- Using RMW implementation 'rmw_fastrtps_cpp' as default
[1.540s] -- Looking for pthread.h
[1.623s] -- Looking for pthread.h - found
[1.623s] -- Performing Test CMAKE_HAVE_LIBC_PTHREAD
[1.713s] -- Performing Test CMAKE_HAVE_LIBC_PTHREAD - Success
[1.715s] -- Found Threads: TRUE  
[1.819s] -- Found rclcpp_lifecycle: 16.0.14 (/opt/ros/humble/share/rclcpp_lifecycle/cmake)
[1.856s] -- Found message_filters: 4.3.8 (/opt/ros/humble/share/message_filters/cmake)
[1.866s] -- Found tf2_geometry_msgs: 0.25.15 (/opt/ros/humble/share/tf2_geometry_msgs/cmake)
[1.906s] -- Found eigen3_cmake_module: 0.1.1 (/opt/ros/humble/share/eigen3_cmake_module/cmake)
[1.909s] -- Found Eigen3: TRUE (found version "3.4.0") 
[1.909s] -- Ensuring Eigen3 include directory is part of orocos-kdl CMake target
[2.126s] -- Found nav_msgs: 4.9.0 (/opt/ros/humble/share/nav_msgs/cmake)
[2.163s] -- Found sensor_msgs: 4.9.0 (/opt/ros/humble/share/sensor_msgs/cmake)
[2.202s] -- Found std_srvs: 4.9.0 (/opt/ros/humble/share/std_srvs/cmake)
[2.217s] -- Found nav2_util: 1.1.18 (/opt/ros/humble/share/nav2_util/cmake)
[2.325s] -- Found nav2_amcl: 1.1.18 (/opt/ros/humble/share/nav2_amcl/cmake)
[2.425s] -- Looking for drand48
[2.597s] -- Looking for drand48 - found
[2.800s] -- Found ament_lint_auto: 0.12.14 (/opt/ros/humble/share/ament_lint_auto/cmake)
[2.904s] -- Added test 'cppcheck' to perform static code analysis on C / C++ code
[2.904s] -- Configured cppcheck include dirs: /home/robotai/tb4_ws/src/tb4_cpp_prac5/include;$<BUILD_INTERFACE:/home/robotai/tb4_ws/src/tb4_cpp_prac5/include>
[2.905s] -- Configured cppcheck exclude dirs and/or files: 
[2.905s] -- Added test 'flake8' to check Python code syntax and style conventions
[2.906s] -- Added test 'lint_cmake' to check CMake code style
[2.907s] -- Added test 'pep257' to check Python code against some of the docstring style conventions in PEP 257
[2.908s] -- Added test 'uncrustify' to check C / C++ code style
[2.908s] -- Configured uncrustify additional arguments: 
[2.909s] -- Added test 'xmllint' to check XML markup files
[2.910s] -- Configuring done
[3.299s] -- Generating done
[3.318s] -- Build files have been written to: /home/robotai/tb4_ws/build/tb4_cpp_prac5
[3.377s] Invoked command in '/home/robotai/tb4_ws/build/tb4_cpp_prac5' returned '0': CMAKE_PREFIX_PATH=/opt/ros/humble /usr/bin/cmake /home/robotai/tb4_ws/src/tb4_cpp_prac5 -DCMAKE_INSTALL_PREFIX=/home/robotai/tb4_ws/install/tb4_cpp_prac5
[3.378s] Invoking command in '/home/robotai/tb4_ws/build/tb4_cpp_prac5': CMAKE_PREFIX_PATH=/opt/ros/humble /usr/bin/cmake --build /home/robotai/tb4_ws/build/tb4_cpp_prac5 -- -j6 -l6
[3.495s] [ 25%] [32mBuilding CXX object CMakeFiles/iar_amcl.dir/src/amcl_node.cpp.o[0m
[3.495s] [ 50%] [32mBuilding CXX object CMakeFiles/iar_amcl.dir/src/likelihood_field_model.cpp.o[0m
[3.514s] [ 75%] [32mBuilding CXX object CMakeFiles/iar_amcl.dir/src/main.cpp.o[0m
[35.236s] [100%] [32m[1mLinking CXX executable iar_amcl[0m
[37.354s] [100%] Built target iar_amcl
[37.797s] Invoked command in '/home/robotai/tb4_ws/build/tb4_cpp_prac5' returned '0': CMAKE_PREFIX_PATH=/opt/ros/humble /usr/bin/cmake --build /home/robotai/tb4_ws/build/tb4_cpp_prac5 -- -j6 -l6
[37.798s] Invoking command in '/home/robotai/tb4_ws/build/tb4_cpp_prac5': CMAKE_PREFIX_PATH=/opt/ros/humble /usr/bin/cmake --install /home/robotai/tb4_ws/build/tb4_cpp_prac5
[37.819s] -- Install configuration: ""
[37.819s] -- Installing: /home/robotai/tb4_ws/install/tb4_cpp_prac5/lib/tb4_cpp_prac5/iar_amcl
[37.826s] -- Set runtime path of "/home/robotai/tb4_ws/install/tb4_cpp_prac5/lib/tb4_cpp_prac5/iar_amcl" to ""
[37.826s] -- Installing: /home/robotai/tb4_ws/install/tb4_cpp_prac5/share/tb4_cpp_prac5//launch
[37.826s] -- Installing: /home/robotai/tb4_ws/install/tb4_cpp_prac5/share/tb4_cpp_prac5//launch/localisation_launch.py
[37.828s] -- Installing: /home/robotai/tb4_ws/install/tb4_cpp_prac5/share/tb4_cpp_prac5//config
[37.828s] -- Installing: /home/robotai/tb4_ws/install/tb4_cpp_prac5/share/tb4_cpp_prac5//config/localisation.yaml
[37.828s] -- Installing: /home/robotai/tb4_ws/install/tb4_cpp_prac5/share/tb4_cpp_prac5//map
[37.828s] -- Installing: /home/robotai/tb4_ws/install/tb4_cpp_prac5/share/tb4_cpp_prac5//map/lab_ICTE4001_Prac4.yaml
[37.829s] -- Installing: /home/robotai/tb4_ws/install/tb4_cpp_prac5/share/tb4_cpp_prac5//map/office_ICTE4001_sim.yaml
[37.829s] -- Installing: /home/robotai/tb4_ws/install/tb4_cpp_prac5/share/tb4_cpp_prac5//map/office_ICTE4001_sim.pgm
[37.837s] -- Installing: /home/robotai/tb4_ws/install/tb4_cpp_prac5/share/tb4_cpp_prac5//map/lab_ICTE4001_Prac4.pgm
[37.839s] -- Installing: /home/robotai/tb4_ws/install/tb4_cpp_prac5/share/ament_index/resource_index/package_run_dependencies/tb4_cpp_prac5
[37.839s] -- Installing: /home/robotai/tb4_ws/install/tb4_cpp_prac5/share/ament_index/resource_index/parent_prefix_path/tb4_cpp_prac5
[37.839s] -- Installing: /home/robotai/tb4_ws/install/tb4_cpp_prac5/share/tb4_cpp_prac5/environment/ament_prefix_path.sh
[37.840s] -- Installing: /home/robotai/tb4_ws/install/tb4_cpp_prac5/share/tb4_cpp_prac5/environment/ament_prefix_path.dsv
[37.840s] -- Installing: /home/robotai/tb4_ws/install/tb4_cpp_prac5/share/tb4_cpp_prac5/environment/path.sh
[37.840s] -- Installing: /home/robotai/tb4_ws/install/tb4_cpp_prac5/share/tb4_cpp_prac5/environment/path.dsv
[37.840s] -- Installing: /home/robotai/tb4_ws/install/tb4_cpp_prac5/share/tb4_cpp_prac5/local_setup.bash
[37.840s] -- Installing: /home/robotai/tb4_ws/install/tb4_cpp_prac5/share/tb4_cpp_prac5/local_setup.sh
[37.840s] -- Installing: /home/robotai/tb4_ws/install/tb4_cpp_prac5/share/tb4_cpp_prac5/local_setup.zsh
[37.840s] -- Installing: /home/robotai/tb4_ws/install/tb4_cpp_prac5/share/tb4_cpp_prac5/local_setup.dsv
[37.840s] -- Installing: /home/robotai/tb4_ws/install/tb4_cpp_prac5/share/tb4_cpp_prac5/package.dsv
[37.840s] -- Installing: /home/robotai/tb4_ws/install/tb4_cpp_prac5/share/ament_index/resource_index/packages/tb4_cpp_prac5
[37.840s] -- Installing: /home/robotai/tb4_ws/install/tb4_cpp_prac5/share/tb4_cpp_prac5/cmake/tb4_cpp_prac5Config.cmake
[37.841s] -- Installing: /home/robotai/tb4_ws/install/tb4_cpp_prac5/share/tb4_cpp_prac5/cmake/tb4_cpp_prac5Config-version.cmake
[37.841s] -- Installing: /home/robotai/tb4_ws/install/tb4_cpp_prac5/share/tb4_cpp_prac5/package.xml
[37.843s] Invoked command in '/home/robotai/tb4_ws/build/tb4_cpp_prac5' returned '0': CMAKE_PREFIX_PATH=/opt/ros/humble /usr/bin/cmake --install /home/robotai/tb4_ws/build/tb4_cpp_prac5
