[0.028s] Invoking command in '/home/robotai/tb4_ws/build/tb4_cpp_prac5': CMAKE_PREFIX_PATH=/opt/ros/humble /usr/bin/cmake /home/robotai/tb4_ws/src/tb4_cpp_prac5 -DCMAKE_INSTALL_PREFIX=/home/robotai/tb4_ws/install/tb4_cpp_prac5
[0.118s] -- The C compiler identification is GNU 11.4.0
[0.217s] -- The CXX compiler identification is GNU 11.4.0
[0.228s] -- Detecting C compiler ABI info
[0.331s] -- Detecting C compiler ABI info - done
[0.345s] -- Check for working C compiler: /usr/bin/cc - skipped
[0.345s] -- Detecting C compile features
[0.349s] -- Detecting C compile features - done
[0.351s] -- Detecting CXX compiler ABI info
[0.471s] -- Detecting CXX compiler ABI info - done
[0.488s] -- Check for working CXX compiler: /usr/bin/c++ - skipped
[0.493s] -- Detecting CXX compile features
[0.493s] -- Detecting CXX compile features - done
[0.493s] -- Found ament_cmake: 1.3.9 (/opt/ros/humble/share/ament_cmake/cmake)
[0.713s] -- Found Python3: /usr/bin/python3 (found version "3.10.12") found components: Interpreter 
[0.844s] -- Found nav2_common: 1.1.15 (/opt/ros/humble/share/nav2_common/cmake)
[0.846s] -- Found rclcpp: 16.0.9 (/opt/ros/humble/share/rclcpp/cmake)
[0.890s] -- Found rosidl_generator_c: 3.1.5 (/opt/ros/humble/share/rosidl_generator_c/cmake)
[0.899s] -- Found rosidl_adapter: 3.1.5 (/opt/ros/humble/share/rosidl_adapter/cmake)
[0.915s] -- Found rosidl_generator_cpp: 3.1.5 (/opt/ros/humble/share/rosidl_generator_cpp/cmake)
[0.938s] -- Using all available rosidl_typesupport_c: rosidl_typesupport_fastrtps_c;rosidl_typesupport_introspection_c
[0.973s] -- Using all available rosidl_typesupport_cpp: rosidl_typesupport_fastrtps_cpp;rosidl_typesupport_introspection_cpp
[1.105s] -- Found rmw_implementation_cmake: 6.1.2 (/opt/ros/humble/share/rmw_implementation_cmake/cmake)
[1.108s] -- Found rmw_fastrtps_cpp: 6.2.6 (/opt/ros/humble/share/rmw_fastrtps_cpp/cmake)
[1.260s] -- Found OpenSSL: /usr/lib/x86_64-linux-gnu/libcrypto.so (found version "3.0.2")  
[1.300s] -- Found FastRTPS: /opt/ros/humble/include  
[1.377s] -- Using RMW implementation 'rmw_fastrtps_cpp' as default
[1.393s] -- Looking for pthread.h
[1.510s] -- Looking for pthread.h - found
[1.511s] -- Performing Test CMAKE_HAVE_LIBC_PTHREAD
[1.640s] -- Performing Test CMAKE_HAVE_LIBC_PTHREAD - Success
[1.642s] -- Found Threads: TRUE  
[1.900s] -- Found rclcpp_lifecycle: 16.0.9 (/opt/ros/humble/share/rclcpp_lifecycle/cmake)
[1.958s] -- Found message_filters: 4.3.4 (/opt/ros/humble/share/message_filters/cmake)
[1.965s] -- Found tf2_geometry_msgs: 0.25.7 (/opt/ros/humble/share/tf2_geometry_msgs/cmake)
[2.049s] -- Found eigen3_cmake_module: 0.1.1 (/opt/ros/humble/share/eigen3_cmake_module/cmake)
[2.050s] -- Found Eigen3: TRUE (found version "3.4.0") 
[2.051s] -- Ensuring Eigen3 include directory is part of orocos-kdl CMake target
[2.798s] -- Found nav_msgs: 4.2.4 (/opt/ros/humble/share/nav_msgs/cmake)
[2.952s] -- Found sensor_msgs: 4.2.4 (/opt/ros/humble/share/sensor_msgs/cmake)
[3.107s] -- Found std_srvs: 4.2.4 (/opt/ros/humble/share/std_srvs/cmake)
[3.141s] -- Found nav2_util: 1.1.15 (/opt/ros/humble/share/nav2_util/cmake)
[4.134s] -- Found nav2_amcl: 1.1.15 (/opt/ros/humble/share/nav2_amcl/cmake)
[6.791s] -- Looking for drand48
[7.074s] -- Looking for drand48 - found
[14.632s] -- Found ament_lint_auto: 0.12.11 (/opt/ros/humble/share/ament_lint_auto/cmake)
[14.905s] -- Added test 'cppcheck' to perform static code analysis on C / C++ code
[14.906s] -- Configured cppcheck include dirs: /home/robotai/tb4_ws/src/tb4_cpp_prac5/include;$<BUILD_INTERFACE:/home/robotai/tb4_ws/src/tb4_cpp_prac5/include>
[14.906s] -- Configured cppcheck exclude dirs and/or files: 
[14.909s] -- Added test 'flake8' to check Python code syntax and style conventions
[14.912s] -- Added test 'lint_cmake' to check CMake code style
[14.914s] -- Added test 'pep257' to check Python code against some of the docstring style conventions in PEP 257
[14.922s] -- Added test 'uncrustify' to check C / C++ code style
[14.922s] -- Configured uncrustify additional arguments: 
[14.927s] -- Added test 'xmllint' to check XML markup files
[14.933s] -- Configuring done
[15.143s] -- Generating done
[15.157s] -- Build files have been written to: /home/robotai/tb4_ws/build/tb4_cpp_prac5
[15.203s] Invoked command in '/home/robotai/tb4_ws/build/tb4_cpp_prac5' returned '0': CMAKE_PREFIX_PATH=/opt/ros/humble /usr/bin/cmake /home/robotai/tb4_ws/src/tb4_cpp_prac5 -DCMAKE_INSTALL_PREFIX=/home/robotai/tb4_ws/install/tb4_cpp_prac5
[15.208s] Invoking command in '/home/robotai/tb4_ws/build/tb4_cpp_prac5': CMAKE_PREFIX_PATH=/opt/ros/humble /usr/bin/cmake --build /home/robotai/tb4_ws/build/tb4_cpp_prac5 -- -j8 -l8
[15.405s] [ 25%] [32mBuilding CXX object CMakeFiles/iar_amcl.dir/src/amcl_node.cpp.o[0m
[15.406s] [ 50%] [32mBuilding CXX object CMakeFiles/iar_amcl.dir/src/main.cpp.o[0m
[15.412s] [ 75%] [32mBuilding CXX object CMakeFiles/iar_amcl.dir/src/likelihood_field_model.cpp.o[0m
[40.933s] [100%] [32m[1mLinking CXX executable iar_amcl[0m
[43.222s] [100%] Built target iar_amcl
[43.238s] Invoked command in '/home/robotai/tb4_ws/build/tb4_cpp_prac5' returned '0': CMAKE_PREFIX_PATH=/opt/ros/humble /usr/bin/cmake --build /home/robotai/tb4_ws/build/tb4_cpp_prac5 -- -j8 -l8
[43.274s] Invoking command in '/home/robotai/tb4_ws/build/tb4_cpp_prac5': CMAKE_PREFIX_PATH=/opt/ros/humble /usr/bin/cmake --install /home/robotai/tb4_ws/build/tb4_cpp_prac5
[43.281s] -- Install configuration: ""
[43.281s] -- Installing: /home/robotai/tb4_ws/install/tb4_cpp_prac5/lib/tb4_cpp_prac5/iar_amcl
[43.291s] -- Set runtime path of "/home/robotai/tb4_ws/install/tb4_cpp_prac5/lib/tb4_cpp_prac5/iar_amcl" to ""
[43.291s] -- Installing: /home/robotai/tb4_ws/install/tb4_cpp_prac5/share/tb4_cpp_prac5//launch
[43.292s] -- Installing: /home/robotai/tb4_ws/install/tb4_cpp_prac5/share/tb4_cpp_prac5//launch/localisation_launch.py
[43.292s] -- Installing: /home/robotai/tb4_ws/install/tb4_cpp_prac5/share/tb4_cpp_prac5//config
[43.292s] -- Installing: /home/robotai/tb4_ws/install/tb4_cpp_prac5/share/tb4_cpp_prac5//config/localisation.yaml
[43.292s] -- Installing: /home/robotai/tb4_ws/install/tb4_cpp_prac5/share/tb4_cpp_prac5//map
[43.292s] -- Installing: /home/robotai/tb4_ws/install/tb4_cpp_prac5/share/tb4_cpp_prac5//map/office_ICTE4001_sim.yaml
[43.292s] -- Installing: /home/robotai/tb4_ws/install/tb4_cpp_prac5/share/tb4_cpp_prac5//map/office_ICTE4001_sim.pgm
[43.292s] -- Installing: /home/robotai/tb4_ws/install/tb4_cpp_prac5/share/tb4_cpp_prac5//map/lab_ICTE4001_Prac4.pgm
[43.293s] -- Installing: /home/robotai/tb4_ws/install/tb4_cpp_prac5/share/tb4_cpp_prac5//map/lab_ICTE4001_Prac4.yaml
[43.293s] -- Installing: /home/robotai/tb4_ws/install/tb4_cpp_prac5/share/ament_index/resource_index/package_run_dependencies/tb4_cpp_prac5
[43.293s] -- Installing: /home/robotai/tb4_ws/install/tb4_cpp_prac5/share/ament_index/resource_index/parent_prefix_path/tb4_cpp_prac5
[43.294s] -- Installing: /home/robotai/tb4_ws/install/tb4_cpp_prac5/share/tb4_cpp_prac5/environment/ament_prefix_path.sh
[43.294s] -- Installing: /home/robotai/tb4_ws/install/tb4_cpp_prac5/share/tb4_cpp_prac5/environment/ament_prefix_path.dsv
[43.294s] -- Installing: /home/robotai/tb4_ws/install/tb4_cpp_prac5/share/tb4_cpp_prac5/environment/path.sh
[43.294s] -- Installing: /home/robotai/tb4_ws/install/tb4_cpp_prac5/share/tb4_cpp_prac5/environment/path.dsv
[43.294s] -- Installing: /home/robotai/tb4_ws/install/tb4_cpp_prac5/share/tb4_cpp_prac5/local_setup.bash
[43.295s] -- Installing: /home/robotai/tb4_ws/install/tb4_cpp_prac5/share/tb4_cpp_prac5/local_setup.sh
[43.295s] -- Installing: /home/robotai/tb4_ws/install/tb4_cpp_prac5/share/tb4_cpp_prac5/local_setup.zsh
[43.295s] -- Installing: /home/robotai/tb4_ws/install/tb4_cpp_prac5/share/tb4_cpp_prac5/local_setup.dsv
[43.295s] -- Installing: /home/robotai/tb4_ws/install/tb4_cpp_prac5/share/tb4_cpp_prac5/package.dsv
[43.295s] -- Installing: /home/robotai/tb4_ws/install/tb4_cpp_prac5/share/ament_index/resource_index/packages/tb4_cpp_prac5
[43.295s] -- Installing: /home/robotai/tb4_ws/install/tb4_cpp_prac5/share/tb4_cpp_prac5/cmake/tb4_cpp_prac5Config.cmake
[43.296s] -- Installing: /home/robotai/tb4_ws/install/tb4_cpp_prac5/share/tb4_cpp_prac5/cmake/tb4_cpp_prac5Config-version.cmake
[43.296s] -- Installing: /home/robotai/tb4_ws/install/tb4_cpp_prac5/share/tb4_cpp_prac5/package.xml
[43.298s] Invoked command in '/home/robotai/tb4_ws/build/tb4_cpp_prac5' returned '0': CMAKE_PREFIX_PATH=/opt/ros/humble /usr/bin/cmake --install /home/robotai/tb4_ws/build/tb4_cpp_prac5
