[0.019s] Invoking command in '/home/robotai/tb4_ws/build/tb4_cpp_prac5': CMAKE_PREFIX_PATH=/opt/ros/humble /usr/bin/cmake /home/robotai/tb4_ws/src/tb4_cpp_prac5 -DCMAKE_INSTALL_PREFIX=/home/robotai/tb4_ws/install/tb4_cpp_prac5
[0.137s] -- The C compiler identification is GNU 12.3.0
[0.201s] -- The CXX compiler identification is GNU 12.3.0
[0.210s] -- Detecting C compiler ABI info
[0.282s] -- Detecting C compiler ABI info - done
[0.292s] -- Check for working C compiler: /usr/bin/cc - skipped
[0.293s] -- Detecting C compile features
[0.293s] -- Detecting C compile features - done
[0.296s] -- Detecting CXX compiler ABI info
[0.383s] -- Detecting CXX compiler ABI info - done
[0.388s] -- Check for working CXX compiler: /usr/bin/c++ - skipped
[0.388s] -- Detecting CXX compile features
[0.388s] -- Detecting CXX compile features - done
[0.390s] -- Found ament_cmake: 1.3.12 (/opt/ros/humble/share/ament_cmake/cmake)
[0.546s] -- Found Python3: /usr/bin/python3 (found version "3.10.12") found components: Interpreter 
[0.663s] -- Found nav2_common: 1.1.18 (/opt/ros/humble/share/nav2_common/cmake)
[0.668s] -- Found rclcpp: 16.0.14 (/opt/ros/humble/share/rclcpp/cmake)
[0.711s] -- Found rosidl_generator_c: 3.1.7 (/opt/ros/humble/share/rosidl_generator_c/cmake)
[0.720s] -- Found rosidl_adapter: 3.1.7 (/opt/ros/humble/share/rosidl_adapter/cmake)
[0.725s] -- Found rosidl_generator_cpp: 3.1.7 (/opt/ros/humble/share/rosidl_generator_cpp/cmake)
[0.734s] -- Using all available rosidl_typesupport_c: rosidl_typesupport_fastrtps_c;rosidl_typesupport_introspection_c
[0.748s] -- Using all available rosidl_typesupport_cpp: rosidl_typesupport_fastrtps_cpp;rosidl_typesupport_introspection_cpp
[0.784s] -- Found rmw_implementation_cmake: 6.1.2 (/opt/ros/humble/share/rmw_implementation_cmake/cmake)
[0.787s] -- Found rmw_fastrtps_cpp: 6.2.8 (/opt/ros/humble/share/rmw_fastrtps_cpp/cmake)
[0.887s] -- Found OpenSSL: /usr/lib/x86_64-linux-gnu/libcrypto.so (found version "3.0.2")  
[0.948s] -- Found FastRTPS: /opt/ros/humble/include  
[1.003s] -- Using RMW implementation 'rmw_fastrtps_cpp' as default
[1.010s] -- Looking for pthread.h
[1.167s] -- Looking for pthread.h - found
[1.170s] -- Performing Test CMAKE_HAVE_LIBC_PTHREAD
[1.361s] -- Performing Test CMAKE_HAVE_LIBC_PTHREAD - Success
[1.362s] -- Found Threads: TRUE  
[1.463s] -- Found rclcpp_lifecycle: 16.0.14 (/opt/ros/humble/share/rclcpp_lifecycle/cmake)
[1.571s] -- Found message_filters: 4.3.8 (/opt/ros/humble/share/message_filters/cmake)
[1.596s] -- Found tf2_geometry_msgs: 0.25.15 (/opt/ros/humble/share/tf2_geometry_msgs/cmake)
[1.657s] -- Found eigen3_cmake_module: 0.1.1 (/opt/ros/humble/share/eigen3_cmake_module/cmake)
[1.665s] -- Found Eigen3: TRUE (found version "3.4.0") 
[1.665s] -- Ensuring Eigen3 include directory is part of orocos-kdl CMake target
[2.061s] -- Found nav_msgs: 4.9.0 (/opt/ros/humble/share/nav_msgs/cmake)
[2.106s] -- Found sensor_msgs: 4.9.0 (/opt/ros/humble/share/sensor_msgs/cmake)
[2.135s] -- Found std_srvs: 4.9.0 (/opt/ros/humble/share/std_srvs/cmake)
[2.152s] -- Found nav2_util: 1.1.18 (/opt/ros/humble/share/nav2_util/cmake)
[2.539s] -- Found nav2_amcl: 1.1.18 (/opt/ros/humble/share/nav2_amcl/cmake)
[2.744s] -- Looking for drand48
[2.956s] -- Looking for drand48 - found
[3.384s] -- Found ament_lint_auto: 0.12.14 (/opt/ros/humble/share/ament_lint_auto/cmake)
[3.591s] -- Added test 'cppcheck' to perform static code analysis on C / C++ code
[3.592s] -- Configured cppcheck include dirs: /home/robotai/tb4_ws/src/tb4_cpp_prac5/include;$<BUILD_INTERFACE:/home/robotai/tb4_ws/src/tb4_cpp_prac5/include>
[3.592s] -- Configured cppcheck exclude dirs and/or files: 
[3.592s] -- Added test 'flake8' to check Python code syntax and style conventions
[3.592s] -- Added test 'lint_cmake' to check CMake code style
[3.593s] -- Added test 'pep257' to check Python code against some of the docstring style conventions in PEP 257
[3.594s] -- Added test 'uncrustify' to check C / C++ code style
[3.598s] -- Configured uncrustify additional arguments: 
[3.598s] -- Added test 'xmllint' to check XML markup files
[3.599s] -- Configuring done
[3.807s] -- Generating done
[3.838s] -- Build files have been written to: /home/robotai/tb4_ws/build/tb4_cpp_prac5
[3.887s] Invoked command in '/home/robotai/tb4_ws/build/tb4_cpp_prac5' returned '0': CMAKE_PREFIX_PATH=/opt/ros/humble /usr/bin/cmake /home/robotai/tb4_ws/src/tb4_cpp_prac5 -DCMAKE_INSTALL_PREFIX=/home/robotai/tb4_ws/install/tb4_cpp_prac5
[3.893s] Invoking command in '/home/robotai/tb4_ws/build/tb4_cpp_prac5': CMAKE_PREFIX_PATH=/opt/ros/humble /usr/bin/cmake --build /home/robotai/tb4_ws/build/tb4_cpp_prac5 -- -j6 -l6
[4.083s] [ 50%] [32mBuilding CXX object CMakeFiles/iar_amcl.dir/src/amcl_node.cpp.o[0m
[4.083s] [ 50%] [32mBuilding CXX object CMakeFiles/iar_amcl.dir/src/main.cpp.o[0m
[4.085s] [ 75%] [32mBuilding CXX object CMakeFiles/iar_amcl.dir/src/likelihood_field_model.cpp.o[0m
[29.233s] [100%] [32m[1mLinking CXX executable iar_amcl[0m
[30.853s] [100%] Built target iar_amcl
[30.864s] Invoked command in '/home/robotai/tb4_ws/build/tb4_cpp_prac5' returned '0': CMAKE_PREFIX_PATH=/opt/ros/humble /usr/bin/cmake --build /home/robotai/tb4_ws/build/tb4_cpp_prac5 -- -j6 -l6
[30.866s] Invoking command in '/home/robotai/tb4_ws/build/tb4_cpp_prac5': CMAKE_PREFIX_PATH=/opt/ros/humble /usr/bin/cmake --install /home/robotai/tb4_ws/build/tb4_cpp_prac5
[30.873s] -- Install configuration: ""
[30.874s] -- Installing: /home/robotai/tb4_ws/install/tb4_cpp_prac5/lib/tb4_cpp_prac5/iar_amcl
[30.880s] -- Set runtime path of "/home/robotai/tb4_ws/install/tb4_cpp_prac5/lib/tb4_cpp_prac5/iar_amcl" to ""
[30.880s] -- Installing: /home/robotai/tb4_ws/install/tb4_cpp_prac5/share/tb4_cpp_prac5//launch
[30.891s] -- Installing: /home/robotai/tb4_ws/install/tb4_cpp_prac5/share/tb4_cpp_prac5//launch/localisation_launch.py
[30.899s] -- Installing: /home/robotai/tb4_ws/install/tb4_cpp_prac5/share/tb4_cpp_prac5//config
[30.905s] -- Installing: /home/robotai/tb4_ws/install/tb4_cpp_prac5/share/tb4_cpp_prac5//config/localisation.yaml
[30.906s] -- Installing: /home/robotai/tb4_ws/install/tb4_cpp_prac5/share/tb4_cpp_prac5//map
[30.912s] -- Installing: /home/robotai/tb4_ws/install/tb4_cpp_prac5/share/tb4_cpp_prac5//map/office_ICTE4001_sim.yaml
[30.913s] -- Installing: /home/robotai/tb4_ws/install/tb4_cpp_prac5/share/tb4_cpp_prac5//map/office_ICTE4001_sim.pgm
[30.921s] -- Installing: /home/robotai/tb4_ws/install/tb4_cpp_prac5/share/ament_index/resource_index/package_run_dependencies/tb4_cpp_prac5
[30.921s] -- Installing: /home/robotai/tb4_ws/install/tb4_cpp_prac5/share/ament_index/resource_index/parent_prefix_path/tb4_cpp_prac5
[30.921s] -- Installing: /home/robotai/tb4_ws/install/tb4_cpp_prac5/share/tb4_cpp_prac5/environment/ament_prefix_path.sh
[30.921s] -- Installing: /home/robotai/tb4_ws/install/tb4_cpp_prac5/share/tb4_cpp_prac5/environment/ament_prefix_path.dsv
[30.921s] -- Installing: /home/robotai/tb4_ws/install/tb4_cpp_prac5/share/tb4_cpp_prac5/environment/path.sh
[30.921s] -- Installing: /home/robotai/tb4_ws/install/tb4_cpp_prac5/share/tb4_cpp_prac5/environment/path.dsv
[30.921s] -- Installing: /home/robotai/tb4_ws/install/tb4_cpp_prac5/share/tb4_cpp_prac5/local_setup.bash
[30.921s] -- Installing: /home/robotai/tb4_ws/install/tb4_cpp_prac5/share/tb4_cpp_prac5/local_setup.sh
[30.922s] -- Installing: /home/robotai/tb4_ws/install/tb4_cpp_prac5/share/tb4_cpp_prac5/local_setup.zsh
[30.922s] -- Installing: /home/robotai/tb4_ws/install/tb4_cpp_prac5/share/tb4_cpp_prac5/local_setup.dsv
[30.922s] -- Installing: /home/robotai/tb4_ws/install/tb4_cpp_prac5/share/tb4_cpp_prac5/package.dsv
[30.922s] -- Installing: /home/robotai/tb4_ws/install/tb4_cpp_prac5/share/ament_index/resource_index/packages/tb4_cpp_prac5
[30.922s] -- Installing: /home/robotai/tb4_ws/install/tb4_cpp_prac5/share/tb4_cpp_prac5/cmake/tb4_cpp_prac5Config.cmake
[30.922s] -- Installing: /home/robotai/tb4_ws/install/tb4_cpp_prac5/share/tb4_cpp_prac5/cmake/tb4_cpp_prac5Config-version.cmake
[30.922s] -- Installing: /home/robotai/tb4_ws/install/tb4_cpp_prac5/share/tb4_cpp_prac5/package.xml
[30.928s] Invoked command in '/home/robotai/tb4_ws/build/tb4_cpp_prac5' returned '0': CMAKE_PREFIX_PATH=/opt/ros/humble /usr/bin/cmake --install /home/robotai/tb4_ws/build/tb4_cpp_prac5
