[0.022s] Invoking command in '/home/robotai/tb4_ws/build/tb4_cpp_prac1': CMAKE_PREFIX_PATH=${CMAKE_PREFIX_PATH}:/opt/ros/humble /usr/bin/cmake --build /home/robotai/tb4_ws/build/tb4_cpp_prac1 -- -j8 -l8
[0.075s] [35m[1mConsolidate compiler generated dependencies of target tb4_cpp_srv_server[0m
[0.076s] [35m[1mConsolidate compiler generated dependencies of target tb4_cpp_node[0m
[0.082s] [35m[1mConsolidate compiler generated dependencies of target tb4_cpp_action_server[0m
[0.099s] [ 33%] Built target tb4_cpp_node
[0.103s] [ 66%] Built target tb4_cpp_srv_server
[0.109s] [100%] Built target tb4_cpp_action_server
[0.122s] Invoked command in '/home/robotai/tb4_ws/build/tb4_cpp_prac1' returned '0': CMAKE_PREFIX_PATH=${CMAKE_PREFIX_PATH}:/opt/ros/humble /usr/bin/cmake --build /home/robotai/tb4_ws/build/tb4_cpp_prac1 -- -j8 -l8
[0.169s] Invoking command in '/home/robotai/tb4_ws/build/tb4_cpp_prac1': CMAKE_PREFIX_PATH=${CMAKE_PREFIX_PATH}:/opt/ros/humble /usr/bin/cmake --install /home/robotai/tb4_ws/build/tb4_cpp_prac1
[0.181s] -- Install configuration: ""
[0.182s] -- Up-to-date: /home/robotai/tb4_ws/install/tb4_cpp_prac1/lib/tb4_cpp_prac1/tb4_cpp_node
[0.182s] -- Up-to-date: /home/robotai/tb4_ws/install/tb4_cpp_prac1/lib/tb4_cpp_prac1/tb4_cpp_srv_server
[0.182s] -- Up-to-date: /home/robotai/tb4_ws/install/tb4_cpp_prac1/lib/tb4_cpp_prac1/tb4_cpp_action_server
[0.183s] -- Up-to-date: /home/robotai/tb4_ws/install/tb4_cpp_prac1/share/ament_index/resource_index/package_run_dependencies/tb4_cpp_prac1
[0.183s] -- Up-to-date: /home/robotai/tb4_ws/install/tb4_cpp_prac1/share/ament_index/resource_index/parent_prefix_path/tb4_cpp_prac1
[0.184s] -- Up-to-date: /home/robotai/tb4_ws/install/tb4_cpp_prac1/share/tb4_cpp_prac1/environment/ament_prefix_path.sh
[0.184s] -- Up-to-date: /home/robotai/tb4_ws/install/tb4_cpp_prac1/share/tb4_cpp_prac1/environment/ament_prefix_path.dsv
[0.184s] -- Up-to-date: /home/robotai/tb4_ws/install/tb4_cpp_prac1/share/tb4_cpp_prac1/environment/path.sh
[0.185s] -- Up-to-date: /home/robotai/tb4_ws/install/tb4_cpp_prac1/share/tb4_cpp_prac1/environment/path.dsv
[0.185s] -- Up-to-date: /home/robotai/tb4_ws/install/tb4_cpp_prac1/share/tb4_cpp_prac1/local_setup.bash
[0.185s] -- Up-to-date: /home/robotai/tb4_ws/install/tb4_cpp_prac1/share/tb4_cpp_prac1/local_setup.sh
[0.186s] -- Up-to-date: /home/robotai/tb4_ws/install/tb4_cpp_prac1/share/tb4_cpp_prac1/local_setup.zsh
[0.186s] -- Up-to-date: /home/robotai/tb4_ws/install/tb4_cpp_prac1/share/tb4_cpp_prac1/local_setup.dsv
[0.186s] -- Installing: /home/robotai/tb4_ws/install/tb4_cpp_prac1/share/tb4_cpp_prac1/package.dsv
[0.186s] -- Up-to-date: /home/robotai/tb4_ws/install/tb4_cpp_prac1/share/ament_index/resource_index/packages/tb4_cpp_prac1
[0.187s] -- Up-to-date: /home/robotai/tb4_ws/install/tb4_cpp_prac1/share/tb4_cpp_prac1/cmake/tb4_cpp_prac1Config.cmake
[0.187s] -- Up-to-date: /home/robotai/tb4_ws/install/tb4_cpp_prac1/share/tb4_cpp_prac1/cmake/tb4_cpp_prac1Config-version.cmake
[0.187s] -- Up-to-date: /home/robotai/tb4_ws/install/tb4_cpp_prac1/share/tb4_cpp_prac1/package.xml
[0.198s] Invoked command in '/home/robotai/tb4_ws/build/tb4_cpp_prac1' returned '0': CMAKE_PREFIX_PATH=${CMAKE_PREFIX_PATH}:/opt/ros/humble /usr/bin/cmake --install /home/robotai/tb4_ws/build/tb4_cpp_prac1
