[0.030s] Invoking command in '/home/robotai/tb4_ws/build/tb4_cpp_prac3': CMAKE_PREFIX_PATH=/opt/ros/humble /usr/bin/cmake /home/robotai/tb4_ws/src/tb4_cpp_prac3 -DCMAKE_INSTALL_PREFIX=/home/robotai/tb4_ws/install/tb4_cpp_prac3
[0.120s] -- The C compiler identification is GNU 11.4.0
[0.213s] -- The CXX compiler identification is GNU 11.4.0
[0.226s] -- Detecting C compiler ABI info
[0.330s] -- Detecting C compiler ABI info - done
[0.343s] -- Check for working C compiler: /usr/bin/cc - skipped
[0.343s] -- Detecting C compile features
[0.343s] -- Detecting C compile features - done
[0.345s] -- Detecting CXX compiler ABI info
[0.465s] -- Detecting CXX compiler ABI info - done
[0.479s] -- Check for working CXX compiler: /usr/bin/c++ - skipped
[0.479s] -- Detecting CXX compile features
[0.480s] -- Detecting CXX compile features - done
[0.483s] -- Found ament_cmake: 1.3.9 (/opt/ros/humble/share/ament_cmake/cmake)
[0.704s] -- Found Python3: /usr/bin/python3 (found version "3.10.12") found components: Interpreter 
[0.801s] -- Found rclcpp: 16.0.9 (/opt/ros/humble/share/rclcpp/cmake)
[0.873s] -- Found rosidl_generator_c: 3.1.5 (/opt/ros/humble/share/rosidl_generator_c/cmake)
[0.882s] -- Found rosidl_adapter: 3.1.5 (/opt/ros/humble/share/rosidl_adapter/cmake)
[0.896s] -- Found rosidl_generator_cpp: 3.1.5 (/opt/ros/humble/share/rosidl_generator_cpp/cmake)
[0.922s] -- Using all available rosidl_typesupport_c: rosidl_typesupport_fastrtps_c;rosidl_typesupport_introspection_c
[0.957s] -- Using all available rosidl_typesupport_cpp: rosidl_typesupport_fastrtps_cpp;rosidl_typesupport_introspection_cpp
[1.087s] -- Found rmw_implementation_cmake: 6.1.2 (/opt/ros/humble/share/rmw_implementation_cmake/cmake)
[1.091s] -- Found rmw_fastrtps_cpp: 6.2.6 (/opt/ros/humble/share/rmw_fastrtps_cpp/cmake)
[1.258s] -- Found OpenSSL: /usr/lib/x86_64-linux-gnu/libcrypto.so (found version "3.0.2")  
[1.292s] -- Found FastRTPS: /opt/ros/humble/include  
[1.367s] -- Using RMW implementation 'rmw_fastrtps_cpp' as default
[1.380s] -- Looking for pthread.h
[1.484s] -- Looking for pthread.h - found
[1.484s] -- Performing Test CMAKE_HAVE_LIBC_PTHREAD
[1.612s] -- Performing Test CMAKE_HAVE_LIBC_PTHREAD - Success
[1.614s] -- Found Threads: TRUE  
[1.862s] -- Found geometry_msgs: 4.2.4 (/opt/ros/humble/share/geometry_msgs/cmake)
[1.916s] -- Found nav_msgs: 4.2.4 (/opt/ros/humble/share/nav_msgs/cmake)
[2.035s] -- Found sensor_msgs: 4.2.4 (/opt/ros/humble/share/sensor_msgs/cmake)
[2.197s] -- Found ament_lint_auto: 0.12.11 (/opt/ros/humble/share/ament_lint_auto/cmake)
[2.318s] -- Added test 'cppcheck' to perform static code analysis on C / C++ code
[2.318s] -- Configured cppcheck include dirs: $<BUILD_INTERFACE:/home/robotai/tb4_ws/src/tb4_cpp_prac3/include>
[2.318s] -- Configured cppcheck exclude dirs and/or files: 
[2.319s] -- Added test 'lint_cmake' to check CMake code style
[2.320s] -- Added test 'uncrustify' to check C / C++ code style
[2.320s] -- Configured uncrustify additional arguments: 
[2.323s] -- Added test 'xmllint' to check XML markup files
[2.324s] -- Configuring done
[2.344s] -- Generating done
[2.347s] -- Build files have been written to: /home/robotai/tb4_ws/build/tb4_cpp_prac3
[2.360s] Invoked command in '/home/robotai/tb4_ws/build/tb4_cpp_prac3' returned '0': CMAKE_PREFIX_PATH=/opt/ros/humble /usr/bin/cmake /home/robotai/tb4_ws/src/tb4_cpp_prac3 -DCMAKE_INSTALL_PREFIX=/home/robotai/tb4_ws/install/tb4_cpp_prac3
[2.363s] Invoking command in '/home/robotai/tb4_ws/build/tb4_cpp_prac3': CMAKE_PREFIX_PATH=/opt/ros/humble /usr/bin/cmake --build /home/robotai/tb4_ws/build/tb4_cpp_prac3 -- -j8 -l8
[2.443s] [ 25%] [32mBuilding CXX object CMakeFiles/wall_follower.dir/src/wall_follower.cpp.o[0m
[2.447s] [ 50%] [32mBuilding CXX object CMakeFiles/person_follower.dir/src/person_follower.cpp.o[0m
[20.751s] [ 75%] [32m[1mLinking CXX executable person_follower[0m
[21.642s] [100%] [32m[1mLinking CXX executable wall_follower[0m
[22.085s] [100%] Built target person_follower
[22.730s] [100%] Built target wall_follower
[22.766s] Invoked command in '/home/robotai/tb4_ws/build/tb4_cpp_prac3' returned '0': CMAKE_PREFIX_PATH=/opt/ros/humble /usr/bin/cmake --build /home/robotai/tb4_ws/build/tb4_cpp_prac3 -- -j8 -l8
[22.885s] Invoking command in '/home/robotai/tb4_ws/build/tb4_cpp_prac3': CMAKE_PREFIX_PATH=/opt/ros/humble /usr/bin/cmake --install /home/robotai/tb4_ws/build/tb4_cpp_prac3
[22.909s] -- Install configuration: ""
[22.910s] -- Installing: /home/robotai/tb4_ws/install/tb4_cpp_prac3/lib/tb4_cpp_prac3/person_follower
[22.919s] -- Set runtime path of "/home/robotai/tb4_ws/install/tb4_cpp_prac3/lib/tb4_cpp_prac3/person_follower" to ""
[22.923s] -- Up-to-date: /home/robotai/tb4_ws/install/tb4_cpp_prac3/lib/tb4_cpp_prac3/person_follower
[22.923s] -- Installing: /home/robotai/tb4_ws/install/tb4_cpp_prac3/lib/tb4_cpp_prac3/wall_follower
[22.933s] -- Set runtime path of "/home/robotai/tb4_ws/install/tb4_cpp_prac3/lib/tb4_cpp_prac3/wall_follower" to ""
[22.933s] -- Installing: /home/robotai/tb4_ws/install/tb4_cpp_prac3/share/ament_index/resource_index/package_run_dependencies/tb4_cpp_prac3
[22.933s] -- Installing: /home/robotai/tb4_ws/install/tb4_cpp_prac3/share/ament_index/resource_index/parent_prefix_path/tb4_cpp_prac3
[22.936s] -- Installing: /home/robotai/tb4_ws/install/tb4_cpp_prac3/share/tb4_cpp_prac3/environment/ament_prefix_path.sh
[22.936s] -- Installing: /home/robotai/tb4_ws/install/tb4_cpp_prac3/share/tb4_cpp_prac3/environment/ament_prefix_path.dsv
[22.936s] -- Installing: /home/robotai/tb4_ws/install/tb4_cpp_prac3/share/tb4_cpp_prac3/environment/path.sh
[22.936s] -- Installing: /home/robotai/tb4_ws/install/tb4_cpp_prac3/share/tb4_cpp_prac3/environment/path.dsv
[22.936s] -- Installing: /home/robotai/tb4_ws/install/tb4_cpp_prac3/share/tb4_cpp_prac3/local_setup.bash
[22.938s] -- Installing: /home/robotai/tb4_ws/install/tb4_cpp_prac3/share/tb4_cpp_prac3/local_setup.sh
[22.938s] -- Installing: /home/robotai/tb4_ws/install/tb4_cpp_prac3/share/tb4_cpp_prac3/local_setup.zsh
[22.939s] -- Installing: /home/robotai/tb4_ws/install/tb4_cpp_prac3/share/tb4_cpp_prac3/local_setup.dsv
[22.939s] -- Installing: /home/robotai/tb4_ws/install/tb4_cpp_prac3/share/tb4_cpp_prac3/package.dsv
[22.939s] -- Installing: /home/robotai/tb4_ws/install/tb4_cpp_prac3/share/ament_index/resource_index/packages/tb4_cpp_prac3
[22.939s] -- Installing: /home/robotai/tb4_ws/install/tb4_cpp_prac3/share/tb4_cpp_prac3/cmake/tb4_cpp_prac3Config.cmake
[22.939s] -- Installing: /home/robotai/tb4_ws/install/tb4_cpp_prac3/share/tb4_cpp_prac3/cmake/tb4_cpp_prac3Config-version.cmake
[22.940s] -- Installing: /home/robotai/tb4_ws/install/tb4_cpp_prac3/share/tb4_cpp_prac3/package.xml
[22.949s] Invoked command in '/home/robotai/tb4_ws/build/tb4_cpp_prac3' returned '0': CMAKE_PREFIX_PATH=/opt/ros/humble /usr/bin/cmake --install /home/robotai/tb4_ws/build/tb4_cpp_prac3
