[0.043s] Invoking command in '/home/robotai/tb4_ws/build/tb4_cpp_prac7': CMAKE_PREFIX_PATH=/opt/ros/humble /usr/bin/cmake --build /home/robotai/tb4_ws/build/tb4_cpp_prac7 -- -j6 -l6
[0.191s] [35m[1mConsolidate compiler generated dependencies of target iar_astar_planner[0m
[0.204s] [ 33%] [32mBuilding CXX object CMakeFiles/iar_astar_planner.dir/src/navfn.cpp.o[0m
[2.664s] [01m[K/home/robotai/tb4_ws/src/tb4_cpp_prac7/src/navfn.cpp:[m[K In member function ‘[01m[Kvoid iar_astar_planner::NavFn::updateCell(int)[m[K’:
[2.664s] [01m[K/home/robotai/tb4_ws/src/tb4_cpp_prac7/src/navfn.cpp:363:19:[m[K [01;31m[Kerror: [m[Kredeclaration of ‘[01m[Kfloat l[m[K’
[2.664s]   363 |             float [01;31m[Kl[m[K = potarr_[n - 1] + costarr_[n];     /// from left to cell n
[2.664s]       |                   [01;31m[K^[m[K
[2.664s] [01m[K/home/robotai/tb4_ws/src/tb4_cpp_prac7/src/navfn.cpp:347:19:[m[K [01;36m[Knote: [m[K‘[01m[Kfloat l[m[K’ previously declared here
[2.665s]   347 |             float [01;36m[Kl[m[K, r, t, b, tl, tr, bl, br;
[2.665s]       |                   [01;36m[K^[m[K
[2.665s] [01m[K/home/robotai/tb4_ws/src/tb4_cpp_prac7/src/navfn.cpp:364:19:[m[K [01;31m[Kerror: [m[Kredeclaration of ‘[01m[Kfloat r[m[K’
[2.665s]   364 |             float [01;31m[Kr[m[K = potarr_[n + 1] + costarr_[n];     /// from right to cell n
[2.665s]       |                   [01;31m[K^[m[K
[2.665s] [01m[K/home/robotai/tb4_ws/src/tb4_cpp_prac7/src/navfn.cpp:347:22:[m[K [01;36m[Knote: [m[K‘[01m[Kfloat r[m[K’ previously declared here
[2.665s]   347 |             float l, [01;36m[Kr[m[K, t, b, tl, tr, bl, br;
[2.665s]       |                      [01;36m[K^[m[K
[2.665s] [01m[K/home/robotai/tb4_ws/src/tb4_cpp_prac7/src/navfn.cpp:365:19:[m[K [01;31m[Kerror: [m[Kredeclaration of ‘[01m[Kfloat t[m[K’
[2.665s]   365 |             float [01;31m[Kt[m[K = potarr_[n - nx_] + costarr_[n];   /// from top to cell n
[2.665s]       |                   [01;31m[K^[m[K
[2.665s] [01m[K/home/robotai/tb4_ws/src/tb4_cpp_prac7/src/navfn.cpp:347:25:[m[K [01;36m[Knote: [m[K‘[01m[Kfloat t[m[K’ previously declared here
[2.665s]   347 |             float l, r, [01;36m[Kt[m[K, b, tl, tr, bl, br;
[2.665s]       |                         [01;36m[K^[m[K
[2.665s] [01m[K/home/robotai/tb4_ws/src/tb4_cpp_prac7/src/navfn.cpp:366:19:[m[K [01;31m[Kerror: [m[Kredeclaration of ‘[01m[Kfloat b[m[K’
[2.665s]   366 |             float [01;31m[Kb[m[K = potarr_[n + nx_] + costarr_[n];   /// from bottom to cell n
[2.666s]       |                   [01;31m[K^[m[K
[2.666s] [01m[K/home/robotai/tb4_ws/src/tb4_cpp_prac7/src/navfn.cpp:347:28:[m[K [01;36m[Knote: [m[K‘[01m[Kfloat b[m[K’ previously declared here
[2.666s]   347 |             float l, r, t, [01;36m[Kb[m[K, tl, tr, bl, br;
[2.666s]       |                            [01;36m[K^[m[K
[2.666s] [01m[K/home/robotai/tb4_ws/src/tb4_cpp_prac7/src/navfn.cpp:382:19:[m[K [01;31m[Kerror: [m[Kredeclaration of ‘[01m[Kfloat tl[m[K’
[2.666s]   382 |             float [01;31m[Ktl[m[K = potarr_[n - nx_ - 1] + SQUAREROOT2 * costarr_[n];  /// top left to cell n
[2.666s]       |                   [01;31m[K^~[m[K
[2.666s] [01m[K/home/robotai/tb4_ws/src/tb4_cpp_prac7/src/navfn.cpp:347:31:[m[K [01;36m[Knote: [m[K‘[01m[Kfloat tl[m[K’ previously declared here
[2.666s]   347 |             float l, r, t, b, [01;36m[Ktl[m[K, tr, bl, br;
[2.666s]       |                               [01;36m[K^~[m[K
[2.666s] [01m[K/home/robotai/tb4_ws/src/tb4_cpp_prac7/src/navfn.cpp:383:19:[m[K [01;31m[Kerror: [m[Kredeclaration of ‘[01m[Kfloat tr[m[K’
[2.666s]   383 |             float [01;31m[Ktr[m[K = potarr_[n - nx_ + 1] + SQUAREROOT2 * costarr_[n];  /// top right to cell n
[2.666s]       |                   [01;31m[K^~[m[K
[2.666s] [01m[K/home/robotai/tb4_ws/src/tb4_cpp_prac7/src/navfn.cpp:347:35:[m[K [01;36m[Knote: [m[K‘[01m[Kfloat tr[m[K’ previously declared here
[2.666s]   347 |             float l, r, t, b, tl, [01;36m[Ktr[m[K, bl, br;
[2.666s]       |                                   [01;36m[K^~[m[K
[2.666s] [01m[K/home/robotai/tb4_ws/src/tb4_cpp_prac7/src/navfn.cpp:384:19:[m[K [01;31m[Kerror: [m[Kredeclaration of ‘[01m[Kfloat bl[m[K’
[2.666s]   384 |             float [01;31m[Kbl[m[K = potarr_[n + nx_ - 1] + SQUAREROOT2 * costarr_[n];  /// bottom left to cell n
[2.666s]       |                   [01;31m[K^~[m[K
[2.666s] [01m[K/home/robotai/tb4_ws/src/tb4_cpp_prac7/src/navfn.cpp:347:39:[m[K [01;36m[Knote: [m[K‘[01m[Kfloat bl[m[K’ previously declared here
[2.666s]   347 |             float l, r, t, b, tl, tr, [01;36m[Kbl[m[K, br;
[2.667s]       |                                       [01;36m[K^~[m[K
[2.667s] [01m[K/home/robotai/tb4_ws/src/tb4_cpp_prac7/src/navfn.cpp:385:19:[m[K [01;31m[Kerror: [m[Kredeclaration of ‘[01m[Kfloat br[m[K’
[2.667s]   385 |             float [01;31m[Kbr[m[K = potarr_[n + nx_ + 1] + SQUAREROOT2 * costarr_[n];  /// bottom right to cell n
[2.667s]       |                   [01;31m[K^~[m[K
[2.667s] [01m[K/home/robotai/tb4_ws/src/tb4_cpp_prac7/src/navfn.cpp:347:43:[m[K [01;36m[Knote: [m[K‘[01m[Kfloat br[m[K’ previously declared here
[2.667s]   347 |             float l, r, t, b, tl, tr, bl, [01;36m[Kbr[m[K;
[2.667s]       |                                           [01;36m[K^~[m[K
[3.253s] gmake[2]: *** [CMakeFiles/iar_astar_planner.dir/build.make:90: CMakeFiles/iar_astar_planner.dir/src/navfn.cpp.o] Error 1
[3.254s] gmake[1]: *** [CMakeFiles/Makefile2:137: CMakeFiles/iar_astar_planner.dir/all] Error 2
[3.254s] gmake: *** [Makefile:146: all] Error 2
[3.257s] Invoked command in '/home/robotai/tb4_ws/build/tb4_cpp_prac7' returned '2': CMAKE_PREFIX_PATH=/opt/ros/humble /usr/bin/cmake --build /home/robotai/tb4_ws/build/tb4_cpp_prac7 -- -j6 -l6
