[0.026s] Invoking command in '/home/eecms/tb4_ws/build/tb4_cpp_prac3': CMAKE_PREFIX_PATH=/opt/ros/humble /usr/bin/cmake --build /home/eecms/tb4_ws/build/tb4_cpp_prac3 -- -j6 -l6
[0.103s] [35m[1mConsolidate compiler generated dependencies of target person_follower[0m
[0.155s] [ 50%] [32mBuilding CXX object CMakeFiles/person_follower.dir/src/person_follower.cpp.o[0m
[0.416s] [01m[K/home/eecms/tb4_ws/src/tb4_cpp_prac3/src/person_follower.cpp:209:37:[m[K [01;35m[Kwarning: [m[Kmissing terminating " character
[0.416s]   209 |     RCLCPP_INFO(this->get_logger(), [01;35m[K"[m[K
[0.416s]       |                                     [01;35m[K^[m[K
[0.416s] [01m[K/home/eecms/tb4_ws/src/tb4_cpp_prac3/src/person_follower.cpp:210:28:[m[K [01;35m[Kwarning: [m[Kmissing terminating " character
[0.417s]   210 |     cmd linear.x = %.3f \n [01;35m[K"[m[K,
[0.417s]       |                            [01;35m[K^[m[K
[0.417s] In file included from [01m[K/opt/ros/humble/include/rclcpp/rclcpp/logging.hpp:24[m[K,
[0.417s]                  from [01m[K/opt/ros/humble/include/rclcpp/rclcpp/client.hpp:40[m[K,
[0.417s]                  from [01m[K/opt/ros/humble/include/rclcpp/rclcpp/callback_group.hpp:24[m[K,
[0.417s]                  from [01m[K/opt/ros/humble/include/rclcpp/rclcpp/any_executable.hpp:20[m[K,
[0.417s]                  from [01m[K/opt/ros/humble/include/rclcpp/rclcpp/memory_strategy.hpp:25[m[K,
[0.417s]                  from [01m[K/opt/ros/humble/include/rclcpp/rclcpp/memory_strategies.hpp:18[m[K,
[0.417s]                  from [01m[K/opt/ros/humble/include/rclcpp/rclcpp/executor_options.hpp:20[m[K,
[0.417s]                  from [01m[K/opt/ros/humble/include/rclcpp/rclcpp/executor.hpp:37[m[K,
[0.417s]                  from [01m[K/opt/ros/humble/include/rclcpp/rclcpp/executors/multi_threaded_executor.hpp:25[m[K,
[0.417s]                  from [01m[K/opt/ros/humble/include/rclcpp/rclcpp/executors.hpp:21[m[K,
[0.417s]                  from [01m[K/opt/ros/humble/include/rclcpp/rclcpp/rclcpp.hpp:155[m[K,
[0.417s]                  from [01m[K/home/eecms/tb4_ws/src/tb4_cpp_prac3/src/person_follower.cpp:9[m[K:
[0.417s] [01m[K/home/eecms/tb4_ws/src/tb4_cpp_prac3/src/person_follower.cpp:209:37:[m[K [01;31m[Kerror: [m[Kmissing terminating " character
[0.417s]   209 |     RCLCPP_INFO(this->get_logger(), [01;31m[K"[m[K
[0.417s]       |                                     [01;31m[K^[m[K
[0.417s] [01m[K/home/eecms/tb4_ws/src/tb4_cpp_prac3/src/person_follower.cpp:210:25:[m[K [01;31m[Kerror: [m[Kstray ‘[01m[K\[m[K’ in program
[0.417s]   210 |     cmd linear.x = %.3f [01;31m[K\[m[Kn ",
[0.417s]       |                         [01;31m[K^[m[K
[0.417s] [01m[K/home/eecms/tb4_ws/src/tb4_cpp_prac3/src/person_follower.cpp:210:28:[m[K [01;31m[Kerror: [m[Kmissing terminating " character
[0.417s]   210 |     cmd linear.x = %.3f \n [01;31m[K",[m[K
[0.418s]       |                            [01;31m[K^~[m[K
[2.597s] [01m[K/home/eecms/tb4_ws/src/tb4_cpp_prac3/src/person_follower.cpp:[m[K In member function ‘[01m[Kvoid PersonFollower::scan_callback(sensor_msgs::msg::LaserScan_<std::allocator<void> >::SharedPtr)[m[K’:
[2.597s] [01m[K/home/eecms/tb4_ws/src/tb4_cpp_prac3/src/person_follower.cpp:210:5:[m[K [01;31m[Kerror: [m[K‘[01m[Kcmd[m[K’ was not declared in this scope
[2.597s]   210 |     [01;31m[Kcmd[m[K linear.x = %.3f \n ",
[2.597s]       |     [01;31m[K^~~[m[K
[2.597s] [01m[K/home/eecms/tb4_ws/src/tb4_cpp_prac3/src/person_follower.cpp:218:5:[m[K [01;31m[Kerror: [m[Kexpected primary-expression before ‘[01m[K,[m[K’ token
[2.597s]   218 |     [01;31m[K,[m[K cmd_vel_msg.linear.x, cmd_vel_msg.angular.z,distance_control_gain_,angle_control_gain_,range_R,bearing_R,following_distance_,following_angle_);
[2.597s]       |     [01;31m[K^[m[K
[5.478s] gmake[2]: *** [CMakeFiles/person_follower.dir/build.make:76: CMakeFiles/person_follower.dir/src/person_follower.cpp.o] Error 1
[5.478s] gmake[1]: *** [CMakeFiles/Makefile2:137: CMakeFiles/person_follower.dir/all] Error 2
[5.478s] gmake: *** [Makefile:146: all] Error 2
[5.484s] Invoked command in '/home/eecms/tb4_ws/build/tb4_cpp_prac3' returned '2': CMAKE_PREFIX_PATH=/opt/ros/humble /usr/bin/cmake --build /home/eecms/tb4_ws/build/tb4_cpp_prac3 -- -j6 -l6
