[0.031s] Invoking command in '/home/eecms/tb4_ws/build/tb4_cpp_prac3': CMAKE_PREFIX_PATH=${CMAKE_PREFIX_PATH}:/opt/ros/humble /usr/bin/cmake --build /home/eecms/tb4_ws/build/tb4_cpp_prac3 -- -j6 -l6
[0.121s] [ 50%] Built target person_follower
[0.139s] [35m[1mConsolidate compiler generated dependencies of target wall_follower[0m
[0.163s] [ 75%] [32mBuilding CXX object CMakeFiles/wall_follower.dir/src/wall_follower.cpp.o[0m
[9.992s] [100%] [32m[1mLinking CXX executable wall_follower[0m
[10.426s] [100%] Built target wall_follower
[10.444s] Invoked command in '/home/eecms/tb4_ws/build/tb4_cpp_prac3' returned '0': CMAKE_PREFIX_PATH=${CMAKE_PREFIX_PATH}:/opt/ros/humble /usr/bin/cmake --build /home/eecms/tb4_ws/build/tb4_cpp_prac3 -- -j6 -l6
[10.446s] Invoking command in '/home/eecms/tb4_ws/build/tb4_cpp_prac3': CMAKE_PREFIX_PATH=${CMAKE_PREFIX_PATH}:/opt/ros/humble /usr/bin/cmake --install /home/eecms/tb4_ws/build/tb4_cpp_prac3
[10.454s] -- Install configuration: ""
[10.454s] -- Up-to-date: /home/eecms/tb4_ws/install/tb4_cpp_prac3/lib/tb4_cpp_prac3/person_follower
[10.456s] -- Up-to-date: /home/eecms/tb4_ws/install/tb4_cpp_prac3/lib/tb4_cpp_prac3/person_follower
[10.456s] -- Installing: /home/eecms/tb4_ws/install/tb4_cpp_prac3/lib/tb4_cpp_prac3/wall_follower
[10.462s] -- Set runtime path of "/home/eecms/tb4_ws/install/tb4_cpp_prac3/lib/tb4_cpp_prac3/wall_follower" to ""
[10.462s] -- Up-to-date: /home/eecms/tb4_ws/install/tb4_cpp_prac3/share/ament_index/resource_index/package_run_dependencies/tb4_cpp_prac3
[10.462s] -- Up-to-date: /home/eecms/tb4_ws/install/tb4_cpp_prac3/share/ament_index/resource_index/parent_prefix_path/tb4_cpp_prac3
[10.462s] -- Up-to-date: /home/eecms/tb4_ws/install/tb4_cpp_prac3/share/tb4_cpp_prac3/environment/ament_prefix_path.sh
[10.462s] -- Up-to-date: /home/eecms/tb4_ws/install/tb4_cpp_prac3/share/tb4_cpp_prac3/environment/ament_prefix_path.dsv
[10.463s] -- Up-to-date: /home/eecms/tb4_ws/install/tb4_cpp_prac3/share/tb4_cpp_prac3/environment/path.sh
[10.463s] -- Up-to-date: /home/eecms/tb4_ws/install/tb4_cpp_prac3/share/tb4_cpp_prac3/environment/path.dsv
[10.463s] -- Up-to-date: /home/eecms/tb4_ws/install/tb4_cpp_prac3/share/tb4_cpp_prac3/local_setup.bash
[10.463s] -- Up-to-date: /home/eecms/tb4_ws/install/tb4_cpp_prac3/share/tb4_cpp_prac3/local_setup.sh
[10.463s] -- Up-to-date: /home/eecms/tb4_ws/install/tb4_cpp_prac3/share/tb4_cpp_prac3/local_setup.zsh
[10.463s] -- Up-to-date: /home/eecms/tb4_ws/install/tb4_cpp_prac3/share/tb4_cpp_prac3/local_setup.dsv
[10.468s] -- Installing: /home/eecms/tb4_ws/install/tb4_cpp_prac3/share/tb4_cpp_prac3/package.dsv
[10.468s] -- Up-to-date: /home/eecms/tb4_ws/install/tb4_cpp_prac3/share/ament_index/resource_index/packages/tb4_cpp_prac3
[10.468s] -- Up-to-date: /home/eecms/tb4_ws/install/tb4_cpp_prac3/share/tb4_cpp_prac3/cmake/tb4_cpp_prac3Config.cmake
[10.468s] -- Up-to-date: /home/eecms/tb4_ws/install/tb4_cpp_prac3/share/tb4_cpp_prac3/cmake/tb4_cpp_prac3Config-version.cmake
[10.468s] -- Up-to-date: /home/eecms/tb4_ws/install/tb4_cpp_prac3/share/tb4_cpp_prac3/package.xml
[10.470s] Invoked command in '/home/eecms/tb4_ws/build/tb4_cpp_prac3' returned '0': CMAKE_PREFIX_PATH=${CMAKE_PREFIX_PATH}:/opt/ros/humble /usr/bin/cmake --install /home/eecms/tb4_ws/build/tb4_cpp_prac3
