[0.034s] Invoking command in '/home/robotai/tb4_ws/build/tb4_cpp_prac1': CMAKE_PREFIX_PATH=/opt/ros/humble /usr/bin/cmake --build /home/robotai/tb4_ws/build/tb4_cpp_prac1 -- -j6 -l6
[0.140s] -- Found ament_cmake: 1.3.12 (/opt/ros/humble/share/ament_cmake/cmake)
[0.372s] -- Found rclcpp: 16.0.15 (/opt/ros/humble/share/rclcpp/cmake)
[0.433s] -- Found rosidl_generator_c: 3.1.7 (/opt/ros/humble/share/rosidl_generator_c/cmake)
[0.439s] -- Found rosidl_adapter: 3.1.7 (/opt/ros/humble/share/rosidl_adapter/cmake)
[0.448s] -- Found rosidl_generator_cpp: 3.1.7 (/opt/ros/humble/share/rosidl_generator_cpp/cmake)
[0.476s] -- Using all available rosidl_typesupport_c: rosidl_typesupport_fastrtps_c;rosidl_typesupport_introspection_c
[0.510s] -- Using all available rosidl_typesupport_cpp: rosidl_typesupport_fastrtps_cpp;rosidl_typesupport_introspection_cpp
[0.629s] -- Found rmw_implementation_cmake: 6.1.2 (/opt/ros/humble/share/rmw_implementation_cmake/cmake)
[0.638s] -- Found rmw_fastrtps_cpp: 6.2.8 (/opt/ros/humble/share/rmw_fastrtps_cpp/cmake)
[0.851s] -- Using RMW implementation 'rmw_fastrtps_cpp' as default
[0.929s] -- Found irobot_create_msgs: 2.1.0 (/opt/ros/humble/share/irobot_create_msgs/cmake)
[1.149s] -- Found std_srvs: 4.9.0 (/opt/ros/humble/share/std_srvs/cmake)
[1.168s] -- Found rclcpp_action: 16.0.15 (/opt/ros/humble/share/rclcpp_action/cmake)
[1.186s] -- Found nav_msgs: 4.9.0 (/opt/ros/humble/share/nav_msgs/cmake)
[1.233s] -- Found ament_lint_auto: 0.12.14 (/opt/ros/humble/share/ament_lint_auto/cmake)
[1.422s] -- Added test 'copyright' to check source files copyright and LICENSE
[1.425s] -- Added test 'cppcheck' to perform static code analysis on C / C++ code
[1.425s] -- Configured cppcheck include dirs: $<BUILD_INTERFACE:/home/robotai/tb4_ws/src/tb4_cpp_prac1/include>
[1.425s] -- Configured cppcheck exclude dirs and/or files: 
[1.428s] -- Added test 'cpplint' to check C / C++ code against the Google style
[1.428s] -- Configured cpplint exclude dirs and/or files: 
[1.430s] -- Added test 'lint_cmake' to check CMake code style
[1.430s] -- Added test 'uncrustify' to check C / C++ code style
[1.431s] -- Configured uncrustify additional arguments: 
[1.432s] -- Added test 'xmllint' to check XML markup files
[1.438s] -- Configuring done
[1.549s] -- Generating done
[1.553s] -- Build files have been written to: /home/robotai/tb4_ws/build/tb4_cpp_prac1
[1.596s] [35m[1mConsolidate compiler generated dependencies of target tb4_cpp_node[0m
[1.603s] [35m[1mConsolidate compiler generated dependencies of target tb4_cpp_srv_server[0m
[1.679s] [ 16%] [32mBuilding CXX object CMakeFiles/tb4_cpp_node.dir/src/tb4_cpp_node.cpp.o[0m
[1.688s] [ 33%] [32mBuilding CXX object CMakeFiles/tb4_cpp_srv_server.dir/src/tb4_cpp_srv_server.cpp.o[0m
[16.783s] [ 50%] [32m[1mLinking CXX executable tb4_cpp_srv_server[0m
[18.179s] [ 50%] Built target tb4_cpp_srv_server
[24.944s] [ 66%] [32m[1mLinking CXX executable tb4_cpp_node[0m
[26.058s] [ 66%] Built target tb4_cpp_node
[26.175s] [35m[1mConsolidate compiler generated dependencies of target tb4_cpp_action_server[0m
[26.250s] [ 83%] [32mBuilding CXX object CMakeFiles/tb4_cpp_action_server.dir/src/tb4_cpp_action_server.cpp.o[0m
[44.864s] [100%] [32m[1mLinking CXX executable tb4_cpp_action_server[0m
[45.582s] [100%] Built target tb4_cpp_action_server
[46.638s] Invoked command in '/home/robotai/tb4_ws/build/tb4_cpp_prac1' returned '0': CMAKE_PREFIX_PATH=/opt/ros/humble /usr/bin/cmake --build /home/robotai/tb4_ws/build/tb4_cpp_prac1 -- -j6 -l6
[46.752s] Invoking command in '/home/robotai/tb4_ws/build/tb4_cpp_prac1': CMAKE_PREFIX_PATH=/opt/ros/humble /usr/bin/cmake --install /home/robotai/tb4_ws/build/tb4_cpp_prac1
[46.774s] -- Install configuration: ""
[46.905s] -- Installing: /home/robotai/tb4_ws/install/tb4_cpp_prac1/lib/tb4_cpp_prac1/tb4_cpp_node
[46.907s] -- Set runtime path of "/home/robotai/tb4_ws/install/tb4_cpp_prac1/lib/tb4_cpp_prac1/tb4_cpp_node" to ""
[46.907s] -- Installing: /home/robotai/tb4_ws/install/tb4_cpp_prac1/lib/tb4_cpp_prac1/tb4_cpp_srv_server
[46.908s] -- Set runtime path of "/home/robotai/tb4_ws/install/tb4_cpp_prac1/lib/tb4_cpp_prac1/tb4_cpp_srv_server" to ""
[46.930s] -- Installing: /home/robotai/tb4_ws/install/tb4_cpp_prac1/lib/tb4_cpp_prac1/tb4_cpp_action_server
[46.931s] -- Set runtime path of "/home/robotai/tb4_ws/install/tb4_cpp_prac1/lib/tb4_cpp_prac1/tb4_cpp_action_server" to ""
[46.933s] -- Up-to-date: /home/robotai/tb4_ws/install/tb4_cpp_prac1/share/ament_index/resource_index/package_run_dependencies/tb4_cpp_prac1
[46.933s] -- Up-to-date: /home/robotai/tb4_ws/install/tb4_cpp_prac1/share/ament_index/resource_index/parent_prefix_path/tb4_cpp_prac1
[46.933s] -- Installing: /home/robotai/tb4_ws/install/tb4_cpp_prac1/share/tb4_cpp_prac1/environment/ament_prefix_path.sh
[47.037s] -- Installing: /home/robotai/tb4_ws/install/tb4_cpp_prac1/share/tb4_cpp_prac1/environment/ament_prefix_path.dsv
[47.037s] -- Installing: /home/robotai/tb4_ws/install/tb4_cpp_prac1/share/tb4_cpp_prac1/environment/path.sh
[47.037s] -- Installing: /home/robotai/tb4_ws/install/tb4_cpp_prac1/share/tb4_cpp_prac1/environment/path.dsv
[47.038s] -- Up-to-date: /home/robotai/tb4_ws/install/tb4_cpp_prac1/share/tb4_cpp_prac1/local_setup.bash
[47.038s] -- Up-to-date: /home/robotai/tb4_ws/install/tb4_cpp_prac1/share/tb4_cpp_prac1/local_setup.sh
[47.038s] -- Up-to-date: /home/robotai/tb4_ws/install/tb4_cpp_prac1/share/tb4_cpp_prac1/local_setup.zsh
[47.038s] -- Installing: /home/robotai/tb4_ws/install/tb4_cpp_prac1/share/tb4_cpp_prac1/local_setup.dsv
[47.038s] -- Installing: /home/robotai/tb4_ws/install/tb4_cpp_prac1/share/tb4_cpp_prac1/package.dsv
[47.039s] -- Up-to-date: /home/robotai/tb4_ws/install/tb4_cpp_prac1/share/ament_index/resource_index/packages/tb4_cpp_prac1
[47.039s] -- Up-to-date: /home/robotai/tb4_ws/install/tb4_cpp_prac1/share/tb4_cpp_prac1/cmake/tb4_cpp_prac1Config.cmake
[47.039s] -- Up-to-date: /home/robotai/tb4_ws/install/tb4_cpp_prac1/share/tb4_cpp_prac1/cmake/tb4_cpp_prac1Config-version.cmake
[47.039s] -- Up-to-date: /home/robotai/tb4_ws/install/tb4_cpp_prac1/share/tb4_cpp_prac1/package.xml
