[0.020s] Invoking command in '/home/robotai/tb4_ws/build/tb4_cpp_prac3': CMAKE_PREFIX_PATH=/opt/ros/humble /usr/bin/cmake --build /home/robotai/tb4_ws/build/tb4_cpp_prac3 -- -j8 -l8
[0.048s] -- Found ament_cmake: 1.3.9 (/opt/ros/humble/share/ament_cmake/cmake)
[0.208s] -- Found rclcpp: 16.0.9 (/opt/ros/humble/share/rclcpp/cmake)
[0.259s] -- Found rosidl_generator_c: 3.1.5 (/opt/ros/humble/share/rosidl_generator_c/cmake)
[0.263s] -- Found rosidl_adapter: 3.1.5 (/opt/ros/humble/share/rosidl_adapter/cmake)
[0.269s] -- Found rosidl_generator_cpp: 3.1.5 (/opt/ros/humble/share/rosidl_generator_cpp/cmake)
[0.283s] -- Using all available rosidl_typesupport_c: rosidl_typesupport_fastrtps_c;rosidl_typesupport_introspection_c
[0.301s] -- Using all available rosidl_typesupport_cpp: rosidl_typesupport_fastrtps_cpp;rosidl_typesupport_introspection_cpp
[0.367s] -- Found rmw_implementation_cmake: 6.1.2 (/opt/ros/humble/share/rmw_implementation_cmake/cmake)
[0.368s] -- Found rmw_fastrtps_cpp: 6.2.6 (/opt/ros/humble/share/rmw_fastrtps_cpp/cmake)
[0.515s] -- Using RMW implementation 'rmw_fastrtps_cpp' as default
[0.689s] -- Found geometry_msgs: 4.2.4 (/opt/ros/humble/share/geometry_msgs/cmake)
[0.744s] -- Found nav_msgs: 4.2.4 (/opt/ros/humble/share/nav_msgs/cmake)
[0.839s] -- Found sensor_msgs: 4.2.4 (/opt/ros/humble/share/sensor_msgs/cmake)
[0.934s] -- Found ament_lint_auto: 0.12.11 (/opt/ros/humble/share/ament_lint_auto/cmake)
[1.012s] -- Added test 'cppcheck' to perform static code analysis on C / C++ code
[1.012s] -- Configured cppcheck include dirs: $<BUILD_INTERFACE:/home/robotai/tb4_ws/src/tb4_cpp_prac3/include>
[1.012s] -- Configured cppcheck exclude dirs and/or files: 
[1.013s] -- Added test 'lint_cmake' to check CMake code style
[1.014s] -- Added test 'uncrustify' to check C / C++ code style
[1.014s] -- Configured uncrustify additional arguments: 
[1.015s] -- Added test 'xmllint' to check XML markup files
[1.016s] -- Configuring done
[1.032s] -- Generating done
[1.034s] -- Build files have been written to: /home/robotai/tb4_ws/build/tb4_cpp_prac3
[1.063s] [35m[1mConsolidate compiler generated dependencies of target person_follower[0m
[1.073s] [ 25%] [32mBuilding CXX object CMakeFiles/wall_follower.dir/src/wall_follower.cpp.o[0m
[1.083s] [ 50%] [32mBuilding CXX object CMakeFiles/person_follower.dir/src/person_follower.cpp.o[0m
[3.728s] In file included from [01m[K/opt/ros/humble/include/rclcpp/rclcpp/logging.hpp:24[m[K,
[3.728s]                  from [01m[K/opt/ros/humble/include/rclcpp/rclcpp/client.hpp:40[m[K,
[3.729s]                  from [01m[K/opt/ros/humble/include/rclcpp/rclcpp/callback_group.hpp:24[m[K,
[3.729s]                  from [01m[K/opt/ros/humble/include/rclcpp/rclcpp/any_executable.hpp:20[m[K,
[3.729s]                  from [01m[K/opt/ros/humble/include/rclcpp/rclcpp/memory_strategy.hpp:25[m[K,
[3.729s]                  from [01m[K/opt/ros/humble/include/rclcpp/rclcpp/memory_strategies.hpp:18[m[K,
[3.729s]                  from [01m[K/opt/ros/humble/include/rclcpp/rclcpp/executor_options.hpp:20[m[K,
[3.729s]                  from [01m[K/opt/ros/humble/include/rclcpp/rclcpp/executor.hpp:37[m[K,
[3.729s]                  from [01m[K/opt/ros/humble/include/rclcpp/rclcpp/executors/multi_threaded_executor.hpp:25[m[K,
[3.729s]                  from [01m[K/opt/ros/humble/include/rclcpp/rclcpp/executors.hpp:21[m[K,
[3.729s]                  from [01m[K/opt/ros/humble/include/rclcpp/rclcpp/rclcpp.hpp:155[m[K,
[3.729s]                  from [01m[K/home/robotai/tb4_ws/src/tb4_cpp_prac3/src/wall_follower.cpp:8[m[K:
[3.729s] [01m[K/home/robotai/tb4_ws/src/tb4_cpp_prac3/src/wall_follower.cpp:[m[K In constructor ‘[01m[KWallFollower::WallFollower()[m[K’:
[3.729s] [01m[K/home/robotai/tb4_ws/src/tb4_cpp_prac3/src/wall_follower.cpp:50:41:[m[K [01;35m[Kwarning: [m[Kformat ‘[01m[K%d[m[K’ expects argument of type ‘[01m[Kint[m[K’, but argument 5 has type ‘[01m[Kint64_t[m[K’ {aka ‘[01m[Klong int[m[K’} [[01;35m[K]8;;https://gcc.gnu.org/onlinedocs/gcc/Warning-Options.html#index-Wformat=-Wformat=]8;;[m[K]
[3.729s]    50 |         RCLCPP_INFO(this->get_logger(), [01;35m[K"wall_side: %d"[m[K, [32m[Kwall_side_[m[K);
[3.729s]       |                                         [01;35m[K^~~~~~~~~~~~~~~[m[K  [32m[K~~~~~~~~~~[m[K
[3.729s]       |                                                          [32m[K|[m[K
[3.729s]       |                                                          [32m[Kint64_t {aka long int}[m[K
[3.729s] [01m[K/home/robotai/tb4_ws/src/tb4_cpp_prac3/src/wall_follower.cpp:50:54:[m[K [01;36m[Knote: [m[Kformat string is defined here
[3.729s]    50 |         RCLCPP_INFO(this->get_logger(), "wall_side: [01;36m[K%d[m[K", wall_side_);
[3.729s]       |                                                     [01;36m[K~^[m[K
[3.730s]       |                                                      [01;36m[K|[m[K
[3.730s]       |                                                      [01;36m[Kint[m[K
[3.730s]       |                                                     [32m[K%ld[m[K
[3.757s] [01m[K/home/robotai/tb4_ws/src/tb4_cpp_prac3/src/wall_follower.cpp:[m[K In member function ‘[01m[Krcl_interfaces::msg::SetParametersResult WallFollower::dynamicParametersCallback(std::vector<rclcpp::Parameter>)[m[K’:
[3.757s] [01m[K/home/robotai/tb4_ws/src/tb4_cpp_prac3/src/wall_follower.cpp:351:9:[m[K [01;31m[Kerror: [m[K‘[01m[Kangle_control_gain_1[m[K’ was not declared in this scope; did you mean ‘[01m[Kangle_control_gain_1_[m[K’?
[3.757s]   351 |         [01;31m[Kangle_control_gain_1[m[K = parameter.as_double();
[3.757s]       |         [01;31m[K^~~~~~~~~~~~~~~~~~~~[m[K
[3.757s]       |         [32m[Kangle_control_gain_1_[m[K
[3.763s] [01m[K/home/robotai/tb4_ws/src/tb4_cpp_prac3/src/wall_follower.cpp:360:9:[m[K [01;31m[Kerror: [m[K‘[01m[Kangle_control_gain_2[m[K’ was not declared in this scope; did you mean ‘[01m[Kangle_control_gain_2_[m[K’?
[3.763s]   360 |         [01;31m[Kangle_control_gain_2[m[K = parameter.as_double();
[3.763s]       |         [01;31m[K^~~~~~~~~~~~~~~~~~~~[m[K
[3.763s]       |         [32m[Kangle_control_gain_2_[m[K
[6.637s] gmake[2]: *** [CMakeFiles/wall_follower.dir/build.make:76: CMakeFiles/wall_follower.dir/src/wall_follower.cpp.o] Error 1
[6.637s] gmake[1]: *** [CMakeFiles/Makefile2:165: CMakeFiles/wall_follower.dir/all] Error 2
[6.637s] gmake[1]: *** Waiting for unfinished jobs....
[10.535s] [ 75%] [32m[1mLinking CXX executable person_follower[0m
[11.025s] [ 75%] Built target person_follower
[11.027s] gmake: *** [Makefile:146: all] Error 2
[11.029s] Invoked command in '/home/robotai/tb4_ws/build/tb4_cpp_prac3' returned '2': CMAKE_PREFIX_PATH=/opt/ros/humble /usr/bin/cmake --build /home/robotai/tb4_ws/build/tb4_cpp_prac3 -- -j8 -l8
