[0.023s] Invoking command in '/home/eecms/tb4_ws/build/tb4_cpp_prac2': CMAKE_PREFIX_PATH=/opt/ros/humble /usr/bin/cmake /home/eecms/tb4_ws/src/tb4_cpp_prac2 -DCMAKE_INSTALL_PREFIX=/home/eecms/tb4_ws/install/tb4_cpp_prac2
[0.499s] -- The C compiler identification is GNU 12.3.0
[0.798s] -- The CXX compiler identification is GNU 12.3.0
[0.816s] -- Detecting C compiler ABI info
[0.933s] -- Detecting C compiler ABI info - done
[0.948s] -- Check for working C compiler: /usr/bin/cc - skipped
[0.952s] -- Detecting C compile features
[0.959s] -- Detecting C compile features - done
[0.965s] -- Detecting CXX compiler ABI info
[1.134s] -- Detecting CXX compiler ABI info - done
[1.153s] -- Check for working CXX compiler: /usr/bin/c++ - skipped
[1.155s] -- Detecting CXX compile features
[1.158s] -- Detecting CXX compile features - done
[1.297s] -- Found ament_cmake: 1.3.12 (/opt/ros/humble/share/ament_cmake/cmake)
[1.612s] -- Found Python3: /usr/bin/python3 (found version "3.10.12") found components: Interpreter 
[1.814s] -- Found rclcpp: 16.0.14 (/opt/ros/humble/share/rclcpp/cmake)
[2.207s] -- Found rosidl_generator_c: 3.1.7 (/opt/ros/humble/share/rosidl_generator_c/cmake)
[2.222s] -- Found rosidl_adapter: 3.1.7 (/opt/ros/humble/share/rosidl_adapter/cmake)
[2.244s] -- Found rosidl_generator_cpp: 3.1.7 (/opt/ros/humble/share/rosidl_generator_cpp/cmake)
[2.344s] -- Using all available rosidl_typesupport_c: rosidl_typesupport_fastrtps_c;rosidl_typesupport_introspection_c
[2.388s] -- Using all available rosidl_typesupport_cpp: rosidl_typesupport_fastrtps_cpp;rosidl_typesupport_introspection_cpp
[2.524s] -- Found rmw_implementation_cmake: 6.1.2 (/opt/ros/humble/share/rmw_implementation_cmake/cmake)
[2.533s] -- Found rmw_fastrtps_cpp: 6.2.8 (/opt/ros/humble/share/rmw_fastrtps_cpp/cmake)
[2.837s] -- Found OpenSSL: /usr/lib/x86_64-linux-gnu/libcrypto.so (found version "3.0.2")  
[2.888s] -- Found FastRTPS: /opt/ros/humble/include  
[2.929s] -- Using RMW implementation 'rmw_fastrtps_cpp' as default
[2.965s] -- Looking for pthread.h
[3.108s] -- Looking for pthread.h - found
[3.108s] -- Performing Test CMAKE_HAVE_LIBC_PTHREAD
[3.284s] -- Performing Test CMAKE_HAVE_LIBC_PTHREAD - Success
[3.285s] -- Found Threads: TRUE  
[3.501s] -- Found irobot_create_msgs: 2.1.0 (/opt/ros/humble/share/irobot_create_msgs/cmake)
[3.803s] -- Found rclcpp_action: 16.0.14 (/opt/ros/humble/share/rclcpp_action/cmake)
[3.839s] -- Found nav_msgs: 4.9.0 (/opt/ros/humble/share/nav_msgs/cmake)
[3.855s] -- Found ament_lint_auto: 0.12.14 (/opt/ros/humble/share/ament_lint_auto/cmake)
[3.930s] -- Added test 'cppcheck' to perform static code analysis on C / C++ code
[3.930s] -- Configured cppcheck include dirs: $<BUILD_INTERFACE:/home/eecms/tb4_ws/src/tb4_cpp_prac2/include>
[3.930s] -- Configured cppcheck exclude dirs and/or files: 
[3.930s] -- Added test 'lint_cmake' to check CMake code style
[3.931s] -- Added test 'uncrustify' to check C / C++ code style
[3.931s] -- Configured uncrustify additional arguments: 
[3.933s] -- Added test 'xmllint' to check XML markup files
[3.934s] -- Configuring done
[3.957s] -- Generating done
[3.961s] -- Build files have been written to: /home/eecms/tb4_ws/build/tb4_cpp_prac2
[4.000s] Invoked command in '/home/eecms/tb4_ws/build/tb4_cpp_prac2' returned '0': CMAKE_PREFIX_PATH=/opt/ros/humble /usr/bin/cmake /home/eecms/tb4_ws/src/tb4_cpp_prac2 -DCMAKE_INSTALL_PREFIX=/home/eecms/tb4_ws/install/tb4_cpp_prac2
[4.002s] Invoking command in '/home/eecms/tb4_ws/build/tb4_cpp_prac2': CMAKE_PREFIX_PATH=/opt/ros/humble /usr/bin/cmake --build /home/eecms/tb4_ws/build/tb4_cpp_prac2 -- -j6 -l6
[4.065s] [ 50%] [32mBuilding CXX object CMakeFiles/tb4_arc_action.dir/src/tb4_arc_action.cpp.o[0m
[19.815s] [100%] [32m[1mLinking CXX executable tb4_arc_action[0m
[20.717s] [100%] Built target tb4_arc_action
[20.758s] Invoked command in '/home/eecms/tb4_ws/build/tb4_cpp_prac2' returned '0': CMAKE_PREFIX_PATH=/opt/ros/humble /usr/bin/cmake --build /home/eecms/tb4_ws/build/tb4_cpp_prac2 -- -j6 -l6
[20.781s] Invoking command in '/home/eecms/tb4_ws/build/tb4_cpp_prac2': CMAKE_PREFIX_PATH=/opt/ros/humble /usr/bin/cmake --install /home/eecms/tb4_ws/build/tb4_cpp_prac2
[20.795s] -- Install configuration: ""
[20.795s] -- Installing: /home/eecms/tb4_ws/install/tb4_cpp_prac2/lib/tb4_cpp_prac2/tb4_arc_action
[20.806s] -- Set runtime path of "/home/eecms/tb4_ws/install/tb4_cpp_prac2/lib/tb4_cpp_prac2/tb4_arc_action" to ""
[20.806s] -- Installing: /home/eecms/tb4_ws/install/tb4_cpp_prac2/share/ament_index/resource_index/package_run_dependencies/tb4_cpp_prac2
[20.806s] -- Installing: /home/eecms/tb4_ws/install/tb4_cpp_prac2/share/ament_index/resource_index/parent_prefix_path/tb4_cpp_prac2
[20.806s] -- Installing: /home/eecms/tb4_ws/install/tb4_cpp_prac2/share/tb4_cpp_prac2/environment/ament_prefix_path.sh
[20.806s] -- Installing: /home/eecms/tb4_ws/install/tb4_cpp_prac2/share/tb4_cpp_prac2/environment/ament_prefix_path.dsv
[20.806s] -- Installing: /home/eecms/tb4_ws/install/tb4_cpp_prac2/share/tb4_cpp_prac2/environment/path.sh
[20.806s] -- Installing: /home/eecms/tb4_ws/install/tb4_cpp_prac2/share/tb4_cpp_prac2/environment/path.dsv
[20.806s] -- Installing: /home/eecms/tb4_ws/install/tb4_cpp_prac2/share/tb4_cpp_prac2/local_setup.bash
[20.806s] -- Installing: /home/eecms/tb4_ws/install/tb4_cpp_prac2/share/tb4_cpp_prac2/local_setup.sh
[20.806s] -- Installing: /home/eecms/tb4_ws/install/tb4_cpp_prac2/share/tb4_cpp_prac2/local_setup.zsh
[20.807s] -- Installing: /home/eecms/tb4_ws/install/tb4_cpp_prac2/share/tb4_cpp_prac2/local_setup.dsv
[20.807s] -- Installing: /home/eecms/tb4_ws/install/tb4_cpp_prac2/share/tb4_cpp_prac2/package.dsv
[20.807s] -- Installing: /home/eecms/tb4_ws/install/tb4_cpp_prac2/share/ament_index/resource_index/packages/tb4_cpp_prac2
[20.807s] -- Installing: /home/eecms/tb4_ws/install/tb4_cpp_prac2/share/tb4_cpp_prac2/cmake/tb4_cpp_prac2Config.cmake
[20.807s] -- Installing: /home/eecms/tb4_ws/install/tb4_cpp_prac2/share/tb4_cpp_prac2/cmake/tb4_cpp_prac2Config-version.cmake
[20.807s] -- Installing: /home/eecms/tb4_ws/install/tb4_cpp_prac2/share/tb4_cpp_prac2/package.xml
[20.807s] Invoked command in '/home/eecms/tb4_ws/build/tb4_cpp_prac2' returned '0': CMAKE_PREFIX_PATH=/opt/ros/humble /usr/bin/cmake --install /home/eecms/tb4_ws/build/tb4_cpp_prac2
