[0.097s] DEBUG:colcon:Command line arguments: ['/usr/bin/colcon', 'build']
[0.097s] DEBUG:colcon:Parsed command line arguments: Namespace(log_base=None, log_level=None, verb_name='build', build_base='build', install_base='install', merge_install=False, symlink_install=False, test_result_base=None, continue_on_error=False, executor='parallel', parallel_workers=8, event_handlers=None, ignore_user_meta=False, metas=['./colcon.meta'], base_paths=['.'], packages_ignore=None, packages_ignore_regex=None, paths=None, packages_up_to=None, packages_up_to_regex=None, packages_above=None, packages_above_and_dependencies=None, packages_above_depth=None, packages_select_by_dep=None, packages_skip_by_dep=None, packages_skip_up_to=None, packages_select_build_failed=False, packages_skip_build_finished=False, packages_select_test_failures=False, packages_skip_test_passed=False, packages_select=None, packages_skip=None, packages_select_regex=None, packages_skip_regex=None, packages_start=None, packages_end=None, allow_overriding=[], cmake_args=None, cmake_target=None, cmake_target_skip_unavailable=False, cmake_clean_cache=False, cmake_clean_first=False, cmake_force_configure=False, ament_cmake_args=None, catkin_cmake_args=None, catkin_skip_building_tests=False, mixin_files=None, mixin=None, verb_parser=<colcon_mixin.mixin.mixin_argument.MixinArgumentDecorator object at 0x771bf38609a0>, verb_extension=<colcon_core.verb.build.BuildVerb object at 0x771bf3959150>, main=<bound method BuildVerb.main of <colcon_core.verb.build.BuildVerb object at 0x771bf3959150>>, mixin_verb=('build',))
[0.268s] Level 1:colcon.colcon_core.package_discovery:discover_packages(colcon_meta) check parameters
[0.269s] Level 1:colcon.colcon_core.package_discovery:discover_packages(recursive) check parameters
[0.269s] Level 1:colcon.colcon_core.package_discovery:discover_packages(ignore) check parameters
[0.269s] Level 1:colcon.colcon_core.package_discovery:discover_packages(path) check parameters
[0.269s] Level 1:colcon.colcon_core.package_discovery:discover_packages(colcon_meta) discover
[0.269s] Level 1:colcon.colcon_core.package_discovery:discover_packages(recursive) discover
[0.269s] INFO:colcon.colcon_core.package_discovery:Crawling recursively for packages in '/home/robotai/tb4_ws'
[0.269s] Level 1:colcon.colcon_core.package_identification:_identify(.) by extensions ['ignore', 'ignore_ament_install']
[0.269s] Level 1:colcon.colcon_core.package_identification:_identify(.) by extension 'ignore'
[0.269s] Level 1:colcon.colcon_core.package_identification:_identify(.) by extension 'ignore_ament_install'
[0.269s] Level 1:colcon.colcon_core.package_identification:_identify(.) by extensions ['colcon_pkg']
[0.269s] Level 1:colcon.colcon_core.package_identification:_identify(.) by extension 'colcon_pkg'
[0.269s] Level 1:colcon.colcon_core.package_identification:_identify(.) by extensions ['colcon_meta']
[0.270s] Level 1:colcon.colcon_core.package_identification:_identify(.) by extension 'colcon_meta'
[0.270s] Level 1:colcon.colcon_core.package_identification:_identify(.) by extensions ['ros']
[0.270s] Level 1:colcon.colcon_core.package_identification:_identify(.) by extension 'ros'
[0.282s] Level 1:colcon.colcon_core.package_identification:_identify(.) by extensions ['cmake', 'python']
[0.282s] Level 1:colcon.colcon_core.package_identification:_identify(.) by extension 'cmake'
[0.282s] Level 1:colcon.colcon_core.package_identification:_identify(.) by extension 'python'
[0.282s] Level 1:colcon.colcon_core.package_identification:_identify(.) by extensions ['python_setup_py']
[0.282s] Level 1:colcon.colcon_core.package_identification:_identify(.) by extension 'python_setup_py'
[0.283s] Level 1:colcon.colcon_core.package_identification:_identify(build) by extensions ['ignore', 'ignore_ament_install']
[0.283s] Level 1:colcon.colcon_core.package_identification:_identify(build) by extension 'ignore'
[0.283s] Level 1:colcon.colcon_core.package_identification:_identify(build) ignored
[0.283s] Level 1:colcon.colcon_core.package_identification:_identify(install) by extensions ['ignore', 'ignore_ament_install']
[0.283s] Level 1:colcon.colcon_core.package_identification:_identify(install) by extension 'ignore'
[0.283s] Level 1:colcon.colcon_core.package_identification:_identify(install) ignored
[0.283s] Level 1:colcon.colcon_core.package_identification:_identify(log) by extensions ['ignore', 'ignore_ament_install']
[0.283s] Level 1:colcon.colcon_core.package_identification:_identify(log) by extension 'ignore'
[0.284s] Level 1:colcon.colcon_core.package_identification:_identify(log) ignored
[0.284s] Level 1:colcon.colcon_core.package_identification:_identify(src) by extensions ['ignore', 'ignore_ament_install']
[0.284s] Level 1:colcon.colcon_core.package_identification:_identify(src) by extension 'ignore'
[0.284s] Level 1:colcon.colcon_core.package_identification:_identify(src) by extension 'ignore_ament_install'
[0.284s] Level 1:colcon.colcon_core.package_identification:_identify(src) by extensions ['colcon_pkg']
[0.284s] Level 1:colcon.colcon_core.package_identification:_identify(src) by extension 'colcon_pkg'
[0.284s] Level 1:colcon.colcon_core.package_identification:_identify(src) by extensions ['colcon_meta']
[0.284s] Level 1:colcon.colcon_core.package_identification:_identify(src) by extension 'colcon_meta'
[0.284s] Level 1:colcon.colcon_core.package_identification:_identify(src) by extensions ['ros']
[0.284s] Level 1:colcon.colcon_core.package_identification:_identify(src) by extension 'ros'
[0.284s] Level 1:colcon.colcon_core.package_identification:_identify(src) by extensions ['cmake', 'python']
[0.284s] Level 1:colcon.colcon_core.package_identification:_identify(src) by extension 'cmake'
[0.284s] Level 1:colcon.colcon_core.package_identification:_identify(src) by extension 'python'
[0.284s] Level 1:colcon.colcon_core.package_identification:_identify(src) by extensions ['python_setup_py']
[0.284s] Level 1:colcon.colcon_core.package_identification:_identify(src) by extension 'python_setup_py'
[0.284s] Level 1:colcon.colcon_core.package_identification:_identify(src/tb4_cpp_prac1) by extensions ['ignore', 'ignore_ament_install']
[0.284s] Level 1:colcon.colcon_core.package_identification:_identify(src/tb4_cpp_prac1) by extension 'ignore'
[0.285s] Level 1:colcon.colcon_core.package_identification:_identify(src/tb4_cpp_prac1) by extension 'ignore_ament_install'
[0.285s] Level 1:colcon.colcon_core.package_identification:_identify(src/tb4_cpp_prac1) by extensions ['colcon_pkg']
[0.285s] Level 1:colcon.colcon_core.package_identification:_identify(src/tb4_cpp_prac1) by extension 'colcon_pkg'
[0.285s] Level 1:colcon.colcon_core.package_identification:_identify(src/tb4_cpp_prac1) by extensions ['colcon_meta']
[0.285s] Level 1:colcon.colcon_core.package_identification:_identify(src/tb4_cpp_prac1) by extension 'colcon_meta'
[0.285s] Level 1:colcon.colcon_core.package_identification:_identify(src/tb4_cpp_prac1) by extensions ['ros']
[0.285s] Level 1:colcon.colcon_core.package_identification:_identify(src/tb4_cpp_prac1) by extension 'ros'
[0.287s] DEBUG:colcon.colcon_core.package_identification:Package 'src/tb4_cpp_prac1' with type 'ros.ament_cmake' and name 'tb4_cpp_prac1'
[0.287s] Level 1:colcon.colcon_core.package_identification:_identify(src/tb4_cpp_prac2) by extensions ['ignore', 'ignore_ament_install']
[0.287s] Level 1:colcon.colcon_core.package_identification:_identify(src/tb4_cpp_prac2) by extension 'ignore'
[0.288s] Level 1:colcon.colcon_core.package_identification:_identify(src/tb4_cpp_prac2) by extension 'ignore_ament_install'
[0.288s] Level 1:colcon.colcon_core.package_identification:_identify(src/tb4_cpp_prac2) by extensions ['colcon_pkg']
[0.288s] Level 1:colcon.colcon_core.package_identification:_identify(src/tb4_cpp_prac2) by extension 'colcon_pkg'
[0.288s] Level 1:colcon.colcon_core.package_identification:_identify(src/tb4_cpp_prac2) by extensions ['colcon_meta']
[0.288s] Level 1:colcon.colcon_core.package_identification:_identify(src/tb4_cpp_prac2) by extension 'colcon_meta'
[0.288s] Level 1:colcon.colcon_core.package_identification:_identify(src/tb4_cpp_prac2) by extensions ['ros']
[0.288s] Level 1:colcon.colcon_core.package_identification:_identify(src/tb4_cpp_prac2) by extension 'ros'
[0.288s] DEBUG:colcon.colcon_core.package_identification:Package 'src/tb4_cpp_prac2' with type 'ros.ament_cmake' and name 'tb4_cpp_prac2'
[0.289s] Level 1:colcon.colcon_core.package_identification:_identify(src/tb4_cpp_prac3) by extensions ['ignore', 'ignore_ament_install']
[0.289s] Level 1:colcon.colcon_core.package_identification:_identify(src/tb4_cpp_prac3) by extension 'ignore'
[0.289s] Level 1:colcon.colcon_core.package_identification:_identify(src/tb4_cpp_prac3) by extension 'ignore_ament_install'
[0.289s] Level 1:colcon.colcon_core.package_identification:_identify(src/tb4_cpp_prac3) by extensions ['colcon_pkg']
[0.289s] Level 1:colcon.colcon_core.package_identification:_identify(src/tb4_cpp_prac3) by extension 'colcon_pkg'
[0.289s] Level 1:colcon.colcon_core.package_identification:_identify(src/tb4_cpp_prac3) by extensions ['colcon_meta']
[0.289s] Level 1:colcon.colcon_core.package_identification:_identify(src/tb4_cpp_prac3) by extension 'colcon_meta'
[0.289s] Level 1:colcon.colcon_core.package_identification:_identify(src/tb4_cpp_prac3) by extensions ['ros']
[0.289s] Level 1:colcon.colcon_core.package_identification:_identify(src/tb4_cpp_prac3) by extension 'ros'
[0.290s] DEBUG:colcon.colcon_core.package_identification:Package 'src/tb4_cpp_prac3' with type 'ros.ament_cmake' and name 'tb4_cpp_prac3'
[0.290s] Level 1:colcon.colcon_core.package_discovery:discover_packages(recursive) using defaults
[0.290s] Level 1:colcon.colcon_core.package_discovery:discover_packages(ignore) discover
[0.290s] Level 1:colcon.colcon_core.package_discovery:discover_packages(ignore) using defaults
[0.290s] Level 1:colcon.colcon_core.package_discovery:discover_packages(path) discover
[0.290s] Level 1:colcon.colcon_core.package_discovery:discover_packages(path) using defaults
[0.312s] Level 1:colcon.colcon_core.package_discovery:discover_packages(prefix_path) check parameters
[0.313s] Level 1:colcon.colcon_core.package_discovery:discover_packages(prefix_path) discover
[0.314s] DEBUG:colcon.colcon_installed_package_information.package_discovery:Found 3 installed packages in /home/robotai/tb4_ws/install
[0.316s] DEBUG:colcon.colcon_installed_package_information.package_discovery:Found 380 installed packages in /opt/ros/humble
[0.329s] Level 1:colcon.colcon_core.package_discovery:discover_packages(prefix_path) using defaults
[0.384s] Level 5:colcon.colcon_core.verb:set package 'tb4_cpp_prac1' build argument 'cmake_args' from command line to 'None'
[0.384s] Level 5:colcon.colcon_core.verb:set package 'tb4_cpp_prac1' build argument 'cmake_target' from command line to 'None'
[0.384s] Level 5:colcon.colcon_core.verb:set package 'tb4_cpp_prac1' build argument 'cmake_target_skip_unavailable' from command line to 'False'
[0.384s] Level 5:colcon.colcon_core.verb:set package 'tb4_cpp_prac1' build argument 'cmake_clean_cache' from command line to 'False'
[0.384s] Level 5:colcon.colcon_core.verb:set package 'tb4_cpp_prac1' build argument 'cmake_clean_first' from command line to 'False'
[0.384s] Level 5:colcon.colcon_core.verb:set package 'tb4_cpp_prac1' build argument 'cmake_force_configure' from command line to 'False'
[0.385s] Level 5:colcon.colcon_core.verb:set package 'tb4_cpp_prac1' build argument 'ament_cmake_args' from command line to 'None'
[0.385s] Level 5:colcon.colcon_core.verb:set package 'tb4_cpp_prac1' build argument 'catkin_cmake_args' from command line to 'None'
[0.385s] Level 5:colcon.colcon_core.verb:set package 'tb4_cpp_prac1' build argument 'catkin_skip_building_tests' from command line to 'False'
[0.385s] DEBUG:colcon.colcon_core.verb:Building package 'tb4_cpp_prac1' with the following arguments: {'ament_cmake_args': None, 'build_base': '/home/robotai/tb4_ws/build/tb4_cpp_prac1', 'catkin_cmake_args': None, 'catkin_skip_building_tests': False, 'cmake_args': None, 'cmake_clean_cache': False, 'cmake_clean_first': False, 'cmake_force_configure': False, 'cmake_target': None, 'cmake_target_skip_unavailable': False, 'install_base': '/home/robotai/tb4_ws/install/tb4_cpp_prac1', 'merge_install': False, 'path': '/home/robotai/tb4_ws/src/tb4_cpp_prac1', 'symlink_install': False, 'test_result_base': None}
[0.385s] Level 5:colcon.colcon_core.verb:set package 'tb4_cpp_prac2' build argument 'cmake_args' from command line to 'None'
[0.385s] Level 5:colcon.colcon_core.verb:set package 'tb4_cpp_prac2' build argument 'cmake_target' from command line to 'None'
[0.385s] Level 5:colcon.colcon_core.verb:set package 'tb4_cpp_prac2' build argument 'cmake_target_skip_unavailable' from command line to 'False'
[0.385s] Level 5:colcon.colcon_core.verb:set package 'tb4_cpp_prac2' build argument 'cmake_clean_cache' from command line to 'False'
[0.385s] Level 5:colcon.colcon_core.verb:set package 'tb4_cpp_prac2' build argument 'cmake_clean_first' from command line to 'False'
[0.385s] Level 5:colcon.colcon_core.verb:set package 'tb4_cpp_prac2' build argument 'cmake_force_configure' from command line to 'False'
[0.385s] Level 5:colcon.colcon_core.verb:set package 'tb4_cpp_prac2' build argument 'ament_cmake_args' from command line to 'None'
[0.385s] Level 5:colcon.colcon_core.verb:set package 'tb4_cpp_prac2' build argument 'catkin_cmake_args' from command line to 'None'
[0.385s] Level 5:colcon.colcon_core.verb:set package 'tb4_cpp_prac2' build argument 'catkin_skip_building_tests' from command line to 'False'
[0.385s] DEBUG:colcon.colcon_core.verb:Building package 'tb4_cpp_prac2' with the following arguments: {'ament_cmake_args': None, 'build_base': '/home/robotai/tb4_ws/build/tb4_cpp_prac2', 'catkin_cmake_args': None, 'catkin_skip_building_tests': False, 'cmake_args': None, 'cmake_clean_cache': False, 'cmake_clean_first': False, 'cmake_force_configure': False, 'cmake_target': None, 'cmake_target_skip_unavailable': False, 'install_base': '/home/robotai/tb4_ws/install/tb4_cpp_prac2', 'merge_install': False, 'path': '/home/robotai/tb4_ws/src/tb4_cpp_prac2', 'symlink_install': False, 'test_result_base': None}
[0.386s] Level 5:colcon.colcon_core.verb:set package 'tb4_cpp_prac3' build argument 'cmake_args' from command line to 'None'
[0.386s] Level 5:colcon.colcon_core.verb:set package 'tb4_cpp_prac3' build argument 'cmake_target' from command line to 'None'
[0.386s] Level 5:colcon.colcon_core.verb:set package 'tb4_cpp_prac3' build argument 'cmake_target_skip_unavailable' from command line to 'False'
[0.386s] Level 5:colcon.colcon_core.verb:set package 'tb4_cpp_prac3' build argument 'cmake_clean_cache' from command line to 'False'
[0.386s] Level 5:colcon.colcon_core.verb:set package 'tb4_cpp_prac3' build argument 'cmake_clean_first' from command line to 'False'
[0.386s] Level 5:colcon.colcon_core.verb:set package 'tb4_cpp_prac3' build argument 'cmake_force_configure' from command line to 'False'
[0.386s] Level 5:colcon.colcon_core.verb:set package 'tb4_cpp_prac3' build argument 'ament_cmake_args' from command line to 'None'
[0.386s] Level 5:colcon.colcon_core.verb:set package 'tb4_cpp_prac3' build argument 'catkin_cmake_args' from command line to 'None'
[0.386s] Level 5:colcon.colcon_core.verb:set package 'tb4_cpp_prac3' build argument 'catkin_skip_building_tests' from command line to 'False'
[0.386s] DEBUG:colcon.colcon_core.verb:Building package 'tb4_cpp_prac3' with the following arguments: {'ament_cmake_args': None, 'build_base': '/home/robotai/tb4_ws/build/tb4_cpp_prac3', 'catkin_cmake_args': None, 'catkin_skip_building_tests': False, 'cmake_args': None, 'cmake_clean_cache': False, 'cmake_clean_first': False, 'cmake_force_configure': False, 'cmake_target': None, 'cmake_target_skip_unavailable': False, 'install_base': '/home/robotai/tb4_ws/install/tb4_cpp_prac3', 'merge_install': False, 'path': '/home/robotai/tb4_ws/src/tb4_cpp_prac3', 'symlink_install': False, 'test_result_base': None}
[0.386s] INFO:colcon.colcon_core.executor:Executing jobs using 'parallel' executor
[0.387s] DEBUG:colcon.colcon_parallel_executor.executor.parallel:run_until_complete
[0.388s] INFO:colcon.colcon_ros.task.ament_cmake.build:Building ROS package in '/home/robotai/tb4_ws/src/tb4_cpp_prac1' with build type 'ament_cmake'
[0.388s] INFO:colcon.colcon_cmake.task.cmake.build:Building CMake package in '/home/robotai/tb4_ws/src/tb4_cpp_prac1'
[0.390s] INFO:colcon.colcon_core.plugin_system:Skipping extension 'colcon_core.shell.bat': Not used on non-Windows systems
[0.390s] INFO:colcon.colcon_core.shell:Skip shell extension 'powershell' for command environment: Not usable outside of PowerShell
[0.390s] DEBUG:colcon.colcon_core.shell:Skip shell extension 'dsv' for command environment
[0.395s] INFO:colcon.colcon_ros.task.ament_cmake.build:Building ROS package in '/home/robotai/tb4_ws/src/tb4_cpp_prac2' with build type 'ament_cmake'
[0.395s] INFO:colcon.colcon_cmake.task.cmake.build:Building CMake package in '/home/robotai/tb4_ws/src/tb4_cpp_prac2'
[0.396s] INFO:colcon.colcon_core.shell:Skip shell extension 'powershell' for command environment: Not usable outside of PowerShell
[0.396s] DEBUG:colcon.colcon_core.shell:Skip shell extension 'dsv' for command environment
[0.400s] INFO:colcon.colcon_ros.task.ament_cmake.build:Building ROS package in '/home/robotai/tb4_ws/src/tb4_cpp_prac3' with build type 'ament_cmake'
[0.400s] INFO:colcon.colcon_cmake.task.cmake.build:Building CMake package in '/home/robotai/tb4_ws/src/tb4_cpp_prac3'
[0.401s] INFO:colcon.colcon_core.shell:Skip shell extension 'powershell' for command environment: Not usable outside of PowerShell
[0.401s] DEBUG:colcon.colcon_core.shell:Skip shell extension 'dsv' for command environment
[0.411s] DEBUG:colcon.colcon_core.event_handler.log_command:Invoking command in '/home/robotai/tb4_ws/build/tb4_cpp_prac1': CMAKE_PREFIX_PATH=${CMAKE_PREFIX_PATH}:/opt/ros/humble /usr/bin/cmake --build /home/robotai/tb4_ws/build/tb4_cpp_prac1 -- -j8 -l8
[0.416s] DEBUG:colcon.colcon_core.event_handler.log_command:Invoking command in '/home/robotai/tb4_ws/build/tb4_cpp_prac2': CMAKE_PREFIX_PATH=${CMAKE_PREFIX_PATH}:/opt/ros/humble /usr/bin/cmake --build /home/robotai/tb4_ws/build/tb4_cpp_prac2 -- -j8 -l8
[0.420s] DEBUG:colcon.colcon_core.event_handler.log_command:Invoking command in '/home/robotai/tb4_ws/build/tb4_cpp_prac3': CMAKE_PREFIX_PATH=${CMAKE_PREFIX_PATH}:/opt/ros/humble /usr/bin/cmake --build /home/robotai/tb4_ws/build/tb4_cpp_prac3 -- -j8 -l8
[0.496s] DEBUG:colcon.colcon_core.event_handler.log_command:Invoked command in '/home/robotai/tb4_ws/build/tb4_cpp_prac2' returned '0': CMAKE_PREFIX_PATH=${CMAKE_PREFIX_PATH}:/opt/ros/humble /usr/bin/cmake --build /home/robotai/tb4_ws/build/tb4_cpp_prac2 -- -j8 -l8
[0.499s] DEBUG:colcon.colcon_core.event_handler.log_command:Invoked command in '/home/robotai/tb4_ws/build/tb4_cpp_prac1' returned '0': CMAKE_PREFIX_PATH=${CMAKE_PREFIX_PATH}:/opt/ros/humble /usr/bin/cmake --build /home/robotai/tb4_ws/build/tb4_cpp_prac1 -- -j8 -l8
[0.538s] DEBUG:colcon.colcon_core.event_handler.log_command:Invoking command in '/home/robotai/tb4_ws/build/tb4_cpp_prac2': CMAKE_PREFIX_PATH=${CMAKE_PREFIX_PATH}:/opt/ros/humble /usr/bin/cmake --install /home/robotai/tb4_ws/build/tb4_cpp_prac2
[0.541s] DEBUG:colcon.colcon_core.event_handler.log_command:Invoking command in '/home/robotai/tb4_ws/build/tb4_cpp_prac1': CMAKE_PREFIX_PATH=${CMAKE_PREFIX_PATH}:/opt/ros/humble /usr/bin/cmake --install /home/robotai/tb4_ws/build/tb4_cpp_prac1
[0.551s] Level 1:colcon.colcon_core.environment:create_environment_scripts_only(tb4_cpp_prac2)
[0.552s] DEBUG:colcon.colcon_core.event_handler.log_command:Invoked command in '/home/robotai/tb4_ws/build/tb4_cpp_prac2' returned '0': CMAKE_PREFIX_PATH=${CMAKE_PREFIX_PATH}:/opt/ros/humble /usr/bin/cmake --install /home/robotai/tb4_ws/build/tb4_cpp_prac2
[0.556s] Level 1:colcon.colcon_core.environment:checking '/home/robotai/tb4_ws/install/tb4_cpp_prac2' for CMake module files
[0.557s] Level 1:colcon.colcon_core.environment:checking '/home/robotai/tb4_ws/install/tb4_cpp_prac2' for CMake config files
[0.557s] Level 1:colcon.colcon_core.shell:create_environment_hook('tb4_cpp_prac2', 'cmake_prefix_path')
[0.558s] INFO:colcon.colcon_core.shell:Creating environment hook '/home/robotai/tb4_ws/install/tb4_cpp_prac2/share/tb4_cpp_prac2/hook/cmake_prefix_path.ps1'
[0.559s] INFO:colcon.colcon_core.shell:Creating environment descriptor '/home/robotai/tb4_ws/install/tb4_cpp_prac2/share/tb4_cpp_prac2/hook/cmake_prefix_path.dsv'
[0.559s] INFO:colcon.colcon_core.shell:Creating environment hook '/home/robotai/tb4_ws/install/tb4_cpp_prac2/share/tb4_cpp_prac2/hook/cmake_prefix_path.sh'
[0.560s] Level 1:colcon.colcon_core.environment:checking '/home/robotai/tb4_ws/install/tb4_cpp_prac2/lib'
[0.560s] Level 1:colcon.colcon_core.environment:checking '/home/robotai/tb4_ws/install/tb4_cpp_prac2/bin'
[0.561s] Level 1:colcon.colcon_core.environment:checking '/home/robotai/tb4_ws/install/tb4_cpp_prac2/lib/pkgconfig/tb4_cpp_prac2.pc'
[0.561s] Level 1:colcon.colcon_core.environment:checking '/home/robotai/tb4_ws/install/tb4_cpp_prac2/lib/python3.10/site-packages'
[0.561s] Level 1:colcon.colcon_core.environment:checking '/home/robotai/tb4_ws/install/tb4_cpp_prac2/bin'
[0.562s] INFO:colcon.colcon_core.shell:Creating package script '/home/robotai/tb4_ws/install/tb4_cpp_prac2/share/tb4_cpp_prac2/package.ps1'
[0.563s] INFO:colcon.colcon_core.shell:Creating package descriptor '/home/robotai/tb4_ws/install/tb4_cpp_prac2/share/tb4_cpp_prac2/package.dsv'
[0.564s] INFO:colcon.colcon_core.shell:Creating package script '/home/robotai/tb4_ws/install/tb4_cpp_prac2/share/tb4_cpp_prac2/package.sh'
[0.565s] INFO:colcon.colcon_core.shell:Creating package script '/home/robotai/tb4_ws/install/tb4_cpp_prac2/share/tb4_cpp_prac2/package.bash'
[0.565s] INFO:colcon.colcon_core.shell:Creating package script '/home/robotai/tb4_ws/install/tb4_cpp_prac2/share/tb4_cpp_prac2/package.zsh'
[0.566s] Level 1:colcon.colcon_core.environment:create_file_with_runtime_dependencies(/home/robotai/tb4_ws/install/tb4_cpp_prac2/share/colcon-core/packages/tb4_cpp_prac2)
[0.568s] Level 1:colcon.colcon_core.environment:create_environment_scripts_only(tb4_cpp_prac1)
[0.568s] Level 1:colcon.colcon_core.environment:checking '/home/robotai/tb4_ws/install/tb4_cpp_prac1' for CMake module files
[0.569s] DEBUG:colcon.colcon_core.event_handler.log_command:Invoked command in '/home/robotai/tb4_ws/build/tb4_cpp_prac1' returned '0': CMAKE_PREFIX_PATH=${CMAKE_PREFIX_PATH}:/opt/ros/humble /usr/bin/cmake --install /home/robotai/tb4_ws/build/tb4_cpp_prac1
[0.570s] Level 1:colcon.colcon_core.environment:checking '/home/robotai/tb4_ws/install/tb4_cpp_prac1' for CMake config files
[0.570s] Level 1:colcon.colcon_core.shell:create_environment_hook('tb4_cpp_prac1', 'cmake_prefix_path')
[0.571s] INFO:colcon.colcon_core.shell:Creating environment hook '/home/robotai/tb4_ws/install/tb4_cpp_prac1/share/tb4_cpp_prac1/hook/cmake_prefix_path.ps1'
[0.571s] INFO:colcon.colcon_core.shell:Creating environment descriptor '/home/robotai/tb4_ws/install/tb4_cpp_prac1/share/tb4_cpp_prac1/hook/cmake_prefix_path.dsv'
[0.571s] INFO:colcon.colcon_core.shell:Creating environment hook '/home/robotai/tb4_ws/install/tb4_cpp_prac1/share/tb4_cpp_prac1/hook/cmake_prefix_path.sh'
[0.572s] Level 1:colcon.colcon_core.environment:checking '/home/robotai/tb4_ws/install/tb4_cpp_prac1/lib'
[0.572s] Level 1:colcon.colcon_core.environment:checking '/home/robotai/tb4_ws/install/tb4_cpp_prac1/bin'
[0.572s] Level 1:colcon.colcon_core.environment:checking '/home/robotai/tb4_ws/install/tb4_cpp_prac1/lib/pkgconfig/tb4_cpp_prac1.pc'
[0.573s] Level 1:colcon.colcon_core.environment:checking '/home/robotai/tb4_ws/install/tb4_cpp_prac1/lib/python3.10/site-packages'
[0.573s] Level 1:colcon.colcon_core.environment:checking '/home/robotai/tb4_ws/install/tb4_cpp_prac1/bin'
[0.574s] INFO:colcon.colcon_core.shell:Creating package script '/home/robotai/tb4_ws/install/tb4_cpp_prac1/share/tb4_cpp_prac1/package.ps1'
[0.574s] INFO:colcon.colcon_core.shell:Creating package descriptor '/home/robotai/tb4_ws/install/tb4_cpp_prac1/share/tb4_cpp_prac1/package.dsv'
[0.574s] INFO:colcon.colcon_core.shell:Creating package script '/home/robotai/tb4_ws/install/tb4_cpp_prac1/share/tb4_cpp_prac1/package.sh'
[0.575s] INFO:colcon.colcon_core.shell:Creating package script '/home/robotai/tb4_ws/install/tb4_cpp_prac1/share/tb4_cpp_prac1/package.bash'
[0.575s] INFO:colcon.colcon_core.shell:Creating package script '/home/robotai/tb4_ws/install/tb4_cpp_prac1/share/tb4_cpp_prac1/package.zsh'
[0.576s] Level 1:colcon.colcon_core.environment:create_file_with_runtime_dependencies(/home/robotai/tb4_ws/install/tb4_cpp_prac1/share/colcon-core/packages/tb4_cpp_prac1)
[0.597s] Level 1:colcon.colcon_core.environment:create_environment_scripts_only(tb4_cpp_prac2)
[0.598s] Level 1:colcon.colcon_core.environment:checking '/home/robotai/tb4_ws/install/tb4_cpp_prac2' for CMake module files
[0.599s] Level 1:colcon.colcon_core.environment:checking '/home/robotai/tb4_ws/install/tb4_cpp_prac2' for CMake config files
[0.599s] Level 1:colcon.colcon_core.shell:create_environment_hook('tb4_cpp_prac2', 'cmake_prefix_path')
[0.600s] INFO:colcon.colcon_core.shell:Creating environment hook '/home/robotai/tb4_ws/install/tb4_cpp_prac2/share/tb4_cpp_prac2/hook/cmake_prefix_path.ps1'
[0.600s] INFO:colcon.colcon_core.shell:Creating environment descriptor '/home/robotai/tb4_ws/install/tb4_cpp_prac2/share/tb4_cpp_prac2/hook/cmake_prefix_path.dsv'
[0.601s] INFO:colcon.colcon_core.shell:Creating environment hook '/home/robotai/tb4_ws/install/tb4_cpp_prac2/share/tb4_cpp_prac2/hook/cmake_prefix_path.sh'
[0.602s] Level 1:colcon.colcon_core.environment:checking '/home/robotai/tb4_ws/install/tb4_cpp_prac2/lib'
[0.602s] Level 1:colcon.colcon_core.environment:checking '/home/robotai/tb4_ws/install/tb4_cpp_prac2/bin'
[0.602s] Level 1:colcon.colcon_core.environment:checking '/home/robotai/tb4_ws/install/tb4_cpp_prac2/lib/pkgconfig/tb4_cpp_prac2.pc'
[0.603s] Level 1:colcon.colcon_core.environment:checking '/home/robotai/tb4_ws/install/tb4_cpp_prac2/lib/python3.10/site-packages'
[0.603s] Level 1:colcon.colcon_core.environment:checking '/home/robotai/tb4_ws/install/tb4_cpp_prac2/bin'
[0.604s] INFO:colcon.colcon_core.shell:Creating package script '/home/robotai/tb4_ws/install/tb4_cpp_prac2/share/tb4_cpp_prac2/package.ps1'
[0.605s] INFO:colcon.colcon_core.shell:Creating package descriptor '/home/robotai/tb4_ws/install/tb4_cpp_prac2/share/tb4_cpp_prac2/package.dsv'
[0.605s] INFO:colcon.colcon_core.shell:Creating package script '/home/robotai/tb4_ws/install/tb4_cpp_prac2/share/tb4_cpp_prac2/package.sh'
[0.606s] INFO:colcon.colcon_core.shell:Creating package script '/home/robotai/tb4_ws/install/tb4_cpp_prac2/share/tb4_cpp_prac2/package.bash'
[0.607s] INFO:colcon.colcon_core.shell:Creating package script '/home/robotai/tb4_ws/install/tb4_cpp_prac2/share/tb4_cpp_prac2/package.zsh'
[0.608s] Level 1:colcon.colcon_core.environment:create_file_with_runtime_dependencies(/home/robotai/tb4_ws/install/tb4_cpp_prac2/share/colcon-core/packages/tb4_cpp_prac2)
[0.621s] Level 1:colcon.colcon_core.environment:create_environment_scripts_only(tb4_cpp_prac1)
[0.622s] Level 1:colcon.colcon_core.environment:checking '/home/robotai/tb4_ws/install/tb4_cpp_prac1' for CMake module files
[0.623s] Level 1:colcon.colcon_core.environment:checking '/home/robotai/tb4_ws/install/tb4_cpp_prac1' for CMake config files
[0.623s] Level 1:colcon.colcon_core.shell:create_environment_hook('tb4_cpp_prac1', 'cmake_prefix_path')
[0.624s] INFO:colcon.colcon_core.shell:Creating environment hook '/home/robotai/tb4_ws/install/tb4_cpp_prac1/share/tb4_cpp_prac1/hook/cmake_prefix_path.ps1'
[0.624s] INFO:colcon.colcon_core.shell:Creating environment descriptor '/home/robotai/tb4_ws/install/tb4_cpp_prac1/share/tb4_cpp_prac1/hook/cmake_prefix_path.dsv'
[0.625s] INFO:colcon.colcon_core.shell:Creating environment hook '/home/robotai/tb4_ws/install/tb4_cpp_prac1/share/tb4_cpp_prac1/hook/cmake_prefix_path.sh'
[0.625s] Level 1:colcon.colcon_core.environment:checking '/home/robotai/tb4_ws/install/tb4_cpp_prac1/lib'
[0.625s] Level 1:colcon.colcon_core.environment:checking '/home/robotai/tb4_ws/install/tb4_cpp_prac1/bin'
[0.626s] Level 1:colcon.colcon_core.environment:checking '/home/robotai/tb4_ws/install/tb4_cpp_prac1/lib/pkgconfig/tb4_cpp_prac1.pc'
[0.626s] Level 1:colcon.colcon_core.environment:checking '/home/robotai/tb4_ws/install/tb4_cpp_prac1/lib/python3.10/site-packages'
[0.626s] Level 1:colcon.colcon_core.environment:checking '/home/robotai/tb4_ws/install/tb4_cpp_prac1/bin'
[0.627s] INFO:colcon.colcon_core.shell:Creating package script '/home/robotai/tb4_ws/install/tb4_cpp_prac1/share/tb4_cpp_prac1/package.ps1'
[0.628s] INFO:colcon.colcon_core.shell:Creating package descriptor '/home/robotai/tb4_ws/install/tb4_cpp_prac1/share/tb4_cpp_prac1/package.dsv'
[0.629s] INFO:colcon.colcon_core.shell:Creating package script '/home/robotai/tb4_ws/install/tb4_cpp_prac1/share/tb4_cpp_prac1/package.sh'
[0.630s] INFO:colcon.colcon_core.shell:Creating package script '/home/robotai/tb4_ws/install/tb4_cpp_prac1/share/tb4_cpp_prac1/package.bash'
[0.631s] INFO:colcon.colcon_core.shell:Creating package script '/home/robotai/tb4_ws/install/tb4_cpp_prac1/share/tb4_cpp_prac1/package.zsh'
[0.631s] Level 1:colcon.colcon_core.environment:create_file_with_runtime_dependencies(/home/robotai/tb4_ws/install/tb4_cpp_prac1/share/colcon-core/packages/tb4_cpp_prac1)
[9.998s] DEBUG:colcon.colcon_core.event_handler.log_command:Invoked command in '/home/robotai/tb4_ws/build/tb4_cpp_prac3' returned '0': CMAKE_PREFIX_PATH=${CMAKE_PREFIX_PATH}:/opt/ros/humble /usr/bin/cmake --build /home/robotai/tb4_ws/build/tb4_cpp_prac3 -- -j8 -l8
[10.035s] DEBUG:colcon.colcon_core.event_handler.log_command:Invoking command in '/home/robotai/tb4_ws/build/tb4_cpp_prac3': CMAKE_PREFIX_PATH=${CMAKE_PREFIX_PATH}:/opt/ros/humble /usr/bin/cmake --install /home/robotai/tb4_ws/build/tb4_cpp_prac3
[10.053s] Level 1:colcon.colcon_core.environment:create_environment_scripts_only(tb4_cpp_prac3)
[10.054s] Level 1:colcon.colcon_core.environment:checking '/home/robotai/tb4_ws/install/tb4_cpp_prac3' for CMake module files
[10.055s] DEBUG:colcon.colcon_core.event_handler.log_command:Invoked command in '/home/robotai/tb4_ws/build/tb4_cpp_prac3' returned '0': CMAKE_PREFIX_PATH=${CMAKE_PREFIX_PATH}:/opt/ros/humble /usr/bin/cmake --install /home/robotai/tb4_ws/build/tb4_cpp_prac3
[10.055s] Level 1:colcon.colcon_core.environment:checking '/home/robotai/tb4_ws/install/tb4_cpp_prac3' for CMake config files
[10.056s] Level 1:colcon.colcon_core.shell:create_environment_hook('tb4_cpp_prac3', 'cmake_prefix_path')
[10.056s] INFO:colcon.colcon_core.shell:Creating environment hook '/home/robotai/tb4_ws/install/tb4_cpp_prac3/share/tb4_cpp_prac3/hook/cmake_prefix_path.ps1'
[10.056s] INFO:colcon.colcon_core.shell:Creating environment descriptor '/home/robotai/tb4_ws/install/tb4_cpp_prac3/share/tb4_cpp_prac3/hook/cmake_prefix_path.dsv'
[10.057s] INFO:colcon.colcon_core.shell:Creating environment hook '/home/robotai/tb4_ws/install/tb4_cpp_prac3/share/tb4_cpp_prac3/hook/cmake_prefix_path.sh'
[10.057s] Level 1:colcon.colcon_core.environment:checking '/home/robotai/tb4_ws/install/tb4_cpp_prac3/lib'
[10.057s] Level 1:colcon.colcon_core.environment:checking '/home/robotai/tb4_ws/install/tb4_cpp_prac3/bin'
[10.058s] Level 1:colcon.colcon_core.environment:checking '/home/robotai/tb4_ws/install/tb4_cpp_prac3/lib/pkgconfig/tb4_cpp_prac3.pc'
[10.058s] Level 1:colcon.colcon_core.environment:checking '/home/robotai/tb4_ws/install/tb4_cpp_prac3/lib/python3.10/site-packages'
[10.058s] Level 1:colcon.colcon_core.environment:checking '/home/robotai/tb4_ws/install/tb4_cpp_prac3/bin'
[10.059s] INFO:colcon.colcon_core.shell:Creating package script '/home/robotai/tb4_ws/install/tb4_cpp_prac3/share/tb4_cpp_prac3/package.ps1'
[10.060s] INFO:colcon.colcon_core.shell:Creating package descriptor '/home/robotai/tb4_ws/install/tb4_cpp_prac3/share/tb4_cpp_prac3/package.dsv'
[10.060s] INFO:colcon.colcon_core.shell:Creating package script '/home/robotai/tb4_ws/install/tb4_cpp_prac3/share/tb4_cpp_prac3/package.sh'
[10.061s] INFO:colcon.colcon_core.shell:Creating package script '/home/robotai/tb4_ws/install/tb4_cpp_prac3/share/tb4_cpp_prac3/package.bash'
[10.061s] INFO:colcon.colcon_core.shell:Creating package script '/home/robotai/tb4_ws/install/tb4_cpp_prac3/share/tb4_cpp_prac3/package.zsh'
[10.062s] Level 1:colcon.colcon_core.environment:create_file_with_runtime_dependencies(/home/robotai/tb4_ws/install/tb4_cpp_prac3/share/colcon-core/packages/tb4_cpp_prac3)
[10.096s] Level 1:colcon.colcon_core.environment:create_environment_scripts_only(tb4_cpp_prac3)
[10.097s] Level 1:colcon.colcon_core.environment:checking '/home/robotai/tb4_ws/install/tb4_cpp_prac3' for CMake module files
[10.097s] Level 1:colcon.colcon_core.environment:checking '/home/robotai/tb4_ws/install/tb4_cpp_prac3' for CMake config files
[10.098s] Level 1:colcon.colcon_core.shell:create_environment_hook('tb4_cpp_prac3', 'cmake_prefix_path')
[10.098s] INFO:colcon.colcon_core.shell:Creating environment hook '/home/robotai/tb4_ws/install/tb4_cpp_prac3/share/tb4_cpp_prac3/hook/cmake_prefix_path.ps1'
[10.098s] INFO:colcon.colcon_core.shell:Creating environment descriptor '/home/robotai/tb4_ws/install/tb4_cpp_prac3/share/tb4_cpp_prac3/hook/cmake_prefix_path.dsv'
[10.099s] INFO:colcon.colcon_core.shell:Creating environment hook '/home/robotai/tb4_ws/install/tb4_cpp_prac3/share/tb4_cpp_prac3/hook/cmake_prefix_path.sh'
[10.099s] Level 1:colcon.colcon_core.environment:checking '/home/robotai/tb4_ws/install/tb4_cpp_prac3/lib'
[10.099s] Level 1:colcon.colcon_core.environment:checking '/home/robotai/tb4_ws/install/tb4_cpp_prac3/bin'
[10.099s] Level 1:colcon.colcon_core.environment:checking '/home/robotai/tb4_ws/install/tb4_cpp_prac3/lib/pkgconfig/tb4_cpp_prac3.pc'
[10.099s] Level 1:colcon.colcon_core.environment:checking '/home/robotai/tb4_ws/install/tb4_cpp_prac3/lib/python3.10/site-packages'
[10.100s] Level 1:colcon.colcon_core.environment:checking '/home/robotai/tb4_ws/install/tb4_cpp_prac3/bin'
[10.100s] INFO:colcon.colcon_core.shell:Creating package script '/home/robotai/tb4_ws/install/tb4_cpp_prac3/share/tb4_cpp_prac3/package.ps1'
[10.100s] INFO:colcon.colcon_core.shell:Creating package descriptor '/home/robotai/tb4_ws/install/tb4_cpp_prac3/share/tb4_cpp_prac3/package.dsv'
[10.101s] INFO:colcon.colcon_core.shell:Creating package script '/home/robotai/tb4_ws/install/tb4_cpp_prac3/share/tb4_cpp_prac3/package.sh'
[10.102s] INFO:colcon.colcon_core.shell:Creating package script '/home/robotai/tb4_ws/install/tb4_cpp_prac3/share/tb4_cpp_prac3/package.bash'
[10.102s] INFO:colcon.colcon_core.shell:Creating package script '/home/robotai/tb4_ws/install/tb4_cpp_prac3/share/tb4_cpp_prac3/package.zsh'
[10.103s] Level 1:colcon.colcon_core.environment:create_file_with_runtime_dependencies(/home/robotai/tb4_ws/install/tb4_cpp_prac3/share/colcon-core/packages/tb4_cpp_prac3)
[10.103s] DEBUG:colcon.colcon_parallel_executor.executor.parallel:closing loop
[10.104s] DEBUG:colcon.colcon_parallel_executor.executor.parallel:loop closed
[10.104s] DEBUG:colcon.colcon_parallel_executor.executor.parallel:run_until_complete finished with '0'
[10.104s] DEBUG:colcon.colcon_core.event_reactor:joining thread
[10.111s] INFO:colcon.colcon_core.plugin_system:Skipping extension 'colcon_notification.desktop_notification.terminal_notifier': Not used on non-Darwin systems
[10.111s] INFO:colcon.colcon_core.plugin_system:Skipping extension 'colcon_notification.desktop_notification.win32': Not used on non-Windows systems
[10.111s] INFO:colcon.colcon_notification.desktop_notification:Sending desktop notification using 'notify2'
[10.123s] DEBUG:colcon.colcon_core.event_reactor:joined thread
[10.123s] INFO:colcon.colcon_core.shell:Creating prefix script '/home/robotai/tb4_ws/install/local_setup.ps1'
[10.125s] INFO:colcon.colcon_core.shell:Creating prefix util module '/home/robotai/tb4_ws/install/_local_setup_util_ps1.py'
[10.127s] INFO:colcon.colcon_core.shell:Creating prefix chain script '/home/robotai/tb4_ws/install/setup.ps1'
[10.128s] INFO:colcon.colcon_core.shell:Creating prefix script '/home/robotai/tb4_ws/install/local_setup.sh'
[10.129s] INFO:colcon.colcon_core.shell:Creating prefix util module '/home/robotai/tb4_ws/install/_local_setup_util_sh.py'
[10.129s] INFO:colcon.colcon_core.shell:Creating prefix chain script '/home/robotai/tb4_ws/install/setup.sh'
[10.131s] INFO:colcon.colcon_core.shell:Creating prefix script '/home/robotai/tb4_ws/install/local_setup.bash'
[10.131s] INFO:colcon.colcon_core.shell:Creating prefix chain script '/home/robotai/tb4_ws/install/setup.bash'
[10.132s] INFO:colcon.colcon_core.shell:Creating prefix script '/home/robotai/tb4_ws/install/local_setup.zsh'
[10.133s] INFO:colcon.colcon_core.shell:Creating prefix chain script '/home/robotai/tb4_ws/install/setup.zsh'
