[0.050s] Invoking command in '/home/robotai/tb4_ws/build/tb4_cpp_prac6': CMAKE_PREFIX_PATH=/opt/ros/humble /usr/bin/cmake --build /home/robotai/tb4_ws/build/tb4_cpp_prac6 -- -j6 -l6
[0.190s] [100%] Built target iar_amcl
[0.245s] Invoked command in '/home/robotai/tb4_ws/build/tb4_cpp_prac6' returned '0': CMAKE_PREFIX_PATH=/opt/ros/humble /usr/bin/cmake --build /home/robotai/tb4_ws/build/tb4_cpp_prac6 -- -j6 -l6
[0.247s] Invoking command in '/home/robotai/tb4_ws/build/tb4_cpp_prac6': CMAKE_PREFIX_PATH=/opt/ros/humble /usr/bin/cmake --install /home/robotai/tb4_ws/build/tb4_cpp_prac6
[0.267s] -- Install configuration: ""
[0.267s] -- Up-to-date: /home/robotai/tb4_ws/install/tb4_cpp_prac6/lib/tb4_cpp_prac6/iar_amcl
[0.267s] -- Up-to-date: /home/robotai/tb4_ws/install/tb4_cpp_prac6/share/tb4_cpp_prac6//launch
[0.268s] -- Up-to-date: /home/robotai/tb4_ws/install/tb4_cpp_prac6/share/tb4_cpp_prac6//launch/localisation_launch.py
[0.268s] -- Up-to-date: /home/robotai/tb4_ws/install/tb4_cpp_prac6/share/tb4_cpp_prac6//config
[0.268s] -- Up-to-date: /home/robotai/tb4_ws/install/tb4_cpp_prac6/share/tb4_cpp_prac6//config/localisation.yaml
[0.268s] -- Up-to-date: /home/robotai/tb4_ws/install/tb4_cpp_prac6/share/tb4_cpp_prac6//map
[0.268s] -- Up-to-date: /home/robotai/tb4_ws/install/tb4_cpp_prac6/share/tb4_cpp_prac6//map/office_ICTE4001_sim.yaml
[0.268s] -- Up-to-date: /home/robotai/tb4_ws/install/tb4_cpp_prac6/share/tb4_cpp_prac6//map/office_ICTE4001_sim.pgm
[0.268s] -- Up-to-date: /home/robotai/tb4_ws/install/tb4_cpp_prac6/share/ament_index/resource_index/package_run_dependencies/tb4_cpp_prac6
[0.268s] -- Up-to-date: /home/robotai/tb4_ws/install/tb4_cpp_prac6/share/ament_index/resource_index/parent_prefix_path/tb4_cpp_prac6
[0.268s] -- Up-to-date: /home/robotai/tb4_ws/install/tb4_cpp_prac6/share/tb4_cpp_prac6/environment/ament_prefix_path.sh
[0.268s] -- Up-to-date: /home/robotai/tb4_ws/install/tb4_cpp_prac6/share/tb4_cpp_prac6/environment/ament_prefix_path.dsv
[0.268s] -- Up-to-date: /home/robotai/tb4_ws/install/tb4_cpp_prac6/share/tb4_cpp_prac6/environment/path.sh
[0.268s] -- Up-to-date: /home/robotai/tb4_ws/install/tb4_cpp_prac6/share/tb4_cpp_prac6/environment/path.dsv
[0.268s] -- Up-to-date: /home/robotai/tb4_ws/install/tb4_cpp_prac6/share/tb4_cpp_prac6/local_setup.bash
[0.268s] -- Up-to-date: /home/robotai/tb4_ws/install/tb4_cpp_prac6/share/tb4_cpp_prac6/local_setup.sh
[0.268s] -- Up-to-date: /home/robotai/tb4_ws/install/tb4_cpp_prac6/share/tb4_cpp_prac6/local_setup.zsh
[0.268s] -- Up-to-date: /home/robotai/tb4_ws/install/tb4_cpp_prac6/share/tb4_cpp_prac6/local_setup.dsv
[0.268s] -- Installing: /home/robotai/tb4_ws/install/tb4_cpp_prac6/share/tb4_cpp_prac6/package.dsv
[0.268s] -- Up-to-date: /home/robotai/tb4_ws/install/tb4_cpp_prac6/share/ament_index/resource_index/packages/tb4_cpp_prac6
[0.269s] -- Up-to-date: /home/robotai/tb4_ws/install/tb4_cpp_prac6/share/tb4_cpp_prac6/cmake/tb4_cpp_prac6Config.cmake
[0.269s] -- Up-to-date: /home/robotai/tb4_ws/install/tb4_cpp_prac6/share/tb4_cpp_prac6/cmake/tb4_cpp_prac6Config-version.cmake
[0.272s] -- Up-to-date: /home/robotai/tb4_ws/install/tb4_cpp_prac6/share/tb4_cpp_prac6/package.xml
[0.327s] Invoked command in '/home/robotai/tb4_ws/build/tb4_cpp_prac6' returned '0': CMAKE_PREFIX_PATH=/opt/ros/humble /usr/bin/cmake --install /home/robotai/tb4_ws/build/tb4_cpp_prac6
