[0.809s] DEBUG:colcon:Command line arguments: ['/usr/bin/colcon', 'build']
[0.809s] DEBUG:colcon:Parsed command line arguments: Namespace(log_base=None, log_level=None, verb_name='build', build_base='build', install_base='install', merge_install=False, symlink_install=False, test_result_base=None, continue_on_error=False, executor='parallel', parallel_workers=6, event_handlers=None, ignore_user_meta=False, metas=['./colcon.meta'], base_paths=['.'], packages_ignore=None, packages_ignore_regex=None, paths=None, packages_up_to=None, packages_up_to_regex=None, packages_above=None, packages_above_and_dependencies=None, packages_above_depth=None, packages_select_by_dep=None, packages_skip_by_dep=None, packages_skip_up_to=None, packages_select_build_failed=False, packages_skip_build_finished=False, packages_select_test_failures=False, packages_skip_test_passed=False, packages_select=None, packages_skip=None, packages_select_regex=None, packages_skip_regex=None, packages_start=None, packages_end=None, allow_overriding=[], cmake_args=None, cmake_target=None, cmake_target_skip_unavailable=False, cmake_clean_cache=False, cmake_clean_first=False, cmake_force_configure=False, ament_cmake_args=None, catkin_cmake_args=None, catkin_skip_building_tests=False, mixin_files=None, mixin=None, verb_parser=<colcon_mixin.mixin.mixin_argument.MixinArgumentDecorator object at 0x7c5cd7061db0>, verb_extension=<colcon_core.verb.build.BuildVerb object at 0x7c5cd7061780>, main=<bound method BuildVerb.main of <colcon_core.verb.build.BuildVerb object at 0x7c5cd7061780>>, mixin_verb=('build',))
[1.511s] Level 1:colcon.colcon_core.package_discovery:discover_packages(colcon_meta) check parameters
[1.511s] Level 1:colcon.colcon_core.package_discovery:discover_packages(recursive) check parameters
[1.511s] Level 1:colcon.colcon_core.package_discovery:discover_packages(ignore) check parameters
[1.511s] Level 1:colcon.colcon_core.package_discovery:discover_packages(path) check parameters
[1.511s] Level 1:colcon.colcon_core.package_discovery:discover_packages(colcon_meta) discover
[1.511s] Level 1:colcon.colcon_core.package_discovery:discover_packages(recursive) discover
[1.511s] INFO:colcon.colcon_core.package_discovery:Crawling recursively for packages in '/home/robotai/tb4_ws'
[1.511s] Level 1:colcon.colcon_core.package_identification:_identify(.) by extensions ['ignore', 'ignore_ament_install']
[1.511s] Level 1:colcon.colcon_core.package_identification:_identify(.) by extension 'ignore'
[1.511s] Level 1:colcon.colcon_core.package_identification:_identify(.) by extension 'ignore_ament_install'
[1.512s] Level 1:colcon.colcon_core.package_identification:_identify(.) by extensions ['colcon_pkg']
[1.512s] Level 1:colcon.colcon_core.package_identification:_identify(.) by extension 'colcon_pkg'
[1.512s] Level 1:colcon.colcon_core.package_identification:_identify(.) by extensions ['colcon_meta']
[1.512s] Level 1:colcon.colcon_core.package_identification:_identify(.) by extension 'colcon_meta'
[1.512s] Level 1:colcon.colcon_core.package_identification:_identify(.) by extensions ['ros']
[1.512s] Level 1:colcon.colcon_core.package_identification:_identify(.) by extension 'ros'
[1.523s] Level 1:colcon.colcon_core.package_identification:_identify(.) by extensions ['cmake', 'python']
[1.523s] Level 1:colcon.colcon_core.package_identification:_identify(.) by extension 'cmake'
[1.523s] Level 1:colcon.colcon_core.package_identification:_identify(.) by extension 'python'
[1.523s] Level 1:colcon.colcon_core.package_identification:_identify(.) by extensions ['python_setup_py']
[1.523s] Level 1:colcon.colcon_core.package_identification:_identify(.) by extension 'python_setup_py'
[1.523s] Level 1:colcon.colcon_core.package_identification:_identify(build) by extensions ['ignore', 'ignore_ament_install']
[1.523s] Level 1:colcon.colcon_core.package_identification:_identify(build) by extension 'ignore'
[1.523s] Level 1:colcon.colcon_core.package_identification:_identify(build) ignored
[1.523s] Level 1:colcon.colcon_core.package_identification:_identify(install) by extensions ['ignore', 'ignore_ament_install']
[1.523s] Level 1:colcon.colcon_core.package_identification:_identify(install) by extension 'ignore'
[1.523s] Level 1:colcon.colcon_core.package_identification:_identify(install) ignored
[1.523s] Level 1:colcon.colcon_core.package_identification:_identify(log) by extensions ['ignore', 'ignore_ament_install']
[1.523s] Level 1:colcon.colcon_core.package_identification:_identify(log) by extension 'ignore'
[1.523s] Level 1:colcon.colcon_core.package_identification:_identify(log) ignored
[1.523s] Level 1:colcon.colcon_core.package_identification:_identify(src) by extensions ['ignore', 'ignore_ament_install']
[1.524s] Level 1:colcon.colcon_core.package_identification:_identify(src) by extension 'ignore'
[1.524s] Level 1:colcon.colcon_core.package_identification:_identify(src) by extension 'ignore_ament_install'
[1.524s] Level 1:colcon.colcon_core.package_identification:_identify(src) by extensions ['colcon_pkg']
[1.524s] Level 1:colcon.colcon_core.package_identification:_identify(src) by extension 'colcon_pkg'
[1.524s] Level 1:colcon.colcon_core.package_identification:_identify(src) by extensions ['colcon_meta']
[1.524s] Level 1:colcon.colcon_core.package_identification:_identify(src) by extension 'colcon_meta'
[1.524s] Level 1:colcon.colcon_core.package_identification:_identify(src) by extensions ['ros']
[1.524s] Level 1:colcon.colcon_core.package_identification:_identify(src) by extension 'ros'
[1.524s] Level 1:colcon.colcon_core.package_identification:_identify(src) by extensions ['cmake', 'python']
[1.524s] Level 1:colcon.colcon_core.package_identification:_identify(src) by extension 'cmake'
[1.524s] Level 1:colcon.colcon_core.package_identification:_identify(src) by extension 'python'
[1.524s] Level 1:colcon.colcon_core.package_identification:_identify(src) by extensions ['python_setup_py']
[1.524s] Level 1:colcon.colcon_core.package_identification:_identify(src) by extension 'python_setup_py'
[1.524s] Level 1:colcon.colcon_core.package_identification:_identify(src/tb4_cpp_prac1) by extensions ['ignore', 'ignore_ament_install']
[1.524s] Level 1:colcon.colcon_core.package_identification:_identify(src/tb4_cpp_prac1) by extension 'ignore'
[1.524s] Level 1:colcon.colcon_core.package_identification:_identify(src/tb4_cpp_prac1) by extension 'ignore_ament_install'
[1.524s] Level 1:colcon.colcon_core.package_identification:_identify(src/tb4_cpp_prac1) by extensions ['colcon_pkg']
[1.524s] Level 1:colcon.colcon_core.package_identification:_identify(src/tb4_cpp_prac1) by extension 'colcon_pkg'
[1.524s] Level 1:colcon.colcon_core.package_identification:_identify(src/tb4_cpp_prac1) by extensions ['colcon_meta']
[1.524s] Level 1:colcon.colcon_core.package_identification:_identify(src/tb4_cpp_prac1) by extension 'colcon_meta'
[1.524s] Level 1:colcon.colcon_core.package_identification:_identify(src/tb4_cpp_prac1) by extensions ['ros']
[1.524s] Level 1:colcon.colcon_core.package_identification:_identify(src/tb4_cpp_prac1) by extension 'ros'
[1.529s] DEBUG:colcon.colcon_core.package_identification:Package 'src/tb4_cpp_prac1' with type 'ros.ament_cmake' and name 'tb4_cpp_prac1'
[1.529s] Level 1:colcon.colcon_core.package_identification:_identify(src/tb4_cpp_prac2) by extensions ['ignore', 'ignore_ament_install']
[1.529s] Level 1:colcon.colcon_core.package_identification:_identify(src/tb4_cpp_prac2) by extension 'ignore'
[1.529s] Level 1:colcon.colcon_core.package_identification:_identify(src/tb4_cpp_prac2) by extension 'ignore_ament_install'
[1.529s] Level 1:colcon.colcon_core.package_identification:_identify(src/tb4_cpp_prac2) by extensions ['colcon_pkg']
[1.529s] Level 1:colcon.colcon_core.package_identification:_identify(src/tb4_cpp_prac2) by extension 'colcon_pkg'
[1.529s] Level 1:colcon.colcon_core.package_identification:_identify(src/tb4_cpp_prac2) by extensions ['colcon_meta']
[1.529s] Level 1:colcon.colcon_core.package_identification:_identify(src/tb4_cpp_prac2) by extension 'colcon_meta'
[1.529s] Level 1:colcon.colcon_core.package_identification:_identify(src/tb4_cpp_prac2) by extensions ['ros']
[1.529s] Level 1:colcon.colcon_core.package_identification:_identify(src/tb4_cpp_prac2) by extension 'ros'
[1.531s] DEBUG:colcon.colcon_core.package_identification:Package 'src/tb4_cpp_prac2' with type 'ros.ament_cmake' and name 'tb4_cpp_prac2'
[1.531s] Level 1:colcon.colcon_core.package_identification:_identify(src/tb4_cpp_prac3) by extensions ['ignore', 'ignore_ament_install']
[1.531s] Level 1:colcon.colcon_core.package_identification:_identify(src/tb4_cpp_prac3) by extension 'ignore'
[1.531s] Level 1:colcon.colcon_core.package_identification:_identify(src/tb4_cpp_prac3) by extension 'ignore_ament_install'
[1.532s] Level 1:colcon.colcon_core.package_identification:_identify(src/tb4_cpp_prac3) by extensions ['colcon_pkg']
[1.532s] Level 1:colcon.colcon_core.package_identification:_identify(src/tb4_cpp_prac3) by extension 'colcon_pkg'
[1.532s] Level 1:colcon.colcon_core.package_identification:_identify(src/tb4_cpp_prac3) by extensions ['colcon_meta']
[1.532s] Level 1:colcon.colcon_core.package_identification:_identify(src/tb4_cpp_prac3) by extension 'colcon_meta'
[1.532s] Level 1:colcon.colcon_core.package_identification:_identify(src/tb4_cpp_prac3) by extensions ['ros']
[1.532s] Level 1:colcon.colcon_core.package_identification:_identify(src/tb4_cpp_prac3) by extension 'ros'
[1.533s] DEBUG:colcon.colcon_core.package_identification:Package 'src/tb4_cpp_prac3' with type 'ros.ament_cmake' and name 'tb4_cpp_prac3'
[1.534s] Level 1:colcon.colcon_core.package_identification:_identify(src/tb4_cpp_prac5) by extensions ['ignore', 'ignore_ament_install']
[1.534s] Level 1:colcon.colcon_core.package_identification:_identify(src/tb4_cpp_prac5) by extension 'ignore'
[1.534s] Level 1:colcon.colcon_core.package_identification:_identify(src/tb4_cpp_prac5) by extension 'ignore_ament_install'
[1.534s] Level 1:colcon.colcon_core.package_identification:_identify(src/tb4_cpp_prac5) by extensions ['colcon_pkg']
[1.534s] Level 1:colcon.colcon_core.package_identification:_identify(src/tb4_cpp_prac5) by extension 'colcon_pkg'
[1.534s] Level 1:colcon.colcon_core.package_identification:_identify(src/tb4_cpp_prac5) by extensions ['colcon_meta']
[1.534s] Level 1:colcon.colcon_core.package_identification:_identify(src/tb4_cpp_prac5) by extension 'colcon_meta'
[1.534s] Level 1:colcon.colcon_core.package_identification:_identify(src/tb4_cpp_prac5) by extensions ['ros']
[1.534s] Level 1:colcon.colcon_core.package_identification:_identify(src/tb4_cpp_prac5) by extension 'ros'
[1.537s] DEBUG:colcon.colcon_core.package_identification:Package 'src/tb4_cpp_prac5' with type 'ros.ament_cmake' and name 'tb4_cpp_prac5'
[1.537s] Level 1:colcon.colcon_core.package_identification:_identify(src/tb4_cpp_prac6) by extensions ['ignore', 'ignore_ament_install']
[1.537s] Level 1:colcon.colcon_core.package_identification:_identify(src/tb4_cpp_prac6) by extension 'ignore'
[1.537s] Level 1:colcon.colcon_core.package_identification:_identify(src/tb4_cpp_prac6) by extension 'ignore_ament_install'
[1.537s] Level 1:colcon.colcon_core.package_identification:_identify(src/tb4_cpp_prac6) by extensions ['colcon_pkg']
[1.537s] Level 1:colcon.colcon_core.package_identification:_identify(src/tb4_cpp_prac6) by extension 'colcon_pkg'
[1.538s] Level 1:colcon.colcon_core.package_identification:_identify(src/tb4_cpp_prac6) by extensions ['colcon_meta']
[1.538s] Level 1:colcon.colcon_core.package_identification:_identify(src/tb4_cpp_prac6) by extension 'colcon_meta'
[1.538s] Level 1:colcon.colcon_core.package_identification:_identify(src/tb4_cpp_prac6) by extensions ['ros']
[1.538s] Level 1:colcon.colcon_core.package_identification:_identify(src/tb4_cpp_prac6) by extension 'ros'
[1.540s] DEBUG:colcon.colcon_core.package_identification:Package 'src/tb4_cpp_prac6' with type 'ros.ament_cmake' and name 'tb4_cpp_prac6'
[1.540s] Level 1:colcon.colcon_core.package_identification:_identify(src/tb4_cpp_prac7) by extensions ['ignore', 'ignore_ament_install']
[1.540s] Level 1:colcon.colcon_core.package_identification:_identify(src/tb4_cpp_prac7) by extension 'ignore'
[1.541s] Level 1:colcon.colcon_core.package_identification:_identify(src/tb4_cpp_prac7) by extension 'ignore_ament_install'
[1.541s] Level 1:colcon.colcon_core.package_identification:_identify(src/tb4_cpp_prac7) by extensions ['colcon_pkg']
[1.541s] Level 1:colcon.colcon_core.package_identification:_identify(src/tb4_cpp_prac7) by extension 'colcon_pkg'
[1.541s] Level 1:colcon.colcon_core.package_identification:_identify(src/tb4_cpp_prac7) by extensions ['colcon_meta']
[1.541s] Level 1:colcon.colcon_core.package_identification:_identify(src/tb4_cpp_prac7) by extension 'colcon_meta'
[1.541s] Level 1:colcon.colcon_core.package_identification:_identify(src/tb4_cpp_prac7) by extensions ['ros']
[1.541s] Level 1:colcon.colcon_core.package_identification:_identify(src/tb4_cpp_prac7) by extension 'ros'
[1.542s] DEBUG:colcon.colcon_core.package_identification:Package 'src/tb4_cpp_prac7' with type 'ros.ament_cmake' and name 'tb4_cpp_prac7'
[1.542s] Level 1:colcon.colcon_core.package_discovery:discover_packages(recursive) using defaults
[1.542s] Level 1:colcon.colcon_core.package_discovery:discover_packages(ignore) discover
[1.542s] Level 1:colcon.colcon_core.package_discovery:discover_packages(ignore) using defaults
[1.543s] Level 1:colcon.colcon_core.package_discovery:discover_packages(path) discover
[1.543s] Level 1:colcon.colcon_core.package_discovery:discover_packages(path) using defaults
[1.638s] Level 1:colcon.colcon_core.package_discovery:discover_packages(prefix_path) check parameters
[1.638s] Level 1:colcon.colcon_core.package_discovery:discover_packages(prefix_path) discover
[1.662s] DEBUG:colcon.colcon_installed_package_information.package_discovery:Found 387 installed packages in /opt/ros/humble
[1.664s] Level 1:colcon.colcon_core.package_discovery:discover_packages(prefix_path) using defaults
[2.056s] Level 5:colcon.colcon_core.verb:set package 'tb4_cpp_prac1' build argument 'cmake_args' from command line to 'None'
[2.056s] Level 5:colcon.colcon_core.verb:set package 'tb4_cpp_prac1' build argument 'cmake_target' from command line to 'None'
[2.056s] Level 5:colcon.colcon_core.verb:set package 'tb4_cpp_prac1' build argument 'cmake_target_skip_unavailable' from command line to 'False'
[2.056s] Level 5:colcon.colcon_core.verb:set package 'tb4_cpp_prac1' build argument 'cmake_clean_cache' from command line to 'False'
[2.056s] Level 5:colcon.colcon_core.verb:set package 'tb4_cpp_prac1' build argument 'cmake_clean_first' from command line to 'False'
[2.056s] Level 5:colcon.colcon_core.verb:set package 'tb4_cpp_prac1' build argument 'cmake_force_configure' from command line to 'False'
[2.056s] Level 5:colcon.colcon_core.verb:set package 'tb4_cpp_prac1' build argument 'ament_cmake_args' from command line to 'None'
[2.056s] Level 5:colcon.colcon_core.verb:set package 'tb4_cpp_prac1' build argument 'catkin_cmake_args' from command line to 'None'
[2.056s] Level 5:colcon.colcon_core.verb:set package 'tb4_cpp_prac1' build argument 'catkin_skip_building_tests' from command line to 'False'
[2.056s] DEBUG:colcon.colcon_core.verb:Building package 'tb4_cpp_prac1' with the following arguments: {'ament_cmake_args': None, 'build_base': '/home/robotai/tb4_ws/build/tb4_cpp_prac1', 'catkin_cmake_args': None, 'catkin_skip_building_tests': False, 'cmake_args': None, 'cmake_clean_cache': False, 'cmake_clean_first': False, 'cmake_force_configure': False, 'cmake_target': None, 'cmake_target_skip_unavailable': False, 'install_base': '/home/robotai/tb4_ws/install/tb4_cpp_prac1', 'merge_install': False, 'path': '/home/robotai/tb4_ws/src/tb4_cpp_prac1', 'symlink_install': False, 'test_result_base': None}
[2.056s] Level 5:colcon.colcon_core.verb:set package 'tb4_cpp_prac2' build argument 'cmake_args' from command line to 'None'
[2.056s] Level 5:colcon.colcon_core.verb:set package 'tb4_cpp_prac2' build argument 'cmake_target' from command line to 'None'
[2.056s] Level 5:colcon.colcon_core.verb:set package 'tb4_cpp_prac2' build argument 'cmake_target_skip_unavailable' from command line to 'False'
[2.056s] Level 5:colcon.colcon_core.verb:set package 'tb4_cpp_prac2' build argument 'cmake_clean_cache' from command line to 'False'
[2.057s] Level 5:colcon.colcon_core.verb:set package 'tb4_cpp_prac2' build argument 'cmake_clean_first' from command line to 'False'
[2.057s] Level 5:colcon.colcon_core.verb:set package 'tb4_cpp_prac2' build argument 'cmake_force_configure' from command line to 'False'
[2.057s] Level 5:colcon.colcon_core.verb:set package 'tb4_cpp_prac2' build argument 'ament_cmake_args' from command line to 'None'
[2.057s] Level 5:colcon.colcon_core.verb:set package 'tb4_cpp_prac2' build argument 'catkin_cmake_args' from command line to 'None'
[2.057s] Level 5:colcon.colcon_core.verb:set package 'tb4_cpp_prac2' build argument 'catkin_skip_building_tests' from command line to 'False'
[2.057s] DEBUG:colcon.colcon_core.verb:Building package 'tb4_cpp_prac2' with the following arguments: {'ament_cmake_args': None, 'build_base': '/home/robotai/tb4_ws/build/tb4_cpp_prac2', 'catkin_cmake_args': None, 'catkin_skip_building_tests': False, 'cmake_args': None, 'cmake_clean_cache': False, 'cmake_clean_first': False, 'cmake_force_configure': False, 'cmake_target': None, 'cmake_target_skip_unavailable': False, 'install_base': '/home/robotai/tb4_ws/install/tb4_cpp_prac2', 'merge_install': False, 'path': '/home/robotai/tb4_ws/src/tb4_cpp_prac2', 'symlink_install': False, 'test_result_base': None}
[2.057s] Level 5:colcon.colcon_core.verb:set package 'tb4_cpp_prac3' build argument 'cmake_args' from command line to 'None'
[2.057s] Level 5:colcon.colcon_core.verb:set package 'tb4_cpp_prac3' build argument 'cmake_target' from command line to 'None'
[2.057s] Level 5:colcon.colcon_core.verb:set package 'tb4_cpp_prac3' build argument 'cmake_target_skip_unavailable' from command line to 'False'
[2.057s] Level 5:colcon.colcon_core.verb:set package 'tb4_cpp_prac3' build argument 'cmake_clean_cache' from command line to 'False'
[2.057s] Level 5:colcon.colcon_core.verb:set package 'tb4_cpp_prac3' build argument 'cmake_clean_first' from command line to 'False'
[2.057s] Level 5:colcon.colcon_core.verb:set package 'tb4_cpp_prac3' build argument 'cmake_force_configure' from command line to 'False'
[2.057s] Level 5:colcon.colcon_core.verb:set package 'tb4_cpp_prac3' build argument 'ament_cmake_args' from command line to 'None'
[2.057s] Level 5:colcon.colcon_core.verb:set package 'tb4_cpp_prac3' build argument 'catkin_cmake_args' from command line to 'None'
[2.057s] Level 5:colcon.colcon_core.verb:set package 'tb4_cpp_prac3' build argument 'catkin_skip_building_tests' from command line to 'False'
[2.057s] DEBUG:colcon.colcon_core.verb:Building package 'tb4_cpp_prac3' with the following arguments: {'ament_cmake_args': None, 'build_base': '/home/robotai/tb4_ws/build/tb4_cpp_prac3', 'catkin_cmake_args': None, 'catkin_skip_building_tests': False, 'cmake_args': None, 'cmake_clean_cache': False, 'cmake_clean_first': False, 'cmake_force_configure': False, 'cmake_target': None, 'cmake_target_skip_unavailable': False, 'install_base': '/home/robotai/tb4_ws/install/tb4_cpp_prac3', 'merge_install': False, 'path': '/home/robotai/tb4_ws/src/tb4_cpp_prac3', 'symlink_install': False, 'test_result_base': None}
[2.057s] Level 5:colcon.colcon_core.verb:set package 'tb4_cpp_prac5' build argument 'cmake_args' from command line to 'None'
[2.057s] Level 5:colcon.colcon_core.verb:set package 'tb4_cpp_prac5' build argument 'cmake_target' from command line to 'None'
[2.057s] Level 5:colcon.colcon_core.verb:set package 'tb4_cpp_prac5' build argument 'cmake_target_skip_unavailable' from command line to 'False'
[2.057s] Level 5:colcon.colcon_core.verb:set package 'tb4_cpp_prac5' build argument 'cmake_clean_cache' from command line to 'False'
[2.057s] Level 5:colcon.colcon_core.verb:set package 'tb4_cpp_prac5' build argument 'cmake_clean_first' from command line to 'False'
[2.057s] Level 5:colcon.colcon_core.verb:set package 'tb4_cpp_prac5' build argument 'cmake_force_configure' from command line to 'False'
[2.058s] Level 5:colcon.colcon_core.verb:set package 'tb4_cpp_prac5' build argument 'ament_cmake_args' from command line to 'None'
[2.058s] Level 5:colcon.colcon_core.verb:set package 'tb4_cpp_prac5' build argument 'catkin_cmake_args' from command line to 'None'
[2.058s] Level 5:colcon.colcon_core.verb:set package 'tb4_cpp_prac5' build argument 'catkin_skip_building_tests' from command line to 'False'
[2.058s] DEBUG:colcon.colcon_core.verb:Building package 'tb4_cpp_prac5' with the following arguments: {'ament_cmake_args': None, 'build_base': '/home/robotai/tb4_ws/build/tb4_cpp_prac5', 'catkin_cmake_args': None, 'catkin_skip_building_tests': False, 'cmake_args': None, 'cmake_clean_cache': False, 'cmake_clean_first': False, 'cmake_force_configure': False, 'cmake_target': None, 'cmake_target_skip_unavailable': False, 'install_base': '/home/robotai/tb4_ws/install/tb4_cpp_prac5', 'merge_install': False, 'path': '/home/robotai/tb4_ws/src/tb4_cpp_prac5', 'symlink_install': False, 'test_result_base': None}
[2.058s] Level 5:colcon.colcon_core.verb:set package 'tb4_cpp_prac6' build argument 'cmake_args' from command line to 'None'
[2.058s] Level 5:colcon.colcon_core.verb:set package 'tb4_cpp_prac6' build argument 'cmake_target' from command line to 'None'
[2.058s] Level 5:colcon.colcon_core.verb:set package 'tb4_cpp_prac6' build argument 'cmake_target_skip_unavailable' from command line to 'False'
[2.058s] Level 5:colcon.colcon_core.verb:set package 'tb4_cpp_prac6' build argument 'cmake_clean_cache' from command line to 'False'
[2.058s] Level 5:colcon.colcon_core.verb:set package 'tb4_cpp_prac6' build argument 'cmake_clean_first' from command line to 'False'
[2.058s] Level 5:colcon.colcon_core.verb:set package 'tb4_cpp_prac6' build argument 'cmake_force_configure' from command line to 'False'
[2.058s] Level 5:colcon.colcon_core.verb:set package 'tb4_cpp_prac6' build argument 'ament_cmake_args' from command line to 'None'
[2.058s] Level 5:colcon.colcon_core.verb:set package 'tb4_cpp_prac6' build argument 'catkin_cmake_args' from command line to 'None'
[2.058s] Level 5:colcon.colcon_core.verb:set package 'tb4_cpp_prac6' build argument 'catkin_skip_building_tests' from command line to 'False'
[2.058s] DEBUG:colcon.colcon_core.verb:Building package 'tb4_cpp_prac6' with the following arguments: {'ament_cmake_args': None, 'build_base': '/home/robotai/tb4_ws/build/tb4_cpp_prac6', 'catkin_cmake_args': None, 'catkin_skip_building_tests': False, 'cmake_args': None, 'cmake_clean_cache': False, 'cmake_clean_first': False, 'cmake_force_configure': False, 'cmake_target': None, 'cmake_target_skip_unavailable': False, 'install_base': '/home/robotai/tb4_ws/install/tb4_cpp_prac6', 'merge_install': False, 'path': '/home/robotai/tb4_ws/src/tb4_cpp_prac6', 'symlink_install': False, 'test_result_base': None}
[2.058s] Level 5:colcon.colcon_core.verb:set package 'tb4_cpp_prac7' build argument 'cmake_args' from command line to 'None'
[2.058s] Level 5:colcon.colcon_core.verb:set package 'tb4_cpp_prac7' build argument 'cmake_target' from command line to 'None'
[2.058s] Level 5:colcon.colcon_core.verb:set package 'tb4_cpp_prac7' build argument 'cmake_target_skip_unavailable' from command line to 'False'
[2.058s] Level 5:colcon.colcon_core.verb:set package 'tb4_cpp_prac7' build argument 'cmake_clean_cache' from command line to 'False'
[2.058s] Level 5:colcon.colcon_core.verb:set package 'tb4_cpp_prac7' build argument 'cmake_clean_first' from command line to 'False'
[2.058s] Level 5:colcon.colcon_core.verb:set package 'tb4_cpp_prac7' build argument 'cmake_force_configure' from command line to 'False'
[2.058s] Level 5:colcon.colcon_core.verb:set package 'tb4_cpp_prac7' build argument 'ament_cmake_args' from command line to 'None'
[2.058s] Level 5:colcon.colcon_core.verb:set package 'tb4_cpp_prac7' build argument 'catkin_cmake_args' from command line to 'None'
[2.058s] Level 5:colcon.colcon_core.verb:set package 'tb4_cpp_prac7' build argument 'catkin_skip_building_tests' from command line to 'False'
[2.058s] DEBUG:colcon.colcon_core.verb:Building package 'tb4_cpp_prac7' with the following arguments: {'ament_cmake_args': None, 'build_base': '/home/robotai/tb4_ws/build/tb4_cpp_prac7', 'catkin_cmake_args': None, 'catkin_skip_building_tests': False, 'cmake_args': None, 'cmake_clean_cache': False, 'cmake_clean_first': False, 'cmake_force_configure': False, 'cmake_target': None, 'cmake_target_skip_unavailable': False, 'install_base': '/home/robotai/tb4_ws/install/tb4_cpp_prac7', 'merge_install': False, 'path': '/home/robotai/tb4_ws/src/tb4_cpp_prac7', 'symlink_install': False, 'test_result_base': None}
[2.059s] INFO:colcon.colcon_core.executor:Executing jobs using 'parallel' executor
[2.060s] DEBUG:colcon.colcon_parallel_executor.executor.parallel:run_until_complete
[2.060s] INFO:colcon.colcon_ros.task.ament_cmake.build:Building ROS package in '/home/robotai/tb4_ws/src/tb4_cpp_prac1' with build type 'ament_cmake'
[2.060s] INFO:colcon.colcon_cmake.task.cmake.build:Building CMake package in '/home/robotai/tb4_ws/src/tb4_cpp_prac1'
[2.084s] INFO:colcon.colcon_core.plugin_system:Skipping extension 'colcon_core.shell.bat': Not used on non-Windows systems
[2.084s] INFO:colcon.colcon_core.shell:Skip shell extension 'powershell' for command environment: Not usable outside of PowerShell
[2.084s] DEBUG:colcon.colcon_core.shell:Skip shell extension 'dsv' for command environment
[2.089s] INFO:colcon.colcon_ros.task.ament_cmake.build:Building ROS package in '/home/robotai/tb4_ws/src/tb4_cpp_prac2' with build type 'ament_cmake'
[2.089s] INFO:colcon.colcon_cmake.task.cmake.build:Building CMake package in '/home/robotai/tb4_ws/src/tb4_cpp_prac2'
[2.089s] INFO:colcon.colcon_core.shell:Skip shell extension 'powershell' for command environment: Not usable outside of PowerShell
[2.089s] DEBUG:colcon.colcon_core.shell:Skip shell extension 'dsv' for command environment
[2.093s] INFO:colcon.colcon_ros.task.ament_cmake.build:Building ROS package in '/home/robotai/tb4_ws/src/tb4_cpp_prac3' with build type 'ament_cmake'
[2.093s] INFO:colcon.colcon_cmake.task.cmake.build:Building CMake package in '/home/robotai/tb4_ws/src/tb4_cpp_prac3'
[2.093s] INFO:colcon.colcon_core.shell:Skip shell extension 'powershell' for command environment: Not usable outside of PowerShell
[2.093s] DEBUG:colcon.colcon_core.shell:Skip shell extension 'dsv' for command environment
[2.104s] INFO:colcon.colcon_ros.task.ament_cmake.build:Building ROS package in '/home/robotai/tb4_ws/src/tb4_cpp_prac5' with build type 'ament_cmake'
[2.104s] INFO:colcon.colcon_cmake.task.cmake.build:Building CMake package in '/home/robotai/tb4_ws/src/tb4_cpp_prac5'
[2.104s] INFO:colcon.colcon_core.shell:Skip shell extension 'powershell' for command environment: Not usable outside of PowerShell
[2.104s] DEBUG:colcon.colcon_core.shell:Skip shell extension 'dsv' for command environment
[2.108s] INFO:colcon.colcon_ros.task.ament_cmake.build:Building ROS package in '/home/robotai/tb4_ws/src/tb4_cpp_prac6' with build type 'ament_cmake'
[2.108s] INFO:colcon.colcon_cmake.task.cmake.build:Building CMake package in '/home/robotai/tb4_ws/src/tb4_cpp_prac6'
[2.108s] INFO:colcon.colcon_core.shell:Skip shell extension 'powershell' for command environment: Not usable outside of PowerShell
[2.108s] DEBUG:colcon.colcon_core.shell:Skip shell extension 'dsv' for command environment
[2.112s] INFO:colcon.colcon_ros.task.ament_cmake.build:Building ROS package in '/home/robotai/tb4_ws/src/tb4_cpp_prac7' with build type 'ament_cmake'
[2.112s] INFO:colcon.colcon_cmake.task.cmake.build:Building CMake package in '/home/robotai/tb4_ws/src/tb4_cpp_prac7'
[2.113s] INFO:colcon.colcon_core.shell:Skip shell extension 'powershell' for command environment: Not usable outside of PowerShell
[2.114s] DEBUG:colcon.colcon_core.shell:Skip shell extension 'dsv' for command environment
[2.121s] DEBUG:colcon.colcon_core.event_handler.log_command:Invoking command in '/home/robotai/tb4_ws/build/tb4_cpp_prac1': CMAKE_PREFIX_PATH=/opt/ros/humble /usr/bin/cmake --build /home/robotai/tb4_ws/build/tb4_cpp_prac1 -- -j6 -l6
[2.131s] DEBUG:colcon.colcon_core.event_handler.log_command:Invoking command in '/home/robotai/tb4_ws/build/tb4_cpp_prac2': CMAKE_PREFIX_PATH=/opt/ros/humble /usr/bin/cmake --build /home/robotai/tb4_ws/build/tb4_cpp_prac2 -- -j6 -l6
[2.132s] DEBUG:colcon.colcon_core.event_handler.log_command:Invoking command in '/home/robotai/tb4_ws/build/tb4_cpp_prac3': CMAKE_PREFIX_PATH=/opt/ros/humble /usr/bin/cmake --build /home/robotai/tb4_ws/build/tb4_cpp_prac3 -- -j6 -l6
[2.135s] DEBUG:colcon.colcon_core.event_handler.log_command:Invoking command in '/home/robotai/tb4_ws/build/tb4_cpp_prac5': CMAKE_PREFIX_PATH=/opt/ros/humble /usr/bin/cmake --build /home/robotai/tb4_ws/build/tb4_cpp_prac5 -- -j6 -l6
[2.141s] DEBUG:colcon.colcon_core.event_handler.log_command:Invoking command in '/home/robotai/tb4_ws/build/tb4_cpp_prac6': CMAKE_PREFIX_PATH=/opt/ros/humble /usr/bin/cmake --build /home/robotai/tb4_ws/build/tb4_cpp_prac6 -- -j6 -l6
[2.155s] DEBUG:colcon.colcon_core.event_handler.log_command:Invoking command in '/home/robotai/tb4_ws/build/tb4_cpp_prac7': CMAKE_PREFIX_PATH=/opt/ros/humble /usr/bin/cmake --build /home/robotai/tb4_ws/build/tb4_cpp_prac7 -- -j6 -l6
[2.308s] DEBUG:colcon.colcon_core.event_handler.log_command:Invoked command in '/home/robotai/tb4_ws/build/tb4_cpp_prac2' returned '0': CMAKE_PREFIX_PATH=/opt/ros/humble /usr/bin/cmake --build /home/robotai/tb4_ws/build/tb4_cpp_prac2 -- -j6 -l6
[2.319s] DEBUG:colcon.colcon_core.event_handler.log_command:Invoking command in '/home/robotai/tb4_ws/build/tb4_cpp_prac2': CMAKE_PREFIX_PATH=/opt/ros/humble /usr/bin/cmake --install /home/robotai/tb4_ws/build/tb4_cpp_prac2
[2.327s] DEBUG:colcon.colcon_core.event_handler.log_command:Invoked command in '/home/robotai/tb4_ws/build/tb4_cpp_prac3' returned '0': CMAKE_PREFIX_PATH=/opt/ros/humble /usr/bin/cmake --build /home/robotai/tb4_ws/build/tb4_cpp_prac3 -- -j6 -l6
[2.327s] DEBUG:colcon.colcon_core.event_handler.log_command:Invoking command in '/home/robotai/tb4_ws/build/tb4_cpp_prac3': CMAKE_PREFIX_PATH=/opt/ros/humble /usr/bin/cmake --install /home/robotai/tb4_ws/build/tb4_cpp_prac3
[2.334s] DEBUG:colcon.colcon_core.event_handler.log_command:Invoked command in '/home/robotai/tb4_ws/build/tb4_cpp_prac1' returned '0': CMAKE_PREFIX_PATH=/opt/ros/humble /usr/bin/cmake --build /home/robotai/tb4_ws/build/tb4_cpp_prac1 -- -j6 -l6
[2.335s] DEBUG:colcon.colcon_core.event_handler.log_command:Invoking command in '/home/robotai/tb4_ws/build/tb4_cpp_prac1': CMAKE_PREFIX_PATH=/opt/ros/humble /usr/bin/cmake --install /home/robotai/tb4_ws/build/tb4_cpp_prac1
[2.340s] Level 1:colcon.colcon_core.environment:create_environment_scripts_only(tb4_cpp_prac3)
[2.342s] DEBUG:colcon.colcon_core.event_handler.log_command:Invoked command in '/home/robotai/tb4_ws/build/tb4_cpp_prac3' returned '0': CMAKE_PREFIX_PATH=/opt/ros/humble /usr/bin/cmake --install /home/robotai/tb4_ws/build/tb4_cpp_prac3
[2.343s] Level 1:colcon.colcon_core.environment:checking '/home/robotai/tb4_ws/install/tb4_cpp_prac3' for CMake module files
[2.343s] Level 1:colcon.colcon_core.environment:checking '/home/robotai/tb4_ws/install/tb4_cpp_prac3' for CMake config files
[2.343s] Level 1:colcon.colcon_core.shell:create_environment_hook('tb4_cpp_prac3', 'cmake_prefix_path')
[2.344s] INFO:colcon.colcon_core.shell:Creating environment hook '/home/robotai/tb4_ws/install/tb4_cpp_prac3/share/tb4_cpp_prac3/hook/cmake_prefix_path.ps1'
[2.344s] INFO:colcon.colcon_core.shell:Creating environment descriptor '/home/robotai/tb4_ws/install/tb4_cpp_prac3/share/tb4_cpp_prac3/hook/cmake_prefix_path.dsv'
[2.345s] INFO:colcon.colcon_core.shell:Creating environment hook '/home/robotai/tb4_ws/install/tb4_cpp_prac3/share/tb4_cpp_prac3/hook/cmake_prefix_path.sh'
[2.346s] Level 1:colcon.colcon_core.environment:checking '/home/robotai/tb4_ws/install/tb4_cpp_prac3/lib'
[2.346s] Level 1:colcon.colcon_core.environment:checking '/home/robotai/tb4_ws/install/tb4_cpp_prac3/bin'
[2.346s] Level 1:colcon.colcon_core.environment:checking '/home/robotai/tb4_ws/install/tb4_cpp_prac3/lib/pkgconfig/tb4_cpp_prac3.pc'
[2.347s] Level 1:colcon.colcon_core.environment:checking '/home/robotai/tb4_ws/install/tb4_cpp_prac3/lib/python3.10/site-packages'
[2.348s] Level 1:colcon.colcon_core.environment:checking '/home/robotai/tb4_ws/install/tb4_cpp_prac3/bin'
[2.349s] INFO:colcon.colcon_core.shell:Creating package script '/home/robotai/tb4_ws/install/tb4_cpp_prac3/share/tb4_cpp_prac3/package.ps1'
[2.350s] INFO:colcon.colcon_core.shell:Creating package descriptor '/home/robotai/tb4_ws/install/tb4_cpp_prac3/share/tb4_cpp_prac3/package.dsv'
[2.350s] INFO:colcon.colcon_core.shell:Creating package script '/home/robotai/tb4_ws/install/tb4_cpp_prac3/share/tb4_cpp_prac3/package.sh'
[2.351s] INFO:colcon.colcon_core.shell:Creating package script '/home/robotai/tb4_ws/install/tb4_cpp_prac3/share/tb4_cpp_prac3/package.bash'
[2.352s] INFO:colcon.colcon_core.shell:Creating package script '/home/robotai/tb4_ws/install/tb4_cpp_prac3/share/tb4_cpp_prac3/package.zsh'
[2.353s] Level 1:colcon.colcon_core.environment:create_file_with_runtime_dependencies(/home/robotai/tb4_ws/install/tb4_cpp_prac3/share/colcon-core/packages/tb4_cpp_prac3)
[2.353s] Level 1:colcon.colcon_core.environment:create_environment_scripts_only(tb4_cpp_prac3)
[2.354s] Level 1:colcon.colcon_core.environment:checking '/home/robotai/tb4_ws/install/tb4_cpp_prac3' for CMake module files
[2.354s] Level 1:colcon.colcon_core.environment:checking '/home/robotai/tb4_ws/install/tb4_cpp_prac3' for CMake config files
[2.354s] Level 1:colcon.colcon_core.shell:create_environment_hook('tb4_cpp_prac3', 'cmake_prefix_path')
[2.355s] INFO:colcon.colcon_core.shell:Creating environment hook '/home/robotai/tb4_ws/install/tb4_cpp_prac3/share/tb4_cpp_prac3/hook/cmake_prefix_path.ps1'
[2.355s] INFO:colcon.colcon_core.shell:Creating environment descriptor '/home/robotai/tb4_ws/install/tb4_cpp_prac3/share/tb4_cpp_prac3/hook/cmake_prefix_path.dsv'
[2.356s] INFO:colcon.colcon_core.shell:Creating environment hook '/home/robotai/tb4_ws/install/tb4_cpp_prac3/share/tb4_cpp_prac3/hook/cmake_prefix_path.sh'
[2.356s] Level 1:colcon.colcon_core.environment:checking '/home/robotai/tb4_ws/install/tb4_cpp_prac3/lib'
[2.356s] Level 1:colcon.colcon_core.environment:checking '/home/robotai/tb4_ws/install/tb4_cpp_prac3/bin'
[2.356s] Level 1:colcon.colcon_core.environment:checking '/home/robotai/tb4_ws/install/tb4_cpp_prac3/lib/pkgconfig/tb4_cpp_prac3.pc'
[2.356s] Level 1:colcon.colcon_core.environment:checking '/home/robotai/tb4_ws/install/tb4_cpp_prac3/lib/python3.10/site-packages'
[2.357s] Level 1:colcon.colcon_core.environment:checking '/home/robotai/tb4_ws/install/tb4_cpp_prac3/bin'
[2.357s] INFO:colcon.colcon_core.shell:Creating package script '/home/robotai/tb4_ws/install/tb4_cpp_prac3/share/tb4_cpp_prac3/package.ps1'
[2.357s] INFO:colcon.colcon_core.shell:Creating package descriptor '/home/robotai/tb4_ws/install/tb4_cpp_prac3/share/tb4_cpp_prac3/package.dsv'
[2.358s] INFO:colcon.colcon_core.shell:Creating package script '/home/robotai/tb4_ws/install/tb4_cpp_prac3/share/tb4_cpp_prac3/package.sh'
[2.358s] INFO:colcon.colcon_core.shell:Creating package script '/home/robotai/tb4_ws/install/tb4_cpp_prac3/share/tb4_cpp_prac3/package.bash'
[2.358s] INFO:colcon.colcon_core.shell:Creating package script '/home/robotai/tb4_ws/install/tb4_cpp_prac3/share/tb4_cpp_prac3/package.zsh'
[2.359s] Level 1:colcon.colcon_core.environment:create_file_with_runtime_dependencies(/home/robotai/tb4_ws/install/tb4_cpp_prac3/share/colcon-core/packages/tb4_cpp_prac3)
[2.359s] Level 1:colcon.colcon_core.environment:create_environment_scripts_only(tb4_cpp_prac2)
[2.359s] Level 1:colcon.colcon_core.environment:checking '/home/robotai/tb4_ws/install/tb4_cpp_prac2' for CMake module files
[2.360s] DEBUG:colcon.colcon_core.event_handler.log_command:Invoked command in '/home/robotai/tb4_ws/build/tb4_cpp_prac2' returned '0': CMAKE_PREFIX_PATH=/opt/ros/humble /usr/bin/cmake --install /home/robotai/tb4_ws/build/tb4_cpp_prac2
[2.361s] Level 1:colcon.colcon_core.environment:checking '/home/robotai/tb4_ws/install/tb4_cpp_prac2' for CMake config files
[2.361s] Level 1:colcon.colcon_core.shell:create_environment_hook('tb4_cpp_prac2', 'cmake_prefix_path')
[2.361s] INFO:colcon.colcon_core.shell:Creating environment hook '/home/robotai/tb4_ws/install/tb4_cpp_prac2/share/tb4_cpp_prac2/hook/cmake_prefix_path.ps1'
[2.361s] INFO:colcon.colcon_core.shell:Creating environment descriptor '/home/robotai/tb4_ws/install/tb4_cpp_prac2/share/tb4_cpp_prac2/hook/cmake_prefix_path.dsv'
[2.362s] INFO:colcon.colcon_core.shell:Creating environment hook '/home/robotai/tb4_ws/install/tb4_cpp_prac2/share/tb4_cpp_prac2/hook/cmake_prefix_path.sh'
[2.362s] Level 1:colcon.colcon_core.environment:checking '/home/robotai/tb4_ws/install/tb4_cpp_prac2/lib'
[2.362s] Level 1:colcon.colcon_core.environment:checking '/home/robotai/tb4_ws/install/tb4_cpp_prac2/bin'
[2.363s] Level 1:colcon.colcon_core.environment:checking '/home/robotai/tb4_ws/install/tb4_cpp_prac2/lib/pkgconfig/tb4_cpp_prac2.pc'
[2.363s] Level 1:colcon.colcon_core.environment:checking '/home/robotai/tb4_ws/install/tb4_cpp_prac2/lib/python3.10/site-packages'
[2.363s] Level 1:colcon.colcon_core.environment:checking '/home/robotai/tb4_ws/install/tb4_cpp_prac2/bin'
[2.363s] INFO:colcon.colcon_core.shell:Creating package script '/home/robotai/tb4_ws/install/tb4_cpp_prac2/share/tb4_cpp_prac2/package.ps1'
[2.364s] INFO:colcon.colcon_core.shell:Creating package descriptor '/home/robotai/tb4_ws/install/tb4_cpp_prac2/share/tb4_cpp_prac2/package.dsv'
[2.364s] INFO:colcon.colcon_core.shell:Creating package script '/home/robotai/tb4_ws/install/tb4_cpp_prac2/share/tb4_cpp_prac2/package.sh'
[2.365s] INFO:colcon.colcon_core.shell:Creating package script '/home/robotai/tb4_ws/install/tb4_cpp_prac2/share/tb4_cpp_prac2/package.bash'
[2.365s] INFO:colcon.colcon_core.shell:Creating package script '/home/robotai/tb4_ws/install/tb4_cpp_prac2/share/tb4_cpp_prac2/package.zsh'
[2.365s] Level 1:colcon.colcon_core.environment:create_file_with_runtime_dependencies(/home/robotai/tb4_ws/install/tb4_cpp_prac2/share/colcon-core/packages/tb4_cpp_prac2)
[2.366s] Level 1:colcon.colcon_core.environment:create_environment_scripts_only(tb4_cpp_prac2)
[2.366s] Level 1:colcon.colcon_core.environment:checking '/home/robotai/tb4_ws/install/tb4_cpp_prac2' for CMake module files
[2.366s] Level 1:colcon.colcon_core.environment:checking '/home/robotai/tb4_ws/install/tb4_cpp_prac2' for CMake config files
[2.367s] Level 1:colcon.colcon_core.shell:create_environment_hook('tb4_cpp_prac2', 'cmake_prefix_path')
[2.367s] INFO:colcon.colcon_core.shell:Creating environment hook '/home/robotai/tb4_ws/install/tb4_cpp_prac2/share/tb4_cpp_prac2/hook/cmake_prefix_path.ps1'
[2.367s] INFO:colcon.colcon_core.shell:Creating environment descriptor '/home/robotai/tb4_ws/install/tb4_cpp_prac2/share/tb4_cpp_prac2/hook/cmake_prefix_path.dsv'
[2.368s] INFO:colcon.colcon_core.shell:Creating environment hook '/home/robotai/tb4_ws/install/tb4_cpp_prac2/share/tb4_cpp_prac2/hook/cmake_prefix_path.sh'
[2.368s] Level 1:colcon.colcon_core.environment:checking '/home/robotai/tb4_ws/install/tb4_cpp_prac2/lib'
[2.368s] Level 1:colcon.colcon_core.environment:checking '/home/robotai/tb4_ws/install/tb4_cpp_prac2/bin'
[2.368s] Level 1:colcon.colcon_core.environment:checking '/home/robotai/tb4_ws/install/tb4_cpp_prac2/lib/pkgconfig/tb4_cpp_prac2.pc'
[2.369s] Level 1:colcon.colcon_core.environment:checking '/home/robotai/tb4_ws/install/tb4_cpp_prac2/lib/python3.10/site-packages'
[2.369s] Level 1:colcon.colcon_core.environment:checking '/home/robotai/tb4_ws/install/tb4_cpp_prac2/bin'
[2.370s] INFO:colcon.colcon_core.shell:Creating package script '/home/robotai/tb4_ws/install/tb4_cpp_prac2/share/tb4_cpp_prac2/package.ps1'
[2.370s] INFO:colcon.colcon_core.shell:Creating package descriptor '/home/robotai/tb4_ws/install/tb4_cpp_prac2/share/tb4_cpp_prac2/package.dsv'
[2.371s] INFO:colcon.colcon_core.shell:Creating package script '/home/robotai/tb4_ws/install/tb4_cpp_prac2/share/tb4_cpp_prac2/package.sh'
[2.371s] INFO:colcon.colcon_core.shell:Creating package script '/home/robotai/tb4_ws/install/tb4_cpp_prac2/share/tb4_cpp_prac2/package.bash'
[2.372s] INFO:colcon.colcon_core.shell:Creating package script '/home/robotai/tb4_ws/install/tb4_cpp_prac2/share/tb4_cpp_prac2/package.zsh'
[2.372s] Level 1:colcon.colcon_core.environment:create_file_with_runtime_dependencies(/home/robotai/tb4_ws/install/tb4_cpp_prac2/share/colcon-core/packages/tb4_cpp_prac2)
[2.375s] DEBUG:colcon.colcon_core.event_handler.log_command:Invoked command in '/home/robotai/tb4_ws/build/tb4_cpp_prac6' returned '0': CMAKE_PREFIX_PATH=/opt/ros/humble /usr/bin/cmake --build /home/robotai/tb4_ws/build/tb4_cpp_prac6 -- -j6 -l6
[2.387s] DEBUG:colcon.colcon_core.event_handler.log_command:Invoking command in '/home/robotai/tb4_ws/build/tb4_cpp_prac6': CMAKE_PREFIX_PATH=/opt/ros/humble /usr/bin/cmake --install /home/robotai/tb4_ws/build/tb4_cpp_prac6
[2.389s] DEBUG:colcon.colcon_core.event_handler.log_command:Invoked command in '/home/robotai/tb4_ws/build/tb4_cpp_prac5' returned '0': CMAKE_PREFIX_PATH=/opt/ros/humble /usr/bin/cmake --build /home/robotai/tb4_ws/build/tb4_cpp_prac5 -- -j6 -l6
[2.391s] DEBUG:colcon.colcon_core.event_handler.log_command:Invoking command in '/home/robotai/tb4_ws/build/tb4_cpp_prac5': CMAKE_PREFIX_PATH=/opt/ros/humble /usr/bin/cmake --install /home/robotai/tb4_ws/build/tb4_cpp_prac5
[2.391s] Level 1:colcon.colcon_core.environment:create_environment_scripts_only(tb4_cpp_prac1)
[2.393s] Level 1:colcon.colcon_core.environment:checking '/home/robotai/tb4_ws/install/tb4_cpp_prac1' for CMake module files
[2.393s] Level 1:colcon.colcon_core.environment:checking '/home/robotai/tb4_ws/install/tb4_cpp_prac1' for CMake config files
[2.394s] DEBUG:colcon.colcon_core.event_handler.log_command:Invoked command in '/home/robotai/tb4_ws/build/tb4_cpp_prac1' returned '0': CMAKE_PREFIX_PATH=/opt/ros/humble /usr/bin/cmake --install /home/robotai/tb4_ws/build/tb4_cpp_prac1
[2.395s] Level 1:colcon.colcon_core.shell:create_environment_hook('tb4_cpp_prac1', 'cmake_prefix_path')
[2.395s] INFO:colcon.colcon_core.shell:Creating environment hook '/home/robotai/tb4_ws/install/tb4_cpp_prac1/share/tb4_cpp_prac1/hook/cmake_prefix_path.ps1'
[2.395s] INFO:colcon.colcon_core.shell:Creating environment descriptor '/home/robotai/tb4_ws/install/tb4_cpp_prac1/share/tb4_cpp_prac1/hook/cmake_prefix_path.dsv'
[2.396s] INFO:colcon.colcon_core.shell:Creating environment hook '/home/robotai/tb4_ws/install/tb4_cpp_prac1/share/tb4_cpp_prac1/hook/cmake_prefix_path.sh'
[2.396s] Level 1:colcon.colcon_core.environment:checking '/home/robotai/tb4_ws/install/tb4_cpp_prac1/lib'
[2.396s] Level 1:colcon.colcon_core.environment:checking '/home/robotai/tb4_ws/install/tb4_cpp_prac1/bin'
[2.396s] Level 1:colcon.colcon_core.environment:checking '/home/robotai/tb4_ws/install/tb4_cpp_prac1/lib/pkgconfig/tb4_cpp_prac1.pc'
[2.398s] Level 1:colcon.colcon_core.environment:checking '/home/robotai/tb4_ws/install/tb4_cpp_prac1/lib/python3.10/site-packages'
[2.398s] Level 1:colcon.colcon_core.environment:checking '/home/robotai/tb4_ws/install/tb4_cpp_prac1/bin'
[2.399s] INFO:colcon.colcon_core.shell:Creating package script '/home/robotai/tb4_ws/install/tb4_cpp_prac1/share/tb4_cpp_prac1/package.ps1'
[2.399s] INFO:colcon.colcon_core.shell:Creating package descriptor '/home/robotai/tb4_ws/install/tb4_cpp_prac1/share/tb4_cpp_prac1/package.dsv'
[2.400s] INFO:colcon.colcon_core.shell:Creating package script '/home/robotai/tb4_ws/install/tb4_cpp_prac1/share/tb4_cpp_prac1/package.sh'
[2.400s] INFO:colcon.colcon_core.shell:Creating package script '/home/robotai/tb4_ws/install/tb4_cpp_prac1/share/tb4_cpp_prac1/package.bash'
[2.404s] INFO:colcon.colcon_core.shell:Creating package script '/home/robotai/tb4_ws/install/tb4_cpp_prac1/share/tb4_cpp_prac1/package.zsh'
[2.406s] Level 1:colcon.colcon_core.environment:create_file_with_runtime_dependencies(/home/robotai/tb4_ws/install/tb4_cpp_prac1/share/colcon-core/packages/tb4_cpp_prac1)
[2.406s] Level 1:colcon.colcon_core.environment:create_environment_scripts_only(tb4_cpp_prac1)
[2.406s] Level 1:colcon.colcon_core.environment:checking '/home/robotai/tb4_ws/install/tb4_cpp_prac1' for CMake module files
[2.409s] Level 1:colcon.colcon_core.environment:checking '/home/robotai/tb4_ws/install/tb4_cpp_prac1' for CMake config files
[2.409s] Level 1:colcon.colcon_core.shell:create_environment_hook('tb4_cpp_prac1', 'cmake_prefix_path')
[2.409s] INFO:colcon.colcon_core.shell:Creating environment hook '/home/robotai/tb4_ws/install/tb4_cpp_prac1/share/tb4_cpp_prac1/hook/cmake_prefix_path.ps1'
[2.414s] INFO:colcon.colcon_core.shell:Creating environment descriptor '/home/robotai/tb4_ws/install/tb4_cpp_prac1/share/tb4_cpp_prac1/hook/cmake_prefix_path.dsv'
[2.415s] INFO:colcon.colcon_core.shell:Creating environment hook '/home/robotai/tb4_ws/install/tb4_cpp_prac1/share/tb4_cpp_prac1/hook/cmake_prefix_path.sh'
[2.416s] Level 1:colcon.colcon_core.environment:checking '/home/robotai/tb4_ws/install/tb4_cpp_prac1/lib'
[2.416s] Level 1:colcon.colcon_core.environment:checking '/home/robotai/tb4_ws/install/tb4_cpp_prac1/bin'
[2.416s] Level 1:colcon.colcon_core.environment:checking '/home/robotai/tb4_ws/install/tb4_cpp_prac1/lib/pkgconfig/tb4_cpp_prac1.pc'
[2.416s] Level 1:colcon.colcon_core.environment:checking '/home/robotai/tb4_ws/install/tb4_cpp_prac1/lib/python3.10/site-packages'
[2.417s] Level 1:colcon.colcon_core.environment:checking '/home/robotai/tb4_ws/install/tb4_cpp_prac1/bin'
[2.417s] INFO:colcon.colcon_core.shell:Creating package script '/home/robotai/tb4_ws/install/tb4_cpp_prac1/share/tb4_cpp_prac1/package.ps1'
[2.418s] INFO:colcon.colcon_core.shell:Creating package descriptor '/home/robotai/tb4_ws/install/tb4_cpp_prac1/share/tb4_cpp_prac1/package.dsv'
[2.419s] INFO:colcon.colcon_core.shell:Creating package script '/home/robotai/tb4_ws/install/tb4_cpp_prac1/share/tb4_cpp_prac1/package.sh'
[2.420s] INFO:colcon.colcon_core.shell:Creating package script '/home/robotai/tb4_ws/install/tb4_cpp_prac1/share/tb4_cpp_prac1/package.bash'
[2.422s] INFO:colcon.colcon_core.shell:Creating package script '/home/robotai/tb4_ws/install/tb4_cpp_prac1/share/tb4_cpp_prac1/package.zsh'
[2.423s] Level 1:colcon.colcon_core.environment:create_file_with_runtime_dependencies(/home/robotai/tb4_ws/install/tb4_cpp_prac1/share/colcon-core/packages/tb4_cpp_prac1)
[2.428s] Level 1:colcon.colcon_core.environment:create_environment_scripts_only(tb4_cpp_prac6)
[2.428s] Level 1:colcon.colcon_core.environment:checking '/home/robotai/tb4_ws/install/tb4_cpp_prac6' for CMake module files
[2.429s] Level 1:colcon.colcon_core.environment:checking '/home/robotai/tb4_ws/install/tb4_cpp_prac6' for CMake config files
[2.429s] Level 1:colcon.colcon_core.shell:create_environment_hook('tb4_cpp_prac6', 'cmake_prefix_path')
[2.429s] INFO:colcon.colcon_core.shell:Creating environment hook '/home/robotai/tb4_ws/install/tb4_cpp_prac6/share/tb4_cpp_prac6/hook/cmake_prefix_path.ps1'
[2.430s] INFO:colcon.colcon_core.shell:Creating environment descriptor '/home/robotai/tb4_ws/install/tb4_cpp_prac6/share/tb4_cpp_prac6/hook/cmake_prefix_path.dsv'
[2.430s] INFO:colcon.colcon_core.shell:Creating environment hook '/home/robotai/tb4_ws/install/tb4_cpp_prac6/share/tb4_cpp_prac6/hook/cmake_prefix_path.sh'
[2.430s] Level 1:colcon.colcon_core.environment:checking '/home/robotai/tb4_ws/install/tb4_cpp_prac6/lib'
[2.431s] Level 1:colcon.colcon_core.environment:checking '/home/robotai/tb4_ws/install/tb4_cpp_prac6/bin'
[2.431s] DEBUG:colcon.colcon_core.event_handler.log_command:Invoked command in '/home/robotai/tb4_ws/build/tb4_cpp_prac6' returned '0': CMAKE_PREFIX_PATH=/opt/ros/humble /usr/bin/cmake --install /home/robotai/tb4_ws/build/tb4_cpp_prac6
[2.431s] Level 1:colcon.colcon_core.environment:checking '/home/robotai/tb4_ws/install/tb4_cpp_prac6/lib/pkgconfig/tb4_cpp_prac6.pc'
[2.431s] Level 1:colcon.colcon_core.environment:checking '/home/robotai/tb4_ws/install/tb4_cpp_prac6/lib/python3.10/site-packages'
[2.431s] Level 1:colcon.colcon_core.environment:checking '/home/robotai/tb4_ws/install/tb4_cpp_prac6/bin'
[2.432s] INFO:colcon.colcon_core.shell:Creating package script '/home/robotai/tb4_ws/install/tb4_cpp_prac6/share/tb4_cpp_prac6/package.ps1'
[2.432s] INFO:colcon.colcon_core.shell:Creating package descriptor '/home/robotai/tb4_ws/install/tb4_cpp_prac6/share/tb4_cpp_prac6/package.dsv'
[2.433s] INFO:colcon.colcon_core.shell:Creating package script '/home/robotai/tb4_ws/install/tb4_cpp_prac6/share/tb4_cpp_prac6/package.sh'
[2.433s] INFO:colcon.colcon_core.shell:Creating package script '/home/robotai/tb4_ws/install/tb4_cpp_prac6/share/tb4_cpp_prac6/package.bash'
[2.433s] INFO:colcon.colcon_core.shell:Creating package script '/home/robotai/tb4_ws/install/tb4_cpp_prac6/share/tb4_cpp_prac6/package.zsh'
[2.434s] Level 1:colcon.colcon_core.environment:create_file_with_runtime_dependencies(/home/robotai/tb4_ws/install/tb4_cpp_prac6/share/colcon-core/packages/tb4_cpp_prac6)
[2.434s] Level 1:colcon.colcon_core.environment:create_environment_scripts_only(tb4_cpp_prac6)
[2.434s] Level 1:colcon.colcon_core.environment:checking '/home/robotai/tb4_ws/install/tb4_cpp_prac6' for CMake module files
[2.436s] Level 1:colcon.colcon_core.environment:checking '/home/robotai/tb4_ws/install/tb4_cpp_prac6' for CMake config files
[2.436s] Level 1:colcon.colcon_core.shell:create_environment_hook('tb4_cpp_prac6', 'cmake_prefix_path')
[2.437s] INFO:colcon.colcon_core.shell:Creating environment hook '/home/robotai/tb4_ws/install/tb4_cpp_prac6/share/tb4_cpp_prac6/hook/cmake_prefix_path.ps1'
[2.437s] INFO:colcon.colcon_core.shell:Creating environment descriptor '/home/robotai/tb4_ws/install/tb4_cpp_prac6/share/tb4_cpp_prac6/hook/cmake_prefix_path.dsv'
[2.437s] INFO:colcon.colcon_core.shell:Creating environment hook '/home/robotai/tb4_ws/install/tb4_cpp_prac6/share/tb4_cpp_prac6/hook/cmake_prefix_path.sh'
[2.438s] Level 1:colcon.colcon_core.environment:checking '/home/robotai/tb4_ws/install/tb4_cpp_prac6/lib'
[2.438s] Level 1:colcon.colcon_core.environment:checking '/home/robotai/tb4_ws/install/tb4_cpp_prac6/bin'
[2.438s] Level 1:colcon.colcon_core.environment:checking '/home/robotai/tb4_ws/install/tb4_cpp_prac6/lib/pkgconfig/tb4_cpp_prac6.pc'
[2.438s] Level 1:colcon.colcon_core.environment:checking '/home/robotai/tb4_ws/install/tb4_cpp_prac6/lib/python3.10/site-packages'
[2.439s] Level 1:colcon.colcon_core.environment:checking '/home/robotai/tb4_ws/install/tb4_cpp_prac6/bin'
[2.439s] INFO:colcon.colcon_core.shell:Creating package script '/home/robotai/tb4_ws/install/tb4_cpp_prac6/share/tb4_cpp_prac6/package.ps1'
[2.439s] INFO:colcon.colcon_core.shell:Creating package descriptor '/home/robotai/tb4_ws/install/tb4_cpp_prac6/share/tb4_cpp_prac6/package.dsv'
[2.440s] INFO:colcon.colcon_core.shell:Creating package script '/home/robotai/tb4_ws/install/tb4_cpp_prac6/share/tb4_cpp_prac6/package.sh'
[2.440s] INFO:colcon.colcon_core.shell:Creating package script '/home/robotai/tb4_ws/install/tb4_cpp_prac6/share/tb4_cpp_prac6/package.bash'
[2.440s] INFO:colcon.colcon_core.shell:Creating package script '/home/robotai/tb4_ws/install/tb4_cpp_prac6/share/tb4_cpp_prac6/package.zsh'
[2.441s] Level 1:colcon.colcon_core.environment:create_file_with_runtime_dependencies(/home/robotai/tb4_ws/install/tb4_cpp_prac6/share/colcon-core/packages/tb4_cpp_prac6)
[2.442s] Level 1:colcon.colcon_core.environment:create_environment_scripts_only(tb4_cpp_prac5)
[2.442s] Level 1:colcon.colcon_core.environment:checking '/home/robotai/tb4_ws/install/tb4_cpp_prac5' for CMake module files
[2.443s] Level 1:colcon.colcon_core.environment:checking '/home/robotai/tb4_ws/install/tb4_cpp_prac5' for CMake config files
[2.443s] Level 1:colcon.colcon_core.shell:create_environment_hook('tb4_cpp_prac5', 'cmake_prefix_path')
[2.443s] INFO:colcon.colcon_core.shell:Creating environment hook '/home/robotai/tb4_ws/install/tb4_cpp_prac5/share/tb4_cpp_prac5/hook/cmake_prefix_path.ps1'
[2.442s] DEBUG:colcon.colcon_core.event_handler.log_command:Invoked command in '/home/robotai/tb4_ws/build/tb4_cpp_prac5' returned '0': CMAKE_PREFIX_PATH=/opt/ros/humble /usr/bin/cmake --install /home/robotai/tb4_ws/build/tb4_cpp_prac5
[2.445s] INFO:colcon.colcon_core.shell:Creating environment descriptor '/home/robotai/tb4_ws/install/tb4_cpp_prac5/share/tb4_cpp_prac5/hook/cmake_prefix_path.dsv'
[2.445s] INFO:colcon.colcon_core.shell:Creating environment hook '/home/robotai/tb4_ws/install/tb4_cpp_prac5/share/tb4_cpp_prac5/hook/cmake_prefix_path.sh'
[2.446s] Level 1:colcon.colcon_core.environment:checking '/home/robotai/tb4_ws/install/tb4_cpp_prac5/lib'
[2.446s] Level 1:colcon.colcon_core.environment:checking '/home/robotai/tb4_ws/install/tb4_cpp_prac5/bin'
[2.446s] Level 1:colcon.colcon_core.environment:checking '/home/robotai/tb4_ws/install/tb4_cpp_prac5/lib/pkgconfig/tb4_cpp_prac5.pc'
[2.446s] Level 1:colcon.colcon_core.environment:checking '/home/robotai/tb4_ws/install/tb4_cpp_prac5/lib/python3.10/site-packages'
[2.446s] Level 1:colcon.colcon_core.environment:checking '/home/robotai/tb4_ws/install/tb4_cpp_prac5/bin'
[2.447s] INFO:colcon.colcon_core.shell:Creating package script '/home/robotai/tb4_ws/install/tb4_cpp_prac5/share/tb4_cpp_prac5/package.ps1'
[2.447s] INFO:colcon.colcon_core.shell:Creating package descriptor '/home/robotai/tb4_ws/install/tb4_cpp_prac5/share/tb4_cpp_prac5/package.dsv'
[2.447s] INFO:colcon.colcon_core.shell:Creating package script '/home/robotai/tb4_ws/install/tb4_cpp_prac5/share/tb4_cpp_prac5/package.sh'
[2.448s] INFO:colcon.colcon_core.shell:Creating package script '/home/robotai/tb4_ws/install/tb4_cpp_prac5/share/tb4_cpp_prac5/package.bash'
[2.448s] INFO:colcon.colcon_core.shell:Creating package script '/home/robotai/tb4_ws/install/tb4_cpp_prac5/share/tb4_cpp_prac5/package.zsh'
[2.448s] Level 1:colcon.colcon_core.environment:create_file_with_runtime_dependencies(/home/robotai/tb4_ws/install/tb4_cpp_prac5/share/colcon-core/packages/tb4_cpp_prac5)
[2.449s] Level 1:colcon.colcon_core.environment:create_environment_scripts_only(tb4_cpp_prac5)
[2.449s] Level 1:colcon.colcon_core.environment:checking '/home/robotai/tb4_ws/install/tb4_cpp_prac5' for CMake module files
[2.449s] Level 1:colcon.colcon_core.environment:checking '/home/robotai/tb4_ws/install/tb4_cpp_prac5' for CMake config files
[2.449s] Level 1:colcon.colcon_core.shell:create_environment_hook('tb4_cpp_prac5', 'cmake_prefix_path')
[2.450s] INFO:colcon.colcon_core.shell:Creating environment hook '/home/robotai/tb4_ws/install/tb4_cpp_prac5/share/tb4_cpp_prac5/hook/cmake_prefix_path.ps1'
[2.450s] INFO:colcon.colcon_core.shell:Creating environment descriptor '/home/robotai/tb4_ws/install/tb4_cpp_prac5/share/tb4_cpp_prac5/hook/cmake_prefix_path.dsv'
[2.450s] INFO:colcon.colcon_core.shell:Creating environment hook '/home/robotai/tb4_ws/install/tb4_cpp_prac5/share/tb4_cpp_prac5/hook/cmake_prefix_path.sh'
[2.451s] Level 1:colcon.colcon_core.environment:checking '/home/robotai/tb4_ws/install/tb4_cpp_prac5/lib'
[2.451s] Level 1:colcon.colcon_core.environment:checking '/home/robotai/tb4_ws/install/tb4_cpp_prac5/bin'
[2.451s] Level 1:colcon.colcon_core.environment:checking '/home/robotai/tb4_ws/install/tb4_cpp_prac5/lib/pkgconfig/tb4_cpp_prac5.pc'
[2.451s] Level 1:colcon.colcon_core.environment:checking '/home/robotai/tb4_ws/install/tb4_cpp_prac5/lib/python3.10/site-packages'
[2.451s] Level 1:colcon.colcon_core.environment:checking '/home/robotai/tb4_ws/install/tb4_cpp_prac5/bin'
[2.452s] INFO:colcon.colcon_core.shell:Creating package script '/home/robotai/tb4_ws/install/tb4_cpp_prac5/share/tb4_cpp_prac5/package.ps1'
[2.452s] INFO:colcon.colcon_core.shell:Creating package descriptor '/home/robotai/tb4_ws/install/tb4_cpp_prac5/share/tb4_cpp_prac5/package.dsv'
[2.453s] INFO:colcon.colcon_core.shell:Creating package script '/home/robotai/tb4_ws/install/tb4_cpp_prac5/share/tb4_cpp_prac5/package.sh'
[2.453s] INFO:colcon.colcon_core.shell:Creating package script '/home/robotai/tb4_ws/install/tb4_cpp_prac5/share/tb4_cpp_prac5/package.bash'
[2.454s] INFO:colcon.colcon_core.shell:Creating package script '/home/robotai/tb4_ws/install/tb4_cpp_prac5/share/tb4_cpp_prac5/package.zsh'
[2.454s] Level 1:colcon.colcon_core.environment:create_file_with_runtime_dependencies(/home/robotai/tb4_ws/install/tb4_cpp_prac5/share/colcon-core/packages/tb4_cpp_prac5)
[5.370s] DEBUG:colcon.colcon_core.event_handler.log_command:Invoked command in '/home/robotai/tb4_ws/build/tb4_cpp_prac7' returned '2': CMAKE_PREFIX_PATH=/opt/ros/humble /usr/bin/cmake --build /home/robotai/tb4_ws/build/tb4_cpp_prac7 -- -j6 -l6
[5.370s] Level 1:colcon.colcon_core.environment:create_environment_scripts_only(tb4_cpp_prac7)
[5.371s] Level 1:colcon.colcon_core.environment:checking '/home/robotai/tb4_ws/install/tb4_cpp_prac7' for CMake module files
[5.371s] Level 1:colcon.colcon_core.environment:checking '/home/robotai/tb4_ws/install/tb4_cpp_prac7' for CMake config files
[5.371s] Level 1:colcon.colcon_core.environment:checking '/home/robotai/tb4_ws/install/tb4_cpp_prac7/bin'
[5.372s] Level 1:colcon.colcon_core.environment:checking '/home/robotai/tb4_ws/install/tb4_cpp_prac7/lib/pkgconfig/tb4_cpp_prac7.pc'
[5.372s] Level 1:colcon.colcon_core.environment:checking '/home/robotai/tb4_ws/install/tb4_cpp_prac7/lib/python3.10/site-packages'
[5.372s] Level 1:colcon.colcon_core.environment:checking '/home/robotai/tb4_ws/install/tb4_cpp_prac7/bin'
[5.372s] INFO:colcon.colcon_core.shell:Creating package script '/home/robotai/tb4_ws/install/tb4_cpp_prac7/share/tb4_cpp_prac7/package.ps1'
[5.373s] INFO:colcon.colcon_core.shell:Creating package descriptor '/home/robotai/tb4_ws/install/tb4_cpp_prac7/share/tb4_cpp_prac7/package.dsv'
[5.373s] INFO:colcon.colcon_core.shell:Creating package script '/home/robotai/tb4_ws/install/tb4_cpp_prac7/share/tb4_cpp_prac7/package.sh'
[5.374s] INFO:colcon.colcon_core.shell:Creating package script '/home/robotai/tb4_ws/install/tb4_cpp_prac7/share/tb4_cpp_prac7/package.bash'
[5.374s] INFO:colcon.colcon_core.shell:Creating package script '/home/robotai/tb4_ws/install/tb4_cpp_prac7/share/tb4_cpp_prac7/package.zsh'
[5.375s] Level 1:colcon.colcon_core.environment:create_file_with_runtime_dependencies(/home/robotai/tb4_ws/install/tb4_cpp_prac7/share/colcon-core/packages/tb4_cpp_prac7)
[5.387s] DEBUG:colcon.colcon_parallel_executor.executor.parallel:closing loop
[5.387s] DEBUG:colcon.colcon_parallel_executor.executor.parallel:loop closed
[5.387s] DEBUG:colcon.colcon_parallel_executor.executor.parallel:run_until_complete finished with '2'
[5.387s] DEBUG:colcon.colcon_core.event_reactor:joining thread
[5.394s] INFO:colcon.colcon_core.plugin_system:Skipping extension 'colcon_notification.desktop_notification.terminal_notifier': Not used on non-Darwin systems
[5.394s] INFO:colcon.colcon_core.plugin_system:Skipping extension 'colcon_notification.desktop_notification.win32': Not used on non-Windows systems
[5.394s] INFO:colcon.colcon_notification.desktop_notification:Sending desktop notification using 'notify2'
[5.421s] DEBUG:colcon.colcon_core.event_reactor:joined thread
[5.422s] INFO:colcon.colcon_core.shell:Creating prefix script '/home/robotai/tb4_ws/install/local_setup.ps1'
[5.423s] INFO:colcon.colcon_core.shell:Creating prefix util module '/home/robotai/tb4_ws/install/_local_setup_util_ps1.py'
[5.424s] INFO:colcon.colcon_core.shell:Creating prefix chain script '/home/robotai/tb4_ws/install/setup.ps1'
[5.425s] INFO:colcon.colcon_core.shell:Creating prefix script '/home/robotai/tb4_ws/install/local_setup.sh'
[5.426s] INFO:colcon.colcon_core.shell:Creating prefix util module '/home/robotai/tb4_ws/install/_local_setup_util_sh.py'
[5.430s] INFO:colcon.colcon_core.shell:Creating prefix chain script '/home/robotai/tb4_ws/install/setup.sh'
[5.431s] INFO:colcon.colcon_core.shell:Creating prefix script '/home/robotai/tb4_ws/install/local_setup.bash'
[5.431s] INFO:colcon.colcon_core.shell:Creating prefix chain script '/home/robotai/tb4_ws/install/setup.bash'
[5.432s] INFO:colcon.colcon_core.shell:Creating prefix script '/home/robotai/tb4_ws/install/local_setup.zsh'
[5.434s] INFO:colcon.colcon_core.shell:Creating prefix chain script '/home/robotai/tb4_ws/install/setup.zsh'
